Java HotSpot(TM) 64-Bit Server VM (25.25-b02) for windows-amd64 JRE (1.8.0_25-b18), built on Oct  7 2014 14:25:37 by "java_re" with MS VC++ 10.0 (VS2010)
Memory: 4k page, physical 8246884k(5253004k free), swap 9557604k(5348192k free)
CommandLine flags: -XX:InitialHeapSize=1073741824 -XX:MaxHeapSize=1073741824 -XX:+PrintGC -XX:+PrintGCApplicationStoppedTime -XX:+PrintGCDateStamps -XX:+PrintGCTimeStamps -XX:+UseCompressedClassPointers -XX:+UseCompressedOops -XX:+UseG1GC -XX:-UseLargePagesIndividualAllocation 
2015-03-20T11:15:47.990+0100: 0.173: [GC pause (G1 Humongous Allocation) (young) (initial-mark) 451M->448M(1024M), 0.0012790 secs]
2015-03-20T11:15:47.990+0100: 0.174: Total time for which application threads were stopped: 0.0298631 seconds
2015-03-20T11:15:47.990+0100: 0.174: [GC concurrent-root-region-scan-start]
2015-03-20T11:15:47.990+0100: 0.175: [GC concurrent-root-region-scan-end, 0.0003001 secs]
2015-03-20T11:15:47.990+0100: 0.175: [GC concurrent-mark-start]
2015-03-20T11:15:47.990+0100: 0.175: [GC concurrent-mark-end, 0.0001007 secs]
2015-03-20T11:15:48.037+0100: 0.228: [GC remark, 0.0018567 secs]
2015-03-20T11:15:48.037+0100: 0.230: Total time for which application threads were stopped: 0.0550071 seconds
2015-03-20T11:15:48.037+0100: 0.230: [GC cleanup 706M->450M(1024M), 0.0005381 secs]
2015-03-20T11:15:48.037+0100: 0.230: Total time for which application threads were stopped: 0.0006207 seconds
2015-03-20T11:15:48.037+0100: 0.230: [GC concurrent-cleanup-start]
2015-03-20T11:15:48.037+0100: 0.231: [GC concurrent-cleanup-end, 0.0002180 secs]
2015-03-20T11:15:48.099+0100: 0.297: [GC pause (G1 Humongous Allocation) (young) 962M->960M(1024M), 0.0007434 secs]
2015-03-20T11:15:48.115+0100: 0.298: Total time for which application threads were stopped: 0.0061086 seconds
2015-03-20T11:15:48.115+0100: 0.298: [Full GC (Allocation Failure)  960M->282K(1024M), 0.0046986 secs]
2015-03-20T11:15:48.115+0100: 0.302: Total time for which application threads were stopped: 0.0048213 seconds
2015-03-20T11:15:48.131+0100: 0.324: [GC pause (G1 Humongous Allocation) (young) (initial-mark) 450M->448M(1024M), 0.0005694 secs]
2015-03-20T11:15:48.131+0100: 0.325: Total time for which application threads were stopped: 0.0085527 seconds
2015-03-20T11:15:48.131+0100: 0.325: [GC concurrent-root-region-scan-start]
2015-03-20T11:15:48.131+0100: 0.325: [GC concurrent-root-region-scan-end, 0.0000474 secs]
2015-03-20T11:15:48.131+0100: 0.325: [GC concurrent-mark-start]
2015-03-20T11:15:48.131+0100: 0.325: [GC concurrent-mark-end, 0.0006666 secs]
2015-03-20T11:15:48.146+0100: 0.341: [GC remark, 0.0017648 secs]
2015-03-20T11:15:48.146+0100: 0.343: Total time for which application threads were stopped: 0.0172447 seconds
2015-03-20T11:15:48.162+0100: 0.348: [GC cleanup 770M->514M(1024M), 0.0004530 secs]
2015-03-20T11:15:48.162+0100: 0.348: Total time for which application threads were stopped: 0.0054679 seconds
2015-03-20T11:15:48.162+0100: 0.348: [GC concurrent-cleanup-start]
2015-03-20T11:15:48.162+0100: 0.348: [GC concurrent-cleanup-end, 0.0002097 secs]
2015-03-20T11:15:48.178+0100: 0.372: [GC pause (G1 Humongous Allocation) (young) 898M->896M(1024M), 0.0004535 secs]
2015-03-20T11:15:48.178+0100: 0.373: Total time for which application threads were stopped: 0.0067087 seconds
2015-03-20T11:15:48.178+0100: 0.373: [Full GC (Allocation Failure)  897M->282K(1024M), 0.0046752 secs]
2015-03-20T11:15:48.193+0100: 0.377: Total time for which application threads were stopped: 0.0048008 seconds
2015-03-20T11:15:48.209+0100: 0.403: [GC pause (G1 Humongous Allocation) (young) (initial-mark) 513M->512M(1024M), 0.0004203 secs]
2015-03-20T11:15:48.209+0100: 2015-03-20T11:15:48.209+0100: 0.404: [GC concurrent-root-region-scan-start]
0.404: Total time for which application threads were stopped: 0.0064297 seconds
2015-03-20T11:15:48.209+0100: 0.404: [GC concurrent-root-region-scan-end, 0.0000415 secs]
2015-03-20T11:15:48.209+0100: 0.404: [GC concurrent-mark-start]
2015-03-20T11:15:48.209+0100: 0.404: [GC concurrent-mark-end, 0.0005127 secs]
2015-03-20T11:15:48.224+0100: 0.419: [GC remark, 0.0017428 secs]
2015-03-20T11:15:48.224+0100: 0.420: Total time for which application threads were stopped: 0.0161705 seconds
2015-03-20T11:15:48.240+0100: 0.426: [GC cleanup 833M->449M(1024M), 0.0005542 secs]
2015-03-20T11:15:48.240+0100: 0.426: Total time for which application threads were stopped: 0.0057303 seconds
2015-03-20T11:15:48.240+0100: 0.426: [GC concurrent-cleanup-start]
2015-03-20T11:15:48.240+0100: 0.427: [GC concurrent-cleanup-end, 0.0003509 secs]
2015-03-20T11:15:48.271+0100: 0.455: [GC pause (G1 Humongous Allocation) (young) 962M->960M(1024M), 0.0004638 secs]
2015-03-20T11:15:48.271+0100: 0.456: Total time for which application threads were stopped: 0.0042656 seconds
2015-03-20T11:15:48.271+0100: 0.456: [Full GC (Allocation Failure)  961M->282K(1024M), 0.0045896 secs]
2015-03-20T11:15:48.271+0100: 0.460: Total time for which application threads were stopped: 0.0047074 seconds
2015-03-20T11:15:48.271+0100: 0.465: [GC pause (G1 Humongous Allocation) (young) (initial-mark) 64M->64M(1024M), 0.0006686 secs]
2015-03-20T11:15:48.271+0100: 2015-03-20T11:15:48.271+0100: 0.4660.466: : [GC concurrent-root-region-scan-start]
Total time for which application threads were stopped: 0.0055319 seconds
2015-03-20T11:15:48.271+0100: 0.466: [GC concurrent-root-region-scan-end, 0.0000083 secs]
2015-03-20T11:15:48.271+0100: 0.466: [GC concurrent-mark-start]
2015-03-20T11:15:48.287+0100: 0.472: Total time for which application threads were stopped: 0.0061545 seconds
2015-03-20T11:15:48.287+0100: 0.473: [GC concurrent-mark-end, 0.0066951 secs]
2015-03-20T11:15:48.303+0100: 0.486: [GC remark, 0.0015385 secs]
2015-03-20T11:15:48.303+0100: 0.488: Total time for which application threads were stopped: 0.0149575 seconds
2015-03-20T11:15:48.303+0100: 0.493: [GC cleanup 514M->514M(1024M), 0.0004873 secs]
2015-03-20T11:15:48.303+0100: 0.493: Total time for which application threads were stopped: 0.0052572 seconds
2015-03-20T11:15:48.334+0100: 0.519: [GC pause (G1 Humongous Allocation) (young) 962M->960M(1024M), 0.0003744 secs]
2015-03-20T11:15:48.334+0100: 0.520: Total time for which application threads were stopped: 0.0053594 seconds
2015-03-20T11:15:48.334+0100: 0.520: [Full GC (Allocation Failure)  960M->192M(1024M), 0.0041801 secs]
2015-03-20T11:15:48.334+0100: 0.524: Total time for which application threads were stopped: 0.0042895 seconds
2015-03-20T11:15:48.349+0100: 0.537: [GC pause (G1 Humongous Allocation) (young) (initial-mark) 450M->448M(1024M), 0.0004604 secs]
2015-03-20T11:15:48.349+01002015-03-20T11:15:48.349+0100: : 0.538: 0.538: [GC concurrent-root-region-scan-start]
Total time for which application threads were stopped: 0.0029744 seconds
2015-03-20T11:15:48.349+0100: 0.538: [GC concurrent-root-region-scan-end, 0.0000283 secs]
2015-03-20T11:15:48.349+0100: 0.538: [GC concurrent-mark-start]
2015-03-20T11:15:48.349+0100: 0.538: [GC concurrent-mark-end, 0.0005918 secs]
2015-03-20T11:15:48.365+0100: 0.550: [GC remark, 0.0011915 secs]
2015-03-20T11:15:48.365+0100: 0.551: Total time for which application threads were stopped: 0.0128941 seconds
2015-03-20T11:15:48.365+0100: 0.560: [GC cleanup 898M->642M(1024M), 0.0004736 secs]
2015-03-20T11:15:48.365+0100: 0.561: Total time for which application threads were stopped: 0.0093728 seconds
2015-03-20T11:15:48.365+0100: 0.561: [GC concurrent-cleanup-start]
2015-03-20T11:15:48.365+0100: 0.561: [GC concurrent-cleanup-end, 0.0002189 secs]
2015-03-20T11:15:48.396+0100: 0.579: [GC pause (G1 Humongous Allocation) (young) 962M->960M(1024M), 0.0007468 secs]
2015-03-20T11:15:48.396+0100: 0.580: Total time for which application threads were stopped: 0.0069590 seconds
2015-03-20T11:15:48.396+0100: 0.580: [Full GC (Allocation Failure)  960M->192M(1024M), 0.0042358 secs]
2015-03-20T11:15:48.396+0100: 0.584: Total time for which application threads were stopped: 0.0043448 seconds
2015-03-20T11:15:48.412+0100: 0.596: [GC pause (G1 Humongous Allocation) (young) (initial-mark) 449M->448M(1024M), 0.0007306 secs]
2015-03-20T11:15:48.412+0100: 2015-03-20T11:15:48.412+0100: 0.5970.597: : [GC concurrent-root-region-scan-start]
Total time for which application threads were stopped: 0.0009882 seconds
2015-03-20T11:15:48.412+0100: 0.597: [GC concurrent-root-region-scan-end, 0.0000235 secs]
2015-03-20T11:15:48.412+0100: 0.597: [GC concurrent-mark-start]
2015-03-20T11:15:48.412+0100: 0.598: [GC concurrent-mark-end, 0.0004482 secs]
2015-03-20T11:15:48.428+0100: 0.612: [GC remark, 0.0013069 secs]
2015-03-20T11:15:48.428+0100: 0.614: Total time for which application threads were stopped: 0.0159950 seconds
2015-03-20T11:15:48.428+0100: 0.614: [GC cleanup 705M->449M(1024M), 0.0005156 secs]
2015-03-20T11:15:48.428+0100: 0.614: Total time for which application threads were stopped: 0.0006055 seconds
2015-03-20T11:15:48.428+0100: 0.614: [GC concurrent-cleanup-start]
2015-03-20T11:15:48.428+0100: 0.614: [GC concurrent-cleanup-end, 0.0002097 secs]
2015-03-20T11:15:48.459+0100: 0.641: [GC pause (G1 Humongous Allocation) (young) 962M->960M(1024M), 0.0006383 secs]
2015-03-20T11:15:48.459+0100: 0.642: Total time for which application threads were stopped: 0.0055373 seconds
2015-03-20T11:15:48.459+0100: 0.642: [GC pause (G1 Humongous Allocation) (young) 960M->960M(1024M), 0.0002752 secs]
2015-03-20T11:15:48.459+0100: 0.642: Total time for which application threads were stopped: 0.0003304 seconds
2015-03-20T11:15:48.459+0100: 0.642: [Full GC (Allocation Failure)  960M->282K(1024M), 0.0043501 secs]
2015-03-20T11:15:48.459+0100: 0.647: Total time for which application threads were stopped: 0.0044665 seconds
2015-03-20T11:15:48.474+0100: 0.669: [GC pause (G1 Humongous Allocation) (young) (initial-mark) 449M->448M(1024M), 0.0006969 secs]
2015-03-20T11:15:48.474+0100: 2015-03-20T11:15:48.474+0100: 0.669: 0.669: [GC concurrent-root-region-scan-start]
Total time for which application threads were stopped: 0.0085635 seconds
2015-03-20T11:15:48.474+0100: 0.669: [GC concurrent-root-region-scan-end, 0.0000244 secs]
2015-03-20T11:15:48.474+0100: 0.669: [GC concurrent-mark-start]
2015-03-20T11:15:48.474+0100: 0.670: [GC concurrent-mark-end, 0.0007121 secs]
2015-03-20T11:15:48.490+0100: 0.684: [GC remark, 0.0012795 secs]
2015-03-20T11:15:48.490+0100: 0.685: Total time for which application threads were stopped: 0.0151950 seconds
2015-03-20T11:15:48.506+0100: 0.697: [GC cleanup 898M->642M(1024M), 0.0007116 secs]
2015-03-20T11:15:48.506+0100: 0.697: Total time for which application threads were stopped: 0.0119567 seconds
2015-03-20T11:15:48.506+0100: 0.697: [GC concurrent-cleanup-start]
2015-03-20T11:15:48.506+0100: 0.698: [GC concurrent-cleanup-end, 0.0002097 secs]
2015-03-20T11:15:48.521+0100: 0.716: [GC pause (G1 Humongous Allocation) (young) 962M->960M(1024M), 0.0004535 secs]
2015-03-20T11:15:48.521+0100: 0.716: Total time for which application threads were stopped: 0.0074624 seconds
2015-03-20T11:15:48.521+0100: 0.716: [Full GC (Allocation Failure)  960M->128M(1024M), 0.0045085 secs]
2015-03-20T11:15:48.537+0100: 0.721: Total time for which application threads were stopped: 0.0046224 seconds
2015-03-20T11:15:48.553+0100: 0.738: [GC pause (G1 Humongous Allocation) (young) (initial-mark) 449M->448M(1024M), 0.0007277 secs]
2015-03-20T11:15:48.553+0100: 0.738: 2015-03-20T11:15:48.553+0100: [GC concurrent-root-region-scan-start]
0.738: Total time for which application threads were stopped: 0.0052880 seconds
2015-03-20T11:15:48.553+0100: 0.738: [GC concurrent-root-region-scan-end, 0.0000225 secs]
2015-03-20T11:15:48.553+0100: 0.738: [GC concurrent-mark-start]
2015-03-20T11:15:48.553+0100: 0.739: [GC concurrent-mark-end, 0.0006608 secs]
2015-03-20T11:15:48.568+0100: 0.751: [GC remark, 0.0018909 secs]
2015-03-20T11:15:48.568+0100: 0.753: Total time for which application threads were stopped: 0.0136516 seconds
2015-03-20T11:15:48.568+0100: 0.765: [GC cleanup 962M->706M(1024M), 0.0008274 secs]
2015-03-20T11:15:48.584+0100: 0.766: Total time for which application threads were stopped: 0.0127851 seconds
2015-03-20T11:15:48.584+0100: 0.766: [GC concurrent-cleanup-start]
2015-03-20T11:15:48.584+0100: 0.766: [GC concurrent-cleanup-end, 0.0002204 secs]
2015-03-20T11:15:48.599+0100: 0.782: [GC pause (G1 Humongous Allocation) (young) 962M->960M(1024M), 0.0007658 secs]
2015-03-20T11:15:48.599+0100: 0.783: Total time for which application threads were stopped: 0.0061311 seconds
2015-03-20T11:15:48.599+0100: 0.783: [Full GC (Allocation Failure)  961M->282K(1024M), 0.0047841 secs]
2015-03-20T11:15:48.599+0100: 0.788: Total time for which application threads were stopped: 0.0049224 seconds
2015-03-20T11:15:48.599+0100: 0.794: [GC pause (G1 Humongous Allocation) (young) (initial-mark) 128M->128M(1024M), 0.0009428 secs]
2015-03-20T11:15:48.599+0100: 2015-03-20T11:15:48.599+0100: 0.795: 0.795: [GC concurrent-root-region-scan-start]
Total time for which application threads were stopped: 0.0069643 seconds
2015-03-20T11:15:48.599+0100: 0.795: [GC concurrent-root-region-scan-end, 0.0000064 secs]
2015-03-20T11:15:48.599+0100: 0.795: [GC concurrent-mark-start]
2015-03-20T11:15:48.599+0100: 0.796: [GC concurrent-mark-end, 0.0006104 secs]
2015-03-20T11:15:48.615+0100: 0.810: [GC remark, 0.0012697 secs]
2015-03-20T11:15:48.615+0100: 0.812: Total time for which application threads were stopped: 0.0156021 seconds
2015-03-20T11:15:48.631+0100: 0.821: [GC cleanup 577M->577M(1024M), 0.0009178 secs]
2015-03-20T11:15:48.631+0100: 0.822: Total time for which application threads were stopped: 0.0099426 seconds
2015-03-20T11:15:48.646+0100: 0.842: [GC pause (G1 Humongous Allocation) (young) 962M->960M(1024M), 0.0006842 secs]
2015-03-20T11:15:48.646+0100: 0.843: Total time for which application threads were stopped: 0.0070592 seconds
2015-03-20T11:15:48.646+0100: 0.843: [Full GC (Allocation Failure)  960M->192M(1024M), 0.0043897 secs]
2015-03-20T11:15:48.662+0100: 0.847: Total time for which application threads were stopped: 0.0045031 seconds
2015-03-20T11:15:48.678+0100: 0.860: [GC pause (G1 Humongous Allocation) (young) (initial-mark) 450M->448M(1024M), 0.0007487 secs]
2015-03-20T11:15:48.678+0100: 0.860: Total time for which application threads were stopped: 0.0010625 seconds
2015-03-20T11:15:48.678+0100: 0.861: [GC concurrent-root-region-scan-start]
2015-03-20T11:15:48.678+0100: 0.861: [GC concurrent-root-region-scan-end, 0.0000230 secs]
2015-03-20T11:15:48.678+0100: 0.861: [GC concurrent-mark-start]
2015-03-20T11:15:48.678+0100: 0.861: [GC concurrent-mark-end, 0.0004443 secs]
2015-03-20T11:15:48.693+0100: 0.876: [GC remark, 0.0017457 secs]
2015-03-20T11:15:48.693+0100: 0.877: Total time for which application threads were stopped: 0.0163479 seconds
2015-03-20T11:15:48.693+0100: 0.883: [GC cleanup 834M->578M(1024M), 0.0004516 secs]
2015-03-20T11:15:48.693+0100: 0.884: Total time for which application threads were stopped: 0.0063603 seconds
2015-03-20T11:15:48.693+0100: 0.884: [GC concurrent-cleanup-start]
2015-03-20T11:15:48.693+0100: 0.884: [GC concurrent-cleanup-end, 0.0002087 secs]
2015-03-20T11:15:48.709+0100: 0.905: [GC pause (G1 Humongous Allocation) (young) 962M->960M(1024M), 0.0003270 secs]
2015-03-20T11:15:48.709+0100: 0.906: Total time for which application threads were stopped: 0.0014774 seconds
2015-03-20T11:15:48.709+0100: 0.906: [Full GC (Allocation Failure)  961M->282K(1024M), 0.0043682 secs]
2015-03-20T11:15:48.724+0100: 0.910: Total time for which application threads were stopped: 0.0044885 seconds
2015-03-20T11:15:48.724+0100: 0.915: [GC pause (G1 Humongous Allocation) (young) (initial-mark) 64M->64M(1024M), 0.0005782 secs]
2015-03-20T11:15:48.724+0100: 0.9162015-03-20T11:15:48.724+0100: : 0.916: Total time for which application threads were stopped: 0.0053975 seconds
[GC concurrent-root-region-scan-start]
2015-03-20T11:15:48.724+0100: 0.916: [GC concurrent-root-region-scan-end, 0.0000073 secs]
2015-03-20T11:15:48.724+0100: 0.916: [GC concurrent-mark-start]
2015-03-20T11:15:48.740+0100: 0.925: Total time for which application threads were stopped: 0.0095375 seconds
2015-03-20T11:15:48.740+0100: 0.926: [GC concurrent-mark-end, 0.0102779 secs]
2015-03-20T11:15:48.756+0100: 0.940: [GC remark, 0.0013723 secs]
2015-03-20T11:15:48.756+0100: 0.941: Total time for which application threads were stopped: 0.0151217 seconds
2015-03-20T11:15:48.756+0100: 0.941: [GC cleanup 513M->513M(1024M), 0.0003651 secs]
2015-03-20T11:15:48.756+0100: 0.941: Total time for which application threads were stopped: 0.0004252 seconds
2015-03-20T11:15:48.771+0100: 0.967: [GC pause (G1 Humongous Allocation) (young) 962M->960M(1024M), 0.0006226 secs]
2015-03-20T11:15:48.771+0100: 0.968: Total time for which application threads were stopped: 0.0056218 seconds
2015-03-20T11:15:48.771+0100: 0.968: [Full GC (Allocation Failure)  960M->282K(1024M), 0.0045168 secs]
2015-03-20T11:15:48.787+0100: 0.972: Total time for which application threads were stopped: 0.0046351 seconds
2015-03-20T11:15:48.803+0100: 0.994: [GC pause (G1 Humongous Allocation) (young) (initial-mark) 450M->448M(1024M), 0.0006363 secs]
2015-03-20T11:15:48.803+0100: 0.994: Total time for which application threads were stopped: 0.0096680 seconds
2015-03-20T11:15:48.803+0100: 0.995: [GC concurrent-root-region-scan-start]
2015-03-20T11:15:48.803+0100: 0.995: [GC concurrent-root-region-scan-end, 0.0000411 secs]
2015-03-20T11:15:48.803+0100: 0.995: [GC concurrent-mark-start]
2015-03-20T11:15:48.803+0100: 0.995: [GC concurrent-mark-end, 0.0004623 secs]
2015-03-20T11:15:48.818+0100: 1.009: [GC remark, 0.0019671 secs]
2015-03-20T11:15:48.818+0100: 1.011: Total time for which application threads were stopped: 0.0156353 seconds
2015-03-20T11:15:48.834+0100: 1.017: [GC cleanup 834M->578M(1024M), 0.0005425 secs]
2015-03-20T11:15:48.834+0100: 1.017: Total time for which application threads were stopped: 0.0065230 seconds
2015-03-20T11:15:48.834+0100: 1.017: [GC concurrent-cleanup-start]
2015-03-20T11:15:48.834+0100: 1.018: [GC concurrent-cleanup-end, 0.0002126 secs]
2015-03-20T11:15:48.849+0100: 1.039: [GC pause (G1 Humongous Allocation) (young) 962M->960M(1024M), 0.0005655 secs]
2015-03-20T11:15:48.849+0100: 1.040: Total time for which application threads were stopped: 0.0015849 seconds
2015-03-20T11:15:48.849+0100: 1.040: [Full GC (Allocation Failure)  960M->128M(1024M), 0.0041781 secs]
2015-03-20T11:15:48.849+0100: 1.044: Total time for which application threads were stopped: 0.0043477 seconds
2015-03-20T11:15:48.865+0100: 1.060: [GC pause (G1 Humongous Allocation) (young) (initial-mark) 450M->448M(1024M), 0.0005547 secs]
2015-03-20T11:15:48.865+0100: 1.060: Total time for which application threads were stopped: 0.0061237 seconds
2015-03-20T11:15:48.865+0100: 1.060: [GC concurrent-root-region-scan-start]
2015-03-20T11:15:48.865+0100: 1.060: [GC concurrent-root-region-scan-end, 0.0000244 secs]
2015-03-20T11:15:48.865+0100: 1.060: [GC concurrent-mark-start]
2015-03-20T11:15:48.865+0100: 1.061: [GC concurrent-mark-end, 0.0006437 secs]
2015-03-20T11:15:48.881+0100: 1.075: [GC remark, 0.0011783 secs]
2015-03-20T11:15:48.881+0100: 1.076: Total time for which application threads were stopped: 0.0155576 seconds
2015-03-20T11:15:48.896+0100: 1.089: [GC cleanup 962M->706M(1024M), 0.0004721 secs]
2015-03-20T11:15:48.896+0100: 1.089: Total time for which application threads were stopped: 0.0124532 seconds
2015-03-20T11:15:48.896+0100: 1.089: [GC concurrent-cleanup-start]
2015-03-20T11:15:48.896+0100: 1.089: [GC concurrent-cleanup-end, 0.0001916 secs]
2015-03-20T11:15:48.912+0100: 1.106: [GC pause (G1 Humongous Allocation) (young) 962M->960M(1024M), 0.0004433 secs]
2015-03-20T11:15:48.912+0100: 1.107: Total time for which application threads were stopped: 0.0067195 seconds
2015-03-20T11:15:48.912+0100: 1.107: [Full GC (Allocation Failure)  960M->282K(1024M), 0.0044987 secs]
2015-03-20T11:15:48.928+0100: 1.112: Total time for which application threads were stopped: 0.0046194 seconds
2015-03-20T11:15:48.928+0100: 1.116: [GC pause (G1 Humongous Allocation) (young) (initial-mark) 65M->64M(1024M), 0.0005298 secs]
2015-03-20T11:15:48.928+0100: 1.117: Total time for which application threads were stopped: 0.0053589 seconds
2015-03-20T11:15:48.928+0100: 1.117: [GC concurrent-root-region-scan-start]
2015-03-20T11:15:48.928+0100: 1.117: [GC concurrent-root-region-scan-end, 0.0000430 secs]
2015-03-20T11:15:48.928+0100: 1.117: [GC concurrent-mark-start]
2015-03-20T11:15:48.928+0100: 1.118: [GC concurrent-mark-end, 0.0006241 secs]
2015-03-20T11:15:48.943+0100: 1.132: [GC remark, 0.0011612 secs]
2015-03-20T11:15:48.943+0100: 1.134: Total time for which application threads were stopped: 0.0158029 seconds
2015-03-20T11:15:48.943+0100: 1.138: [GC cleanup 385M->385M(1024M), 0.0004457 secs]
2015-03-20T11:15:48.943+0100: 1.139: Total time for which application threads were stopped: 0.0052431 seconds
2015-03-20T11:15:48.974+0100: 1.170: [GC pause (G1 Humongous Allocation) (young) 962M->960M(1024M), 0.0004516 secs]
2015-03-20T11:15:48.974+0100: 1.171: Total time for which application threads were stopped: 0.0054288 seconds
2015-03-20T11:15:48.974+0100: 1.171: [Full GC (Allocation Failure)  960M->192M(1024M), 0.0042446 secs]
2015-03-20T11:15:48.990+0100: 1.175: Total time for which application threads were stopped: 0.0043555 seconds
2015-03-20T11:15:48.990+0100: 1.187: [GC pause (G1 Humongous Allocation) (young) (initial-mark) 450M->448M(1024M), 0.0006652 secs]
2015-03-20T11:15:49.006+0100: 1.188: Total time for which application threads were stopped: 0.0009364 seconds
2015-03-20T11:15:49.006+0100: 1.188: [GC concurrent-root-region-scan-start]
2015-03-20T11:15:49.006+0100: 1.188: [GC concurrent-root-region-scan-end, 0.0000327 secs]
2015-03-20T11:15:49.006+0100: 1.188: [GC concurrent-mark-start]
2015-03-20T11:15:49.006+0100: 1.188: [GC concurrent-mark-end, 0.0005058 secs]
2015-03-20T11:15:49.006+0100: 1.203: [GC remark, 0.0019055 secs]
2015-03-20T11:15:49.021+0100: 1.205: Total time for which application threads were stopped: 0.0162760 seconds
2015-03-20T11:15:49.021+0100: 1.205: [GC cleanup 705M->449M(1024M), 0.0006163 secs]
2015-03-20T11:15:49.021+0100: 1.205: Total time for which application threads were stopped: 0.0006485 seconds
2015-03-20T11:15:49.021+0100: 1.205: [GC concurrent-cleanup-start]
2015-03-20T11:15:49.021+0100: 1.206: [GC concurrent-cleanup-end, 0.0002053 secs]
2015-03-20T11:15:49.037+0100: 1.232: [GC pause (G1 Humongous Allocation) (young) 962M->960M(1024M), 0.0005962 secs]
2015-03-20T11:15:49.037+0100: 1.233: Total time for which application threads were stopped: 0.0046610 seconds
2015-03-20T11:15:49.037+0100: 1.233: [Full GC (Allocation Failure)  960M->64M(1024M), 0.0044958 secs]
2015-03-20T11:15:49.053+0100: 1.238: Total time for which application threads were stopped: 0.0046409 seconds
2015-03-20T11:15:49.068+0100: 1.256: [GC pause (G1 Humongous Allocation) (young) (initial-mark) 450M->448M(1024M), 0.0007174 secs]
2015-03-20T11:15:49.068+0100: 1.257: Total time for which application threads were stopped: 0.0068055 seconds
2015-03-20T11:15:49.068+0100: 1.257: [GC concurrent-root-region-scan-start]
2015-03-20T11:15:49.068+0100: 1.257: [GC concurrent-root-region-scan-end, 0.0000313 secs]
2015-03-20T11:15:49.068+0100: 1.257: [GC concurrent-mark-start]
2015-03-20T11:15:49.068+0100: 1.257: [GC concurrent-mark-end, 0.0007131 secs]
2015-03-20T11:15:49.084+0100: 1.271: [GC remark, 0.0019691 secs]
2015-03-20T11:15:49.084+0100: 1.273: Total time for which application threads were stopped: 0.0159300 seconds
2015-03-20T11:15:49.084+0100: 1.278: [GC cleanup 770M->514M(1024M), 0.0008528 secs]
2015-03-20T11:15:49.084+0100: 1.279: Total time for which application threads were stopped: 0.0056135 seconds
2015-03-20T11:15:49.084+0100: 1.279: [GC concurrent-cleanup-start]
2015-03-20T11:15:49.084+0100: 1.279: [GC concurrent-cleanup-end, 0.0002165 secs]
2015-03-20T11:15:49.115+0100: 1.303: [GC pause (G1 Humongous Allocation) (young) 962M->960M(1024M), 0.0008440 secs]
2015-03-20T11:15:49.115+0100: 1.304: Total time for which application threads were stopped: 0.0096993 seconds
2015-03-20T11:15:49.115+0100: 1.304: [Full GC (Allocation Failure)  960M->282K(1024M), 0.0047099 secs]
2015-03-20T11:15:49.115+0100: 1.309: Total time for which application threads were stopped: 0.0048369 seconds
2015-03-20T11:15:49.131+0100: 1.320: [GC pause (G1 Humongous Allocation) (young) (initial-mark) 193M->192M(1024M), 0.0009120 secs]
2015-03-20T11:15:49.131+0100: 1.321: Total time for which application threads were stopped: 0.0117265 seconds
2015-03-20T11:15:49.131+0100: 1.321: [GC concurrent-root-region-scan-start]
2015-03-20T11:15:49.131+0100: 1.321: [GC concurrent-root-region-scan-end, 0.0000357 secs]
2015-03-20T11:15:49.131+0100: 1.321: [GC concurrent-mark-start]
2015-03-20T11:15:49.131+0100: 1.321: [GC concurrent-mark-end, 0.0004604 secs]
2015-03-20T11:15:49.152+0100: 1.334: [GC remark, 0.0013836 secs]
2015-03-20T11:15:49.153+0100: 1.335: Total time for which application threads were stopped: 0.0135631 seconds
2015-03-20T11:15:49.154+0100: 1.347: [GC cleanup 706M->706M(1024M), 0.0007140 secs]
2015-03-20T11:15:49.154+0100: 1.348: Total time for which application threads were stopped: 0.0129185 seconds
2015-03-20T11:15:49.170+0100: 1.365: [GC pause (G1 Humongous Allocation) (young) 962M->960M(1024M), 0.0007996 secs]
2015-03-20T11:15:49.170+0100: 1.366: Total time for which application threads were stopped: 0.0065870 seconds
2015-03-20T11:15:49.170+0100: 1.366: [Full GC (Allocation Failure)  960M->282K(1024M), 0.0046043 secs]
2015-03-20T11:15:49.186+0100: 1.371: Total time for which application threads were stopped: 0.0047367 seconds
2015-03-20T11:15:49.201+0100: 1.392: [GC pause (G1 Humongous Allocation) (young) (initial-mark) 449M->448M(1024M), 0.0007702 secs]
2015-03-20T11:15:49.201+0100: 1.393: Total time for which application threads were stopped: 0.0097227 seconds
2015-03-20T11:15:49.201+0100: 1.393: [GC concurrent-root-region-scan-start]
2015-03-20T11:15:49.201+0100: 1.393: [GC concurrent-root-region-scan-end, 0.0000264 secs]
2015-03-20T11:15:49.201+0100: 1.393: [GC concurrent-mark-start]
2015-03-20T11:15:49.201+0100: 1.393: [GC concurrent-mark-end, 0.0004438 secs]
2015-03-20T11:15:49.217+0100: 1.406: [GC remark, 0.0019554 secs]
2015-03-20T11:15:49.217+0100: 1.408: Total time for which application threads were stopped: 0.0146461 seconds
2015-03-20T11:15:49.232+0100: 1.417: [GC cleanup 898M->642M(1024M), 0.0010429 secs]
2015-03-20T11:15:49.232+0100: 1.418: Total time for which application threads were stopped: 0.0099681 seconds
2015-03-20T11:15:49.232+0100: 1.418: [GC concurrent-cleanup-start]
2015-03-20T11:15:49.232+0100: 1.418: [GC concurrent-cleanup-end, 0.0002136 secs]
2015-03-20T11:15:49.248+0100: 1.437: [GC pause (G1 Humongous Allocation) (young) 962M->960M(1024M), 0.0006730 secs]
2015-03-20T11:15:49.248+0100: 1.437: Total time for which application threads were stopped: 0.0077766 seconds
2015-03-20T11:15:49.248+0100: 1.438: [Full GC (Allocation Failure)  960M->282K(1024M), 0.0047133 secs]
2015-03-20T11:15:49.248+0100: 1.442: Total time for which application threads were stopped: 0.0048491 seconds
2015-03-20T11:15:49.279+0100: 1.465: [GC pause (G1 Humongous Allocation) (young) (initial-mark) 450M->448M(1024M), 0.0007634 secs]
2015-03-20T11:15:49.279+0100: 1.466: Total time for which application threads were stopped: 0.0061897 seconds
2015-03-20T11:15:49.279+0100: 1.466: [GC concurrent-root-region-scan-start]
2015-03-20T11:15:49.279+0100: 1.466: [GC concurrent-root-region-scan-end, 0.0000288 secs]
2015-03-20T11:15:49.279+0100: 1.466: [GC concurrent-mark-start]
2015-03-20T11:15:49.279+0100: 1.467: [GC concurrent-mark-end, 0.0006793 secs]
2015-03-20T11:15:49.295+0100: 1.481: [GC remark, 0.0012668 secs]
2015-03-20T11:15:49.295+0100: 1.483: Total time for which application threads were stopped: 0.0157120 seconds
2015-03-20T11:15:49.295+0100: 1.483: [GC cleanup 705M->449M(1024M), 0.0005224 secs]
2015-03-20T11:15:49.295+0100: 1.483: Total time for which application threads were stopped: 0.0005874 seconds
2015-03-20T11:15:49.295+0100: 1.483: [GC concurrent-cleanup-start]
2015-03-20T11:15:49.295+0100: 1.483: [GC concurrent-cleanup-end, 0.0001901 secs]
2015-03-20T11:15:49.326+0100: 1.513: [GC pause (G1 Humongous Allocation) (young) 962M->960M(1024M), 0.0003836 secs]
2015-03-20T11:15:49.326+0100: 1.513: Total time for which application threads were stopped: 0.0073465 seconds
2015-03-20T11:15:49.326+0100: 1.514: [Full GC (Allocation Failure)  960M->282K(1024M), 0.0044797 secs]
2015-03-20T11:15:49.326+0100: 1.518: Total time for which application threads were stopped: 0.0046111 seconds
2015-03-20T11:15:49.342+0100: 1.524: [GC pause (G1 Humongous Allocation) (young) (initial-mark) 129M->128M(1024M), 0.0005366 secs]
2015-03-20T11:15:49.342+01002015-03-20T11:15:49.342+0100: : 1.525: 1.525: [GC concurrent-root-region-scan-start]
Total time for which application threads were stopped: 0.0066051 seconds
2015-03-20T11:15:49.342+0100: 1.525: [GC concurrent-root-region-scan-end, 0.0000235 secs]
2015-03-20T11:15:49.342+0100: 1.525: [GC concurrent-mark-start]
2015-03-20T11:15:49.342+0100: 1.525: [GC concurrent-mark-end, 0.0004506 secs]
2015-03-20T11:15:49.342+0100: 1.538: [GC remark, 0.0023659 secs]
2015-03-20T11:15:49.357+0100: 1.540: Total time for which application threads were stopped: 0.0150738 seconds
2015-03-20T11:15:49.357+0100: 1.552: [GC cleanup 641M->641M(1024M), 0.0003651 secs]
2015-03-20T11:15:49.357+0100: 1.553: Total time for which application threads were stopped: 0.0123193 seconds
2015-03-20T11:15:49.389+0100: 1.572: [GC pause (G1 Humongous Allocation) (young) 962M->960M(1024M), 0.0007487 secs]
2015-03-20T11:15:49.389+0100: 1.573: Total time for which application threads were stopped: 0.0059297 seconds
2015-03-20T11:15:49.389+0100: 1.573: [Full GC (Allocation Failure)  960M->192M(1024M), 0.0044024 secs]
2015-03-20T11:15:49.389+0100: 1.577: Total time for which application threads were stopped: 0.0045178 seconds
2015-03-20T11:15:49.404+0100: 1.590: [GC pause (G1 Humongous Allocation) (young) (initial-mark) 449M->448M(1024M), 0.0006906 secs]
2015-03-20T11:15:49.404+0100: 1.590: Total time for which application threads were stopped: 0.0009696 seconds
2015-03-20T11:15:49.404+0100: 1.590: [GC concurrent-root-region-scan-start]
2015-03-20T11:15:49.404+0100: 1.590: [GC concurrent-root-region-scan-end, 0.0000450 secs]
2015-03-20T11:15:49.404+0100: 1.590: [GC concurrent-mark-start]
2015-03-20T11:15:49.404+0100: 1.591: [GC concurrent-mark-end, 0.0006471 secs]
2015-03-20T11:15:49.420+0100: 1.604: [GC remark, 0.0020179 secs]
2015-03-20T11:15:49.420+0100: 1.606: Total time for which application threads were stopped: 0.0147644 seconds
2015-03-20T11:15:49.420+0100: 1.606: [GC cleanup 705M->449M(1024M), 0.0005840 secs]
2015-03-20T11:15:49.420+0100: 1.606: Total time for which application threads were stopped: 0.0006505 seconds
2015-03-20T11:15:49.420+0100: 1.606: [GC concurrent-cleanup-start]
2015-03-20T11:15:49.420+0100: 1.607: [GC concurrent-cleanup-end, 0.0002067 secs]
2015-03-20T11:15:49.451+0100: 1.633: [GC pause (G1 Humongous Allocation) (young) 962M->960M(1024M), 0.0003533 secs]
2015-03-20T11:15:49.451+0100: 1.634: Total time for which application threads were stopped: 0.0053359 seconds
2015-03-20T11:15:49.451+0100: 1.634: [Full GC (Allocation Failure)  960M->282K(1024M), 0.0043863 secs]
2015-03-20T11:15:49.451+0100: 1.638: Total time for which application threads were stopped: 0.0045163 seconds
2015-03-20T11:15:49.467+0100: 1.660: [GC pause (G1 Humongous Allocation) (young) (initial-mark) 450M->448M(1024M), 0.0003729 secs]
2015-03-20T11:15:49.467+01002015-03-20T11:15:49.467+0100: : 1.660: 1.660: [GC concurrent-root-region-scan-start]
Total time for which application threads were stopped: 0.0087414 seconds
2015-03-20T11:15:49.467+0100: 1.660: [GC concurrent-root-region-scan-end, 0.0000249 secs]
2015-03-20T11:15:49.467+0100: 1.660: [GC concurrent-mark-start]
2015-03-20T11:15:49.467+0100: 1.661: [GC concurrent-mark-end, 0.0004609 secs]
2015-03-20T11:15:49.482+0100: 1.672: [GC remark, 0.0016788 secs]
2015-03-20T11:15:49.482+0100: 1.674: Total time for which application threads were stopped: 0.0133784 seconds
2015-03-20T11:15:49.482+0100: 1.679: [GC cleanup 770M->514M(1024M), 0.0005049 secs]
2015-03-20T11:15:49.482+0100: 1.680: Total time for which application threads were stopped: 0.0053266 seconds
2015-03-20T11:15:49.482+0100: 1.680: [GC concurrent-cleanup-start]
2015-03-20T11:15:49.482+0100: 1.680: [GC concurrent-cleanup-end, 0.0001725 secs]
2015-03-20T11:15:49.514+0100: 1.705: [GC pause (G1 Humongous Allocation) (young) 962M->960M(1024M), 0.0004394 secs]
2015-03-20T11:15:49.514+0100: 1.705: Total time for which application threads were stopped: 0.0053530 seconds
2015-03-20T11:15:49.514+0100: 1.705: [Full GC (Allocation Failure)  960M->192M(1024M), 0.0041962 secs]
2015-03-20T11:15:49.514+0100: 1.710: Total time for which application threads were stopped: 0.0043086 seconds
2015-03-20T11:15:49.529+0100: 1.725: [GC pause (G1 Humongous Allocation) (young) (initial-mark) 450M->448M(1024M), 0.0004907 secs]
2015-03-20T11:15:49.529+0100: 2015-03-20T11:15:49.529+0100: 1.7251.725: : [GC concurrent-root-region-scan-start]
Total time for which application threads were stopped: 0.0059796 seconds
2015-03-20T11:15:49.529+0100: 1.725: [GC concurrent-root-region-scan-end, 0.0000254 secs]
2015-03-20T11:15:49.529+0100: 1.725: [GC concurrent-mark-start]
2015-03-20T11:15:49.529+0100: 1.726: [GC concurrent-mark-end, 0.0006485 secs]
2015-03-20T11:15:49.545+0100: 1.737: [GC remark, 0.0020189 secs]
2015-03-20T11:15:49.545+0100: 1.739: Total time for which application threads were stopped: 0.0135421 seconds
2015-03-20T11:15:49.561+0100: 1.746: [GC cleanup 834M->578M(1024M), 0.0006984 secs]
2015-03-20T11:15:49.561+0100: 1.747: Total time for which application threads were stopped: 0.0075166 seconds
2015-03-20T11:15:49.561+0100: 1.747: [GC concurrent-cleanup-start]
2015-03-20T11:15:49.561+0100: 1.747: [GC concurrent-cleanup-end, 0.0002546 secs]
2015-03-20T11:15:49.576+0100: 1.769: [GC pause (G1 Humongous Allocation) (young) 962M->960M(1024M), 0.0009525 secs]
2015-03-20T11:15:49.576+0100: 1.770: Total time for which application threads were stopped: 0.0068940 seconds
2015-03-20T11:15:49.576+0100: 1.770: [Full GC (Allocation Failure)  960M->282K(1024M), 0.0048081 secs]
2015-03-20T11:15:49.592+0100: 1.775: Total time for which application threads were stopped: 0.0049400 seconds
2015-03-20T11:15:49.607+0100: 1.801: [GC pause (G1 Humongous Allocation) (young) (initial-mark) 513M->512M(1024M), 0.0006564 secs]
2015-03-20T11:15:49.607+0100: 1.802: Total time for which application threads were stopped: 0.0054801 seconds
2015-03-20T11:15:49.607+0100: 1.802: [GC concurrent-root-region-scan-start]
2015-03-20T11:15:49.607+0100: 1.802: [GC concurrent-root-region-scan-end, 0.0000670 secs]
2015-03-20T11:15:49.607+0100: 1.802: [GC concurrent-mark-start]
2015-03-20T11:15:49.607+0100: 1.803: [GC concurrent-mark-end, 0.0007218 secs]
2015-03-20T11:15:49.623+0100: 1.816: [GC remark, 0.0014119 secs]
2015-03-20T11:15:49.623+0100: 1.817: Total time for which application threads were stopped: 0.0148426 seconds
2015-03-20T11:15:49.639+0100: 1.827: [GC pause (G1 Humongous Allocation) (young) 962M->960M(1024M), 0.0008431 secs]
2015-03-20T11:15:49.639+0100: 1.827: Total time for which application threads were stopped: 0.0098312 seconds
2015-03-20T11:15:49.639+0100: 1.828: [Full GC (Allocation Failure)  960M->128M(1024M), 0.0044371 secs]
2015-03-20T11:15:49.639+0100: 1.832: Total time for which application threads were stopped: 0.0045593 seconds
2015-03-20T11:15:49.654+0100: 1.837: [GC cleanup, 0.0000103 secs]
2015-03-20T11:15:49.654+0100: 1.837: Total time for which application threads were stopped: 0.0047851 seconds
2015-03-20T11:15:49.654+0100: 1.837: [GC concurrent-mark-abort]
2015-03-20T11:15:49.670+0100: 1.854: [GC pause (G1 Humongous Allocation) (young) (initial-mark) 450M->448M(1024M), 0.0010923 secs]
2015-03-20T11:15:49.670+0100: 1.856: Total time for which application threads were stopped: 0.0073358 seconds
2015-03-20T11:15:49.670+0100: 1.856: [GC concurrent-root-region-scan-start]
2015-03-20T11:15:49.670+0100: 1.856: [GC concurrent-root-region-scan-end, 0.0000415 secs]
2015-03-20T11:15:49.670+0100: 1.856: [GC concurrent-mark-start]
2015-03-20T11:15:49.670+0100: 1.856: [GC concurrent-mark-end, 0.0007844 secs]
2015-03-20T11:15:49.686+0100: 1.868: [GC remark, 0.0013078 secs]
2015-03-20T11:15:49.686+0100: 1.869: Total time for which application threads were stopped: 0.0129674 seconds
2015-03-20T11:15:49.686+0100: 1.870: [GC cleanup 705M->449M(1024M), 0.0005200 secs]
2015-03-20T11:15:49.686+0100: 1.870: Total time for which application threads were stopped: 0.0005982 seconds
2015-03-20T11:15:49.686+0100: 1.870: [GC concurrent-cleanup-start]
2015-03-20T11:15:49.686+0100: 1.870: [GC concurrent-cleanup-end, 0.0002116 secs]
2015-03-20T11:15:49.701+0100: 1.897: [GC pause (G1 Humongous Allocation) (young) 962M->960M(1024M), 0.0006740 secs]
2015-03-20T11:15:49.701+0100: 1.898: Total time for which application threads were stopped: 0.0056072 seconds
2015-03-20T11:15:49.701+0100: 1.898: [Full GC (Allocation Failure)  960M->282K(1024M), 0.0045412 secs]
2015-03-20T11:15:49.717+0100: 1.903: Total time for which application threads were stopped: 0.0046717 seconds
2015-03-20T11:15:49.733+0100: 1.927: [GC pause (G1 Humongous Allocation) (young) (initial-mark) 449M->448M(1024M), 0.0007008 secs]
2015-03-20T11:15:49.733+0100: 1.928: Total time for which application threads were stopped: 0.0126878 seconds
2015-03-20T11:15:49.733+0100: 1.928: [GC concurrent-root-region-scan-start]
2015-03-20T11:15:49.733+0100: 1.928: [GC concurrent-root-region-scan-end, 0.0000552 secs]
2015-03-20T11:15:49.733+0100: 1.928: [GC concurrent-mark-start]
2015-03-20T11:15:49.733+0100: 1.928: [GC concurrent-mark-end, 0.0006656 secs]
2015-03-20T11:15:49.748+0100: 1.940: [GC remark, 0.0017995 secs]
2015-03-20T11:15:49.748+0100: 1.942: Total time for which application threads were stopped: 0.0133637 seconds
2015-03-20T11:15:49.764+0100: 1.948: [GC cleanup 834M->578M(1024M), 0.0007194 secs]
2015-03-20T11:15:49.764+0100: 1.948: Total time for which application threads were stopped: 0.0066560 seconds
2015-03-20T11:15:49.764+0100: 1.948: [GC concurrent-cleanup-start]
2015-03-20T11:15:49.764+0100: 1.949: [GC concurrent-cleanup-end, 0.0002053 secs]
2015-03-20T11:15:49.779+0100: 1.969: [GC pause (G1 Humongous Allocation) (young) 962M->960M(1024M), 0.0006446 secs]
2015-03-20T11:15:49.779+0100: 1.970: Total time for which application threads were stopped: 0.0062488 seconds
2015-03-20T11:15:49.779+0100: 1.970: [Full GC (Allocation Failure)  960M->282K(1024M), 0.0044166 secs]
2015-03-20T11:15:49.779+0100: 1.975: Total time for which application threads were stopped: 0.0045500 seconds
2015-03-20T11:15:49.811+0100: 1.998: [GC pause (G1 Humongous Allocation) (young) (initial-mark) 450M->448M(1024M), 0.0006588 secs]
2015-03-20T11:15:49.811+0100: 1.999: Total time for which application threads were stopped: 0.0052978 seconds
2015-03-20T11:15:49.811+0100: 1.999: [GC concurrent-root-region-scan-start]
2015-03-20T11:15:49.811+0100: 1.999: [GC concurrent-root-region-scan-end, 0.0000279 secs]
2015-03-20T11:15:49.811+0100: 1.999: [GC concurrent-mark-start]
2015-03-20T11:15:49.811+0100: 1.999: [GC concurrent-mark-end, 0.0007262 secs]
2015-03-20T11:15:49.826+0100: 2.011: [GC remark, 0.0013166 secs]
2015-03-20T11:15:49.826+0100: 2.012: Total time for which application threads were stopped: 0.0127357 seconds
2015-03-20T11:15:49.826+0100: 2.017: [GC cleanup 770M->514M(1024M), 0.0009100 secs]
2015-03-20T11:15:49.826+0100: 2.018: Total time for which application threads were stopped: 0.0057117 seconds
2015-03-20T11:15:49.826+0100: 2.018: [GC concurrent-cleanup-start]
2015-03-20T11:15:49.826+0100: 2.018: [GC concurrent-cleanup-end, 0.0002048 secs]
2015-03-20T11:15:49.858+0100: 2.044: [GC pause (G1 Humongous Allocation) (young) 962M->960M(1024M), 0.0007341 secs]
2015-03-20T11:15:49.858+0100: 2.045: Total time for which application threads were stopped: 0.0059199 seconds
2015-03-20T11:15:49.858+0100: 2.045: [Full GC (Allocation Failure)  960M->192M(1024M), 0.0043936 secs]
2015-03-20T11:15:49.858+0100: 2.050: Total time for which application threads were stopped: 0.0045080 seconds
2015-03-20T11:15:49.873+0100: 2.062: [GC pause (G1 Humongous Allocation) (young) (initial-mark) 449M->448M(1024M), 0.0006842 secs]
2015-03-20T11:15:49.873+0100: 2.063: Total time for which application threads were stopped: 0.0009823 seconds
2015-03-20T11:15:49.873+0100: 2.063: [GC concurrent-root-region-scan-start]
2015-03-20T11:15:49.873+0100: 2.063: [GC concurrent-root-region-scan-end, 0.0000425 secs]
2015-03-20T11:15:49.873+0100: 2.063: [GC concurrent-mark-start]
2015-03-20T11:15:49.873+0100: 2.063: [GC concurrent-mark-end, 0.0006485 secs]
2015-03-20T11:15:49.889+0100: 2.075: [GC remark, 0.0018156 secs]
2015-03-20T11:15:49.889+0100: 2.077: Total time for which application threads were stopped: 0.0136276 seconds
2015-03-20T11:15:49.889+0100: 2.077: [GC cleanup 706M->450M(1024M), 0.0005176 secs]
2015-03-20T11:15:49.889+0100: 2.078: Total time for which application threads were stopped: 0.0005865 seconds
2015-03-20T11:15:49.889+0100: 2.078: [GC concurrent-cleanup-start]
2015-03-20T11:15:49.889+0100: 2.078: [GC concurrent-cleanup-end, 0.0002058 secs]
2015-03-20T11:15:49.920+0100: 2.105: [GC pause (G1 Humongous Allocation) (young) 962M->960M(1024M), 0.0005586 secs]
2015-03-20T11:15:49.920+0100: 2.105: Total time for which application threads were stopped: 0.0054185 seconds
2015-03-20T11:15:49.920+0100: 2.105: [Full GC (Allocation Failure)  960M->282K(1024M), 0.0045197 secs]
2015-03-20T11:15:49.920+0100: 2.110: Total time for which application threads were stopped: 0.0046478 seconds
2015-03-20T11:15:49.936+0100: 2.131: [GC pause (G1 Humongous Allocation) (young) (initial-mark) 449M->448M(1024M), 0.0007218 secs]
2015-03-20T11:15:49.936+0100: 2.132: Total time for which application threads were stopped: 0.0096709 seconds
2015-03-20T11:15:49.936+0100: 2.132: [GC concurrent-root-region-scan-start]
2015-03-20T11:15:49.936+0100: 2.132: [GC concurrent-root-region-scan-end, 0.0000244 secs]
2015-03-20T11:15:49.936+0100: 2.132: [GC concurrent-mark-start]
2015-03-20T11:15:49.936+0100: 2.133: [GC concurrent-mark-end, 0.0006534 secs]
2015-03-20T11:15:49.951+0100: 2.147: [GC remark, 0.0025663 secs]
2015-03-20T11:15:49.967+0100: 2.150: Total time for which application threads were stopped: 0.0169749 seconds
2015-03-20T11:15:49.967+0100: 2.159: [GC cleanup 898M->642M(1024M), 0.0007267 secs]
2015-03-20T11:15:49.967+0100: 2.159: Total time for which application threads were stopped: 0.0096582 seconds
2015-03-20T11:15:49.967+0100: 2.159: [GC concurrent-cleanup-start]
2015-03-20T11:15:49.967+0100: 2.160: [GC concurrent-cleanup-end, 0.0001955 secs]
2015-03-20T11:15:49.983+0100: 2.178: [GC pause (G1 Humongous Allocation) (young) 962M->960M(1024M), 0.0006383 secs]
2015-03-20T11:15:49.983+0100: 2.179: Total time for which application threads were stopped: 0.0076246 seconds
2015-03-20T11:15:49.983+0100: 2.179: [Full GC (Allocation Failure)  960M->64M(1024M), 0.0046307 secs]
2015-03-20T11:15:49.998+0100: 2.183: Total time for which application threads were stopped: 0.0047773 seconds
2015-03-20T11:15:50.014+0100: 2.206: [GC pause (G1 Humongous Allocation) (young) (initial-mark) 450M->448M(1024M), 0.0008592 secs]
2015-03-20T11:15:50.014+0100: 2.207: Total time for which application threads were stopped: 0.0116913 seconds
2015-03-20T11:15:50.014+0100: 2.207: [GC concurrent-root-region-scan-start]
2015-03-20T11:15:50.014+0100: 2.207: [GC concurrent-root-region-scan-end, 0.0000362 secs]
2015-03-20T11:15:50.014+0100: 2.207: [GC concurrent-mark-start]
2015-03-20T11:15:50.014+0100: 2.208: [GC concurrent-mark-end, 0.0004467 secs]
2015-03-20T11:15:50.029+0100: 2.220: [GC remark, 0.0013411 secs]
2015-03-20T11:15:50.029+0100: 2.222: Total time for which application threads were stopped: 0.0138353 seconds
2015-03-20T11:15:50.045+0100: 2.235: [GC cleanup 962M->706M(1024M), 0.0008084 secs]
2015-03-20T11:15:50.045+0100: 2.236: Total time for which application threads were stopped: 0.0142244 seconds
2015-03-20T11:15:50.045+0100: 2.236: [GC concurrent-cleanup-start]
2015-03-20T11:15:50.045+0100: 2.236: [GC concurrent-cleanup-end, 0.0002092 secs]
2015-03-20T11:15:50.061+0100: 2.251: [GC pause (G1 Humongous Allocation) (young) 962M->960M(1024M), 0.0005855 secs]
2015-03-20T11:15:50.061+0100: 2.251: Total time for which application threads were stopped: 0.0021797 seconds
2015-03-20T11:15:50.061+0100: 2.251: [Full GC (Allocation Failure)  960M->192M(1024M), 0.0043223 secs]
2015-03-20T11:15:50.061+0100: 2.256: Total time for which application threads were stopped: 0.0044567 seconds
2015-03-20T11:15:50.076+0100: 2.268: [GC pause (G1 Humongous Allocation) (young) (initial-mark) 449M->448M(1024M), 0.0005757 secs]
2015-03-20T11:15:50.076+0100: 2.269: Total time for which application threads were stopped: 0.0007800 seconds
2015-03-20T11:15:50.076+0100: 2.269: [GC concurrent-root-region-scan-start]
2015-03-20T11:15:50.076+0100: 2.269: [GC concurrent-root-region-scan-end, 0.0000352 secs]
2015-03-20T11:15:50.076+0100: 2.269: [GC concurrent-mark-start]
2015-03-20T11:15:50.076+0100: 2.270: [GC concurrent-mark-end, 0.0007052 secs]
2015-03-20T11:15:50.092+0100: 2.283: [GC remark, 0.0014662 secs]
2015-03-20T11:15:50.092+0100: 2.284: Total time for which application threads were stopped: 0.0144912 seconds
2015-03-20T11:15:50.108+0100: 2.290: [GC cleanup 834M->578M(1024M), 0.0004232 secs]
2015-03-20T11:15:50.108+0100: 2.290: Total time for which application threads were stopped: 0.0063187 seconds
2015-03-20T11:15:50.108+0100: 2.291: [GC concurrent-cleanup-start]
2015-03-20T11:15:50.108+0100: 2.291: [GC concurrent-cleanup-end, 0.0002150 secs]
2015-03-20T11:15:50.123+0100: 2.311: [GC pause (G1 Humongous Allocation) (young) 962M->960M(1024M), 0.0006094 secs]
2015-03-20T11:15:50.123+0100: 2.312: Total time for which application threads were stopped: 0.0023273 seconds
2015-03-20T11:15:50.123+0100: 2.312: [Full GC (Allocation Failure)  960M->282K(1024M), 0.0044425 secs]
2015-03-20T11:15:50.123+0100: 2.317: Total time for which application threads were stopped: 0.0045623 seconds
2015-03-20T11:15:50.139+0100: 2.326: [GC pause (G1 Humongous Allocation) (young) (initial-mark) 193M->192M(1024M), 0.0005650 secs]
2015-03-20T11:15:50.139+0100: 2.326: Total time for which application threads were stopped: 0.0096176 seconds
2015-03-20T11:15:50.139+0100: 2.326: [GC concurrent-root-region-scan-start]
2015-03-20T11:15:50.139+0100: 2.327: [GC concurrent-root-region-scan-end, 0.0000283 secs]
2015-03-20T11:15:50.139+0100: 2.327: [GC concurrent-mark-start]
2015-03-20T11:15:50.139+0100: 2.327: [GC concurrent-mark-end, 0.0006217 secs]
2015-03-20T11:15:50.154+0100: 2.342: [GC remark, 0.0011553 secs]
2015-03-20T11:15:50.154+0100: 2.343: Total time for which application threads were stopped: 0.0155552 seconds
2015-03-20T11:15:50.170+0100: 2.355: [GC cleanup 706M->706M(1024M), 0.0003978 secs]
2015-03-20T11:15:50.170+0100: 2.355: Total time for which application threads were stopped: 0.0123784 seconds
2015-03-20T11:15:50.186+0100: 2.371: [GC pause (G1 Humongous Allocation) (young) 962M->960M(1024M), 0.0004350 secs]
2015-03-20T11:15:50.186+0100: 2.372: Total time for which application threads were stopped: 0.0023474 seconds
2015-03-20T11:15:50.186+0100: 2.372: [Full GC (Allocation Failure)  960M->128M(1024M), 0.0043081 secs]
2015-03-20T11:15:50.186+0100: 2.376: Total time for which application threads were stopped: 0.0044244 seconds
2015-03-20T11:15:50.201+0100: 2.392: [GC pause (G1 Humongous Allocation) (young) (initial-mark) 449M->448M(1024M), 0.0004618 secs]
2015-03-20T11:15:50.201+01002015-03-20T11:15:50.201+0100: : 2.393: 2.393: [GC concurrent-root-region-scan-start]
Total time for which application threads were stopped: 0.0057381 seconds
2015-03-20T11:15:50.201+0100: 2.393: [GC concurrent-root-region-scan-end, 0.0000323 secs]
2015-03-20T11:15:50.201+0100: 2.393: [GC concurrent-mark-start]
2015-03-20T11:15:50.201+0100: 2.393: [GC concurrent-mark-end, 0.0004306 secs]
2015-03-20T11:15:50.217+0100: 2.406: [GC remark, 0.0010864 secs]
2015-03-20T11:15:50.217+0100: 2.407: Total time for which application threads were stopped: 0.0136750 seconds
2015-03-20T11:15:50.233+0100: 2.416: [GC cleanup 898M->642M(1024M), 0.0004443 secs]
2015-03-20T11:15:50.233+0100: 2.417: Total time for which application threads were stopped: 0.0094305 seconds
2015-03-20T11:15:50.233+0100: 2.417: [GC concurrent-cleanup-start]
2015-03-20T11:15:50.233+0100: 2.417: [GC concurrent-cleanup-end, 0.0002067 secs]
2015-03-20T11:15:50.248+0100: 2.435: [GC pause (G1 Humongous Allocation) (young) 962M->960M(1024M), 0.0004804 secs]
2015-03-20T11:15:50.248+0100: 2.435: Total time for which application threads were stopped: 0.0074022 seconds
2015-03-20T11:15:50.248+0100: 2.435: [Full GC (Allocation Failure)  960M->282K(1024M), 0.0044239 secs]
2015-03-20T11:15:50.248+0100: 2.440: Total time for which application threads were stopped: 0.0045515 seconds
2015-03-20T11:15:50.279+0100: 2.465: [GC pause (G1 Humongous Allocation) (young) (initial-mark) 514M->512M(1024M), 0.0005850 secs]
2015-03-20T11:15:50.279+01002015-03-20T11:15:50.279+0100: : 2.466: 2.466: [GC concurrent-root-region-scan-start]
Total time for which application threads were stopped: 0.0021225 seconds
2015-03-20T11:15:50.279+0100: 2.466: [GC concurrent-root-region-scan-end, 0.0000264 secs]
2015-03-20T11:15:50.279+0100: 2.466: [GC concurrent-mark-start]
2015-03-20T11:15:50.279+0100: 2.466: [GC concurrent-mark-end, 0.0004662 secs]
2015-03-20T11:15:50.295+0100: 2.479: [GC remark, 0.0017096 secs]
2015-03-20T11:15:50.295+0100: 2.481: Total time for which application threads were stopped: 0.0146535 seconds
2015-03-20T11:15:50.295+0100: 2.487: [GC cleanup 898M->578M(1024M), 0.0003441 secs]
2015-03-20T11:15:50.295+0100: 2.487: Total time for which application threads were stopped: 0.0062576 seconds
2015-03-20T11:15:50.295+0100: 2.487: [GC concurrent-cleanup-start]
2015-03-20T11:15:50.295+0100: 2.487: [GC concurrent-cleanup-end, 0.0002761 secs]
2015-03-20T11:15:50.311+0100: 2.508: [GC pause (G1 Humongous Allocation) (young) 962M->960M(1024M), 0.0003753 secs]
2015-03-20T11:15:50.326+0100: 2.508: Total time for which application threads were stopped: 0.0066330 seconds
2015-03-20T11:15:50.326+0100: 2.508: [Full GC (Allocation Failure)  960M->282K(1024M), 0.0043604 secs]
2015-03-20T11:15:50.326+0100: 2.513: Total time for which application threads were stopped: 0.0044865 seconds
2015-03-20T11:15:50.342+0100: 2.534: [GC pause (G1 Humongous Allocation) (young) (initial-mark) 450M->448M(1024M), 0.0003827 secs]
2015-03-20T11:15:50.342+0100: 2015-03-20T11:15:50.342+0100: 2.535: 2.535: [GC concurrent-root-region-scan-start]
Total time for which application threads were stopped: 0.0088850 seconds
2015-03-20T11:15:50.342+0100: 2.535: [GC concurrent-root-region-scan-end, 0.0000225 secs]
2015-03-20T11:15:50.342+0100: 2.535: [GC concurrent-mark-start]
2015-03-20T11:15:50.342+0100: 2.535: [GC concurrent-mark-end, 0.0004589 secs]
2015-03-20T11:15:50.358+0100: 2.550: [GC remark, 0.0016123 secs]
2015-03-20T11:15:50.358+0100: 2.551: Total time for which application threads were stopped: 0.0163342 seconds
2015-03-20T11:15:50.373+0100: 2.556: [GC cleanup 770M->514M(1024M), 0.0003577 secs]
2015-03-20T11:15:50.373+0100: 2.557: Total time for which application threads were stopped: 0.0051952 seconds
2015-03-20T11:15:50.373+0100: 2.557: [GC concurrent-cleanup-start]
2015-03-20T11:15:50.373+0100: 2.557: [GC concurrent-cleanup-end, 0.0002038 secs]
2015-03-20T11:15:50.389+0100: 2.582: [GC pause (G1 Humongous Allocation) (young) 962M->960M(1024M), 0.0003211 secs]
2015-03-20T11:15:50.389+0100: 2.582: Total time for which application threads were stopped: 0.0057445 seconds
2015-03-20T11:15:50.389+0100: 2.582: [Full GC (Allocation Failure)  960M->282K(1024M), 0.0043976 secs]
2015-03-20T11:15:50.404+0100: 2.587: Total time for which application threads were stopped: 0.0045300 seconds
2015-03-20T11:15:50.420+0100: 2.610: [GC pause (G1 Humongous Allocation) (young) (initial-mark) 450M->448M(1024M), 0.0003768 secs]
2015-03-20T11:15:50.420+01002015-03-20T11:15:50.420+0100: : 2.610: 2.610: [GC concurrent-root-region-scan-start]
Total time for which application threads were stopped: 0.0112397 seconds
2015-03-20T11:15:50.420+0100: 2.610: [GC concurrent-root-region-scan-end, 0.0000279 secs]
2015-03-20T11:15:50.420+0100: 2.610: [GC concurrent-mark-start]
2015-03-20T11:15:50.420+0100: 2.611: [GC concurrent-mark-end, 0.0007028 secs]
2015-03-20T11:15:50.436+0100: 2.623: [GC remark, 0.0016661 secs]
2015-03-20T11:15:50.436+0100: 2.624: Total time for which application threads were stopped: 0.0134590 seconds
2015-03-20T11:15:50.436+0100: 2.630: [GC cleanup 834M->578M(1024M), 0.0003064 secs]
2015-03-20T11:15:50.436+0100: 2.631: Total time for which application threads were stopped: 0.0062181 seconds
2015-03-20T11:15:50.436+0100: 2.631: [GC concurrent-cleanup-start]
2015-03-20T11:15:50.436+0100: 2.631: [GC concurrent-cleanup-end, 0.0002043 secs]
2015-03-20T11:15:50.467+0100: 2.651: [GC pause (G1 Humongous Allocation) (young) 962M->960M(1024M), 0.0003299 secs]
2015-03-20T11:15:50.467+0100: 2.652: Total time for which application threads were stopped: 0.0068207 seconds
2015-03-20T11:15:50.467+0100: 2.652: [Full GC (Allocation Failure)  960M->282K(1024M), 0.0043731 secs]
2015-03-20T11:15:50.467+0100: 2.656: Total time for which application threads were stopped: 0.0045007 seconds
2015-03-20T11:15:50.483+0100: 2.678: [GC pause (G1 Humongous Allocation) (young) (initial-mark) 450M->448M(1024M), 0.0003778 secs]
2015-03-20T11:15:50.483+0100: 2015-03-20T11:15:50.483+0100: 2.6792.679: : [GC concurrent-root-region-scan-start]
Total time for which application threads were stopped: 0.0077517 seconds
2015-03-20T11:15:50.483+0100: 2.679: [GC concurrent-root-region-scan-end, 0.0000239 secs]
2015-03-20T11:15:50.483+0100: 2.679: [GC concurrent-mark-start]
2015-03-20T11:15:50.483+0100: 2.679: [GC concurrent-mark-end, 0.0004574 secs]
2015-03-20T11:15:50.498+0100: 2.694: [GC remark, 0.0011407 secs]
2015-03-20T11:15:50.498+0100: 2.695: Total time for which application threads were stopped: 0.0157712 seconds
2015-03-20T11:15:50.514+0100: 2.707: [GC cleanup 898M->642M(1024M), 0.0004232 secs]
2015-03-20T11:15:50.514+0100: 2.707: Total time for which application threads were stopped: 0.0123022 seconds
2015-03-20T11:15:50.514+0100: 2.707: [GC concurrent-cleanup-start]
2015-03-20T11:15:50.514+0100: 2.708: [GC concurrent-cleanup-end, 0.0002072 secs]
2015-03-20T11:15:50.529+0100: 2.725: [GC pause (G1 Humongous Allocation) (young) 962M->960M(1024M), 0.0004364 secs]
2015-03-20T11:15:50.529+0100: 2.726: Total time for which application threads were stopped: 0.0061599 seconds
2015-03-20T11:15:50.529+0100: 2.726: [Full GC (Allocation Failure)  960M->282K(1024M), 0.0045158 secs]
2015-03-20T11:15:50.545+0100: 2.731: Total time for which application threads were stopped: 0.0046405 seconds
2015-03-20T11:15:50.545+0100: 2.740: [GC pause (G1 Humongous Allocation) (young) (initial-mark) 193M->192M(1024M), 0.0005449 secs]
2015-03-20T11:15:50.545+01002015-03-20T11:15:50.545+0100: : 2.740: 2.740: [GC concurrent-root-region-scan-start]
Total time for which application threads were stopped: 0.0094608 seconds
2015-03-20T11:15:50.545+0100: 2.740: [GC concurrent-root-region-scan-end, 0.0000381 secs]
2015-03-20T11:15:50.545+0100: 2.740: [GC concurrent-mark-start]
2015-03-20T11:15:50.545+0100: 2.741: [GC concurrent-mark-end, 0.0006534 secs]
2015-03-20T11:15:50.561+0100: 2.756: [GC remark, 0.0018498 secs]
2015-03-20T11:15:50.561+0100: 2.758: Total time for which application threads were stopped: 0.0166558 seconds
2015-03-20T11:15:50.561+0100: 2.758: [GC cleanup 450M->450M(1024M), 0.0004364 secs]
2015-03-20T11:15:50.561+0100: 2.758: Total time for which application threads were stopped: 0.0005127 seconds
2015-03-20T11:15:50.592+0100: 2.785: [GC pause (G1 Humongous Allocation) (young) 962M->960M(1024M), 0.0004364 secs]
2015-03-20T11:15:50.592+0100: 2.786: Total time for which application threads were stopped: 0.0043233 seconds
2015-03-20T11:15:50.592+0100: 2.786: [Full GC (Allocation Failure)  960M->282K(1024M), 0.0046874 secs]
2015-03-20T11:15:50.608+0100: 2.790: Total time for which application threads were stopped: 0.0048139 seconds
2015-03-20T11:15:50.623+0100: 2.813: [GC pause (G1 Humongous Allocation) (young) (initial-mark) 450M->448M(1024M), 0.0005053 secs]
2015-03-20T11:15:50.623+0100: 2015-03-20T11:15:50.623+0100: 2.813: [GC concurrent-root-region-scan-start]
2.813: Total time for which application threads were stopped: 0.0105066 seconds
2015-03-20T11:15:50.623+0100: 2.813: [GC concurrent-root-region-scan-end, 0.0000288 secs]
2015-03-20T11:15:50.623+0100: 2.813: [GC concurrent-mark-start]
2015-03-20T11:15:50.623+0100: 2.814: [GC concurrent-mark-end, 0.0005053 secs]
2015-03-20T11:15:50.639+0100: 2.827: [GC remark, 0.0015273 secs]
2015-03-20T11:15:50.639+0100: 2.828: Total time for which application threads were stopped: 0.0143788 seconds
2015-03-20T11:15:50.639+0100: 2.833: [GC cleanup 770M->514M(1024M), 0.0004042 secs]
2015-03-20T11:15:50.639+0100: 2.833: Total time for which application threads were stopped: 0.0052108 seconds
2015-03-20T11:15:50.639+0100: 2.833: [GC concurrent-cleanup-start]
2015-03-20T11:15:50.639+0100: 2.834: [GC concurrent-cleanup-end, 0.0002053 secs]
2015-03-20T11:15:50.670+0100: 2.858: [GC pause (G1 Humongous Allocation) (young) 962M->960M(1024M), 0.0003436 secs]
2015-03-20T11:15:50.670+0100: 2.859: Total time for which application threads were stopped: 0.0049024 seconds
2015-03-20T11:15:50.670+0100: 2.859: [Full GC (Allocation Failure)  960M->282K(1024M), 0.0045872 secs]
2015-03-20T11:15:50.670+0100: 2.863: Total time for which application threads were stopped: 0.0047211 seconds
2015-03-20T11:15:50.701+0100: 2.886: [GC pause (G1 Humongous Allocation) (young) (initial-mark) 450M->448M(1024M), 0.0006749 secs]
2015-03-20T11:15:50.701+0100: 2.887: Total time for which application threads were stopped: 0.0092785 seconds
2015-03-20T11:15:50.701+0100: 2.887: [GC concurrent-root-region-scan-start]
2015-03-20T11:15:50.701+0100: 2.887: [GC concurrent-root-region-scan-end, 0.0000254 secs]
2015-03-20T11:15:50.701+0100: 2.887: [GC concurrent-mark-start]
2015-03-20T11:15:50.701+0100: 2.888: [GC concurrent-mark-end, 0.0007492 secs]
2015-03-20T11:15:50.717+0100: 2.903: [GC remark, 0.0017184 secs]
2015-03-20T11:15:50.717+0100: 2.904: Total time for which application threads were stopped: 0.0162843 seconds
2015-03-20T11:15:50.717+0100: 2.909: [GC cleanup 770M->514M(1024M), 0.0003778 secs]
2015-03-20T11:15:50.717+0100: 2.910: Total time for which application threads were stopped: 0.0052460 seconds
2015-03-20T11:15:50.717+0100: 2.910: [GC concurrent-cleanup-start]
2015-03-20T11:15:50.717+0100: 2.910: [GC concurrent-cleanup-end, 0.0002165 secs]
2015-03-20T11:15:50.748+0100: 2.939: [GC pause (G1 Humongous Allocation) (young) 962M->960M(1024M), 0.0003900 secs]
2015-03-20T11:15:50.748+0100: 2.939: Total time for which application threads were stopped: 0.0087829 seconds
2015-03-20T11:15:50.748+0100: 2.940: [Full GC (Allocation Failure)  960M->282K(1024M), 0.0049224 secs]
2015-03-20T11:15:50.748+0100: 2.945: Total time for which application threads were stopped: 0.0050656 seconds
2015-03-20T11:15:50.779+0100: 2.968: [GC pause (G1 Humongous Allocation) (young) (initial-mark) 450M->448M(1024M), 0.0004232 secs]
2015-03-20T11:15:50.779+0100: 2.968: 2015-03-20T11:15:50.779+0100[GC concurrent-root-region-scan-start]
: 2.968: Total time for which application threads were stopped: 0.0047973 seconds
2015-03-20T11:15:50.779+0100: 2.968: [GC concurrent-root-region-scan-end, 0.0000288 secs]
2015-03-20T11:15:50.779+0100: 2.968: [GC concurrent-mark-start]
2015-03-20T11:15:50.779+0100: 2.969: [GC concurrent-mark-end, 0.0007815 secs]
2015-03-20T11:15:50.795+0100: 2.984: [GC remark, 0.0015468 secs]
2015-03-20T11:15:50.795+0100: 2.985: Total time for which application threads were stopped: 0.0159882 seconds
2015-03-20T11:15:50.795+0100: 2.990: [GC cleanup 770M->514M(1024M), 0.0003724 secs]
2015-03-20T11:15:50.795+0100: 2.990: Total time for which application threads were stopped: 0.0051556 seconds
2015-03-20T11:15:50.795+0100: 2.990: [GC concurrent-cleanup-start]
2015-03-20T11:15:50.795+0100: 2.991: [GC concurrent-cleanup-end, 0.0002102 secs]
2015-03-20T11:15:50.826+0100: 3.017: [GC pause (G1 Humongous Allocation) (young) 962M->960M(1024M), 0.0005102 secs]
2015-03-20T11:15:50.826+0100: 3.018: Total time for which application threads were stopped: 0.0047406 seconds
2015-03-20T11:15:50.826+0100: 3.018: [Full GC (Allocation Failure)  960M->128M(1024M), 0.0044679 secs]
2015-03-20T11:15:50.826+0100: 3.023: Total time for which application threads were stopped: 0.0045916 seconds
2015-03-20T11:15:50.842+0100: 3.039: [GC pause (G1 Humongous Allocation) (young) (initial-mark) 449M->448M(1024M), 0.0005884 secs]
2015-03-20T11:15:50.858+01002015-03-20T11:15:50.858+0100: : 3.040: 3.040: [GC concurrent-root-region-scan-start]
Total time for which application threads were stopped: 0.0065836 seconds
2015-03-20T11:15:50.858+0100: 3.040: [GC concurrent-root-region-scan-end, 0.0000616 secs]
2015-03-20T11:15:50.858+0100: 3.040: [GC concurrent-mark-start]
2015-03-20T11:15:50.858+0100: 3.040: [GC concurrent-mark-end, 0.0007047 secs]
2015-03-20T11:15:50.858+0100: 3.055: [GC remark, 0.0012619 secs]
2015-03-20T11:15:50.873+0100: 3.056: Total time for which application threads were stopped: 0.0155195 seconds
2015-03-20T11:15:50.873+0100: 3.065: [GC cleanup 898M->642M(1024M), 0.0004066 secs]
2015-03-20T11:15:50.873+0100: 3.065: Total time for which application threads were stopped: 0.0093474 seconds
2015-03-20T11:15:50.873+0100: 3.066: [GC concurrent-cleanup-start]
2015-03-20T11:15:50.873+0100: 3.066: [GC concurrent-cleanup-end, 0.0002194 secs]
2015-03-20T11:15:50.889+0100: 3.084: [GC pause (G1 Humongous Allocation) (young) 962M->960M(1024M), 0.0004017 secs]
2015-03-20T11:15:50.889+0100: 3.084: Total time for which application threads were stopped: 0.0058505 seconds
2015-03-20T11:15:50.889+0100: 3.085: [GC pause (G1 Humongous Allocation) (young) (initial-mark) 961M->960M(1024M), 0.0004135 secs]
2015-03-20T11:15:50.889+01002015-03-20T11:15:50.889+0100: : 3.085: 3.085: [GC concurrent-root-region-scan-start]
Total time for which application threads were stopped: 0.0004961 seconds
2015-03-20T11:15:50.889+0100: 3.085: [GC concurrent-root-region-scan-end, 0.0000244 secs]
2015-03-20T11:15:50.889+0100: 3.085: [GC concurrent-mark-start]
2015-03-20T11:15:50.889+0100: 3.085: [GC pause (G1 Humongous Allocation) (young) 960M->960M(1024M), 0.0002449 secs]
2015-03-20T11:15:50.889+0100: 3.085: Total time for which application threads were stopped: 0.0003128 seconds
2015-03-20T11:15:50.889+0100: 3.085: [Full GC (Allocation Failure)  960M->282K(1024M), 0.0044049 secs]
2015-03-20T11:15:50.904+0100: 3.090: Total time for which application threads were stopped: 0.0045285 seconds
2015-03-20T11:15:50.904+0100: 3.090: [GC concurrent-mark-abort]
2015-03-20T11:15:50.904+0100: 3.096: Total time for which application threads were stopped: 0.0059063 seconds
2015-03-20T11:15:50.904+0100: 3.101: Total time for which application threads were stopped: 0.0047504 seconds
2015-03-20T11:15:50.920+0100: 3.115: [GC pause (G1 Humongous Allocation) (young) (initial-mark) 449M->448M(1024M), 0.0006305 secs]
2015-03-20T11:15:50.920+0100: 2015-03-20T11:15:50.920+0100: 3.116: [GC concurrent-root-region-scan-start]
3.116: Total time for which application threads were stopped: 0.0013948 seconds
2015-03-20T11:15:50.920+0100: 3.116: [GC concurrent-root-region-scan-end, 0.0000484 secs]
2015-03-20T11:15:50.920+0100: 3.116: [GC concurrent-mark-start]
2015-03-20T11:15:50.936+0100: 3.125: Total time for which application threads were stopped: 0.0090678 seconds
2015-03-20T11:15:50.936+0100: 3.126: [GC concurrent-mark-end, 0.0096582 secs]
2015-03-20T11:15:50.951+0100: 3.140: [GC remark, 0.0018014 secs]
2015-03-20T11:15:50.951+0100: 3.142: Total time for which application threads were stopped: 0.0162096 seconds
2015-03-20T11:15:50.951+0100: 3.147: [GC pause (G1 Humongous Allocation) (young) 962M->960M(1024M), 0.0005894 secs]
2015-03-20T11:15:50.951+0100: 3.148: Total time for which application threads were stopped: 0.0053775 seconds
2015-03-20T11:15:50.951+0100: 3.148: [Full GC (Allocation Failure)  960M->282K(1024M), 0.0045852 secs]
2015-03-20T11:15:50.967+0100: 3.152: Total time for which application threads were stopped: 0.0047152 seconds
2015-03-20T11:15:50.967+0100: 3.164: [GC cleanup, 0.0000215 secs]
2015-03-20T11:15:50.967+0100: 3.164: Total time for which application threads were stopped: 0.0119606 seconds
2015-03-20T11:15:50.967+0100: 3.164: [GC concurrent-mark-abort]
2015-03-20T11:15:50.998+0100: 3.181: [GC pause (G1 Humongous Allocation) (young) (initial-mark) 513M->512M(1024M), 0.0007052 secs]
2015-03-20T11:15:50.998+0100: 2015-03-20T11:15:50.998+0100: 3.182: [GC concurrent-root-region-scan-start]
3.182: Total time for which application threads were stopped: 0.0061843 seconds
2015-03-20T11:15:50.998+0100: 3.182: [GC concurrent-root-region-scan-end, 0.0000992 secs]
2015-03-20T11:15:50.998+0100: 3.182: [GC concurrent-mark-start]
2015-03-20T11:15:50.998+0100: 3.183: [GC concurrent-mark-end, 0.0007170 secs]
2015-03-20T11:15:51.014+0100: 3.197: [GC remark, 0.0012795 secs]
2015-03-20T11:15:51.014+0100: 3.198: Total time for which application threads were stopped: 0.0156769 seconds
2015-03-20T11:15:51.014+0100: 3.198: [GC cleanup 769M->449M(1024M), 0.0007360 secs]
2015-03-20T11:15:51.014+0100: 3.199: Total time for which application threads were stopped: 0.0007976 seconds
2015-03-20T11:15:51.014+0100: 3.199: [GC concurrent-cleanup-start]
2015-03-20T11:15:51.014+0100: 3.200: [GC concurrent-cleanup-end, 0.0002761 secs]
2015-03-20T11:15:51.045+0100: 3.230: [GC pause (G1 Humongous Allocation) (young) 962M->960M(1024M), 0.0006466 secs]
2015-03-20T11:15:51.045+0100: 3.231: Total time for which application threads were stopped: 0.0077165 seconds
2015-03-20T11:15:51.045+0100: 3.231: [Full GC (Allocation Failure)  960M->128M(1024M), 0.0044758 secs]
2015-03-20T11:15:51.045+0100: 3.236: Total time for which application threads were stopped: 0.0045974 seconds
2015-03-20T11:15:51.061+0100: 3.253: [GC pause (G1 Humongous Allocation) (young) (initial-mark) 449M->448M(1024M), 0.0006070 secs]
2015-03-20T11:15:51.061+01002015-03-20T11:15:51.061+0100: : 3.253: 3.253: [GC concurrent-root-region-scan-start]
Total time for which application threads were stopped: 0.0053457 seconds
2015-03-20T11:15:51.061+0100: 3.253: [GC concurrent-root-region-scan-end, 0.0000239 secs]
2015-03-20T11:15:51.061+0100: 3.253: [GC concurrent-mark-start]
2015-03-20T11:15:51.061+0100: 3.254: [GC concurrent-mark-end, 0.0007292 secs]
2015-03-20T11:15:51.076+0100: 3.266: [GC remark, 0.0019148 secs]
2015-03-20T11:15:51.076+0100: 3.267: Total time for which application threads were stopped: 0.0133065 seconds
2015-03-20T11:15:51.092+0100: 3.277: [GC cleanup 898M->642M(1024M), 0.0005899 secs]
2015-03-20T11:15:51.092+0100: 3.278: Total time for which application threads were stopped: 0.0103253 seconds
2015-03-20T11:15:51.092+0100: 3.278: [GC concurrent-cleanup-start]
2015-03-20T11:15:51.092+0100: 3.278: [GC concurrent-cleanup-end, 0.0002185 secs]
2015-03-20T11:15:51.108+0100: 3.297: [GC pause (G1 Humongous Allocation) (young) 962M->960M(1024M), 0.0006749 secs]
2015-03-20T11:15:51.108+0100: 3.297: Total time for which application threads were stopped: 0.0079066 seconds
2015-03-20T11:15:51.108+0100: 3.297: [Full GC (Allocation Failure)  960M->192M(1024M), 0.0043575 secs]
2015-03-20T11:15:51.108+0100: 3.302: Total time for which application threads were stopped: 0.0044753 seconds
2015-03-20T11:15:51.123+0100: 3.314: [GC pause (G1 Humongous Allocation) (young) (initial-mark) 450M->448M(1024M), 0.0007751 secs]
2015-03-20T11:15:51.123+0100: 2015-03-20T11:15:51.123+0100: 3.3153.315: : [GC concurrent-root-region-scan-start]
Total time for which application threads were stopped: 0.0010410 seconds
2015-03-20T11:15:51.123+0100: 3.315: [GC concurrent-root-region-scan-end, 0.0000230 secs]
2015-03-20T11:15:51.123+0100: 3.315: [GC concurrent-mark-start]
2015-03-20T11:15:51.123+0100: 3.315: [GC concurrent-mark-end, 0.0006241 secs]
2015-03-20T11:15:51.139+0100: 3.330: [GC remark, 0.0012233 secs]
2015-03-20T11:15:51.139+0100: 3.331: Total time for which application threads were stopped: 0.0157746 seconds
2015-03-20T11:15:51.155+0100: 3.337: [GC cleanup 834M->578M(1024M), 0.0006437 secs]
2015-03-20T11:15:51.155+0100: 3.338: Total time for which application threads were stopped: 0.0065885 seconds
2015-03-20T11:15:51.155+0100: 3.338: [GC concurrent-cleanup-start]
2015-03-20T11:15:51.155+0100: 3.338: [GC concurrent-cleanup-end, 0.0002116 secs]
2015-03-20T11:15:51.170+0100: 3.360: [GC pause (G1 Humongous Allocation) (young) 962M->960M(1024M), 0.0005796 secs]
2015-03-20T11:15:51.170+0100: 3.360: Total time for which application threads were stopped: 0.0045300 seconds
2015-03-20T11:15:51.170+0100: 3.360: [Full GC (Allocation Failure)  960M->192M(1024M), 0.0042294 secs]
2015-03-20T11:15:51.170+0100: 3.365: Total time for which application threads were stopped: 0.0043423 seconds
2015-03-20T11:15:51.186+0100: 3.379: [GC pause (G1 Humongous Allocation) (young) (initial-mark) 449M->448M(1024M), 0.0007238 secs]
2015-03-20T11:15:51.186+0100: 2015-03-20T11:15:51.186+0100: 3.380: [GC concurrent-root-region-scan-start]
3.380: Total time for which application threads were stopped: 0.0055475 seconds
2015-03-20T11:15:51.186+0100: 3.380: [GC concurrent-root-region-scan-end, 0.0000220 secs]
2015-03-20T11:15:51.186+0100: 3.380: [GC concurrent-mark-start]
2015-03-20T11:15:51.186+0100: 3.380: [GC concurrent-mark-end, 0.0004570 secs]
2015-03-20T11:15:51.201+0100: 3.395: [GC remark, 0.0020209 secs]
2015-03-20T11:15:51.201+0100: 3.397: Total time for which application threads were stopped: 0.0167530 seconds
2015-03-20T11:15:51.201+0100: 3.397: [GC cleanup 705M->449M(1024M), 0.0005615 secs]
2015-03-20T11:15:51.201+0100: 3.398: Total time for which application threads were stopped: 0.0006070 seconds
2015-03-20T11:15:51.201+0100: 3.398: [GC concurrent-cleanup-start]
2015-03-20T11:15:51.201+0100: 3.398: [GC concurrent-cleanup-end, 0.0002150 secs]
2015-03-20T11:15:51.233+0100: 3.425: [GC pause (G1 Humongous Allocation) (young) 962M->960M(1024M), 0.0007170 secs]
2015-03-20T11:15:51.233+0100: 3.426: Total time for which application threads were stopped: 0.0016064 seconds
2015-03-20T11:15:51.233+0100: 3.426: [Full GC (Allocation Failure)  960M->192M(1024M), 0.0043956 secs]
2015-03-20T11:15:51.248+0100: 3.430: Total time for which application threads were stopped: 0.0045163 seconds
2015-03-20T11:15:51.248+0100: 3.443: [GC pause (G1 Humongous Allocation) (young) (initial-mark) 450M->448M(1024M), 0.0010092 secs]
2015-03-20T11:15:51.248+0100: 3.444: Total time for which application threads were stopped: 0.0013025 seconds
2015-03-20T11:15:51.248+0100: 3.444: [GC concurrent-root-region-scan-start]
2015-03-20T11:15:51.248+0100: 3.444: [GC concurrent-root-region-scan-end, 0.0000616 secs]
2015-03-20T11:15:51.248+0100: 3.444: [GC concurrent-mark-start]
2015-03-20T11:15:51.248+0100: 3.445: [GC concurrent-mark-end, 0.0007492 secs]
2015-03-20T11:15:51.264+0100: 3.458: [GC remark, 0.0016978 secs]
2015-03-20T11:15:51.264+0100: 3.460: Total time for which application threads were stopped: 0.0153724 seconds
2015-03-20T11:15:51.280+0100: 3.471: [GC cleanup 898M->642M(1024M), 0.0011505 secs]
2015-03-20T11:15:51.280+0100: 3.473: Total time for which application threads were stopped: 0.0123301 seconds
2015-03-20T11:15:51.280+0100: 3.473: [GC concurrent-cleanup-start]
2015-03-20T11:15:51.280+0100: 3.473: [GC concurrent-cleanup-end, 0.0002150 secs]
2015-03-20T11:15:51.295+0100: 3.491: [GC pause (G1 Humongous Allocation) (young) 962M->960M(1024M), 0.0007214 secs]
2015-03-20T11:15:51.295+0100: 3.492: Total time for which application threads were stopped: 0.0057894 seconds
2015-03-20T11:15:51.295+0100: 3.492: [Full GC (Allocation Failure)  960M->192M(1024M), 0.0042793 secs]
2015-03-20T11:15:51.311+0100: 3.497: Total time for which application threads were stopped: 0.0044044 seconds
2015-03-20T11:15:51.326+0100: 3.509: [GC pause (G1 Humongous Allocation) (young) (initial-mark) 449M->448M(1024M), 0.0006471 secs]
2015-03-20T11:15:51.326+0100: 3.510: Total time for which application threads were stopped: 0.0009227 seconds
2015-03-20T11:15:51.326+0100: 3.510: [GC concurrent-root-region-scan-start]
2015-03-20T11:15:51.326+0100: 3.510: [GC concurrent-root-region-scan-end, 0.0000430 secs]
2015-03-20T11:15:51.326+0100: 3.510: [GC concurrent-mark-start]
2015-03-20T11:15:51.326+0100: 3.510: [GC concurrent-mark-end, 0.0006373 secs]
2015-03-20T11:15:51.342+0100: 3.524: [GC remark, 0.0012267 secs]
2015-03-20T11:15:51.342+0100: 3.526: Total time for which application threads were stopped: 0.0152683 seconds
2015-03-20T11:15:51.342+0100: 3.538: [GC cleanup 962M->706M(1024M), 0.0005391 secs]
2015-03-20T11:15:51.342+0100: 3.538: Total time for which application threads were stopped: 0.0124415 seconds
2015-03-20T11:15:51.342+0100: 3.538: [GC concurrent-cleanup-start]
2015-03-20T11:15:51.342+0100: 3.539: [GC concurrent-cleanup-end, 0.0002175 secs]
2015-03-20T11:15:51.373+0100: 3.556: [GC pause (G1 Humongous Allocation) (young) 962M->960M(1024M), 0.0005190 secs]
2015-03-20T11:15:51.373+0100: 3.556: Total time for which application threads were stopped: 0.0064052 seconds
2015-03-20T11:15:51.373+0100: 3.556: [Full GC (Allocation Failure)  960M->282K(1024M), 0.0045158 secs]
2015-03-20T11:15:51.373+0100: 3.561: Total time for which application threads were stopped: 0.0046458 seconds
2015-03-20T11:15:51.389+0100: 3.583: [GC pause (G1 Humongous Allocation) (young) (initial-mark) 450M->448M(1024M), 0.0004506 secs]
2015-03-20T11:15:51.389+0100: 3.583: Total time for which application threads were stopped: 0.0084843 seconds
2015-03-20T11:15:51.389+0100: 3.583: [GC concurrent-root-region-scan-start]
2015-03-20T11:15:51.389+0100: 3.583: [GC concurrent-root-region-scan-end, 0.0000450 secs]
2015-03-20T11:15:51.389+0100: 3.583: [GC concurrent-mark-start]
2015-03-20T11:15:51.389+0100: 3.584: [GC concurrent-mark-end, 0.0006358 secs]
2015-03-20T11:15:51.405+0100: 3.598: [GC remark, 0.0011681 secs]
2015-03-20T11:15:51.405+0100: 3.600: Total time for which application threads were stopped: 0.0157756 seconds
2015-03-20T11:15:51.420+0100: 3.609: [GC cleanup 898M->642M(1024M), 0.0004120 secs]
2015-03-20T11:15:51.420+0100: 3.609: Total time for which application threads were stopped: 0.0093493 seconds
2015-03-20T11:15:51.420+0100: 3.609: [GC concurrent-cleanup-start]
2015-03-20T11:15:51.420+0100: 3.609: [GC concurrent-cleanup-end, 0.0001970 secs]
2015-03-20T11:15:51.436+0100: 3.628: [GC pause (G1 Humongous Allocation) (young) 962M->960M(1024M), 0.0004291 secs]
2015-03-20T11:15:51.436+0100: 3.628: Total time for which application threads were stopped: 0.0068715 seconds
2015-03-20T11:15:51.436+0100: 3.628: [Full GC (Allocation Failure)  960M->192M(1024M), 0.0042588 secs]
2015-03-20T11:15:51.436+0100: 3.633: Total time for which application threads were stopped: 0.0043692 seconds
2015-03-20T11:15:51.451+0100: 3.645: [GC pause (G1 Humongous Allocation) (young) (initial-mark) 450M->448M(1024M), 0.0005171 secs]
2015-03-20T11:15:51.451+0100: 3.645: Total time for which application threads were stopped: 0.0007917 seconds
2015-03-20T11:15:51.451+0100: 3.645: [GC concurrent-root-region-scan-start]
2015-03-20T11:15:51.451+0100: 3.645: [GC concurrent-root-region-scan-end, 0.0000342 secs]
2015-03-20T11:15:51.451+0100: 3.645: [GC concurrent-mark-start]
2015-03-20T11:15:51.451+0100: 3.646: [GC concurrent-mark-end, 0.0006129 secs]
2015-03-20T11:15:51.467+0100: 3.661: [GC remark, 0.0013171 secs]
2015-03-20T11:15:51.467+0100: 3.662: Total time for which application threads were stopped: 0.0159154 seconds
2015-03-20T11:15:51.483+0100: 3.668: [GC cleanup 834M->578M(1024M), 0.0005347 secs]
2015-03-20T11:15:51.483+0100: 3.669: Total time for which application threads were stopped: 0.0064522 seconds
2015-03-20T11:15:51.483+0100: 3.669: [GC concurrent-cleanup-start]
2015-03-20T11:15:51.483+0100: 3.669: [GC concurrent-cleanup-end, 0.0001974 secs]
2015-03-20T11:15:51.498+0100: 3.693: [GC pause (G1 Humongous Allocation) (young) 962M->960M(1024M), 0.0005870 secs]
2015-03-20T11:15:51.498+0100: 3.694: Total time for which application threads were stopped: 0.0086485 seconds
2015-03-20T11:15:51.498+0100: 3.694: [Full GC (Allocation Failure)  960M->64M(1024M), 0.0045818 secs]
2015-03-20T11:15:51.514+0100: 3.698: Total time for which application threads were stopped: 0.0047304 seconds
2015-03-20T11:15:51.530+0100: 3.718: [GC pause (G1 Humongous Allocation) (young) (initial-mark) 449M->448M(1024M), 0.0006691 secs]
2015-03-20T11:15:51.530+0100: 2015-03-20T11:15:51.530+0100: 3.719: [GC concurrent-root-region-scan-start]
3.719: Total time for which application threads were stopped: 0.0030018 seconds
2015-03-20T11:15:51.530+0100: 3.719: [GC concurrent-root-region-scan-end, 0.0000283 secs]
2015-03-20T11:15:51.530+0100: 3.719: [GC concurrent-mark-start]
2015-03-20T11:15:51.530+0100: 3.720: [GC concurrent-mark-end, 0.0007346 secs]
2015-03-20T11:15:51.545+0100: 3.734: [GC remark, 0.0016739 secs]
2015-03-20T11:15:51.545+0100: 3.736: Total time for which application threads were stopped: 0.0160175 seconds
2015-03-20T11:15:51.545+0100: 3.741: [GC cleanup 770M->514M(1024M), 0.0004359 secs]
2015-03-20T11:15:51.545+0100: 3.741: Total time for which application threads were stopped: 0.0052352 seconds
2015-03-20T11:15:51.545+0100: 3.741: [GC concurrent-cleanup-start]
2015-03-20T11:15:51.545+0100: 3.741: [GC concurrent-cleanup-end, 0.0001965 secs]
2015-03-20T11:15:51.576+0100: 3.768: [GC pause (G1 Humongous Allocation) (young) 962M->960M(1024M), 0.0004848 secs]
2015-03-20T11:15:51.576+0100: 3.768: Total time for which application threads were stopped: 0.0044151 seconds
2015-03-20T11:15:51.576+0100: 3.768: [Full GC (Allocation Failure)  960M->282K(1024M), 0.0047177 secs]
2015-03-20T11:15:51.576+0100: 3.773: Total time for which application threads were stopped: 0.0048560 seconds
2015-03-20T11:15:51.608+0100: 3.797: [GC pause (G1 Humongous Allocation) (young) (initial-mark) 450M->448M(1024M), 0.0006300 secs]
2015-03-20T11:15:51.608+0100: 3.798: Total time for which application threads were stopped: 0.0056375 seconds
2015-03-20T11:15:51.608+0100: 3.798: [GC concurrent-root-region-scan-start]
2015-03-20T11:15:51.608+0100: 3.798: [GC concurrent-root-region-scan-end, 0.0000924 secs]
2015-03-20T11:15:51.608+0100: 3.798: [GC concurrent-mark-start]
2015-03-20T11:15:51.608+0100: 3.798: [GC concurrent-mark-end, 0.0007600 secs]
2015-03-20T11:15:51.623+0100: 3.811: [GC remark, 0.0011788 secs]
2015-03-20T11:15:51.623+0100: 3.813: Total time for which application threads were stopped: 0.0140347 seconds
2015-03-20T11:15:51.639+0100: 3.825: [GC cleanup 962M->706M(1024M), 0.0003167 secs]
2015-03-20T11:15:51.639+0100: 3.826: Total time for which application threads were stopped: 0.0128193 seconds
2015-03-20T11:15:51.639+0100: 3.826: [GC concurrent-cleanup-start]
2015-03-20T11:15:51.639+0100: 3.826: [GC concurrent-cleanup-end, 0.0001994 secs]
2015-03-20T11:15:51.655+0100: 3.841: [GC pause (G1 Humongous Allocation) (young) 962M->960M(1024M), 0.0004252 secs]
2015-03-20T11:15:51.655+0100: 3.841: Total time for which application threads were stopped: 0.0037783 seconds
2015-03-20T11:15:51.655+0100: 3.841: [Full GC (Allocation Failure)  960M->282K(1024M), 0.0045505 secs]
2015-03-20T11:15:51.655+0100: 3.846: Total time for which application threads were stopped: 0.0046795 seconds
2015-03-20T11:15:51.686+0100: 3.870: [GC pause (G1 Humongous Allocation) (young) (initial-mark) 450M->448M(1024M), 0.0004369 secs]
2015-03-20T11:15:51.686+0100: 2015-03-20T11:15:51.686+0100: 3.870: 3.870: [GC concurrent-root-region-scan-start]
Total time for which application threads were stopped: 0.0044005 seconds
2015-03-20T11:15:51.686+0100: 3.870: [GC concurrent-root-region-scan-end, 0.0000298 secs]
2015-03-20T11:15:51.686+0100: 3.870: [GC concurrent-mark-start]
2015-03-20T11:15:51.686+0100: 3.871: [GC concurrent-mark-end, 0.0008079 secs]
2015-03-20T11:15:51.686+0100: 3.883: [GC remark, 0.0016231 secs]
2015-03-20T11:15:51.701+0100: 3.884: Total time for which application threads were stopped: 0.0134927 seconds
2015-03-20T11:15:51.701+0100: 3.889: [GC cleanup 770M->514M(1024M), 0.0003255 secs]
2015-03-20T11:15:51.701+0100: 3.890: Total time for which application threads were stopped: 0.0050627 seconds
2015-03-20T11:15:51.701+0100: 3.890: [GC concurrent-cleanup-start]
2015-03-20T11:15:51.701+0100: 3.890: [GC concurrent-cleanup-end, 0.0002058 secs]
2015-03-20T11:15:51.717+0100: 3.914: [GC pause (G1 Humongous Allocation) (young) 962M->960M(1024M), 0.0003172 secs]
2015-03-20T11:15:51.717+0100: 3.914: Total time for which application threads were stopped: 0.0075430 seconds
2015-03-20T11:15:51.717+0100: 3.914: [Full GC (Allocation Failure)  960M->282K(1024M), 0.0044298 secs]
2015-03-20T11:15:51.733+0100: 3.919: Total time for which application threads were stopped: 0.0045574 seconds
2015-03-20T11:15:51.748+0100: 3.940: [GC pause (G1 Humongous Allocation) (young) (initial-mark) 450M->448M(1024M), 0.0003924 secs]
2015-03-20T11:15:51.748+0100: 2015-03-20T11:15:51.748+0100: 3.941: 3.941: [GC concurrent-root-region-scan-start]
Total time for which application threads were stopped: 0.0093366 seconds
2015-03-20T11:15:51.748+0100: 3.941: [GC concurrent-root-region-scan-end, 0.0000235 secs]
2015-03-20T11:15:51.748+0100: 3.941: [GC concurrent-mark-start]
2015-03-20T11:15:51.748+0100: 3.941: [GC concurrent-mark-end, 0.0006632 secs]
2015-03-20T11:15:51.764+0100: 3.954: [GC remark, 0.0010718 secs]
2015-03-20T11:15:51.764+0100: 3.955: Total time for which application threads were stopped: 0.0139878 seconds
2015-03-20T11:15:51.764+0100: 3.960: [GC cleanup 770M->514M(1024M), 0.0003226 secs]
2015-03-20T11:15:51.764+0100: 3.961: Total time for which application threads were stopped: 0.0051116 seconds
2015-03-20T11:15:51.764+0100: 3.961: [GC concurrent-cleanup-start]
2015-03-20T11:15:51.764+0100: 3.961: [GC concurrent-cleanup-end, 0.0002023 secs]
2015-03-20T11:15:51.795+0100: 3.986: [GC pause (G1 Humongous Allocation) (young) 962M->960M(1024M), 0.0003191 secs]
2015-03-20T11:15:51.795+0100: 3.986: Total time for which application threads were stopped: 0.0048208 seconds
2015-03-20T11:15:51.795+0100: 3.986: [Full GC (Allocation Failure)  960M->282K(1024M), 0.0044000 secs]
2015-03-20T11:15:51.795+0100: 3.991: Total time for which application threads were stopped: 0.0045163 seconds
2015-03-20T11:15:51.826+0100: 4.016: [GC pause (G1 Humongous Allocation) (young) (initial-mark) 514M->512M(1024M), 0.0005855 secs]
2015-03-20T11:15:51.826+0100: 4.016: Total time for which application threads were stopped: 0.0007981 seconds
2015-03-20T11:15:51.826+0100: 4.016: [GC concurrent-root-region-scan-start]
2015-03-20T11:15:51.826+0100: 4.016: [GC concurrent-root-region-scan-end, 0.0000415 secs]
2015-03-20T11:15:51.826+0100: 4.016: [GC concurrent-mark-start]
2015-03-20T11:15:51.826+0100: 4.017: [GC concurrent-mark-end, 0.0006798 secs]
2015-03-20T11:15:51.842+0100: 4.031: [GC remark, 0.0013054 secs]
2015-03-20T11:15:51.842+0100: 4.032: Total time for which application threads were stopped: 0.0152707 seconds
2015-03-20T11:15:51.842+0100: 4.038: [GC cleanup 897M->513M(1024M), 0.0006691 secs]
2015-03-20T11:15:51.842+0100: 4.039: Total time for which application threads were stopped: 0.0066007 seconds
2015-03-20T11:15:51.842+0100: 4.039: [GC concurrent-cleanup-start]
2015-03-20T11:15:51.842+0100: 4.039: [GC concurrent-cleanup-end, 0.0003304 secs]
2015-03-20T11:15:51.873+0100: 4.066: [GC pause (G1 Humongous Allocation) (young) 962M->960M(1024M), 0.0005146 secs]
2015-03-20T11:15:51.873+0100: 4.066: Total time for which application threads were stopped: 0.0065528 seconds
2015-03-20T11:15:51.873+0100: 4.066: [Full GC (Allocation Failure)  960M->192M(1024M), 0.0044718 secs]
2015-03-20T11:15:51.873+0100: 4.071: Total time for which application threads were stopped: 0.0045872 seconds
2015-03-20T11:15:51.889+0100: 4.084: [GC pause (G1 Humongous Allocation) (young) (initial-mark) 450M->448M(1024M), 0.0005215 secs]
2015-03-20T11:15:51.889+0100: 4.084: Total time for which application threads were stopped: 0.0018200 seconds
2015-03-20T11:15:51.889+0100: 4.084: [GC concurrent-root-region-scan-start]
2015-03-20T11:15:51.889+0100: 4.084: [GC concurrent-root-region-scan-end, 0.0000342 secs]
2015-03-20T11:15:51.889+0100: 4.084: [GC concurrent-mark-start]
2015-03-20T11:15:51.889+0100: 4.085: [GC concurrent-mark-end, 0.0007448 secs]
2015-03-20T11:15:51.905+0100: 4.099: [GC remark, 0.0018572 secs]
2015-03-20T11:15:51.905+0100: 4.101: Total time for which application threads were stopped: 0.0160678 seconds
2015-03-20T11:15:51.920+0100: 4.117: [GC cleanup 962M->706M(1024M), 0.0005005 secs]
2015-03-20T11:15:51.920+0100: 4.117: Total time for which application threads were stopped: 0.0157248 seconds
2015-03-20T11:15:51.920+0100: 4.117: [GC concurrent-cleanup-start]
2015-03-20T11:15:51.920+0100: 4.117: [GC concurrent-cleanup-end, 0.0002282 secs]
2015-03-20T11:15:51.936+0100: 4.133: Total time for which application threads were stopped: 0.0152189 seconds
2015-03-20T11:15:51.936+0100: 4.133: [GC pause (G1 Humongous Allocation) (young) 962M->960M(1024M), 0.0007722 secs]
2015-03-20T11:15:51.951+0100: 4.134: Total time for which application threads were stopped: 0.0008685 seconds
2015-03-20T11:15:51.951+0100: 4.134: [Full GC (Allocation Failure)  960M->282K(1024M), 0.0049816 secs]
2015-03-20T11:15:51.951+0100: 4.139: Total time for which application threads were stopped: 0.0051077 seconds
2015-03-20T11:15:51.983+0100: 4.165: [GC pause (G1 Humongous Allocation) (young) (initial-mark) 449M->448M(1024M), 0.0005308 secs]
2015-03-20T11:15:51.983+0100: 4.165: Total time for which application threads were stopped: 0.0049053 seconds
2015-03-20T11:15:51.983+0100: 4.165: [GC concurrent-root-region-scan-start]
2015-03-20T11:15:51.983+0100: 4.165: [GC concurrent-root-region-scan-end, 0.0000318 secs]
2015-03-20T11:15:51.983+0100: 4.165: [GC concurrent-mark-start]
2015-03-20T11:15:51.983+0100: 4.166: [GC concurrent-mark-end, 0.0008289 secs]
2015-03-20T11:15:51.983+0100: 4.178: [GC remark, 0.0017941 secs]
2015-03-20T11:15:51.998+0100: 4.180: Total time for which application threads were stopped: 0.0139419 seconds
2015-03-20T11:15:51.998+0100: 4.185: [GC cleanup 770M->514M(1024M), 0.0007849 secs]
2015-03-20T11:15:51.998+0100: 4.186: Total time for which application threads were stopped: 0.0056981 seconds
2015-03-20T11:15:51.998+0100: 4.186: [GC concurrent-cleanup-start]
2015-03-20T11:15:51.998+0100: 4.186: [GC concurrent-cleanup-end, 0.0002356 secs]
2015-03-20T11:15:52.030+0100: 4.213: [GC pause (G1 Humongous Allocation) (young) 962M->960M(1024M), 0.0004462 secs]
2015-03-20T11:15:52.030+0100: 4.213: Total time for which application threads were stopped: 0.0086079 seconds
2015-03-20T11:15:52.030+0100: 4.213: [Full GC (Allocation Failure)  960M->192M(1024M), 0.0043541 secs]
2015-03-20T11:15:52.030+0100: 4.218: Total time for which application threads were stopped: 0.0044816 seconds
2015-03-20T11:15:52.045+0100: 4.230: [GC pause (G1 Humongous Allocation) (young) (initial-mark) 450M->448M(1024M), 0.0007341 secs]
2015-03-20T11:15:52.045+0100: 4.231: Total time for which application threads were stopped: 0.0009472 seconds
2015-03-20T11:15:52.045+0100: 4.231: [GC concurrent-root-region-scan-start]
2015-03-20T11:15:52.045+0100: 4.231: [GC concurrent-root-region-scan-end, 0.0000626 secs]
2015-03-20T11:15:52.045+0100: 4.231: [GC concurrent-mark-start]
2015-03-20T11:15:52.045+0100: 4.231: [GC concurrent-mark-end, 0.0006568 secs]
2015-03-20T11:15:52.061+0100: 4.246: [GC remark, 0.0012937 secs]
2015-03-20T11:15:52.061+0100: 4.247: Total time for which application threads were stopped: 0.0156627 seconds
2015-03-20T11:15:52.061+0100: 4.253: [GC cleanup 834M->578M(1024M), 0.0006857 secs]
2015-03-20T11:15:52.061+0100: 4.254: Total time for which application threads were stopped: 0.0065592 seconds
2015-03-20T11:15:52.061+0100: 4.254: [GC concurrent-cleanup-start]
2015-03-20T11:15:52.061+0100: 4.254: [GC concurrent-cleanup-end, 0.0002170 secs]
2015-03-20T11:15:52.092+0100: 4.275: [GC pause (G1 Humongous Allocation) (young) 962M->960M(1024M), 0.0004413 secs]
2015-03-20T11:15:52.092+0100: 4.275: Total time for which application threads were stopped: 0.0011490 seconds
2015-03-20T11:15:52.092+0100: 4.275: [Full GC (Allocation Failure)  960M->128M(1024M), 0.0043536 secs]
2015-03-20T11:15:52.092+0100: 4.280: Total time for which application threads were stopped: 0.0045359 seconds
2015-03-20T11:15:52.108+0100: 4.297: [GC pause (G1 Humongous Allocation) (young) (initial-mark) 450M->448M(1024M), 0.0007961 secs]
2015-03-20T11:15:52.108+0100: 2015-03-20T11:15:52.108+01004.297: : Total time for which application threads were stopped: 0.0053217 seconds
4.297: [GC concurrent-root-region-scan-start]
2015-03-20T11:15:52.108+0100: 4.297: [GC concurrent-root-region-scan-end, 0.0000401 secs]
2015-03-20T11:15:52.108+0100: 4.297: [GC concurrent-mark-start]
2015-03-20T11:15:52.108+0100: 4.298: [GC concurrent-mark-end, 0.0006036 secs]
2015-03-20T11:15:52.123+0100: 4.310: [GC remark, 0.0018855 secs]
2015-03-20T11:15:52.123+0100: 4.312: Total time for which application threads were stopped: 0.0135294 seconds
2015-03-20T11:15:52.123+0100: 4.316: [GC cleanup 770M->514M(1024M), 0.0006827 secs]
2015-03-20T11:15:52.123+0100: 4.317: Total time for which application threads were stopped: 0.0055075 seconds
2015-03-20T11:15:52.123+0100: 4.317: [GC concurrent-cleanup-start]
2015-03-20T11:15:52.123+0100: 4.317: [GC concurrent-cleanup-end, 0.0001999 secs]
2015-03-20T11:15:52.155+0100: 4.343: [GC pause (G1 Humongous Allocation) (young) 962M->960M(1024M), 0.0006686 secs]
2015-03-20T11:15:52.155+0100: 4.343: Total time for which application threads were stopped: 0.0054131 seconds
2015-03-20T11:15:52.155+0100: 4.343: [Full GC (Allocation Failure)  960M->128M(1024M), 0.0043555 secs]
2015-03-20T11:15:52.155+0100: 4.348: Total time for which application threads were stopped: 0.0045065 seconds
2015-03-20T11:15:52.170+0100: 4.365: [GC pause (G1 Humongous Allocation) (young) (initial-mark) 450M->448M(1024M), 0.0006837 secs]
2015-03-20T11:15:52.170+0100: 2015-03-20T11:15:52.170+0100: 4.365: 4.365: Total time for which application threads were stopped: 0.0052734 seconds
[GC concurrent-root-region-scan-start]
2015-03-20T11:15:52.170+0100: 4.365: [GC concurrent-root-region-scan-end, 0.0000586 secs]
2015-03-20T11:15:52.170+0100: 4.365: [GC concurrent-mark-start]
2015-03-20T11:15:52.170+0100: 4.366: [GC concurrent-mark-end, 0.0007018 secs]
2015-03-20T11:15:52.186+0100: 4.380: [GC remark, 0.0013279 secs]
2015-03-20T11:15:52.186+0100: 4.381: Total time for which application threads were stopped: 0.0150640 seconds
2015-03-20T11:15:52.186+0100: 4.381: [GC cleanup 705M->449M(1024M), 0.0004941 secs]
2015-03-20T11:15:52.186+0100: 4.382: Total time for which application threads were stopped: 0.0005611 seconds
2015-03-20T11:15:52.186+0100: 4.382: [GC concurrent-cleanup-start]
2015-03-20T11:15:52.186+0100: 4.382: [GC concurrent-cleanup-end, 0.0001970 secs]
2015-03-20T11:15:52.217+0100: 4.409: [GC pause (G1 Humongous Allocation) (young) 962M->960M(1024M), 0.0005239 secs]
2015-03-20T11:15:52.217+0100: 4.409: Total time for which application threads were stopped: 0.0013098 seconds
2015-03-20T11:15:52.217+0100: 4.409: [Full GC (Allocation Failure)  960M->64M(1024M), 0.0043873 secs]
2015-03-20T11:15:52.217+0100: 4.414: Total time for which application threads were stopped: 0.0045100 seconds
2015-03-20T11:15:52.248+0100: 4.432: [GC pause (G1 Humongous Allocation) (young) (initial-mark) 449M->448M(1024M), 0.0005283 secs]
2015-03-20T11:15:52.248+01002015-03-20T11:15:52.248+0100: : 4.433: 4.433: [GC concurrent-root-region-scan-start]
Total time for which application threads were stopped: 0.0010561 seconds
2015-03-20T11:15:52.248+0100: 4.433: [GC concurrent-root-region-scan-end, 0.0000239 secs]
2015-03-20T11:15:52.248+0100: 4.433: [GC concurrent-mark-start]
2015-03-20T11:15:52.248+0100: 4.434: [GC concurrent-mark-end, 0.0006798 secs]
2015-03-20T11:15:52.248+0100: 4.445: [GC remark, 0.0012604 secs]
2015-03-20T11:15:52.264+0100: 4.446: Total time for which application threads were stopped: 0.0126834 seconds
2015-03-20T11:15:52.264+0100: 4.459: [GC cleanup 962M->706M(1024M), 0.0004877 secs]
2015-03-20T11:15:52.264+0100: 4.459: Total time for which application threads were stopped: 0.0124117 seconds
2015-03-20T11:15:52.264+0100: 4.459: [GC concurrent-cleanup-start]
2015-03-20T11:15:52.264+0100: 4.459: [GC concurrent-cleanup-end, 0.0002102 secs]
2015-03-20T11:15:52.280+0100: 4.474: [GC pause (G1 Humongous Allocation) (young) 962M->960M(1024M), 0.0003959 secs]
2015-03-20T11:15:52.280+0100: 4.474: Total time for which application threads were stopped: 0.0010845 seconds
2015-03-20T11:15:52.280+0100: 4.474: [Full GC (Allocation Failure)  960M->192M(1024M), 0.0043130 secs]
2015-03-20T11:15:52.295+0100: 4.479: Total time for which application threads were stopped: 0.0044283 seconds
2015-03-20T11:15:52.295+0100: 4.491: [GC pause (G1 Humongous Allocation) (young) (initial-mark) 449M->448M(1024M), 0.0004667 secs]
2015-03-20T11:15:52.295+0100: 2015-03-20T11:15:52.295+0100: 4.492: 4.492: [GC concurrent-root-region-scan-start]
Total time for which application threads were stopped: 0.0006168 seconds
2015-03-20T11:15:52.295+0100: 4.492: [GC concurrent-root-region-scan-end, 0.0000606 secs]
2015-03-20T11:15:52.295+0100: 4.492: [GC concurrent-mark-start]
2015-03-20T11:15:52.295+0100: 4.492: [GC concurrent-mark-end, 0.0004584 secs]
2015-03-20T11:15:52.311+0100: 4.506: [GC remark, 0.0022198 secs]
2015-03-20T11:15:52.326+0100: 4.509: Total time for which application threads were stopped: 0.0166753 seconds
2015-03-20T11:15:52.326+0100: 4.521: [GC cleanup 962M->706M(1024M), 0.0006505 secs]
2015-03-20T11:15:52.326+0100: 4.522: Total time for which application threads were stopped: 0.0127675 seconds
2015-03-20T11:15:52.326+0100: 4.522: [GC concurrent-cleanup-start]
2015-03-20T11:15:52.326+0100: 4.522: [GC concurrent-cleanup-end, 0.0002214 secs]
2015-03-20T11:15:52.342+0100: 4.539: [GC pause (G1 Humongous Allocation) (young) 962M->960M(1024M), 0.0005874 secs]
2015-03-20T11:15:52.358+0100: 4.540: Total time for which application threads were stopped: 0.0066071 seconds
2015-03-20T11:15:52.358+0100: 4.540: [Full GC (Allocation Failure)  960M->282K(1024M), 0.0045632 secs]
2015-03-20T11:15:52.358+0100: 4.544: Total time for which application threads were stopped: 0.0047050 seconds
2015-03-20T11:15:52.373+0100: 4.566: [GC pause (G1 Humongous Allocation) (young) (initial-mark) 449M->448M(1024M), 0.0005625 secs]
2015-03-20T11:15:52.373+0100: 4.567: Total time for which application threads were stopped: 0.0089114 seconds
2015-03-20T11:15:52.373+0100: 4.567: [GC concurrent-root-region-scan-start]
2015-03-20T11:15:52.373+0100: 4.567: [GC concurrent-root-region-scan-end, 0.0000474 secs]
2015-03-20T11:15:52.373+0100: 4.567: [GC concurrent-mark-start]
2015-03-20T11:15:52.373+0100: 4.567: [GC concurrent-mark-end, 0.0006241 secs]
2015-03-20T11:15:52.389+0100: 4.580: [GC remark, 0.0011988 secs]
2015-03-20T11:15:52.389+0100: 4.581: Total time for which application threads were stopped: 0.0141990 seconds
2015-03-20T11:15:52.405+0100: 4.595: [GC cleanup 962M->706M(1024M), 0.0005518 secs]
2015-03-20T11:15:52.405+0100: 4.596: Total time for which application threads were stopped: 0.0141906 seconds
2015-03-20T11:15:52.405+0100: 4.596: [GC concurrent-cleanup-start]
2015-03-20T11:15:52.405+0100: 4.596: [GC concurrent-cleanup-end, 0.0002102 secs]
2015-03-20T11:15:52.420+0100: 4.613: [GC pause (G1 Humongous Allocation) (young) 962M->960M(1024M), 0.0006182 secs]
2015-03-20T11:15:52.420+0100: 4.614: Total time for which application threads were stopped: 0.0064316 seconds
2015-03-20T11:15:52.420+0100: 4.614: [GC pause (G1 Humongous Allocation) (young) 960M->960M(1024M), 0.0002913 secs]
2015-03-20T11:15:52.420+0100: 4.614: Total time for which application threads were stopped: 0.0003573 seconds
2015-03-20T11:15:52.420+0100: 4.614: [Full GC (Allocation Failure)  960M->282K(1024M), 0.0047563 secs]
2015-03-20T11:15:52.436+0100: 4.619: Total time for which application threads were stopped: 0.0048770 seconds
2015-03-20T11:15:52.436+0100: 4.624: Total time for which application threads were stopped: 0.0047011 seconds
2015-03-20T11:15:52.451+0100: 4.642: [GC pause (G1 Humongous Allocation) (young) (initial-mark) 449M->448M(1024M), 0.0009667 secs]
2015-03-20T11:15:52.451+0100: 4.643: Total time for which application threads were stopped: 0.0068837 seconds
2015-03-20T11:15:52.451+0100: 4.643: [GC concurrent-root-region-scan-start]
2015-03-20T11:15:52.451+0100: 4.643: [GC concurrent-root-region-scan-end, 0.0000459 secs]
2015-03-20T11:15:52.451+0100: 4.643: [GC concurrent-mark-start]
2015-03-20T11:15:52.451+0100: 4.644: [GC concurrent-mark-end, 0.0006999 secs]
2015-03-20T11:15:52.467+0100: 4.655: [GC remark, 0.0015194 secs]
2015-03-20T11:15:52.467+0100: 4.657: Total time for which application threads were stopped: 0.0129635 seconds
2015-03-20T11:15:52.467+0100: 4.663: [GC cleanup 834M->578M(1024M), 0.0009472 secs]
2015-03-20T11:15:52.467+0100: 4.664: Total time for which application threads were stopped: 0.0068578 seconds
2015-03-20T11:15:52.467+0100: 4.664: [GC concurrent-cleanup-start]
2015-03-20T11:15:52.467+0100: 4.664: [GC concurrent-cleanup-end, 0.0001974 secs]
2015-03-20T11:15:52.498+0100: 4.686: [GC pause (G1 Humongous Allocation) (young) 962M->960M(1024M), 0.0004995 secs]
2015-03-20T11:15:52.498+0100: 4.686: Total time for which application threads were stopped: 0.0023151 seconds
2015-03-20T11:15:52.498+0100: 4.687: [Full GC (Allocation Failure)  960M->128M(1024M), 0.0048008 secs]
2015-03-20T11:15:52.498+0100: 4.691: Total time for which application threads were stopped: 0.0049464 seconds
2015-03-20T11:15:52.521+0100: 4.710: [GC pause (G1 Humongous Allocation) (young) (initial-mark) 514M->512M(1024M), 0.0011290 secs]
2015-03-20T11:15:52.521+0100: 4.711: Total time for which application threads were stopped: 0.0071457 seconds
2015-03-20T11:15:52.521+0100: 4.711: [GC concurrent-root-region-scan-start]
2015-03-20T11:15:52.521+0100: 4.711: [GC concurrent-root-region-scan-end, 0.0000797 secs]
2015-03-20T11:15:52.521+0100: 4.711: [GC concurrent-mark-start]
2015-03-20T11:15:52.521+0100: 4.712: [GC concurrent-mark-end, 0.0006568 secs]
2015-03-20T11:15:52.536+0100: 4.724: [GC remark, 0.0022501 secs]
2015-03-20T11:15:52.536+0100: 4.726: Total time for which application threads were stopped: 0.0142004 seconds
2015-03-20T11:15:52.552+0100: 4.735: [GC pause (G1 Humongous Allocation) (young) 962M->960M(1024M), 0.0007497 secs]
2015-03-20T11:15:52.552+0100: 4.736: Total time for which application threads were stopped: 0.0097457 seconds
2015-03-20T11:15:52.552+0100: 4.736: [GC cleanup 960M->640M(1024M), 0.0004056 secs]
2015-03-20T11:15:52.552+0100: 4.736: Total time for which application threads were stopped: 0.0004711 seconds
2015-03-20T11:15:52.552+0100: 4.736: [GC concurrent-cleanup-start]
2015-03-20T11:15:52.552+0100: 4.737: [GC concurrent-cleanup-end, 0.0002678 secs]
2015-03-20T11:15:52.568+0100: 4.756: [GC pause (G1 Humongous Allocation) (young) 962M->960M(1024M), 0.0005679 secs]
2015-03-20T11:15:52.568+0100: 4.757: Total time for which application threads were stopped: 0.0059713 seconds
2015-03-20T11:15:52.568+0100: 4.757: [Full GC (Allocation Failure)  961M->282K(1024M), 0.0046795 secs]
2015-03-20T11:15:52.568+0100: 4.762: Total time for which application threads were stopped: 0.0048262 seconds
2015-03-20T11:15:52.583+0100: 4.768: [GC pause (G1 Humongous Allocation) (young) (initial-mark) 128M->128M(1024M), 0.0006529 secs]
2015-03-20T11:15:52.583+0100: 2015-03-20T11:15:52.583+0100: 4.769: 4.769[GC concurrent-root-region-scan-start]
: 2015-03-20T11:15:52.583+0100: Total time for which application threads were stopped: 0.0066853 seconds
4.769: [GC concurrent-root-region-scan-end, 0.0000083 secs]
2015-03-20T11:15:52.583+0100: 4.769: [GC concurrent-mark-start]
2015-03-20T11:15:52.583+0100: 4.769: [GC concurrent-mark-end, 0.0004315 secs]
2015-03-20T11:15:52.599+0100: 4.782: [GC remark, 0.0013186 secs]
2015-03-20T11:15:52.599+0100: 4.783: Total time for which application threads were stopped: 0.0141545 seconds
2015-03-20T11:15:52.599+0100: 4.783: [GC cleanup 385M->385M(1024M), 0.0005180 secs]
2015-03-20T11:15:52.599+0100: 4.784: Total time for which application threads were stopped: 0.0005835 seconds
2015-03-20T11:15:52.630+0100: 4.815: [GC pause (G1 Humongous Allocation) (young) 962M->960M(1024M), 0.0004159 secs]
2015-03-20T11:15:52.630+0100: 4.816: Total time for which application threads were stopped: 0.0046224 seconds
2015-03-20T11:15:52.630+0100: 4.816: [Full GC (Allocation Failure)  961M->282K(1024M), 0.0045500 secs]
2015-03-20T11:15:52.630+0100: 4.820: Total time for which application threads were stopped: 0.0046874 seconds
2015-03-20T11:15:52.630+0100: 4.825: [GC pause (G1 Humongous Allocation) (young) (initial-mark) 64M->64M(1024M), 0.0004921 secs]
2015-03-20T11:15:52.630+0100: 2015-03-20T11:15:52.630+0100: 4.826: 4.826: [GC concurrent-root-region-scan-start]
Total time for which application threads were stopped: 0.0052778 seconds
2015-03-20T11:15:52.630+0100: 4.826: [GC concurrent-root-region-scan-end, 0.0000078 secs]
2015-03-20T11:15:52.630+0100: 4.826: [GC concurrent-mark-start]
2015-03-20T11:15:52.630+0100: 4.826: [GC concurrent-mark-end, 0.0005777 secs]
2015-03-20T11:15:52.646+0100: 4.838: [GC remark, 0.0011940 secs]
2015-03-20T11:15:52.646+0100: 4.839: Total time for which application threads were stopped: 0.0128980 seconds
2015-03-20T11:15:52.661+0100: 4.844: [GC cleanup 385M->385M(1024M), 0.0005249 secs]
2015-03-20T11:15:52.661+0100: 4.845: Total time for which application threads were stopped: 0.0052567 seconds
2015-03-20T11:15:52.693+0100: 4.875: [GC pause (G1 Humongous Allocation) (young) 961M->960M(1024M), 0.0009550 secs]
2015-03-20T11:15:52.693+0100: 4.876: Total time for which application threads were stopped: 0.0092135 seconds
2015-03-20T11:15:52.693+0100: 4.876: [Full GC (Allocation Failure)  960M->282K(1024M), 0.0048120 secs]
2015-03-20T11:15:52.693+0100: 4.881: Total time for which application threads were stopped: 0.0049513 seconds
2015-03-20T11:15:52.708+0100: 4.902: [GC pause (G1 Humongous Allocation) (young) (initial-mark) 450M->448M(1024M), 0.0007409 secs]
2015-03-20T11:15:52.708+0100: 2015-03-20T11:15:52.708+0100: 4.903: [GC concurrent-root-region-scan-start]
4.903: Total time for which application threads were stopped: 0.0097124 seconds
2015-03-20T11:15:52.708+0100: 4.903: [GC concurrent-root-region-scan-end, 0.0000244 secs]
2015-03-20T11:15:52.708+0100: 4.903: [GC concurrent-mark-start]
2015-03-20T11:15:52.708+0100: 4.903: [GC concurrent-mark-end, 0.0006754 secs]
2015-03-20T11:15:52.724+0100: 4.915: [GC remark, 0.0018997 secs]
2015-03-20T11:15:52.724+0100: 4.917: Total time for which application threads were stopped: 0.0133750 seconds
2015-03-20T11:15:52.739+0100: 4.931: [GC cleanup 962M->706M(1024M), 0.0004672 secs]
2015-03-20T11:15:52.739+0100: 4.931: Total time for which application threads were stopped: 0.0143187 seconds
2015-03-20T11:15:52.739+0100: 4.931: [GC concurrent-cleanup-start]
2015-03-20T11:15:52.739+0100: 4.932: [GC concurrent-cleanup-end, 0.0002028 secs]
2015-03-20T11:15:52.755+0100: 4.947: [GC pause (G1 Humongous Allocation) (young) 962M->960M(1024M), 0.0004227 secs]
2015-03-20T11:15:52.755+0100: 4.948: Total time for which application threads were stopped: 0.0032813 seconds
2015-03-20T11:15:52.755+0100: 4.948: [Full GC (Allocation Failure)  960M->192M(1024M), 0.0043203 secs]
2015-03-20T11:15:52.755+0100: 4.952: Total time for which application threads were stopped: 0.0044367 seconds
2015-03-20T11:15:52.771+0100: 4.965: [GC pause (G1 Humongous Allocation) (young) (initial-mark) 450M->448M(1024M), 0.0005053 secs]
2015-03-20T11:15:52.771+01002015-03-20T11:15:52.771+0100: : 4.965: 4.965: [GC concurrent-root-region-scan-start]
Total time for which application threads were stopped: 0.0006417 seconds
2015-03-20T11:15:52.771+0100: 4.965: [GC concurrent-root-region-scan-end, 0.0000406 secs]
2015-03-20T11:15:52.771+0100: 4.965: [GC concurrent-mark-start]
2015-03-20T11:15:52.771+0100: 4.966: [GC concurrent-mark-end, 0.0004467 secs]
2015-03-20T11:15:52.786+0100: 4.979: [GC remark, 0.0013230 secs]
2015-03-20T11:15:52.786+0100: 4.980: Total time for which application threads were stopped: 0.0147219 seconds
2015-03-20T11:15:52.786+0100: 4.980: [GC cleanup 705M->385M(1024M), 0.0006114 secs]
2015-03-20T11:15:52.786+0100: 4.981: Total time for which application threads were stopped: 0.0006764 seconds
2015-03-20T11:15:52.786+0100: 4.981: [GC concurrent-cleanup-start]
2015-03-20T11:15:52.786+0100: 4.981: [GC concurrent-cleanup-end, 0.0002742 secs]
2015-03-20T11:15:52.818+0100: 5.012: [GC pause (G1 Humongous Allocation) (young) 962M->960M(1024M), 0.0004628 secs]
2015-03-20T11:15:52.818+0100: 5.012: Total time for which application threads were stopped: 0.0083196 seconds
2015-03-20T11:15:52.818+0100: 5.012: [Full GC (Allocation Failure)  960M->282K(1024M), 0.0046312 secs]
2015-03-20T11:15:52.833+0100: 5.017: Total time for which application threads were stopped: 0.0047587 seconds
2015-03-20T11:15:52.849+0100: 5.039: [GC pause (G1 Humongous Allocation) (young) (initial-mark) 450M->448M(1024M), 0.0005733 secs]
2015-03-20T11:15:52.849+0100: 2015-03-20T11:15:52.849+0100: 5.039: 5.039: [GC concurrent-root-region-scan-start]
Total time for which application threads were stopped: 0.0097134 seconds
2015-03-20T11:15:52.849+0100: 5.039: [GC concurrent-root-region-scan-end, 0.0000254 secs]
2015-03-20T11:15:52.849+0100: 5.039: [GC concurrent-mark-start]
2015-03-20T11:15:52.849+0100: 5.040: [GC concurrent-mark-end, 0.0007052 secs]
2015-03-20T11:15:52.864+0100: 5.053: [GC remark, 0.0011798 secs]
2015-03-20T11:15:52.864+0100: 5.054: Total time for which application threads were stopped: 0.0140993 seconds
2015-03-20T11:15:52.880+0100: 5.063: [GC cleanup 898M->642M(1024M), 0.0004931 secs]
2015-03-20T11:15:52.880+0100: 5.064: Total time for which application threads were stopped: 0.0094383 seconds
2015-03-20T11:15:52.880+0100: 5.064: [GC concurrent-cleanup-start]
2015-03-20T11:15:52.880+0100: 5.064: [GC concurrent-cleanup-end, 0.0002048 secs]
2015-03-20T11:15:52.896+0100: 5.083: [GC pause (G1 Humongous Allocation) (young) 962M->960M(1024M), 0.0004785 secs]
2015-03-20T11:15:52.896+0100: 5.083: Total time for which application threads were stopped: 0.0055255 seconds
2015-03-20T11:15:52.896+0100: 5.084: [Full GC (Allocation Failure)  960M->282K(1024M), 0.0044440 secs]
2015-03-20T11:15:52.896+0100: 5.088: Total time for which application threads were stopped: 0.0045686 seconds
2015-03-20T11:15:52.927+0100: 5.111: [GC pause (G1 Humongous Allocation) (young) (initial-mark) 449M->448M(1024M), 0.0005826 secs]
2015-03-20T11:15:52.927+0100: 2015-03-20T11:15:52.927+0100: 5.1125.112: : [GC concurrent-root-region-scan-start]
Total time for which application threads were stopped: 0.0107622 seconds
2015-03-20T11:15:52.927+0100: 5.112: [GC concurrent-root-region-scan-end, 0.0000259 secs]
2015-03-20T11:15:52.927+0100: 5.112: [GC concurrent-mark-start]
2015-03-20T11:15:52.927+0100: 5.112: [GC concurrent-mark-end, 0.0004667 secs]
2015-03-20T11:15:52.943+0100: 5.127: [GC remark, 0.0011607 secs]
2015-03-20T11:15:52.943+0100: 5.128: Total time for which application threads were stopped: 0.0157331 seconds
2015-03-20T11:15:52.943+0100: 5.133: [GC cleanup 770M->514M(1024M), 0.0004521 secs]
2015-03-20T11:15:52.943+0100: 5.133: Total time for which application threads were stopped: 0.0052098 seconds
2015-03-20T11:15:52.943+0100: 5.133: [GC concurrent-cleanup-start]
2015-03-20T11:15:52.943+0100: 5.133: [GC concurrent-cleanup-end, 0.0002058 secs]
2015-03-20T11:15:52.974+0100: 5.158: [GC pause (G1 Humongous Allocation) (young) 962M->960M(1024M), 0.0008215 secs]
2015-03-20T11:15:52.974+0100: 5.159: Total time for which application threads were stopped: 0.0057469 seconds
2015-03-20T11:15:52.974+0100: 5.159: [Full GC (Allocation Failure)  960M->192M(1024M), 0.0043922 secs]
2015-03-20T11:15:52.974+0100: 5.164: Total time for which application threads were stopped: 0.0045192 seconds
2015-03-20T11:15:52.990+0100: 5.177: [GC pause (G1 Humongous Allocation) (young) (initial-mark) 449M->448M(1024M), 0.0007204 secs]
2015-03-20T11:15:52.990+0100: 5.178: Total time for which application threads were stopped: 0.0027374 seconds
2015-03-20T11:15:52.990+0100: 5.178: [GC concurrent-root-region-scan-start]
2015-03-20T11:15:52.990+0100: 5.178: [GC concurrent-root-region-scan-end, 0.0000411 secs]
2015-03-20T11:15:52.990+0100: 5.178: [GC concurrent-mark-start]
2015-03-20T11:15:52.990+0100: 5.182: Total time for which application threads were stopped: 0.0047118 seconds
2015-03-20T11:15:52.990+0100: 5.183: [GC concurrent-mark-end, 0.0053198 secs]
2015-03-20T11:15:53.005+0100: 5.196: [GC remark, 0.0012194 secs]
2015-03-20T11:15:53.005+0100: 5.198: Total time for which application threads were stopped: 0.0145762 seconds
2015-03-20T11:15:53.021+0100: 5.208: [GC cleanup 962M->642M(1024M), 0.0006226 secs]
2015-03-20T11:15:53.021+0100: 5.209: Total time for which application threads were stopped: 0.0109211 seconds
2015-03-20T11:15:53.021+0100: 5.209: [GC concurrent-cleanup-start]
2015-03-20T11:15:53.021+0100: 5.209: [GC concurrent-cleanup-end, 0.0002742 secs]
2015-03-20T11:15:53.036+0100: 5.228: [GC pause (G1 Humongous Allocation) (young) 962M->960M(1024M), 0.0006432 secs]
2015-03-20T11:15:53.036+0100: 5.228: Total time for which application threads were stopped: 0.0072693 seconds
2015-03-20T11:15:53.036+0100: 5.228: [Full GC (Allocation Failure)  960M->192M(1024M), 0.0042768 secs]
2015-03-20T11:15:53.036+0100: 5.233: Total time for which application threads were stopped: 0.0043873 seconds
2015-03-20T11:15:53.052+0100: 5.247: [GC pause (G1 Humongous Allocation) (young) (initial-mark) 449M->448M(1024M), 0.0006148 secs]
2015-03-20T11:15:53.052+0100: 5.248: Total time for which application threads were stopped: 0.0058056 seconds
2015-03-20T11:15:53.052+0100: 5.248: [GC concurrent-root-region-scan-start]
2015-03-20T11:15:53.052+0100: 5.248: [GC concurrent-root-region-scan-end, 0.0000381 secs]
2015-03-20T11:15:53.052+0100: 5.248: [GC concurrent-mark-start]
2015-03-20T11:15:53.052+0100: 5.249: [GC concurrent-mark-end, 0.0006373 secs]
2015-03-20T11:15:53.068+0100: 5.262: [GC remark, 0.0023586 secs]
2015-03-20T11:15:53.068+0100: 5.265: Total time for which application threads were stopped: 0.0160287 seconds
2015-03-20T11:15:53.068+0100: 5.265: [GC cleanup 705M->449M(1024M), 0.0006661 secs]
2015-03-20T11:15:53.083+0100: 5.265: Total time for which application threads were stopped: 0.0007087 seconds
2015-03-20T11:15:53.083+0100: 5.265: [GC concurrent-cleanup-start]
2015-03-20T11:15:53.083+0100: 5.266: [GC concurrent-cleanup-end, 0.0002150 secs]
2015-03-20T11:15:53.099+0100: 5.294: [GC pause (G1 Humongous Allocation) (young) 962M->960M(1024M), 0.0005801 secs]
2015-03-20T11:15:53.099+0100: 5.294: Total time for which application threads were stopped: 0.0011387 seconds
2015-03-20T11:15:53.099+0100: 5.295: [Full GC (Allocation Failure)  960M->282K(1024M), 0.0049469 secs]
2015-03-20T11:15:53.115+0100: 5.300: Total time for which application threads were stopped: 0.0050808 seconds
2015-03-20T11:15:53.130+0100: 5.323: [GC pause (G1 Humongous Allocation) (young) (initial-mark) 449M->448M(1024M), 0.0006950 secs]
2015-03-20T11:15:53.130+0100: 2015-03-20T11:15:53.130+0100: 5.3245.324: : [GC concurrent-root-region-scan-start]
Total time for which application threads were stopped: 0.0060578 seconds
2015-03-20T11:15:53.130+0100: 5.324: [GC concurrent-root-region-scan-end, 0.0000411 secs]
2015-03-20T11:15:53.130+0100: 5.324: [GC concurrent-mark-start]
2015-03-20T11:15:53.130+0100: 5.324: [GC concurrent-mark-end, 0.0008137 secs]
2015-03-20T11:15:53.146+0100: 5.337: [GC remark, 0.0011778 secs]
2015-03-20T11:15:53.146+0100: 5.338: Total time for which application threads were stopped: 0.0134473 seconds
2015-03-20T11:15:53.146+0100: 5.338: [GC cleanup 706M->450M(1024M), 0.0004829 secs]
2015-03-20T11:15:53.146+0100: 5.339: Total time for which application threads were stopped: 0.0005630 seconds
2015-03-20T11:15:53.146+0100: 5.339: [GC concurrent-cleanup-start]
2015-03-20T11:15:53.146+0100: 5.339: [GC concurrent-cleanup-end, 0.0002092 secs]
2015-03-20T11:15:53.177+0100: 5.367: [GC pause (G1 Humongous Allocation) (young) 962M->960M(1024M), 0.0004032 secs]
2015-03-20T11:15:53.177+0100: 5.367: Total time for which application threads were stopped: 0.0059923 seconds
2015-03-20T11:15:53.177+0100: 5.367: [Full GC (Allocation Failure)  960M->192M(1024M), 0.0044323 secs]
2015-03-20T11:15:53.177+0100: 5.372: Total time for which application threads were stopped: 0.0045476 seconds
2015-03-20T11:15:53.193+0100: 5.386: [GC pause (G1 Humongous Allocation) (young) (initial-mark) 449M->448M(1024M), 0.0005972 secs]
2015-03-20T11:15:53.193+0100: 5.386: Total time for which application threads were stopped: 0.0040061 seconds
2015-03-20T11:15:53.193+0100: 5.386: [GC concurrent-root-region-scan-start]
2015-03-20T11:15:53.193+0100: 5.386: [GC concurrent-root-region-scan-end, 0.0000318 secs]
2015-03-20T11:15:53.193+0100: 5.386: [GC concurrent-mark-start]
2015-03-20T11:15:53.193+0100: 5.387: [GC concurrent-mark-end, 0.0007732 secs]
2015-03-20T11:15:53.208+0100: 5.401: [GC remark, 0.0017980 secs]
2015-03-20T11:15:53.208+0100: 5.403: Total time for which application threads were stopped: 0.0158113 seconds
2015-03-20T11:15:53.208+0100: 5.403: [GC cleanup 705M->449M(1024M), 0.0004403 secs]
2015-03-20T11:15:53.208+0100: 5.404: Total time for which application threads were stopped: 0.0004858 seconds
2015-03-20T11:15:53.208+0100: 5.404: [GC concurrent-cleanup-start]
2015-03-20T11:15:53.208+0100: 5.404: [GC concurrent-cleanup-end, 0.0002214 secs]
2015-03-20T11:15:53.240+0100: 5.432: [GC pause (G1 Humongous Allocation) (young) 962M->960M(1024M), 0.0005034 secs]
2015-03-20T11:15:53.240+0100: 5.432: Total time for which application threads were stopped: 0.0062391 seconds
2015-03-20T11:15:53.240+0100: 5.432: [Full GC (Allocation Failure)  960M->282K(1024M), 0.0046986 secs]
2015-03-20T11:15:53.240+0100: 5.437: Total time for which application threads were stopped: 0.0048208 seconds
2015-03-20T11:15:53.271+0100: 5.459: [GC pause (G1 Humongous Allocation) (young) (initial-mark) 450M->448M(1024M), 0.0004956 secs]
2015-03-20T11:15:53.271+0100: 5.460: Total time for which application threads were stopped: 0.0080537 seconds
2015-03-20T11:15:53.271+0100: 5.460: [GC concurrent-root-region-scan-start]
2015-03-20T11:15:53.271+0100: 5.460: [GC concurrent-root-region-scan-end, 0.0000357 secs]
2015-03-20T11:15:53.271+0100: 5.460: [GC concurrent-mark-start]
2015-03-20T11:15:53.271+0100: 5.460: [GC concurrent-mark-end, 0.0007526 secs]
2015-03-20T11:15:53.286+0100: 5.475: [GC remark, 0.0012370 secs]
2015-03-20T11:15:53.286+0100: 5.476: Total time for which application threads were stopped: 0.0160551 seconds
2015-03-20T11:15:53.302+0100: 5.490: [GC cleanup 962M->706M(1024M), 0.0003499 secs]
2015-03-20T11:15:53.302+0100: 5.490: Total time for which application threads were stopped: 0.0135245 seconds
2015-03-20T11:15:53.302+0100: 5.490: [GC concurrent-cleanup-start]
2015-03-20T11:15:53.302+0100: 5.490: [GC concurrent-cleanup-end, 0.0002116 secs]
2015-03-20T11:15:53.318+0100: 5.505: [GC pause (G1 Humongous Allocation) (young) 962M->960M(1024M), 0.0004921 secs]
2015-03-20T11:15:53.318+0100: 5.506: Total time for which application threads were stopped: 0.0042377 seconds
2015-03-20T11:15:53.318+0100: 5.506: [Full GC (Allocation Failure)  960M->192M(1024M), 0.0042983 secs]
2015-03-20T11:15:53.318+0100: 5.510: Total time for which application threads were stopped: 0.0044142 seconds
2015-03-20T11:15:53.333+0100: 5.525: [GC pause (G1 Humongous Allocation) (young) (initial-mark) 449M->448M(1024M), 0.0005791 secs]
2015-03-20T11:15:53.333+0100: 5.526: Total time for which application threads were stopped: 0.0043624 seconds
2015-03-20T11:15:53.333+0100: 5.526: [GC concurrent-root-region-scan-start]
2015-03-20T11:15:53.333+0100: 5.526: [GC concurrent-root-region-scan-end, 0.0000557 secs]
2015-03-20T11:15:53.333+0100: 5.526: [GC concurrent-mark-start]
2015-03-20T11:15:53.333+0100: 5.527: [GC concurrent-mark-end, 0.0008113 secs]
2015-03-20T11:15:53.349+0100: 5.539: [GC remark, 0.0017252 secs]
2015-03-20T11:15:53.349+0100: 5.541: Total time for which application threads were stopped: 0.0141877 seconds
2015-03-20T11:15:53.365+0100: 5.547: [GC cleanup 834M->578M(1024M), 0.0005039 secs]
2015-03-20T11:15:53.365+0100: 5.548: Total time for which application threads were stopped: 0.0066169 seconds
2015-03-20T11:15:53.365+0100: 5.548: [GC concurrent-cleanup-start]
2015-03-20T11:15:53.365+0100: 5.548: [GC concurrent-cleanup-end, 0.0001896 secs]
2015-03-20T11:15:53.380+0100: 5.570: [GC pause (G1 Humongous Allocation) (young) 962M->960M(1024M), 0.0006593 secs]
2015-03-20T11:15:53.380+0100: 5.571: Total time for which application threads were stopped: 0.0058769 seconds
2015-03-20T11:15:53.380+0100: 5.571: [Full GC (Allocation Failure)  960M->282K(1024M), 0.0047040 secs]
2015-03-20T11:15:53.380+0100: 5.576: Total time for which application threads were stopped: 0.0048276 seconds
2015-03-20T11:15:53.411+0100: 5.601: [GC pause (G1 Humongous Allocation) (young) (initial-mark) 450M->448M(1024M), 0.0006256 secs]
2015-03-20T11:15:53.411+0100: 2015-03-20T11:15:53.411+01005.602: : [GC concurrent-root-region-scan-start]
5.602: Total time for which application threads were stopped: 0.0116283 seconds
2015-03-20T11:15:53.411+0100: 5.602: [GC concurrent-root-region-scan-end, 0.0000254 secs]
2015-03-20T11:15:53.411+0100: 5.602: [GC concurrent-mark-start]
2015-03-20T11:15:53.411+0100: 5.603: [GC concurrent-mark-end, 0.0007658 secs]
2015-03-20T11:15:53.427+0100: 5.614: [GC remark, 0.0011896 secs]
2015-03-20T11:15:53.427+0100: 5.616: Total time for which application threads were stopped: 0.0129336 seconds
2015-03-20T11:15:53.443+0100: 5.631: [GC cleanup 962M->706M(1024M), 0.0005332 secs]
2015-03-20T11:15:53.443+0100: 5.631: Total time for which application threads were stopped: 0.0157336 seconds
2015-03-20T11:15:53.443+0100: 5.631: [GC concurrent-cleanup-start]
2015-03-20T11:15:53.443+0100: 5.632: [GC concurrent-cleanup-end, 0.0002067 secs]
2015-03-20T11:15:53.458+0100: 5.649: [GC pause (G1 Humongous Allocation) (young) 962M->960M(1024M), 0.0006363 secs]
2015-03-20T11:15:53.458+0100: 5.649: Total time for which application threads were stopped: 0.0041542 seconds
2015-03-20T11:15:53.458+0100: 5.649: [Full GC (Allocation Failure)  960M->282K(1024M), 0.0046624 secs]
2015-03-20T11:15:53.458+0100: 5.654: Total time for which application threads were stopped: 0.0047968 seconds
2015-03-20T11:15:53.490+0100: 5.678: [GC pause (G1 Humongous Allocation) (young) (initial-mark) 449M->448M(1024M), 0.0004687 secs]
2015-03-20T11:15:53.490+0100: 2015-03-20T11:15:53.490+0100: 5.678: 5.678: [GC concurrent-root-region-scan-start]
Total time for which application threads were stopped: 0.0054136 seconds
2015-03-20T11:15:53.490+0100: 5.678: [GC concurrent-root-region-scan-end, 0.0000450 secs]
2015-03-20T11:15:53.490+0100: 5.678: [GC concurrent-mark-start]
2015-03-20T11:15:53.490+0100: 5.679: [GC concurrent-mark-end, 0.0008435 secs]
2015-03-20T11:15:53.505+0100: 5.692: [GC remark, 0.0011480 secs]
2015-03-20T11:15:53.505+0100: 5.693: Total time for which application threads were stopped: 0.0140455 seconds
2015-03-20T11:15:53.505+0100: 5.693: [GC cleanup 705M->449M(1024M), 0.0003885 secs]
2015-03-20T11:15:53.505+0100: 5.694: Total time for which application threads were stopped: 0.0004369 seconds
2015-03-20T11:15:53.505+0100: 5.694: [GC concurrent-cleanup-start]
2015-03-20T11:15:53.505+0100: 5.694: [GC concurrent-cleanup-end, 0.0002150 secs]
2015-03-20T11:15:53.536+0100: 5.722: [GC pause (G1 Humongous Allocation) (young) 962M->960M(1024M), 0.0004584 secs]
2015-03-20T11:15:53.536+0100: 5.722: Total time for which application threads were stopped: 0.0060905 seconds
2015-03-20T11:15:53.536+0100: 5.722: [Full GC (Allocation Failure)  960M->192M(1024M), 0.0042465 secs]
2015-03-20T11:15:53.536+0100: 5.726: Total time for which application threads were stopped: 0.0043604 seconds
2015-03-20T11:15:53.552+0100: 5.740: [GC pause (G1 Humongous Allocation) (young) (initial-mark) 450M->448M(1024M), 0.0004868 secs]
2015-03-20T11:15:53.552+0100: 2015-03-20T11:15:53.552+01005.740: : Total time for which application threads were stopped: 0.0030550 seconds
5.740: [GC concurrent-root-region-scan-start]
2015-03-20T11:15:53.552+0100: 5.740: [GC concurrent-root-region-scan-end, 0.0000445 secs]
2015-03-20T11:15:53.552+0100: 5.740: [GC concurrent-mark-start]
2015-03-20T11:15:53.552+0100: 5.741: [GC concurrent-mark-end, 0.0004364 secs]
2015-03-20T11:15:53.568+0100: 5.755: [GC remark, 0.0017037 secs]
2015-03-20T11:15:53.568+0100: 5.756: Total time for which application threads were stopped: 0.0153597 seconds
2015-03-20T11:15:53.568+0100: 5.756: [GC cleanup 705M->449M(1024M), 0.0004399 secs]
2015-03-20T11:15:53.568+0100: 5.757: Total time for which application threads were stopped: 0.0004760 seconds
2015-03-20T11:15:53.568+0100: 5.757: [GC concurrent-cleanup-start]
2015-03-20T11:15:53.568+0100: 5.757: [GC concurrent-cleanup-end, 0.0001965 secs]
2015-03-20T11:15:53.599+0100: 5.784: [GC pause (G1 Humongous Allocation) (young) 962M->960M(1024M), 0.0007262 secs]
2015-03-20T11:15:53.599+0100: 5.784: Total time for which application threads were stopped: 0.0032256 seconds
2015-03-20T11:15:53.599+0100: 5.784: [Full GC (Allocation Failure)  960M->64M(1024M), 0.0045031 secs]
2015-03-20T11:15:53.599+0100: 5.789: Total time for which application threads were stopped: 0.0046326 seconds
2015-03-20T11:15:53.615+0100: 5.807: [GC pause (G1 Humongous Allocation) (young) (initial-mark) 450M->448M(1024M), 0.0005567 secs]
2015-03-20T11:15:53.615+0100: 2015-03-20T11:15:53.615+0100: 5.808: 5.808: [GC concurrent-root-region-scan-start]
Total time for which application threads were stopped: 0.0065255 seconds
2015-03-20T11:15:53.615+0100: 5.808: [GC concurrent-root-region-scan-end, 0.0000450 secs]
2015-03-20T11:15:53.615+0100: 5.808: [GC concurrent-mark-start]
2015-03-20T11:15:53.615+0100: 5.808: [GC concurrent-mark-end, 0.0004452 secs]
2015-03-20T11:15:53.630+0100: 5.823: [GC remark, 0.0012423 secs]
2015-03-20T11:15:53.630+0100: 5.824: Total time for which application threads were stopped: 0.0159012 seconds
2015-03-20T11:15:53.630+0100: 5.824: [GC cleanup 705M->449M(1024M), 0.0004760 secs]
2015-03-20T11:15:53.630+0100: 5.825: Total time for which application threads were stopped: 0.0005122 seconds
2015-03-20T11:15:53.630+0100: 5.825: [GC concurrent-cleanup-start]
2015-03-20T11:15:53.630+0100: 5.825: [GC concurrent-cleanup-end, 0.0002048 secs]
2015-03-20T11:15:53.661+0100: 5.852: [GC pause (G1 Humongous Allocation) (young) 962M->960M(1024M), 0.0006368 secs]
2015-03-20T11:15:53.661+0100: 5.853: Total time for which application threads were stopped: 0.0064360 seconds
2015-03-20T11:15:53.661+0100: 5.853: [Full GC (Allocation Failure)  960M->282K(1024M), 0.0045495 secs]
2015-03-20T11:15:53.661+0100: 5.857: Total time for which application threads were stopped: 0.0046776 seconds
2015-03-20T11:15:53.693+0100: 5.879: [GC pause (G1 Humongous Allocation) (young) (initial-mark) 450M->448M(1024M), 0.0006353 secs]
2015-03-20T11:15:53.693+0100: 5.880: 2015-03-20T11:15:53.693+0100: Total time for which application threads were stopped: 0.0096474 seconds
5.880: [GC concurrent-root-region-scan-start]
2015-03-20T11:15:53.693+0100: 5.880: [GC concurrent-root-region-scan-end, 0.0000582 secs]
2015-03-20T11:15:53.693+0100: 5.880: [GC concurrent-mark-start]
2015-03-20T11:15:53.693+0100: 5.881: [GC concurrent-mark-end, 0.0007419 secs]
2015-03-20T11:15:53.708+0100: 5.893: [GC remark, 0.0013719 secs]
2015-03-20T11:15:53.708+0100: 5.894: Total time for which application threads were stopped: 0.0131658 seconds
2015-03-20T11:15:53.708+0100: 5.900: [GC cleanup 834M->578M(1024M), 0.0006656 secs]
2015-03-20T11:15:53.708+0100: 5.901: Total time for which application threads were stopped: 0.0065514 seconds
2015-03-20T11:15:53.708+0100: 5.901: [GC concurrent-cleanup-start]
2015-03-20T11:15:53.708+0100: 5.901: [GC concurrent-cleanup-end, 0.0002150 secs]
2015-03-20T11:15:53.724+0100: 5.921: [GC pause (G1 Humongous Allocation) (young) 962M->960M(1024M), 0.0004496 secs]
2015-03-20T11:15:53.740+0100: 5.922: Total time for which application threads were stopped: 0.0054747 seconds
2015-03-20T11:15:53.740+0100: 5.922: [Full GC (Allocation Failure)  960M->282K(1024M), 0.0044821 secs]
2015-03-20T11:15:53.740+0100: 5.926: Total time for which application threads were stopped: 0.0046097 seconds
2015-03-20T11:15:53.755+0100: 5.951: [GC pause (G1 Humongous Allocation) (young) (initial-mark) 514M->512M(1024M), 0.0005229 secs]
2015-03-20T11:15:53.755+01002015-03-20T11:15:53.755+0100: : 5.951: 5.951: [GC concurrent-root-region-scan-start]
Total time for which application threads were stopped: 0.0007644 seconds
2015-03-20T11:15:53.755+0100: 5.951: [GC concurrent-root-region-scan-end, 0.0000396 secs]
2015-03-20T11:15:53.755+0100: 5.951: [GC concurrent-mark-start]
2015-03-20T11:15:53.755+0100: 5.952: [GC concurrent-mark-end, 0.0006495 secs]
2015-03-20T11:15:53.771+0100: 5.964: [GC remark, 0.0010806 secs]
2015-03-20T11:15:53.771+0100: 5.965: Total time for which application threads were stopped: 0.0125940 seconds
2015-03-20T11:15:53.786+0100: 5.969: [GC cleanup 834M->514M(1024M), 0.0003993 secs]
2015-03-20T11:15:53.786+0100: 5.970: Total time for which application threads were stopped: 0.0052445 seconds
2015-03-20T11:15:53.786+0100: 5.970: [GC concurrent-cleanup-start]
2015-03-20T11:15:53.786+0100: 5.970: [GC concurrent-cleanup-end, 0.0002668 secs]
2015-03-20T11:15:53.802+0100: 5.994: [GC pause (G1 Humongous Allocation) (young) 962M->960M(1024M), 0.0003392 secs]
2015-03-20T11:15:53.802+0100: 5.994: Total time for which application threads were stopped: 0.0079594 seconds
2015-03-20T11:15:53.802+0100: 5.994: [Full GC (Allocation Failure)  960M->282K(1024M), 0.0044313 secs]
2015-03-20T11:15:53.802+0100: 5.999: Total time for which application threads were stopped: 0.0045579 seconds
2015-03-20T11:15:53.833+0100: 6.025: [GC pause (G1 Humongous Allocation) (young) (initial-mark) 514M->512M(1024M), 0.0005044 secs]
2015-03-20T11:15:53.833+01002015-03-20T11:15:53.833+0100: : 6.026: 6.026: [GC concurrent-root-region-scan-start]
Total time for which application threads were stopped: 0.0044137 seconds
2015-03-20T11:15:53.833+0100: 6.026: [GC concurrent-root-region-scan-end, 0.0000391 secs]
2015-03-20T11:15:53.833+0100: 6.026: [GC concurrent-mark-start]
2015-03-20T11:15:53.833+0100: 6.030: Total time for which application threads were stopped: 0.0048056 seconds
2015-03-20T11:15:53.849+0100: 6.031: [GC concurrent-mark-end, 0.0052909 secs]
2015-03-20T11:15:53.849+0100: 6.045: [GC remark, 0.0016920 secs]
2015-03-20T11:15:53.865+0100: 6.047: Total time for which application threads were stopped: 0.0161641 seconds
2015-03-20T11:15:53.865+0100: 6.053: [GC pause (G1 Humongous Allocation) (young) 962M->960M(1024M), 0.0003978 secs]
2015-03-20T11:15:53.865+0100: 6.053: Total time for which application threads were stopped: 0.0062772 seconds
2015-03-20T11:15:53.865+0100: 6.054: [Full GC (Allocation Failure)  960M->282K(1024M), 0.0044391 secs]
2015-03-20T11:15:53.865+0100: 6.058: Total time for which application threads were stopped: 0.0045652 seconds
2015-03-20T11:15:53.880+0100: 6.063: [GC cleanup, 0.0000132 secs]
2015-03-20T11:15:53.880+0100: 6.063: Total time for which application threads were stopped: 0.0048110 seconds
2015-03-20T11:15:53.880+0100: 6.063: [GC concurrent-mark-abort]
2015-03-20T11:15:53.896+0100: 6.084: [GC pause (G1 Humongous Allocation) (young) (initial-mark) 449M->448M(1024M), 0.0007864 secs]
2015-03-20T11:15:53.896+0100: 2015-03-20T11:15:53.896+0100: 6.085: 6.085: [GC concurrent-root-region-scan-start]
Total time for which application threads were stopped: 0.0018992 seconds
2015-03-20T11:15:53.896+0100: 6.085: [GC concurrent-root-region-scan-end, 0.0000538 secs]
2015-03-20T11:15:53.896+0100: 6.085: [GC concurrent-mark-start]
2015-03-20T11:15:53.896+0100: 6.086: [GC concurrent-mark-end, 0.0005386 secs]
2015-03-20T11:15:53.911+0100: 6.098: [GC remark, 0.0013113 secs]
2015-03-20T11:15:53.911+0100: 6.099: Total time for which application threads were stopped: 0.0132029 seconds
2015-03-20T11:15:53.911+0100: 6.105: [GC cleanup 834M->578M(1024M), 0.0006383 secs]
2015-03-20T11:15:53.911+0100: 6.106: Total time for which application threads were stopped: 0.0065870 seconds
2015-03-20T11:15:53.911+0100: 6.106: [GC concurrent-cleanup-start]
2015-03-20T11:15:53.911+0100: 6.106: [GC concurrent-cleanup-end, 0.0002185 secs]
2015-03-20T11:15:53.943+0100: 6.127: [GC pause (G1 Humongous Allocation) (young) 962M->960M(1024M), 0.0003739 secs]
2015-03-20T11:15:53.943+0100: 6.128: Total time for which application threads were stopped: 0.0022403 seconds
2015-03-20T11:15:53.943+0100: 6.128: [Full GC (Allocation Failure)  960M->128M(1024M), 0.0043052 secs]
2015-03-20T11:15:53.943+0100: 6.132: Total time for which application threads were stopped: 0.0044254 seconds
2015-03-20T11:15:53.958+0100: 6.149: [GC pause (G1 Humongous Allocation) (young) (initial-mark) 449M->448M(1024M), 0.0005107 secs]
2015-03-20T11:15:53.958+01002015-03-20T11:15:53.958+0100: : 6.149: 6.149: [GC concurrent-root-region-scan-start]
Total time for which application threads were stopped: 0.0056203 seconds
2015-03-20T11:15:53.958+0100: 6.149: [GC concurrent-root-region-scan-end, 0.0000459 secs]
2015-03-20T11:15:53.958+0100: 6.149: [GC concurrent-mark-start]
2015-03-20T11:15:53.958+0100: 6.150: [GC concurrent-mark-end, 0.0006583 secs]
2015-03-20T11:15:53.974+0100: 6.164: [GC remark, 0.0016695 secs]
2015-03-20T11:15:53.974+0100: 6.166: Total time for which application threads were stopped: 0.0159892 seconds
2015-03-20T11:15:53.974+0100: 6.166: [GC cleanup 705M->449M(1024M), 0.0004594 secs]
2015-03-20T11:15:53.974+0100: 6.166: Total time for which application threads were stopped: 0.0005049 seconds
2015-03-20T11:15:53.974+0100: 6.166: [GC concurrent-cleanup-start]
2015-03-20T11:15:53.974+0100: 6.167: [GC concurrent-cleanup-end, 0.0002126 secs]
2015-03-20T11:15:54.005+0100: 6.194: [GC pause (G1 Humongous Allocation) (young) 962M->960M(1024M), 0.0003856 secs]
2015-03-20T11:15:54.005+0100: 6.194: Total time for which application threads were stopped: 0.0061545 seconds
2015-03-20T11:15:54.005+0100: 6.194: [Full GC (Allocation Failure)  960M->192M(1024M), 0.0042509 secs]
2015-03-20T11:15:54.005+0100: 6.198: Total time for which application threads were stopped: 0.0043653 seconds
2015-03-20T11:15:54.021+0100: 6.211: [GC pause (G1 Humongous Allocation) (young) (initial-mark) 450M->448M(1024M), 0.0004672 secs]
2015-03-20T11:15:54.021+0100: 2015-03-20T11:15:54.021+0100: 6.211: 6.211: [GC concurrent-root-region-scan-start]
Total time for which application threads were stopped: 0.0007062 seconds
2015-03-20T11:15:54.021+0100: 6.211: [GC concurrent-root-region-scan-end, 0.0000464 secs]
2015-03-20T11:15:54.021+0100: 6.211: [GC concurrent-mark-start]
2015-03-20T11:15:54.021+0100: 6.212: [GC concurrent-mark-end, 0.0007390 secs]
2015-03-20T11:15:54.036+0100: 6.225: [GC remark, 0.0018528 secs]
2015-03-20T11:15:54.036+0100: 6.226: Total time for which application threads were stopped: 0.0144389 seconds
2015-03-20T11:15:54.036+0100: 6.231: [GC cleanup 770M->514M(1024M), 0.0004012 secs]
2015-03-20T11:15:54.036+0100: 6.232: Total time for which application threads were stopped: 0.0052308 seconds
2015-03-20T11:15:54.036+0100: 6.232: [GC concurrent-cleanup-start]
2015-03-20T11:15:54.036+0100: 6.232: [GC concurrent-cleanup-end, 0.0002102 secs]
2015-03-20T11:15:54.068+0100: 6.258: [GC pause (G1 Humongous Allocation) (young) 962M->960M(1024M), 0.0004408 secs]
2015-03-20T11:15:54.068+0100: 6.258: Total time for which application threads were stopped: 0.0053745 seconds
2015-03-20T11:15:54.068+0100: 6.258: [Full GC (Allocation Failure)  960M->64M(1024M), 0.0044073 secs]
2015-03-20T11:15:54.068+0100: 6.263: Total time for which application threads were stopped: 0.0045300 seconds
2015-03-20T11:15:54.099+0100: 6.281: [GC pause (G1 Humongous Allocation) (young) (initial-mark) 449M->448M(1024M), 0.0004677 secs]
2015-03-20T11:15:54.099+0100: 2015-03-20T11:15:54.099+0100: 6.281: 6.281: [GC concurrent-root-region-scan-start]
Total time for which application threads were stopped: 0.0063564 seconds
2015-03-20T11:15:54.099+0100: 6.281: [GC concurrent-root-region-scan-end, 0.0000474 secs]
2015-03-20T11:15:54.099+0100: 6.281: [GC concurrent-mark-start]
2015-03-20T11:15:54.099+0100: 6.282: [GC concurrent-mark-end, 0.0007043 secs]
2015-03-20T11:15:54.099+0100: 6.294: [GC remark, 0.0011813 secs]
2015-03-20T11:15:54.099+0100: 6.295: Total time for which application threads were stopped: 0.0125368 seconds
2015-03-20T11:15:54.099+0100: 6.295: [GC cleanup 705M->385M(1024M), 0.0005176 secs]
2015-03-20T11:15:54.099+0100: 6.295: Total time for which application threads were stopped: 0.0005508 seconds
2015-03-20T11:15:54.099+0100: 6.295: [GC concurrent-cleanup-start]
2015-03-20T11:15:54.099+0100: 6.296: [GC concurrent-cleanup-end, 0.0002615 secs]
2015-03-20T11:15:54.130+0100: 6.326: [GC pause (G1 Humongous Allocation) (young) 962M->960M(1024M), 0.0004457 secs]
2015-03-20T11:15:54.130+0100: 6.326: Total time for which application threads were stopped: 0.0064404 seconds
2015-03-20T11:15:54.130+0100: 6.327: [Full GC (Allocation Failure)  960M->282K(1024M), 0.0045188 secs]
2015-03-20T11:15:54.146+0100: 6.331: Total time for which application threads were stopped: 0.0046458 seconds
2015-03-20T11:15:54.161+0100: 6.352: [GC pause (G1 Humongous Allocation) (young) (initial-mark) 449M->448M(1024M), 0.0005391 secs]
2015-03-20T11:15:54.161+01002015-03-20T11:15:54.161+0100: : 6.353: 6.353: [GC concurrent-root-region-scan-start]
Total time for which application threads were stopped: 0.0095678 seconds
2015-03-20T11:15:54.161+0100: 6.353: [GC concurrent-root-region-scan-end, 0.0000239 secs]
2015-03-20T11:15:54.161+0100: 6.353: [GC concurrent-mark-start]
2015-03-20T11:15:54.161+0100: 6.353: [GC concurrent-mark-end, 0.0004555 secs]
2015-03-20T11:15:54.177+0100: 6.365: [GC remark, 0.0016817 secs]
2015-03-20T11:15:54.177+0100: 6.367: Total time for which application threads were stopped: 0.0134048 seconds
2015-03-20T11:15:54.177+0100: 6.372: [GC cleanup 770M->514M(1024M), 0.0006837 secs]
2015-03-20T11:15:54.177+0100: 6.372: Total time for which application threads were stopped: 0.0054996 seconds
2015-03-20T11:15:54.177+0100: 6.372: [GC concurrent-cleanup-start]
2015-03-20T11:15:54.177+0100: 6.373: [GC concurrent-cleanup-end, 0.0002053 secs]
2015-03-20T11:15:54.208+0100: 6.398: [GC pause (G1 Humongous Allocation) (young) 962M->960M(1024M), 0.0006437 secs]
2015-03-20T11:15:54.208+0100: 6.399: Total time for which application threads were stopped: 0.0057098 seconds
2015-03-20T11:15:54.208+0100: 6.399: [Full GC (Allocation Failure)  960M->282K(1024M), 0.0045984 secs]
2015-03-20T11:15:54.208+0100: 6.403: Total time for which application threads were stopped: 0.0047216 seconds
2015-03-20T11:15:54.240+0100: 6.425: [GC pause (G1 Humongous Allocation) (young) (initial-mark) 450M->448M(1024M), 0.0007013 secs]
2015-03-20T11:15:54.240+0100: 6.426: Total time for which application threads were stopped: 0.0096206 seconds
2015-03-20T11:15:54.240+0100: 6.426: [GC concurrent-root-region-scan-start]
2015-03-20T11:15:54.240+0100: 6.426: [GC concurrent-root-region-scan-end, 0.0000401 secs]
2015-03-20T11:15:54.240+0100: 6.426: [GC concurrent-mark-start]
2015-03-20T11:15:54.240+0100: 6.427: [GC concurrent-mark-end, 0.0006656 secs]
2015-03-20T11:15:54.255+0100: 6.439: [GC remark, 0.0015957 secs]
2015-03-20T11:15:54.255+0100: 6.441: Total time for which application threads were stopped: 0.0140900 seconds
2015-03-20T11:15:54.255+0100: 6.447: [GC cleanup 834M->578M(1024M), 0.0012643 secs]
2015-03-20T11:15:54.255+0100: 6.448: Total time for which application threads were stopped: 0.0071501 seconds
2015-03-20T11:15:54.255+0100: 6.448: [GC concurrent-cleanup-start]
2015-03-20T11:15:54.255+0100: 6.448: [GC concurrent-cleanup-end, 0.0002077 secs]
2015-03-20T11:15:54.286+0100: 6.469: [GC pause (G1 Humongous Allocation) (young) 962M->960M(1024M), 0.0006309 secs]
2015-03-20T11:15:54.286+0100: 6.470: Total time for which application threads were stopped: 0.0059317 seconds
2015-03-20T11:15:54.286+0100: 6.470: [Full GC (Allocation Failure)  960M->192M(1024M), 0.0044973 secs]
2015-03-20T11:15:54.286+0100: 6.474: Total time for which application threads were stopped: 0.0046175 seconds
2015-03-20T11:15:54.302+0100: 6.487: [GC pause (G1 Humongous Allocation) (young) (initial-mark) 449M->448M(1024M), 0.0008582 secs]
2015-03-20T11:15:54.302+0100: 6.488: Total time for which application threads were stopped: 0.0011984 seconds
2015-03-20T11:15:54.302+0100: 6.488: [GC concurrent-root-region-scan-start]
2015-03-20T11:15:54.302+0100: 6.488: [GC concurrent-root-region-scan-end, 0.0000904 secs]
2015-03-20T11:15:54.302+0100: 6.488: [GC concurrent-mark-start]
2015-03-20T11:15:54.302+0100: 6.488: [GC concurrent-mark-end, 0.0007028 secs]
2015-03-20T11:15:54.318+0100: 6.500: [GC remark, 0.0013982 secs]
2015-03-20T11:15:54.318+0100: 6.501: Total time for which application threads were stopped: 0.0128168 seconds
2015-03-20T11:15:54.318+0100: 6.510: [GC cleanup 898M->642M(1024M), 0.0008152 secs]
2015-03-20T11:15:54.318+0100: 6.511: Total time for which application threads were stopped: 0.0096905 seconds
2015-03-20T11:15:54.318+0100: 6.511: [GC concurrent-cleanup-start]
2015-03-20T11:15:54.318+0100: 6.511: [GC concurrent-cleanup-end, 0.0002180 secs]
2015-03-20T11:15:54.341+0100: 6.529: [GC pause (G1 Humongous Allocation) (young) 962M->960M(1024M), 0.0007380 secs]
2015-03-20T11:15:54.341+0100: 6.530: Total time for which application threads were stopped: 0.0056370 seconds
2015-03-20T11:15:54.341+0100: 6.530: [Full GC (Allocation Failure)  960M->282K(1024M), 0.0045813 secs]
2015-03-20T11:15:54.341+0100: 6.535: Total time for which application threads were stopped: 0.0047084 seconds
2015-03-20T11:15:54.372+0100: 6.558: [GC pause (G1 Humongous Allocation) (young) (initial-mark) 450M->448M(1024M), 0.0004995 secs]
2015-03-20T11:15:54.372+0100: 6.558: Total time for which application threads were stopped: 0.0058496 seconds
2015-03-20T11:15:54.372+0100: 6.559: [GC concurrent-root-region-scan-start]
2015-03-20T11:15:54.372+0100: 6.559: [GC concurrent-root-region-scan-end, 0.0000308 secs]
2015-03-20T11:15:54.372+0100: 6.559: [GC concurrent-mark-start]
2015-03-20T11:15:54.372+0100: 6.559: [GC concurrent-mark-end, 0.0004628 secs]
2015-03-20T11:15:54.387+0100: 6.572: [GC remark, 0.0017746 secs]
2015-03-20T11:15:54.387+0100: 6.573: Total time for which application threads were stopped: 0.0144208 seconds
2015-03-20T11:15:54.387+0100: 6.578: [GC cleanup 770M->514M(1024M), 0.0004359 secs]
2015-03-20T11:15:54.387+0100: 6.579: Total time for which application threads were stopped: 0.0052338 seconds
2015-03-20T11:15:54.387+0100: 6.579: [GC concurrent-cleanup-start]
2015-03-20T11:15:54.387+0100: 6.579: [GC concurrent-cleanup-end, 0.0002038 secs]
2015-03-20T11:15:54.419+0100: 6.605: [GC pause (G1 Humongous Allocation) (young) 962M->960M(1024M), 0.0004359 secs]
2015-03-20T11:15:54.419+0100: 6.605: Total time for which application threads were stopped: 0.0052152 seconds
2015-03-20T11:15:54.419+0100: 6.605: [Full GC (Allocation Failure)  960M->192M(1024M), 0.0042182 secs]
2015-03-20T11:15:54.419+0100: 6.610: Total time for which application threads were stopped: 0.0043350 seconds
2015-03-20T11:15:54.434+0100: 6.624: [GC pause (G1 Humongous Allocation) (young) (initial-mark) 449M->448M(1024M), 0.0005537 secs]
2015-03-20T11:15:54.434+0100: 2015-03-20T11:15:54.434+0100: 6.624: [GC concurrent-root-region-scan-start]
6.624: Total time for which application threads were stopped: 0.0035183 seconds
2015-03-20T11:15:54.434+0100: 6.624: [GC concurrent-root-region-scan-end, 0.0000239 secs]
2015-03-20T11:15:54.434+0100: 6.624: [GC concurrent-mark-start]
2015-03-20T11:15:54.434+0100: 6.625: [GC concurrent-mark-end, 0.0006505 secs]
2015-03-20T11:15:54.450+0100: 6.639: [GC remark, 0.0012032 secs]
2015-03-20T11:15:54.450+0100: 6.641: Total time for which application threads were stopped: 0.0157912 seconds
2015-03-20T11:15:54.466+0100: 6.654: [GC cleanup 962M->706M(1024M), 0.0006324 secs]
2015-03-20T11:15:54.466+0100: 6.655: Total time for which application threads were stopped: 0.0139570 seconds
2015-03-20T11:15:54.466+0100: 6.655: [GC concurrent-cleanup-start]
2015-03-20T11:15:54.466+0100: 6.655: [GC concurrent-cleanup-end, 0.0002175 secs]
2015-03-20T11:15:54.481+0100: 6.670: [GC pause (G1 Humongous Allocation) (young) 962M->960M(1024M), 0.0006529 secs]
2015-03-20T11:15:54.481+0100: 6.670: Total time for which application threads were stopped: 0.0009085 seconds
2015-03-20T11:15:54.481+0100: 6.671: [Full GC (Allocation Failure)  960M->282K(1024M), 0.0044176 secs]
2015-03-20T11:15:54.481+0100: 6.675: Total time for which application threads were stopped: 0.0045505 seconds
2015-03-20T11:15:54.497+0100: 6.684: [GC pause (G1 Humongous Allocation) (young) (initial-mark) 192M->192M(1024M), 0.0007468 secs]
2015-03-20T11:15:54.497+0100: 6.685: Total time for which application threads were stopped: 0.0097843 seconds
2015-03-20T11:15:54.497+0100: 6.685: [GC concurrent-root-region-scan-start]
2015-03-20T11:15:54.497+0100: 6.685: [GC concurrent-root-region-scan-end, 0.0000274 secs]
2015-03-20T11:15:54.497+0100: 6.685: [GC concurrent-mark-start]
2015-03-20T11:15:54.497+0100: 6.686: [GC concurrent-mark-end, 0.0006759 secs]
2015-03-20T11:15:54.512+0100: 6.698: [GC remark, 0.0012932 secs]
2015-03-20T11:15:54.512+0100: 6.699: Total time for which application threads were stopped: 0.0133437 seconds
2015-03-20T11:15:54.512+0100: 6.704: [GC cleanup 514M->514M(1024M), 0.0005000 secs]
2015-03-20T11:15:54.512+0100: 6.704: Total time for which application threads were stopped: 0.0052978 seconds
2015-03-20T11:15:54.544+0100: 6.728: [GC pause (G1 Humongous Allocation) (young) 962M->960M(1024M), 0.0005058 secs]
2015-03-20T11:15:54.544+0100: 6.729: Total time for which application threads were stopped: 0.0086749 seconds
2015-03-20T11:15:54.544+0100: 6.729: [Full GC (Allocation Failure)  960M->282K(1024M), 0.0044797 secs]
2015-03-20T11:15:54.544+0100: 6.733: Total time for which application threads were stopped: 0.0046145 seconds
2015-03-20T11:15:54.559+0100: 6.743: [GC pause (G1 Humongous Allocation) (young) (initial-mark) 193M->192M(1024M), 0.0006608 secs]
2015-03-20T11:15:54.559+0100: 6.744: Total time for which application threads were stopped: 0.0102828 seconds
2015-03-20T11:15:54.559+0100: 6.744: [GC concurrent-root-region-scan-start]
2015-03-20T11:15:54.559+0100: 6.744: [GC concurrent-root-region-scan-end, 0.0000435 secs]
2015-03-20T11:15:54.559+0100: 6.744: [GC concurrent-mark-start]
2015-03-20T11:15:54.559+0100: 6.745: [GC concurrent-mark-end, 0.0007292 secs]
2015-03-20T11:15:54.575+0100: 6.758: [GC remark, 0.0012125 secs]
2015-03-20T11:15:54.575+0100: 6.759: Total time for which application threads were stopped: 0.0147522 seconds
2015-03-20T11:15:54.575+0100: 6.760: [GC cleanup 449M->449M(1024M), 0.0005293 secs]
2015-03-20T11:15:54.575+0100: 6.760: Total time for which application threads were stopped: 0.0006217 seconds
2015-03-20T11:15:54.591+0100: 6.788: [GC pause (G1 Humongous Allocation) (young) 962M->960M(1024M), 0.0007947 secs]
2015-03-20T11:15:54.606+0100: 6.788: Total time for which application threads were stopped: 0.0064492 seconds
2015-03-20T11:15:54.606+0100: 6.789: [Full GC (Allocation Failure)  961M->282K(1024M), 0.0048267 secs]
2015-03-20T11:15:54.606+0100: 6.793: Total time for which application threads were stopped: 0.0049601 seconds
2015-03-20T11:15:54.622+0100: 6.815: [GC pause (G1 Humongous Allocation) (young) (initial-mark) 449M->448M(1024M), 0.0007605 secs]
2015-03-20T11:15:54.622+0100: 6.815: Total time for which application threads were stopped: 0.0096450 seconds
2015-03-20T11:15:54.622+0100: 6.815: [GC concurrent-root-region-scan-start]
2015-03-20T11:15:54.622+0100: 6.815: [GC concurrent-root-region-scan-end, 0.0000401 secs]
2015-03-20T11:15:54.622+0100: 6.816: [GC concurrent-mark-start]
2015-03-20T11:15:54.622+0100: 6.816: [GC concurrent-mark-end, 0.0006353 secs]
2015-03-20T11:15:54.637+0100: 6.830: [GC remark, 0.0013318 secs]
2015-03-20T11:15:54.637+0100: 6.832: Total time for which application threads were stopped: 0.0153729 seconds
2015-03-20T11:15:54.653+0100: 6.843: [GC cleanup 898M->642M(1024M), 0.0007531 secs]
2015-03-20T11:15:54.653+0100: 6.843: Total time for which application threads were stopped: 0.0116395 seconds
2015-03-20T11:15:54.653+0100: 6.843: [GC concurrent-cleanup-start]
2015-03-20T11:15:54.653+0100: 6.844: [GC concurrent-cleanup-end, 0.0002087 secs]
2015-03-20T11:15:54.669+0100: 6.862: [GC pause (G1 Humongous Allocation) (young) 962M->960M(1024M), 0.0008186 secs]
2015-03-20T11:15:54.669+0100: 6.863: Total time for which application threads were stopped: 0.0076994 seconds
2015-03-20T11:15:54.669+0100: 6.863: [Full GC (Allocation Failure)  960M->282K(1024M), 0.0045901 secs]
2015-03-20T11:15:54.684+0100: 6.867: Total time for which application threads were stopped: 0.0047167 seconds
2015-03-20T11:15:54.700+0100: 6.894: [GC pause (G1 Humongous Allocation) (young) (initial-mark) 514M->512M(1024M), 0.0005728 secs]
2015-03-20T11:15:54.700+01002015-03-20T11:15:54.700+0100: : 6.894: 6.894: [GC concurrent-root-region-scan-start]
Total time for which application threads were stopped: 0.0054332 seconds
2015-03-20T11:15:54.700+0100: 6.894: [GC concurrent-root-region-scan-end, 0.0000230 secs]
2015-03-20T11:15:54.700+0100: 6.894: [GC concurrent-mark-start]
2015-03-20T11:15:54.716+0100: 6.899: Total time for which application threads were stopped: 0.0047758 seconds
2015-03-20T11:15:54.716+0100: 6.900: [GC concurrent-mark-end, 0.0052572 secs]
2015-03-20T11:15:54.731+0100: 6.915: [GC remark, 0.0012076 secs]
2015-03-20T11:15:54.731+0100: 6.916: Total time for which application threads were stopped: 0.0159994 seconds
2015-03-20T11:15:54.731+0100: 6.922: [GC cleanup 962M->578M(1024M), 0.0004257 secs]
2015-03-20T11:15:54.731+0100: 6.922: Total time for which application threads were stopped: 0.0063148 seconds
2015-03-20T11:15:54.731+0100: 6.922: [GC concurrent-cleanup-start]
2015-03-20T11:15:54.731+0100: 6.923: [GC concurrent-cleanup-end, 0.0003416 secs]
2015-03-20T11:15:54.747+0100: 6.944: [GC pause (G1 Humongous Allocation) (young) 962M->960M(1024M), 0.0004125 secs]
2015-03-20T11:15:54.747+0100: 6.944: Total time for which application threads were stopped: 0.0014926 seconds
2015-03-20T11:15:54.747+0100: 6.944: [Full GC (Allocation Failure)  960M->282K(1024M), 0.0046336 secs]
2015-03-20T11:15:54.762+0100: 6.949: Total time for which application threads were stopped: 0.0047778 seconds
2015-03-20T11:15:54.778+0100: 6.970: [GC pause (G1 Humongous Allocation) (young) (initial-mark) 449M->448M(1024M), 0.0006090 secs]
2015-03-20T11:15:54.778+0100: 2015-03-20T11:15:54.778+0100: 6.971: [GC concurrent-root-region-scan-start]
6.971: Total time for which application threads were stopped: 0.0094622 seconds
2015-03-20T11:15:54.778+0100: 6.971: [GC concurrent-root-region-scan-end, 0.0000215 secs]
2015-03-20T11:15:54.778+0100: 6.971: [GC concurrent-mark-start]
2015-03-20T11:15:54.778+0100: 6.972: [GC concurrent-mark-end, 0.0007453 secs]
2015-03-20T11:15:54.794+0100: 6.983: [GC remark, 0.0012570 secs]
2015-03-20T11:15:54.794+0100: 6.984: Total time for which application threads were stopped: 0.0126394 seconds
2015-03-20T11:15:54.794+0100: 6.989: [GC cleanup 770M->514M(1024M), 0.0005278 secs]
2015-03-20T11:15:54.794+0100: 6.990: Total time for which application threads were stopped: 0.0052773 seconds
2015-03-20T11:15:54.794+0100: 6.990: [GC concurrent-cleanup-start]
2015-03-20T11:15:54.794+0100: 6.990: [GC concurrent-cleanup-end, 0.0002023 secs]
2015-03-20T11:15:54.825+0100: 7.015: [GC pause (G1 Humongous Allocation) (young) 962M->960M(1024M), 0.0005493 secs]
2015-03-20T11:15:54.825+0100: 7.016: Total time for which application threads were stopped: 0.0057205 seconds
2015-03-20T11:15:54.825+0100: 7.016: [Full GC (Allocation Failure)  960M->282K(1024M), 0.0045764 secs]
2015-03-20T11:15:54.825+0100: 7.021: Total time for which application threads were stopped: 0.0047069 seconds
2015-03-20T11:15:54.856+0100: 7.043: [GC pause (G1 Humongous Allocation) (young) (initial-mark) 450M->448M(1024M), 0.0008416 secs]
2015-03-20T11:15:54.856+0100: 7.044: 2015-03-20T11:15:54.856+0100: [GC concurrent-root-region-scan-start]
7.044: Total time for which application threads were stopped: 0.0107529 seconds
2015-03-20T11:15:54.856+0100: 7.044: [GC concurrent-root-region-scan-end, 0.0000371 secs]
2015-03-20T11:15:54.856+0100: 7.044: [GC concurrent-mark-start]
2015-03-20T11:15:54.856+0100: 7.044: [GC concurrent-mark-end, 0.0007551 secs]
2015-03-20T11:15:54.872+0100: 7.056: [GC remark, 0.0013562 secs]
2015-03-20T11:15:54.872+0100: 7.058: Total time for which application threads were stopped: 0.0131976 seconds
2015-03-20T11:15:54.872+0100: 7.058: [GC cleanup 706M->450M(1024M), 0.0004946 secs]
2015-03-20T11:15:54.872+0100: 7.058: Total time for which application threads were stopped: 0.0005376 seconds
2015-03-20T11:15:54.872+0100: 7.058: [GC concurrent-cleanup-start]
2015-03-20T11:15:54.872+0100: 7.058: [GC concurrent-cleanup-end, 0.0002106 secs]
2015-03-20T11:15:54.903+0100: 7.085: [GC pause (G1 Humongous Allocation) (young) 962M->960M(1024M), 0.0005488 secs]
2015-03-20T11:15:54.903+0100: 7.086: Total time for which application threads were stopped: 0.0054170 seconds
2015-03-20T11:15:54.903+0100: 7.086: [Full GC (Allocation Failure)  960M->282K(1024M), 0.0045183 secs]
2015-03-20T11:15:54.903+0100: 7.091: Total time for which application threads were stopped: 0.0046424 seconds
2015-03-20T11:15:54.903+0100: 7.100: [GC pause (G1 Humongous Allocation) (young) (initial-mark) 192M->192M(1024M), 0.0005699 secs]
2015-03-20T11:15:54.903+01002015-03-20T11:15:54.903+0100: : 7.1007.100: : [GC concurrent-root-region-scan-start]
Total time for which application threads were stopped: 0.0094710 seconds
2015-03-20T11:15:54.903+0100: 7.100: [GC concurrent-root-region-scan-end, 0.0000391 secs]
2015-03-20T11:15:54.903+0100: 7.100: [GC concurrent-mark-start]
2015-03-20T11:15:54.903+0100: 7.101: [GC concurrent-mark-end, 0.0004320 secs]
2015-03-20T11:15:54.919+0100: 7.115: [GC remark, 0.0012086 secs]
2015-03-20T11:15:54.934+0100: 7.117: Total time for which application threads were stopped: 0.0160654 seconds
2015-03-20T11:15:54.934+0100: 7.126: [GC cleanup 642M->642M(1024M), 0.0003260 secs]
2015-03-20T11:15:54.934+0100: 7.126: Total time for which application threads were stopped: 0.0092213 seconds
2015-03-20T11:15:54.950+0100: 7.146: [GC pause (G1 Humongous Allocation) (young) 962M->960M(1024M), 0.0005141 secs]
2015-03-20T11:15:54.950+0100: 7.146: Total time for which application threads were stopped: 0.0054596 seconds
2015-03-20T11:15:54.950+0100: 7.146: [Full GC (Allocation Failure)  961M->282K(1024M), 0.0046277 secs]
2015-03-20T11:15:54.966+0100: 7.151: Total time for which application threads were stopped: 0.0047607 seconds
2015-03-20T11:15:54.966+0100: 7.157: [GC pause (G1 Humongous Allocation) (young) (initial-mark) 128M->128M(1024M), 0.0005097 secs]
2015-03-20T11:15:54.966+0100: 7.158: Total time for which application threads were stopped: 0.0064981 seconds
2015-03-20T11:15:54.966+0100: 7.158: [GC concurrent-root-region-scan-start]
2015-03-20T11:15:54.966+0100: 7.158: [GC concurrent-root-region-scan-end, 0.0000723 secs]
2015-03-20T11:15:54.966+0100: 7.158: [GC concurrent-mark-start]
2015-03-20T11:15:54.966+0100: 7.158: [GC concurrent-mark-end, 0.0007038 secs]
2015-03-20T11:15:54.981+0100: 7.170: [GC remark, 0.0014833 secs]
2015-03-20T11:15:54.981+0100: 7.172: Total time for which application threads were stopped: 0.0131374 seconds
2015-03-20T11:15:54.981+0100: 7.176: [GC cleanup 449M->449M(1024M), 0.0006119 secs]
2015-03-20T11:15:54.981+0100: 7.177: Total time for which application threads were stopped: 0.0053862 seconds
2015-03-20T11:15:55.013+0100: 7.204: [GC pause (G1 Humongous Allocation) (young) 961M->960M(1024M), 0.0005884 secs]
2015-03-20T11:15:55.013+0100: 7.205: Total time for which application threads were stopped: 0.0065284 seconds
2015-03-20T11:15:55.013+0100: 7.205: [Full GC (Allocation Failure)  960M->282K(1024M), 0.0046317 secs]
2015-03-20T11:15:55.013+0100: 7.210: Total time for which application threads were stopped: 0.0047592 seconds
2015-03-20T11:15:55.044+0100: 7.231: [GC pause (G1 Humongous Allocation) (young) (initial-mark) 450M->448M(1024M), 0.0008362 secs]
2015-03-20T11:15:55.044+0100: 7.232: Total time for which application threads were stopped: 0.0097955 seconds
2015-03-20T11:15:55.044+0100: 7.232: [GC concurrent-root-region-scan-start]
2015-03-20T11:15:55.044+0100: 7.232: [GC concurrent-root-region-scan-end, 0.0000352 secs]
2015-03-20T11:15:55.044+0100: 7.232: [GC concurrent-mark-start]
2015-03-20T11:15:55.044+0100: 7.233: [GC concurrent-mark-end, 0.0006647 secs]
2015-03-20T11:15:55.059+0100: 7.247: [GC remark, 0.0024202 secs]
2015-03-20T11:15:55.059+0100: 7.250: Total time for which application threads were stopped: 0.0167838 seconds
2015-03-20T11:15:55.059+0100: 7.255: [GC cleanup 834M->578M(1024M), 0.0007223 secs]
2015-03-20T11:15:55.059+0100: 7.256: Total time for which application threads were stopped: 0.0065988 seconds
2015-03-20T11:15:55.059+0100: 7.256: [GC concurrent-cleanup-start]
2015-03-20T11:15:55.059+0100: 7.256: [GC concurrent-cleanup-end, 0.0002058 secs]
2015-03-20T11:15:55.091+0100: 7.278: [GC pause (G1 Humongous Allocation) (young) 962M->960M(1024M), 0.0007003 secs]
2015-03-20T11:15:55.091+0100: 7.278: Total time for which application threads were stopped: 0.0067957 seconds
2015-03-20T11:15:55.091+0100: 7.278: [Full GC (Allocation Failure)  960M->128M(1024M), 0.0044538 secs]
2015-03-20T11:15:55.091+0100: 7.283: Total time for which application threads were stopped: 0.0045779 seconds
2015-03-20T11:15:55.106+0100: 7.299: [GC pause (G1 Humongous Allocation) (young) (initial-mark) 450M->448M(1024M), 0.0007482 secs]
2015-03-20T11:15:55.106+0100: 7.300: Total time for which application threads were stopped: 0.0062107 seconds
2015-03-20T11:15:55.106+0100: 7.300: [GC concurrent-root-region-scan-start]
2015-03-20T11:15:55.106+0100: 7.300: [GC concurrent-root-region-scan-end, 0.0000323 secs]
2015-03-20T11:15:55.106+0100: 7.300: [GC concurrent-mark-start]
2015-03-20T11:15:55.106+0100: 7.300: [GC concurrent-mark-end, 0.0004530 secs]
2015-03-20T11:15:55.122+0100: 7.314: [GC remark, 0.0013161 secs]
2015-03-20T11:15:55.122+0100: 7.316: Total time for which application threads were stopped: 0.0155820 seconds
2015-03-20T11:15:55.138+0100: 7.321: [GC cleanup 769M->513M(1024M), 0.0007864 secs]
2015-03-20T11:15:55.138+0100: 7.321: Total time for which application threads were stopped: 0.0055588 seconds
2015-03-20T11:15:55.138+0100: 7.321: [GC concurrent-cleanup-start]
2015-03-20T11:15:55.138+0100: 7.322: [GC concurrent-cleanup-end, 0.0002102 secs]
2015-03-20T11:15:55.153+0100: 7.347: [GC pause (G1 Humongous Allocation) (young) 962M->960M(1024M), 0.0007145 secs]
2015-03-20T11:15:55.153+0100: 7.348: Total time for which application threads were stopped: 0.0074438 seconds
2015-03-20T11:15:55.153+0100: 7.348: [Full GC (Allocation Failure)  960M->128M(1024M), 0.0044415 secs]
2015-03-20T11:15:55.169+0100: 7.353: Total time for which application threads were stopped: 0.0045618 seconds
2015-03-20T11:15:55.184+0100: 7.370: [GC pause (G1 Humongous Allocation) (young) (initial-mark) 449M->448M(1024M), 0.0007912 secs]
2015-03-20T11:15:55.184+0100: 7.370: Total time for which application threads were stopped: 0.0055690 seconds
2015-03-20T11:15:55.184+0100: 7.370: [GC concurrent-root-region-scan-start]
2015-03-20T11:15:55.184+0100: 7.370: [GC concurrent-root-region-scan-end, 0.0000450 secs]
2015-03-20T11:15:55.184+0100: 7.370: [GC concurrent-mark-start]
2015-03-20T11:15:55.184+0100: 7.371: [GC concurrent-mark-end, 0.0006901 secs]
2015-03-20T11:15:55.200+0100: 7.383: [GC remark, 0.0019275 secs]
2015-03-20T11:15:55.200+0100: 7.385: Total time for which application threads were stopped: 0.0133823 seconds
2015-03-20T11:15:55.200+0100: 7.389: [GC cleanup 770M->514M(1024M), 0.0006700 secs]
2015-03-20T11:15:55.200+0100: 7.390: Total time for which application threads were stopped: 0.0053921 seconds
2015-03-20T11:15:55.200+0100: 7.390: [GC concurrent-cleanup-start]
2015-03-20T11:15:55.200+0100: 7.390: [GC concurrent-cleanup-end, 0.0002092 secs]
2015-03-20T11:15:55.231+0100: 7.415: [GC pause (G1 Humongous Allocation) (young) 962M->960M(1024M), 0.0005298 secs]
2015-03-20T11:15:55.231+0100: 7.416: Total time for which application threads were stopped: 0.0056032 seconds
2015-03-20T11:15:55.231+0100: 7.416: [Full GC (Allocation Failure)  960M->192M(1024M), 0.0042720 secs]
2015-03-20T11:15:55.231+0100: 7.420: Total time for which application threads were stopped: 0.0043956 seconds
2015-03-20T11:15:55.247+0100: 7.433: [GC pause (G1 Humongous Allocation) (young) (initial-mark) 449M->448M(1024M), 0.0007971 secs]
2015-03-20T11:15:55.247+01002015-03-20T11:15:55.247+0100: : 7.4337.433: : [GC concurrent-root-region-scan-start]
Total time for which application threads were stopped: 0.0010625 seconds
2015-03-20T11:15:55.247+0100: 7.434: [GC concurrent-root-region-scan-end, 0.0000552 secs]
2015-03-20T11:15:55.247+0100: 7.434: [GC concurrent-mark-start]
2015-03-20T11:15:55.247+0100: 7.434: [GC concurrent-mark-end, 0.0006305 secs]
2015-03-20T11:15:55.263+0100: 7.449: [GC remark, 0.0013655 secs]
2015-03-20T11:15:55.263+0100: 7.450: Total time for which application threads were stopped: 0.0157448 seconds
2015-03-20T11:15:55.263+0100: 7.456: [GC cleanup 834M->578M(1024M), 0.0005987 secs]
2015-03-20T11:15:55.263+0100: 7.457: Total time for which application threads were stopped: 0.0064722 seconds
2015-03-20T11:15:55.263+0100: 7.457: [GC concurrent-cleanup-start]
2015-03-20T11:15:55.263+0100: 7.457: [GC concurrent-cleanup-end, 0.0002136 secs]
2015-03-20T11:15:55.294+0100: 7.478: [GC pause (G1 Humongous Allocation) (young) 962M->960M(1024M), 0.0004540 secs]
2015-03-20T11:15:55.294+0100: 7.478: Total time for which application threads were stopped: 0.0013958 seconds
2015-03-20T11:15:55.294+0100: 7.478: [Full GC (Allocation Failure)  960M->192M(1024M), 0.0042871 secs]
2015-03-20T11:15:55.294+0100: 7.483: Total time for which application threads were stopped: 0.0044073 seconds
2015-03-20T11:15:55.309+0100: 7.495: [GC pause (G1 Humongous Allocation) (young) (initial-mark) 449M->448M(1024M), 0.0004980 secs]
2015-03-20T11:15:55.309+0100: 7.496: Total time for which application threads were stopped: 0.0008431 seconds
2015-03-20T11:15:55.309+0100: 7.496: [GC concurrent-root-region-scan-start]
2015-03-20T11:15:55.309+0100: 7.496: [GC concurrent-root-region-scan-end, 0.0000283 secs]
2015-03-20T11:15:55.309+0100: 7.496: [GC concurrent-mark-start]
2015-03-20T11:15:55.309+0100: 7.496: [GC concurrent-mark-end, 0.0007072 secs]
2015-03-20T11:15:55.325+0100: 7.508: [GC remark, 0.0011705 secs]
2015-03-20T11:15:55.325+0100: 7.509: Total time for which application threads were stopped: 0.0126013 seconds
2015-03-20T11:15:55.325+0100: 7.521: [GC cleanup 962M->706M(1024M), 0.0006050 secs]
2015-03-20T11:15:55.325+0100: 7.522: Total time for which application threads were stopped: 0.0125431 seconds
2015-03-20T11:15:55.325+0100: 7.522: [GC concurrent-cleanup-start]
2015-03-20T11:15:55.325+0100: 7.522: [GC concurrent-cleanup-end, 0.0002067 secs]
2015-03-20T11:15:55.356+0100: 7.539: [GC pause (G1 Humongous Allocation) (young) 962M->960M(1024M), 0.0007145 secs]
2015-03-20T11:15:55.356+0100: 7.540: Total time for which application threads were stopped: 0.0068265 seconds
2015-03-20T11:15:55.356+0100: 7.540: [Full GC (Allocation Failure)  960M->282K(1024M), 0.0045251 secs]
2015-03-20T11:15:55.356+0100: 7.545: Total time for which application threads were stopped: 0.0046507 seconds
2015-03-20T11:15:55.372+0100: 7.566: [GC pause (G1 Humongous Allocation) (young) (initial-mark) 450M->448M(1024M), 0.0006481 secs]
2015-03-20T11:15:55.372+0100: 7.566: Total time for which application threads were stopped: 0.0095101 seconds
2015-03-20T11:15:55.372+0100: 7.566: [GC concurrent-root-region-scan-start]
2015-03-20T11:15:55.372+0100: 7.567: [GC concurrent-root-region-scan-end, 0.0000469 secs]
2015-03-20T11:15:55.372+0100: 7.567: [GC concurrent-mark-start]
2015-03-20T11:15:55.372+0100: 7.567: [GC concurrent-mark-end, 0.0006671 secs]
2015-03-20T11:15:55.388+0100: 7.582: [GC remark, 0.0013591 secs]
2015-03-20T11:15:55.388+0100: 7.583: Total time for which application threads were stopped: 0.0158562 seconds
2015-03-20T11:15:55.403+0100: 7.588: [GC cleanup 770M->514M(1024M), 0.0005400 secs]
2015-03-20T11:15:55.403+0100: 7.589: Total time for which application threads were stopped: 0.0053750 seconds
2015-03-20T11:15:55.403+0100: 7.589: [GC concurrent-cleanup-start]
2015-03-20T11:15:55.403+0100: 7.589: [GC concurrent-cleanup-end, 0.0002131 secs]
2015-03-20T11:15:55.419+0100: 7.613: [GC pause (G1 Humongous Allocation) (young) 962M->960M(1024M), 0.0005591 secs]
2015-03-20T11:15:55.419+0100: 7.614: Total time for which application threads were stopped: 0.0071158 seconds
2015-03-20T11:15:55.419+0100: 7.614: [Full GC (Allocation Failure)  960M->282K(1024M), 0.0045647 secs]
2015-03-20T11:15:55.434+0100: 7.619: Total time for which application threads were stopped: 0.0047020 seconds
2015-03-20T11:15:55.434+0100: 7.628: [GC pause (G1 Humongous Allocation) (young) (initial-mark) 193M->192M(1024M), 0.0005918 secs]
2015-03-20T11:15:55.434+0100: 2015-03-20T11:15:55.434+0100: 7.628: 7.628: Total time for which application threads were stopped: 0.0094803 seconds
[GC concurrent-root-region-scan-start]
2015-03-20T11:15:55.434+0100: 7.629: [GC concurrent-root-region-scan-end, 0.0000562 secs]
2015-03-20T11:15:55.434+0100: 7.629: [GC concurrent-mark-start]
2015-03-20T11:15:55.434+0100: 7.629: [GC concurrent-mark-end, 0.0004345 secs]
2015-03-20T11:15:55.450+0100: 7.643: [GC remark, 0.0014999 secs]
2015-03-20T11:15:55.450+0100: 7.644: Total time for which application threads were stopped: 0.0151681 seconds
2015-03-20T11:15:55.466+0100: 7.653: [GC cleanup 642M->642M(1024M), 0.0004061 secs]
2015-03-20T11:15:55.466+0100: 7.654: Total time for which application threads were stopped: 0.0094021 seconds
2015-03-20T11:15:55.481+0100: 7.674: [GC pause (G1 Humongous Allocation) (young) 962M->960M(1024M), 0.0004325 secs]
2015-03-20T11:15:55.481+0100: 7.674: Total time for which application threads were stopped: 0.0085615 seconds
2015-03-20T11:15:55.481+0100: 7.674: [GC pause (G1 Humongous Allocation) (young) (initial-mark) 961M->960M(1024M), 0.0003739 secs]
2015-03-20T11:15:55.481+01002015-03-20T11:15:55.481+0100: : 7.675: 7.675: [GC concurrent-root-region-scan-start]
Total time for which application threads were stopped: 0.0004433 seconds
2015-03-20T11:15:55.481+0100: 7.675: [GC concurrent-root-region-scan-end, 0.0000230 secs]
2015-03-20T11:15:55.481+0100: 7.675: [GC concurrent-mark-start]
2015-03-20T11:15:55.481+0100: 7.675: [GC pause (G1 Humongous Allocation) (young) 960M->960M(1024M), 0.0002556 secs]
2015-03-20T11:15:55.481+0100: 7.675: Total time for which application threads were stopped: 0.0003143 seconds
2015-03-20T11:15:55.481+0100: 7.675: [Full GC (Allocation Failure)  960M->282K(1024M), 0.0045598 secs]
2015-03-20T11:15:55.497+0100: 7.680: Total time for which application threads were stopped: 0.0046795 seconds
2015-03-20T11:15:55.497+0100: 7.680: [GC concurrent-mark-abort]
2015-03-20T11:15:55.497+0100: 7.686: Total time for which application threads were stopped: 0.0059791 seconds
2015-03-20T11:15:55.497+0100: 7.692: Total time for which application threads were stopped: 0.0060099 seconds
2015-03-20T11:15:55.513+0100: 7.707: [GC pause (G1 Humongous Allocation) (young) (initial-mark) 513M->512M(1024M), 0.0006710 secs]
2015-03-20T11:15:55.513+0100: 7.708: Total time for which application threads were stopped: 0.0015287 seconds
2015-03-20T11:15:55.513+0100: 7.708: [GC concurrent-root-region-scan-start]
2015-03-20T11:15:55.513+0100: 7.708: [GC concurrent-root-region-scan-end, 0.0000459 secs]
2015-03-20T11:15:55.513+0100: 7.708: [GC concurrent-mark-start]
2015-03-20T11:15:55.513+0100: 7.709: [GC concurrent-mark-end, 0.0006945 secs]
2015-03-20T11:15:55.528+0100: 7.720: [GC remark, 0.0019495 secs]
2015-03-20T11:15:55.528+0100: 7.722: Total time for which application threads were stopped: 0.0135455 seconds
2015-03-20T11:15:55.544+0100: 7.731: [GC cleanup 962M->642M(1024M), 0.0008665 secs]
2015-03-20T11:15:55.544+0100: 7.732: Total time for which application threads were stopped: 0.0098307 seconds
2015-03-20T11:15:55.544+0100: 7.732: [GC concurrent-cleanup-start]
2015-03-20T11:15:55.544+0100: 7.732: [GC concurrent-cleanup-end, 0.0002712 secs]
2015-03-20T11:15:55.559+0100: 7.751: [GC pause (G1 Humongous Allocation) (young) 962M->960M(1024M), 0.0006945 secs]
2015-03-20T11:15:55.559+0100: 7.752: Total time for which application threads were stopped: 0.0049298 seconds
2015-03-20T11:15:55.559+0100: 7.752: [Full GC (Allocation Failure)  960M->282K(1024M), 0.0046649 secs]
2015-03-20T11:15:55.559+0100: 7.757: Total time for which application threads were stopped: 0.0047988 seconds
2015-03-20T11:15:55.591+0100: 7.779: [GC pause (G1 Humongous Allocation) (young) (initial-mark) 450M->448M(1024M), 0.0007820 secs]
2015-03-20T11:15:55.591+0100: 7.780: Total time for which application threads were stopped: 0.0112539 seconds
2015-03-20T11:15:55.591+0100: 7.780: [GC concurrent-root-region-scan-start]
2015-03-20T11:15:55.591+0100: 7.780: [GC concurrent-root-region-scan-end, 0.0000420 secs]
2015-03-20T11:15:55.591+0100: 7.780: [GC concurrent-mark-start]
2015-03-20T11:15:55.591+0100: 7.781: [GC concurrent-mark-end, 0.0006412 secs]
2015-03-20T11:15:55.606+0100: 7.796: [GC remark, 0.0013924 secs]
2015-03-20T11:15:55.606+0100: 7.797: Total time for which application threads were stopped: 0.0159051 seconds
2015-03-20T11:15:55.606+0100: 7.803: [GC cleanup 834M->578M(1024M), 0.0005127 secs]
2015-03-20T11:15:55.606+0100: 7.803: Total time for which application threads were stopped: 0.0064184 seconds
2015-03-20T11:15:55.606+0100: 7.803: [GC concurrent-cleanup-start]
2015-03-20T11:15:55.606+0100: 7.804: [GC concurrent-cleanup-end, 0.0001857 secs]
2015-03-20T11:15:55.638+0100: 7.826: [GC pause (G1 Humongous Allocation) (young) 962M->960M(1024M), 0.0004604 secs]
2015-03-20T11:15:55.638+0100: 7.827: Total time for which application threads were stopped: 0.0044411 seconds
2015-03-20T11:15:55.638+0100: 7.827: [Full GC (Allocation Failure)  960M->128M(1024M), 0.0043272 secs]
2015-03-20T11:15:55.638+0100: 7.831: Total time for which application threads were stopped: 0.0044435 seconds
2015-03-20T11:15:55.653+0100: 7.848: [GC pause (G1 Humongous Allocation) (young) (initial-mark) 449M->448M(1024M), 0.0005317 secs]
2015-03-20T11:15:55.653+0100: 7.848: Total time for which application threads were stopped: 0.0050774 seconds
2015-03-20T11:15:55.653+0100: 7.848: [GC concurrent-root-region-scan-start]
2015-03-20T11:15:55.653+0100: 7.848: [GC concurrent-root-region-scan-end, 0.0000386 secs]
2015-03-20T11:15:55.653+0100: 7.848: [GC concurrent-mark-start]
2015-03-20T11:15:55.653+0100: 7.849: [GC concurrent-mark-end, 0.0006940 secs]
2015-03-20T11:15:55.669+0100: 7.863: [GC remark, 0.0020663 secs]
2015-03-20T11:15:55.669+0100: 7.865: Total time for which application threads were stopped: 0.0158552 seconds
2015-03-20T11:15:55.684+0100: 7.870: [GC cleanup 770M->514M(1024M), 0.0006075 secs]
2015-03-20T11:15:55.684+0100: 7.871: Total time for which application threads were stopped: 0.0054517 seconds
2015-03-20T11:15:55.684+0100: 7.871: [GC concurrent-cleanup-start]
2015-03-20T11:15:55.684+0100: 7.871: [GC concurrent-cleanup-end, 0.0001940 secs]
2015-03-20T11:15:55.700+0100: 7.896: [GC pause (G1 Humongous Allocation) (young) 962M->960M(1024M), 0.0005674 secs]
2015-03-20T11:15:55.700+0100: 7.896: Total time for which application threads were stopped: 0.0053374 seconds
2015-03-20T11:15:55.700+0100: 7.896: [GC pause (G1 Humongous Allocation) (young) (initial-mark) 961M->960M(1024M), 0.0004770 secs]
2015-03-20T11:15:55.700+0100: 7.897: 2015-03-20T11:15:55.700+0100: [GC concurrent-root-region-scan-start]
7.897: Total time for which application threads were stopped: 0.0005659 seconds
2015-03-20T11:15:55.700+0100: 7.897: [GC concurrent-root-region-scan-end, 0.0000200 secs]
2015-03-20T11:15:55.700+0100: 7.897: [GC concurrent-mark-start]
2015-03-20T11:15:55.700+0100: 7.897: [GC pause (G1 Humongous Allocation) (young) 960M->960M(1024M), 0.0002752 secs]
2015-03-20T11:15:55.700+0100: 7.897: Total time for which application threads were stopped: 0.0003426 seconds
2015-03-20T11:15:55.700+0100: 7.897: [Full GC (Allocation Failure)  960M->282K(1024M), 0.0046004 secs]
2015-03-20T11:15:55.716+0100: 7.902: Total time for which application threads were stopped: 0.0047206 seconds
2015-03-20T11:15:55.716+0100: 7.902: [GC concurrent-mark-abort]
2015-03-20T11:15:55.716+0100: 7.908: Total time for which application threads were stopped: 0.0058716 seconds
2015-03-20T11:15:55.731+0100: 7.917: Total time for which application threads were stopped: 0.0090361 seconds
2015-03-20T11:15:55.747+0100: 7.933: [GC pause (G1 Humongous Allocation) (young) (initial-mark) 577M->576M(1024M), 0.0006857 secs]
2015-03-20T11:15:55.747+0100: 7.933: [GC concurrent-root-region-scan-start]
2015-03-20T11:15:55.747+0100: 7.933: Total time for which application threads were stopped: 0.0025702 seconds
2015-03-20T11:15:55.747+0100: 7.933: [GC concurrent-root-region-scan-end, 0.0000225 secs]
2015-03-20T11:15:55.747+0100: 7.933: [GC concurrent-mark-start]
2015-03-20T11:15:55.747+0100: 7.934: [GC concurrent-mark-end, 0.0007697 secs]
2015-03-20T11:15:55.763+0100: 7.946: [GC remark, 0.0022867 secs]
2015-03-20T11:15:55.763+0100: 7.948: Total time for which application threads were stopped: 0.0137400 seconds
2015-03-20T11:15:55.763+0100: 7.954: [GC pause (G1 Humongous Allocation) (young) 962M->960M(1024M), 0.0004941 secs]
2015-03-20T11:15:55.763+0100: 7.955: Total time for which application threads were stopped: 0.0064380 seconds
2015-03-20T11:15:55.763+0100: 7.955: [Full GC (Allocation Failure)  960M->282K(1024M), 0.0045329 secs]
2015-03-20T11:15:55.763+0100: 7.959: Total time for which application threads were stopped: 0.0046590 seconds
2015-03-20T11:15:55.778+0100: 7.965: [GC cleanup, 0.0000137 secs]
2015-03-20T11:15:55.778+0100: 7.965: Total time for which application threads were stopped: 0.0059757 seconds
2015-03-20T11:15:55.778+0100: 7.965: [GC concurrent-mark-abort]
2015-03-20T11:15:55.794+0100: 7.984: [GC pause (G1 Humongous Allocation) (young) (initial-mark) 449M->448M(1024M), 0.0007321 secs]
2015-03-20T11:15:55.794+0100: 7.984: Total time for which application threads were stopped: 0.0067175 seconds
2015-03-20T11:15:55.794+0100: 7.984: [GC concurrent-root-region-scan-start]
2015-03-20T11:15:55.794+0100: 7.985: [GC concurrent-root-region-scan-end, 0.0000528 secs]
2015-03-20T11:15:55.794+0100: 7.985: [GC concurrent-mark-start]
2015-03-20T11:15:55.794+0100: 7.985: [GC concurrent-mark-end, 0.0008284 secs]
2015-03-20T11:15:55.809+0100: 7.998: [GC remark, 0.0019310 secs]
2015-03-20T11:15:55.809+0100: 8.000: Total time for which application threads were stopped: 0.0143949 seconds
2015-03-20T11:15:55.809+0100: 8.000: [GC cleanup 705M->449M(1024M), 0.0006129 secs]
2015-03-20T11:15:55.809+0100: 8.001: Total time for which application threads were stopped: 0.0006490 seconds
2015-03-20T11:15:55.809+0100: 8.001: [GC concurrent-cleanup-start]
2015-03-20T11:15:55.809+0100: 8.001: [GC concurrent-cleanup-end, 0.0002053 secs]
2015-03-20T11:15:55.841+0100: 8.027: [GC pause (G1 Humongous Allocation) (young) 962M->960M(1024M), 0.0008377 secs]
2015-03-20T11:15:55.841+0100: 8.028: Total time for which application threads were stopped: 0.0024817 seconds
2015-03-20T11:15:55.841+0100: 8.028: [Full GC (Allocation Failure)  960M->282K(1024M), 0.0045764 secs]
2015-03-20T11:15:55.841+0100: 8.033: Total time for which application threads were stopped: 0.0047108 seconds
2015-03-20T11:15:55.872+0100: 8.056: [GC pause (G1 Humongous Allocation) (young) (initial-mark) 450M->448M(1024M), 0.0007536 secs]
2015-03-20T11:15:55.872+0100: 8.056: Total time for which application threads were stopped: 0.0067713 seconds
2015-03-20T11:15:55.872+0100: 8.056: [GC concurrent-root-region-scan-start]
2015-03-20T11:15:55.872+0100: 8.056: [GC concurrent-root-region-scan-end, 0.0000469 secs]
2015-03-20T11:15:55.872+0100: 8.056: [GC concurrent-mark-start]
2015-03-20T11:15:55.872+0100: 8.057: [GC concurrent-mark-end, 0.0007453 secs]
2015-03-20T11:15:55.872+0100: 8.069: [GC remark, 0.0013308 secs]
2015-03-20T11:15:55.888+0100: 8.070: Total time for which application threads were stopped: 0.0126526 seconds
2015-03-20T11:15:55.888+0100: 8.079: [GC cleanup 898M->642M(1024M), 0.0007306 secs]
2015-03-20T11:15:55.888+0100: 8.080: Total time for which application threads were stopped: 0.0096509 seconds
2015-03-20T11:15:55.888+0100: 8.080: [GC concurrent-cleanup-start]
2015-03-20T11:15:55.888+0100: 8.080: [GC concurrent-cleanup-end, 0.0001940 secs]
2015-03-20T11:15:55.903+0100: 8.098: [GC pause (G1 Humongous Allocation) (young) 962M->960M(1024M), 0.0007135 secs]
2015-03-20T11:15:55.903+0100: 8.099: Total time for which application threads were stopped: 0.0077189 seconds
2015-03-20T11:15:55.903+0100: 8.099: [Full GC (Allocation Failure)  960M->128M(1024M), 0.0044801 secs]
2015-03-20T11:15:55.919+0100: 8.104: Total time for which application threads were stopped: 0.0046111 seconds
2015-03-20T11:15:55.934+0100: 8.120: [GC pause (G1 Humongous Allocation) (young) (initial-mark) 449M->448M(1024M), 0.0006500 secs]
2015-03-20T11:15:55.934+0100: 8.121: Total time for which application threads were stopped: 0.0053305 seconds
2015-03-20T11:15:55.934+0100: 8.121: [GC concurrent-root-region-scan-start]
2015-03-20T11:15:55.934+0100: 8.121: [GC concurrent-root-region-scan-end, 0.0000469 secs]
2015-03-20T11:15:55.934+0100: 8.121: [GC concurrent-mark-start]
2015-03-20T11:15:55.934+0100: 8.122: [GC concurrent-mark-end, 0.0006451 secs]
2015-03-20T11:15:55.950+0100: 8.134: [GC remark, 0.0012384 secs]
2015-03-20T11:15:55.950+0100: 8.136: Total time for which application threads were stopped: 0.0137948 seconds
2015-03-20T11:15:55.950+0100: 8.140: [GC cleanup 770M->514M(1024M), 0.0004271 secs]
2015-03-20T11:15:55.950+0100: 8.141: Total time for which application threads were stopped: 0.0051805 seconds
2015-03-20T11:15:55.950+0100: 8.141: [GC concurrent-cleanup-start]
2015-03-20T11:15:55.950+0100: 8.141: [GC concurrent-cleanup-end, 0.0002082 secs]
2015-03-20T11:15:55.981+0100: 8.166: [GC pause (G1 Humongous Allocation) (young) 962M->960M(1024M), 0.0004374 secs]
2015-03-20T11:15:55.981+0100: 8.167: Total time for which application threads were stopped: 0.0051087 seconds
2015-03-20T11:15:55.981+0100: 8.167: [Full GC (Allocation Failure)  960M->282K(1024M), 0.0044953 secs]
2015-03-20T11:15:55.981+0100: 8.171: Total time for which application threads were stopped: 0.0046224 seconds
2015-03-20T11:15:55.997+0100: 8.192: [GC pause (G1 Humongous Allocation) (young) (initial-mark) 450M->448M(1024M), 0.0005518 secs]
2015-03-20T11:15:55.997+01002015-03-20T11:15:55.997+0100: : 8.193: 8.193: [GC concurrent-root-region-scan-start]
Total time for which application threads were stopped: 0.0095082 seconds
2015-03-20T11:15:55.997+0100: 8.193: [GC concurrent-root-region-scan-end, 0.0000391 secs]
2015-03-20T11:15:55.997+0100: 8.193: [GC concurrent-mark-start]
2015-03-20T11:15:55.997+0100: 8.194: [GC concurrent-mark-end, 0.0005005 secs]
2015-03-20T11:15:56.013+0100: 8.207: [GC remark, 0.0019134 secs]
2015-03-20T11:15:56.013+0100: 8.209: Total time for which application threads were stopped: 0.0157829 seconds
2015-03-20T11:15:56.028+0100: 8.225: [GC cleanup 962M->706M(1024M), 0.0007800 secs]
2015-03-20T11:15:56.028+0100: 8.225: Total time for which application threads were stopped: 0.0158865 seconds
2015-03-20T11:15:56.028+0100: 8.225: [GC concurrent-cleanup-start]
2015-03-20T11:15:56.028+0100: 8.226: [GC concurrent-cleanup-end, 0.0002102 secs]
2015-03-20T11:15:56.059+0100: 8.242: [GC pause (G1 Humongous Allocation) (young) 962M->960M(1024M), 0.0008035 secs]
2015-03-20T11:15:56.059+0100: 8.243: Total time for which application threads were stopped: 0.0061975 seconds
2015-03-20T11:15:56.059+0100: 8.243: [Full GC (Allocation Failure)  960M->128M(1024M), 0.0044283 secs]
2015-03-20T11:15:56.059+0100: 8.248: Total time for which application threads were stopped: 0.0045691 seconds
2015-03-20T11:15:56.075+0100: 8.265: [GC pause (G1 Humongous Allocation) (young) (initial-mark) 449M->448M(1024M), 0.0008621 secs]
2015-03-20T11:15:56.075+0100: 2015-03-20T11:15:56.075+0100: 8.266: 8.266[GC concurrent-root-region-scan-start]
: Total time for which application threads were stopped: 0.0054522 seconds
2015-03-20T11:15:56.075+0100: 8.266: [GC concurrent-root-region-scan-end, 0.0000225 secs]
2015-03-20T11:15:56.075+0100: 8.266: [GC concurrent-mark-start]
2015-03-20T11:15:56.075+0100: 8.266: [GC concurrent-mark-end, 0.0004482 secs]
2015-03-20T11:15:56.091+0100: 8.278: [GC remark, 0.0013557 secs]
2015-03-20T11:15:56.091+0100: 8.279: Total time for which application threads were stopped: 0.0132000 seconds
2015-03-20T11:15:56.091+0100: 8.285: [GC cleanup 834M->578M(1024M), 0.0008245 secs]
2015-03-20T11:15:56.091+0100: 8.286: Total time for which application threads were stopped: 0.0067420 seconds
2015-03-20T11:15:56.091+0100: 8.286: [GC concurrent-cleanup-start]
2015-03-20T11:15:56.091+0100: 8.286: [GC concurrent-cleanup-end, 0.0002043 secs]
2015-03-20T11:15:56.122+0100: 8.307: [GC pause (G1 Humongous Allocation) (young) 962M->960M(1024M), 0.0007678 secs]
2015-03-20T11:15:56.122+0100: 8.308: Total time for which application threads were stopped: 0.0013362 seconds
2015-03-20T11:15:56.122+0100: 8.308: [Full GC (Allocation Failure)  960M->64M(1024M), 0.0044205 secs]
2015-03-20T11:15:56.122+0100: 8.313: Total time for which application threads were stopped: 0.0045539 seconds
2015-03-20T11:15:56.138+0100: 8.331: [GC pause (G1 Humongous Allocation) (young) (initial-mark) 450M->448M(1024M), 0.0007927 secs]
2015-03-20T11:15:56.138+0100: 2015-03-20T11:15:56.138+0100: 8.332: [GC concurrent-root-region-scan-start]
8.332: Total time for which application threads were stopped: 0.0041727 seconds
2015-03-20T11:15:56.138+0100: 8.332: [GC concurrent-root-region-scan-end, 0.0000699 secs]
2015-03-20T11:15:56.138+0100: 8.332: [GC concurrent-mark-start]
2015-03-20T11:15:56.138+0100: 8.332: [GC concurrent-mark-end, 0.0004902 secs]
2015-03-20T11:15:56.153+0100: 8.346: [GC remark, 0.0019388 secs]
2015-03-20T11:15:56.153+0100: 8.348: Total time for which application threads were stopped: 0.0160928 seconds
2015-03-20T11:15:56.153+0100: 8.348: [GC cleanup 705M->449M(1024M), 0.0007502 secs]
2015-03-20T11:15:56.153+0100: 8.349: Total time for which application threads were stopped: 0.0007947 seconds
2015-03-20T11:15:56.153+0100: 8.349: [GC concurrent-cleanup-start]
2015-03-20T11:15:56.153+0100: 8.349: [GC concurrent-cleanup-end, 0.0002048 secs]
2015-03-20T11:15:56.184+0100: 8.378: [GC pause (G1 Humongous Allocation) (young) 962M->960M(1024M), 0.0008997 secs]
2015-03-20T11:15:56.184+0100: 8.379: Total time for which application threads were stopped: 0.0019964 seconds
2015-03-20T11:15:56.184+0100: 8.379: [Full GC (Allocation Failure)  960M->64M(1024M), 0.0046854 secs]
2015-03-20T11:15:56.200+0100: 8.384: Total time for which application threads were stopped: 0.0048110 seconds
2015-03-20T11:15:56.216+0100: 8.405: [GC pause (G1 Humongous Allocation) (young) (initial-mark) 513M->512M(1024M), 0.0013054 secs]
2015-03-20T11:15:56.216+0100: 8.406: Total time for which application threads were stopped: 0.0102950 seconds
2015-03-20T11:15:56.216+0100: 8.406: [GC concurrent-root-region-scan-start]
2015-03-20T11:15:56.216+0100: 8.406: [GC concurrent-root-region-scan-end, 0.0000239 secs]
2015-03-20T11:15:56.216+0100: 8.406: [GC concurrent-mark-start]
2015-03-20T11:15:56.216+0100: 8.407: [GC concurrent-mark-end, 0.0006578 secs]
2015-03-20T11:15:56.231+0100: 8.418: [GC remark, 0.0020952 secs]
2015-03-20T11:15:56.231+0100: 8.420: Total time for which application threads were stopped: 0.0137132 seconds
2015-03-20T11:15:56.231+0100: 8.425: [GC cleanup 834M->514M(1024M), 0.0012306 secs]
2015-03-20T11:15:56.231+0100: 8.427: Total time for which application threads were stopped: 0.0061027 seconds
2015-03-20T11:15:56.231+0100: 8.427: [GC concurrent-cleanup-start]
2015-03-20T11:15:56.231+0100: 8.427: [GC concurrent-cleanup-end, 0.0002649 secs]
2015-03-20T11:15:56.263+0100: 8.452: [GC pause (G1 Humongous Allocation) (young) 962M->960M(1024M), 0.0006393 secs]
2015-03-20T11:15:56.263+0100: 8.453: Total time for which application threads were stopped: 0.0052807 seconds
2015-03-20T11:15:56.263+0100: 8.453: [Full GC (Allocation Failure)  960M->282K(1024M), 0.0047240 secs]
2015-03-20T11:15:56.263+0100: 8.458: Total time for which application threads were stopped: 0.0048477 seconds
2015-03-20T11:15:56.294+0100: 8.484: [GC pause (G1 Humongous Allocation) (young) (initial-mark) 513M->512M(1024M), 0.0005576 secs]
2015-03-20T11:15:56.294+0100: 8.484: Total time for which application threads were stopped: 0.0039567 seconds
2015-03-20T11:15:56.294+0100: 8.484: [GC concurrent-root-region-scan-start]
2015-03-20T11:15:56.294+0100: 8.484: [GC concurrent-root-region-scan-end, 0.0000635 secs]
2015-03-20T11:15:56.294+0100: 8.484: [GC concurrent-mark-start]
2015-03-20T11:15:56.294+0100: 8.485: [GC concurrent-mark-end, 0.0006554 secs]
2015-03-20T11:15:56.309+0100: 8.499: [GC remark, 0.0016235 secs]
2015-03-20T11:15:56.309+0100: 8.501: Total time for which application threads were stopped: 0.0157257 seconds
2015-03-20T11:15:56.325+0100: 8.510: [GC pause (G1 Humongous Allocation) (young) 962M->960M(1024M), 0.0008572 secs]
2015-03-20T11:15:56.325+0100: 8.511: Total time for which application threads were stopped: 0.0098332 seconds
2015-03-20T11:15:56.325+0100: 8.511: [GC cleanup 960M->640M(1024M), 0.0003890 secs]
2015-03-20T11:15:56.325+0100: 8.511: Total time for which application threads were stopped: 0.0004301 seconds
2015-03-20T11:15:56.325+0100: 8.511: [GC concurrent-cleanup-start]
2015-03-20T11:15:56.325+0100: 8.512: [GC concurrent-cleanup-end, 0.0002776 secs]
2015-03-20T11:15:56.341+0100: 8.530: [GC pause (G1 Humongous Allocation) (young) 961M->960M(1024M), 0.0008631 secs]
2015-03-20T11:15:56.341+0100: 8.531: Total time for which application threads were stopped: 0.0077869 seconds
2015-03-20T11:15:56.341+0100: 8.531: [Full GC (Allocation Failure)  961M->282K(1024M), 0.0046883 secs]
2015-03-20T11:15:56.341+0100: 8.536: Total time for which application threads were stopped: 0.0048144 seconds
2015-03-20T11:15:56.372+0100: 8.557: [GC pause (G1 Humongous Allocation) (young) (initial-mark) 449M->448M(1024M), 0.0008435 secs]
2015-03-20T11:15:56.372+0100: 2015-03-20T11:15:56.372+0100: 8.558: [GC concurrent-root-region-scan-start]
8.558: Total time for which application threads were stopped: 0.0098249 seconds
2015-03-20T11:15:56.372+0100: 8.558: [GC concurrent-root-region-scan-end, 0.0000386 secs]
2015-03-20T11:15:56.372+0100: 8.558: [GC concurrent-mark-start]
2015-03-20T11:15:56.372+0100: 8.559: [GC concurrent-mark-end, 0.0006642 secs]
2015-03-20T11:15:56.388+0100: 8.571: [GC remark, 0.0014256 secs]
2015-03-20T11:15:56.388+0100: 8.573: Total time for which application threads were stopped: 0.0142332 seconds
2015-03-20T11:15:56.388+0100: 8.579: [GC cleanup 834M->578M(1024M), 0.0005997 secs]
2015-03-20T11:15:56.388+0100: 8.579: Total time for which application threads were stopped: 0.0065074 seconds
2015-03-20T11:15:56.388+0100: 8.580: [GC concurrent-cleanup-start]
2015-03-20T11:15:56.388+0100: 8.580: [GC concurrent-cleanup-end, 0.0001852 secs]
2015-03-20T11:15:56.403+0100: 8.600: [GC pause (G1 Humongous Allocation) (young) 962M->960M(1024M), 0.0010351 secs]
2015-03-20T11:15:56.419+0100: 8.601: Total time for which application threads were stopped: 0.0059287 seconds
2015-03-20T11:15:56.419+0100: 8.601: [Full GC (Allocation Failure)  960M->282K(1024M), 0.0046629 secs]
2015-03-20T11:15:56.419+0100: 8.606: Total time for which application threads were stopped: 0.0047880 seconds
2015-03-20T11:15:56.435+0100: 8.630: [GC pause (G1 Humongous Allocation) (young) (initial-mark) 514M->512M(1024M), 0.0008299 secs]
2015-03-20T11:15:56.435+0100: 8.631: Total time for which application threads were stopped: 0.0020111 seconds
2015-03-20T11:15:56.435+0100: 8.631: [GC concurrent-root-region-scan-start]
2015-03-20T11:15:56.435+0100: 8.631: [GC concurrent-root-region-scan-end, 0.0000249 secs]
2015-03-20T11:15:56.435+0100: 8.631: [GC concurrent-mark-start]
2015-03-20T11:15:56.435+0100: 8.632: [GC concurrent-mark-end, 0.0004706 secs]
2015-03-20T11:15:56.450+0100: 8.646: [GC remark, 0.0014031 secs]
2015-03-20T11:15:56.450+0100: 8.648: Total time for which application threads were stopped: 0.0157624 seconds
2015-03-20T11:15:56.466+0100: 8.652: [GC cleanup 834M->514M(1024M), 0.0006011 secs]
2015-03-20T11:15:56.466+0100: 8.653: Total time for which application threads were stopped: 0.0054014 seconds
2015-03-20T11:15:56.466+0100: 8.653: [GC concurrent-cleanup-start]
2015-03-20T11:15:56.466+0100: 8.653: [GC concurrent-cleanup-end, 0.0002654 secs]
2015-03-20T11:15:56.482+0100: 8.678: [GC pause (G1 Humongous Allocation) (young) 962M->960M(1024M), 0.0007258 secs]
2015-03-20T11:15:56.482+0100: 8.679: Total time for which application threads were stopped: 0.0075581 seconds
2015-03-20T11:15:56.482+0100: 8.679: [Full GC (Allocation Failure)  960M->192M(1024M), 0.0043150 secs]
2015-03-20T11:15:56.497+0100: 8.683: Total time for which application threads were stopped: 0.0044352 seconds
2015-03-20T11:15:56.513+0100: 8.695: [GC pause (G1 Humongous Allocation) (young) (initial-mark) 449M->448M(1024M), 0.0005635 secs]
2015-03-20T11:15:56.513+01002015-03-20T11:15:56.513+0100: : 8.696: 8.696: [GC concurrent-root-region-scan-start]
Total time for which application threads were stopped: 0.0009931 seconds
2015-03-20T11:15:56.513+0100: 8.696: [GC concurrent-root-region-scan-end, 0.0000235 secs]
2015-03-20T11:15:56.513+0100: 8.696: [GC concurrent-mark-start]
2015-03-20T11:15:56.513+0100: 8.697: [GC concurrent-mark-end, 0.0006891 secs]
2015-03-20T11:15:56.513+0100: 8.708: [GC remark, 0.0014652 secs]
2015-03-20T11:15:56.513+0100: 8.709: Total time for which application threads were stopped: 0.0128730 seconds
2015-03-20T11:15:56.528+0100: 8.716: [GC cleanup 834M->578M(1024M), 0.0007228 secs]
2015-03-20T11:15:56.528+0100: 8.716: Total time for which application threads were stopped: 0.0066701 seconds
2015-03-20T11:15:56.528+0100: 8.716: [GC concurrent-cleanup-start]
2015-03-20T11:15:56.528+0100: 8.717: [GC concurrent-cleanup-end, 0.0002028 secs]
2015-03-20T11:15:56.544+0100: 8.739: [GC pause (G1 Humongous Allocation) (young) 962M->960M(1024M), 0.0005791 secs]
2015-03-20T11:15:56.544+0100: 8.739: Total time for which application threads were stopped: 0.0074091 seconds
2015-03-20T11:15:56.544+0100: 8.739: [Full GC (Allocation Failure)  960M->128M(1024M), 0.0050935 secs]
2015-03-20T11:15:56.560+0100: 8.744: Total time for which application threads were stopped: 0.0052264 seconds
2015-03-20T11:15:56.575+0100: 8.761: [GC pause (G1 Humongous Allocation) (young) (initial-mark) 449M->448M(1024M), 0.0006554 secs]
2015-03-20T11:15:56.575+0100: 2015-03-20T11:15:56.575+0100: 8.762: [GC concurrent-root-region-scan-start]
8.762: Total time for which application threads were stopped: 0.0054561 seconds
2015-03-20T11:15:56.575+0100: 8.762: [GC concurrent-root-region-scan-end, 0.0000406 secs]
2015-03-20T11:15:56.575+0100: 8.762: [GC concurrent-mark-start]
2015-03-20T11:15:56.575+0100: 8.763: [GC concurrent-mark-end, 0.0006969 secs]
2015-03-20T11:15:56.591+0100: 8.775: [GC remark, 0.0018391 secs]
2015-03-20T11:15:56.591+0100: 8.776: Total time for which application threads were stopped: 0.0134473 seconds
2015-03-20T11:15:56.591+0100: 8.785: [GC cleanup 898M->642M(1024M), 0.0007214 secs]
2015-03-20T11:15:56.591+0100: 8.786: Total time for which application threads were stopped: 0.0096494 seconds
2015-03-20T11:15:56.591+0100: 8.786: [GC concurrent-cleanup-start]
2015-03-20T11:15:56.591+0100: 8.786: [GC concurrent-cleanup-end, 0.0002175 secs]
2015-03-20T11:15:56.622+0100: 8.805: [GC pause (G1 Humongous Allocation) (young) 962M->960M(1024M), 0.0008641 secs]
2015-03-20T11:15:56.622+0100: 8.806: Total time for which application threads were stopped: 0.0077742 seconds
2015-03-20T11:15:56.622+0100: 8.806: [Full GC (Allocation Failure)  960M->282K(1024M), 0.0047211 secs]
2015-03-20T11:15:56.622+0100: 8.810: Total time for which application threads were stopped: 0.0048535 seconds
2015-03-20T11:15:56.638+0100: 8.832: [GC pause (G1 Humongous Allocation) (young) (initial-mark) 450M->448M(1024M), 0.0006906 secs]
2015-03-20T11:15:56.638+0100: 2015-03-20T11:15:56.638+0100: 8.832: 8.832: [GC concurrent-root-region-scan-start]
Total time for which application threads were stopped: 0.0095859 seconds
2015-03-20T11:15:56.638+0100: 8.832: [GC concurrent-root-region-scan-end, 0.0000762 secs]
2015-03-20T11:15:56.638+0100: 8.832: [GC concurrent-mark-start]
2015-03-20T11:15:56.638+0100: 8.833: [GC concurrent-mark-end, 0.0006134 secs]
2015-03-20T11:15:56.653+0100: 8.847: [GC remark, 0.0015009 secs]
2015-03-20T11:15:56.653+0100: 8.849: Total time for which application threads were stopped: 0.0157917 seconds
2015-03-20T11:15:56.669+0100: 8.860: [GC cleanup 898M->642M(1024M), 0.0008846 secs]
2015-03-20T11:15:56.669+0100: 8.861: Total time for which application threads were stopped: 0.0119366 seconds
2015-03-20T11:15:56.669+0100: 8.861: [GC concurrent-cleanup-start]
2015-03-20T11:15:56.669+0100: 8.861: [GC concurrent-cleanup-end, 0.0002018 secs]
2015-03-20T11:15:56.685+0100: 8.879: [GC pause (G1 Humongous Allocation) (young) 962M->960M(1024M), 0.0007966 secs]
2015-03-20T11:15:56.685+0100: 8.880: Total time for which application threads were stopped: 0.0056169 seconds
2015-03-20T11:15:56.685+0100: 8.880: [Full GC (Allocation Failure)  960M->192M(1024M), 0.0044938 secs]
2015-03-20T11:15:56.700+0100: 8.885: Total time for which application threads were stopped: 0.0046150 seconds
2015-03-20T11:15:56.716+0100: 8.899: [GC pause (G1 Humongous Allocation) (young) (initial-mark) 449M->448M(1024M), 0.0007443 secs]
2015-03-20T11:15:56.716+0100: 8.900: Total time for which application threads were stopped: 0.0050114 seconds
2015-03-20T11:15:56.716+0100: 8.900: [GC concurrent-root-region-scan-start]
2015-03-20T11:15:56.716+0100: 8.900: [GC concurrent-root-region-scan-end, 0.0000518 secs]
2015-03-20T11:15:56.716+0100: 8.900: [GC concurrent-mark-start]
2015-03-20T11:15:56.716+0100: 8.901: [GC concurrent-mark-end, 0.0007663 secs]
2015-03-20T11:15:56.732+0100: 8.916: [GC remark, 0.0012399 secs]
2015-03-20T11:15:56.732+0100: 8.917: Total time for which application threads were stopped: 0.0156881 seconds
2015-03-20T11:15:56.732+0100: 8.917: [GC cleanup 706M->450M(1024M), 0.0006959 secs]
2015-03-20T11:15:56.732+0100: 8.918: Total time for which application threads were stopped: 0.0007497 seconds
2015-03-20T11:15:56.732+0100: 8.918: [GC concurrent-cleanup-start]
2015-03-20T11:15:56.732+0100: 8.918: [GC concurrent-cleanup-end, 0.0002136 secs]
2015-03-20T11:15:56.763+0100: 8.948: [GC pause (G1 Humongous Allocation) (young) 962M->960M(1024M), 0.0006647 secs]
2015-03-20T11:15:56.763+0100: 8.948: Total time for which application threads were stopped: 0.0067723 seconds
2015-03-20T11:15:56.763+0100: 8.949: [GC pause (G1 Humongous Allocation) (young) (initial-mark) 961M->960M(1024M), 0.0004589 secs]
2015-03-20T11:15:56.763+0100: 2015-03-20T11:15:56.763+0100: 8.949: 8.949: Total time for which application threads were stopped: 0.0005298 seconds
[GC concurrent-root-region-scan-start]
2015-03-20T11:15:56.763+0100: 8.949: [GC concurrent-root-region-scan-end, 0.0000259 secs]
2015-03-20T11:15:56.763+0100: 8.949: [GC concurrent-mark-start]
2015-03-20T11:15:56.763+0100: 8.949: [Full GC (Allocation Failure)  960M->282K(1024M), 0.0046492 secs]
2015-03-20T11:15:56.763+0100: 8.954: Total time for which application threads were stopped: 0.0047709 seconds
2015-03-20T11:15:56.763+0100: 8.954: [GC concurrent-mark-abort]
2015-03-20T11:15:56.794+0100: 8.979: [GC pause (G1 Humongous Allocation) (young) (initial-mark) 449M->448M(1024M), 0.0006456 secs]
2015-03-20T11:15:56.794+0100: 8.979: Total time for which application threads were stopped: 0.0075884 seconds
2015-03-20T11:15:56.794+0100: 8.979: [GC concurrent-root-region-scan-start]
2015-03-20T11:15:56.794+0100: 8.979: [GC concurrent-root-region-scan-end, 0.0000381 secs]
2015-03-20T11:15:56.794+0100: 8.979: [GC concurrent-mark-start]
2015-03-20T11:15:56.794+0100: 8.980: [GC concurrent-mark-end, 0.0007370 secs]
2015-03-20T11:15:56.810+0100: 8.993: [GC remark, 0.0015483 secs]
2015-03-20T11:15:56.810+0100: 8.995: Total time for which application threads were stopped: 0.0147581 seconds
2015-03-20T11:15:56.810+0100: 9.000: [GC cleanup 769M->513M(1024M), 0.0004609 secs]
2015-03-20T11:15:56.810+0100: 9.001: Total time for which application threads were stopped: 0.0056203 seconds
2015-03-20T11:15:56.810+0100: 9.001: [GC concurrent-cleanup-start]
2015-03-20T11:15:56.810+0100: 9.001: [GC concurrent-cleanup-end, 0.0002175 secs]
2015-03-20T11:15:56.841+0100: 9.025: [GC pause (G1 Humongous Allocation) (young) 962M->960M(1024M), 0.0003656 secs]
2015-03-20T11:15:56.841+0100: 9.026: Total time for which application threads were stopped: 0.0086700 seconds
2015-03-20T11:15:56.841+0100: 9.026: [Full GC (Allocation Failure)  960M->282K(1024M), 0.0046243 secs]
2015-03-20T11:15:56.841+0100: 9.031: Total time for which application threads were stopped: 0.0047553 seconds
2015-03-20T11:15:56.857+0100: 9.053: [GC pause (G1 Humongous Allocation) (young) (initial-mark) 450M->448M(1024M), 0.0003934 secs]
2015-03-20T11:15:56.857+0100: 2015-03-20T11:15:56.857+0100: 9.053: [GC concurrent-root-region-scan-start]
9.053: Total time for which application threads were stopped: 0.0038536 seconds
2015-03-20T11:15:56.857+0100: 9.053: [GC concurrent-root-region-scan-end, 0.0000274 secs]
2015-03-20T11:15:56.857+0100: 9.053: [GC concurrent-mark-start]
2015-03-20T11:15:56.857+0100: 9.054: [GC concurrent-mark-end, 0.0007184 secs]
2015-03-20T11:15:56.872+0100: 9.067: [GC remark, 0.0016749 secs]
2015-03-20T11:15:56.872+0100: 9.068: Total time for which application threads were stopped: 0.0140592 seconds
2015-03-20T11:15:56.888+0100: 9.078: [GC cleanup 834M->578M(1024M), 0.0005224 secs]
2015-03-20T11:15:56.888+0100: 9.079: Total time for which application threads were stopped: 0.0105531 seconds
2015-03-20T11:15:56.888+0100: 9.079: [GC concurrent-cleanup-start]
2015-03-20T11:15:56.888+0100: 9.079: [GC concurrent-cleanup-end, 0.0002102 secs]
2015-03-20T11:15:56.904+0100: 9.100: [GC pause (G1 Humongous Allocation) (young) 962M->960M(1024M), 0.0006886 secs]
2015-03-20T11:15:56.904+0100: 9.101: Total time for which application threads were stopped: 0.0048697 seconds
2015-03-20T11:15:56.919+0100: 9.101: [Full GC (Allocation Failure)  961M->282K(1024M), 0.0045623 secs]
2015-03-20T11:15:56.919+0100: 9.106: Total time for which application threads were stopped: 0.0047011 seconds
2015-03-20T11:15:56.935+0100: 9.127: [GC pause (G1 Humongous Allocation) (young) (initial-mark) 449M->448M(1024M), 0.0007052 secs]
2015-03-20T11:15:56.935+01002015-03-20T11:15:56.935+0100: : 9.128: 9.128: [GC concurrent-root-region-scan-start]
Total time for which application threads were stopped: 0.0091157 seconds
2015-03-20T11:15:56.935+0100: 9.128: [GC concurrent-root-region-scan-end, 0.0000415 secs]
2015-03-20T11:15:56.935+0100: 9.128: [GC concurrent-mark-start]
2015-03-20T11:15:56.935+0100: 9.129: [GC concurrent-mark-end, 0.0007174 secs]
2015-03-20T11:15:56.950+0100: 9.140: [GC remark, 0.0012717 secs]
2015-03-20T11:15:56.950+0100: 9.141: Total time for which application threads were stopped: 0.0127357 seconds
2015-03-20T11:15:56.966+0100: 9.150: [GC cleanup 898M->642M(1024M), 0.0004320 secs]
2015-03-20T11:15:56.966+0100: 9.151: Total time for which application threads were stopped: 0.0093679 seconds
2015-03-20T11:15:56.966+0100: 9.151: [GC concurrent-cleanup-start]
2015-03-20T11:15:56.966+0100: 9.151: [GC concurrent-cleanup-end, 0.0002038 secs]
2015-03-20T11:15:56.982+0100: 9.170: [GC pause (G1 Humongous Allocation) (young) 962M->960M(1024M), 0.0003392 secs]
2015-03-20T11:15:56.982+0100: 9.170: Total time for which application threads were stopped: 0.0055299 seconds
2015-03-20T11:15:56.982+0100: 9.171: [Full GC (Allocation Failure)  960M->282K(1024M), 0.0044108 secs]
2015-03-20T11:15:56.982+0100: 9.175: Total time for which application threads were stopped: 0.0045393 seconds
2015-03-20T11:15:57.013+0100: 9.198: [GC pause (G1 Humongous Allocation) (young) (initial-mark) 450M->448M(1024M), 0.0004110 secs]
2015-03-20T11:15:57.013+01002015-03-20T11:15:57.013+0100: : 9.198: 9.198: [GC concurrent-root-region-scan-start]
Total time for which application threads were stopped: 0.0061110 seconds
2015-03-20T11:15:57.013+0100: 9.198: [GC concurrent-root-region-scan-end, 0.0000259 secs]
2015-03-20T11:15:57.013+0100: 9.198: [GC concurrent-mark-start]
2015-03-20T11:15:57.013+0100: 9.199: [GC concurrent-mark-end, 0.0004775 secs]
2015-03-20T11:15:57.029+0100: 9.212: [GC remark, 0.0010732 secs]
2015-03-20T11:15:57.029+0100: 9.213: Total time for which application threads were stopped: 0.0142928 seconds
2015-03-20T11:15:57.029+0100: 9.219: [GC cleanup 834M->578M(1024M), 0.0004159 secs]
2015-03-20T11:15:57.029+0100: 9.220: Total time for which application threads were stopped: 0.0063114 seconds
2015-03-20T11:15:57.029+0100: 9.220: [GC concurrent-cleanup-start]
2015-03-20T11:15:57.029+0100: 9.220: [GC concurrent-cleanup-end, 0.0002082 secs]
2015-03-20T11:15:57.060+0100: 9.242: [GC pause (G1 Humongous Allocation) (young) 962M->960M(1024M), 0.0003441 secs]
2015-03-20T11:15:57.060+0100: 9.242: Total time for which application threads were stopped: 0.0059092 seconds
2015-03-20T11:15:57.060+0100: 9.242: [Full GC (Allocation Failure)  960M->282K(1024M), 0.0047685 secs]
2015-03-20T11:15:57.060+0100: 9.247: Total time for which application threads were stopped: 0.0049151 seconds
2015-03-20T11:15:57.075+0100: 9.271: [GC pause (G1 Humongous Allocation) (young) (initial-mark) 450M->448M(1024M), 0.0004697 secs]
2015-03-20T11:15:57.075+01002015-03-20T11:15:57.075+0100: : 9.271: 9.271: [GC concurrent-root-region-scan-start]
Total time for which application threads were stopped: 0.0054146 seconds
2015-03-20T11:15:57.075+0100: 9.272: [GC concurrent-root-region-scan-end, 0.0000288 secs]
2015-03-20T11:15:57.075+0100: 9.272: [GC concurrent-mark-start]
2015-03-20T11:15:57.075+0100: 9.272: [GC concurrent-mark-end, 0.0007194 secs]
2015-03-20T11:15:57.091+0100: 9.287: [GC remark, 0.0015942 secs]
2015-03-20T11:15:57.107+0100: 9.289: Total time for which application threads were stopped: 0.0166343 seconds
2015-03-20T11:15:57.107+0100: 9.294: [GC cleanup 770M->514M(1024M), 0.0003656 secs]
2015-03-20T11:15:57.107+0100: 9.294: Total time for which application threads were stopped: 0.0053726 seconds
2015-03-20T11:15:57.107+0100: 9.294: [GC concurrent-cleanup-start]
2015-03-20T11:15:57.107+0100: 9.295: [GC concurrent-cleanup-end, 0.0002282 secs]
2015-03-20T11:15:57.138+0100: 9.320: [GC pause (G1 Humongous Allocation) (young) 962M->960M(1024M), 0.0003548 secs]
2015-03-20T11:15:57.138+0100: 9.320: Total time for which application threads were stopped: 0.0083860 seconds
2015-03-20T11:15:57.138+0100: 9.320: [Full GC (Allocation Failure)  961M->282K(1024M), 0.0047836 secs]
2015-03-20T11:15:57.138+0100: 9.325: Total time for which application threads were stopped: 0.0049229 seconds
2015-03-20T11:15:57.138+0100: 9.330: [GC pause (G1 Humongous Allocation) (young) (initial-mark) 64M->64M(1024M), 0.0003499 secs]
2015-03-20T11:15:57.138+0100: 2015-03-20T11:15:57.138+0100: 9.3319.331: : [GC concurrent-root-region-scan-start]
2015-03-20T11:15:57.138+0100Total time for which application threads were stopped: 0.0053476 seconds
: 9.331: [GC concurrent-root-region-scan-end, 0.0000078 secs]
2015-03-20T11:15:57.138+0100: 9.331: [GC concurrent-mark-start]
2015-03-20T11:15:57.138+0100: 9.331: [GC concurrent-mark-end, 0.0006871 secs]
2015-03-20T11:15:57.154+0100: 9.346: [GC remark, 0.0011265 secs]
2015-03-20T11:15:57.154+0100: 9.347: Total time for which application threads were stopped: 0.0158851 seconds
2015-03-20T11:15:57.169+0100: 9.352: [GC cleanup 385M->385M(1024M), 0.0004169 secs]
2015-03-20T11:15:57.169+0100: 9.353: Total time for which application threads were stopped: 0.0054190 seconds
2015-03-20T11:15:57.200+0100: 9.384: [GC pause (G1 Humongous Allocation) (young) 961M->960M(1024M), 0.0003138 secs]
2015-03-20T11:15:57.200+0100: 9.385: Total time for which application threads were stopped: 0.0061169 seconds
2015-03-20T11:15:57.200+0100: 9.385: [Full GC (Allocation Failure)  960M->282K(1024M), 0.0044665 secs]
2015-03-20T11:15:57.200+0100: 9.389: Total time for which application threads were stopped: 0.0045965 seconds
2015-03-20T11:15:57.216+0100: 9.411: [GC pause (G1 Humongous Allocation) (young) (initial-mark) 450M->448M(1024M), 0.0003841 secs]
2015-03-20T11:15:57.216+01002015-03-20T11:15:57.216+0100: : 9.411: 9.411: [GC concurrent-root-region-scan-start]
Total time for which application threads were stopped: 0.0080102 seconds
2015-03-20T11:15:57.216+0100: 9.411: [GC concurrent-root-region-scan-end, 0.0000254 secs]
2015-03-20T11:15:57.216+0100: 9.411: [GC concurrent-mark-start]
2015-03-20T11:15:57.216+0100: 9.412: [GC concurrent-mark-end, 0.0004570 secs]
2015-03-20T11:15:57.232+0100: 9.425: [GC remark, 0.0011011 secs]
2015-03-20T11:15:57.232+0100: 9.427: Total time for which application threads were stopped: 0.0147263 seconds
2015-03-20T11:15:57.247+0100: 9.431: [GC cleanup 770M->514M(1024M), 0.0003661 secs]
2015-03-20T11:15:57.247+0100: 9.432: Total time for which application threads were stopped: 0.0051487 seconds
2015-03-20T11:15:57.247+0100: 9.432: [GC concurrent-cleanup-start]
2015-03-20T11:15:57.247+0100: 9.432: [GC concurrent-cleanup-end, 0.0002043 secs]
2015-03-20T11:15:57.263+0100: 9.457: [GC pause (G1 Humongous Allocation) (young) 962M->960M(1024M), 0.0004692 secs]
2015-03-20T11:15:57.263+0100: 9.458: Total time for which application threads were stopped: 0.0054464 seconds
2015-03-20T11:15:57.263+0100: 9.458: [Full GC (Allocation Failure)  960M->128M(1024M), 0.0043633 secs]
2015-03-20T11:15:57.279+0100: 9.462: Total time for which application threads were stopped: 0.0044821 seconds
2015-03-20T11:15:57.294+0100: 9.479: [GC pause (G1 Humongous Allocation) (young) (initial-mark) 450M->448M(1024M), 0.0004775 secs]
2015-03-20T11:15:57.294+0100: 9.480: Total time for which application threads were stopped: 0.0053701 seconds
2015-03-20T11:15:57.294+0100: 9.480: [GC concurrent-root-region-scan-start]
2015-03-20T11:15:57.294+0100: 9.480: [GC concurrent-root-region-scan-end, 0.0000274 secs]
2015-03-20T11:15:57.294+0100: 9.480: [GC concurrent-mark-start]
2015-03-20T11:15:57.294+0100: 9.480: [GC concurrent-mark-end, 0.0006779 secs]
2015-03-20T11:15:57.310+0100: 9.492: [GC remark, 0.0011485 secs]
2015-03-20T11:15:57.310+0100: 9.493: Total time for which application threads were stopped: 0.0125720 seconds
2015-03-20T11:15:57.310+0100: 9.493: [GC cleanup 705M->449M(1024M), 0.0005014 secs]
2015-03-20T11:15:57.310+0100: 9.493: Total time for which application threads were stopped: 0.0005415 seconds
2015-03-20T11:15:57.310+0100: 9.493: [GC concurrent-cleanup-start]
2015-03-20T11:15:57.310+0100: 9.494: [GC concurrent-cleanup-end, 0.0002189 secs]
2015-03-20T11:15:57.341+0100: 9.523: [GC pause (G1 Humongous Allocation) (young) 962M->960M(1024M), 0.0003900 secs]
2015-03-20T11:15:57.341+0100: 9.524: Total time for which application threads were stopped: 0.0070137 seconds
2015-03-20T11:15:57.341+0100: 9.524: [Full GC (Allocation Failure)  960M->282K(1024M), 0.0044875 secs]
2015-03-20T11:15:57.341+0100: 9.528: Total time for which application threads were stopped: 0.0046126 seconds
2015-03-20T11:15:57.357+0100: 9.550: [GC pause (G1 Humongous Allocation) (young) (initial-mark) 450M->448M(1024M), 0.0005816 secs]
2015-03-20T11:15:57.357+0100: 2015-03-20T11:15:57.357+0100: 9.550: 9.550: [GC concurrent-root-region-scan-start]
Total time for which application threads were stopped: 0.0087682 seconds
2015-03-20T11:15:57.357+0100: 9.550: [GC concurrent-root-region-scan-end, 0.0000244 secs]
2015-03-20T11:15:57.357+0100: 9.550: [GC concurrent-mark-start]
2015-03-20T11:15:57.357+0100: 9.551: [GC concurrent-mark-end, 0.0004379 secs]
2015-03-20T11:15:57.372+0100: 9.564: [GC remark, 0.0011852 secs]
2015-03-20T11:15:57.372+0100: 9.565: Total time for which application threads were stopped: 0.0138520 seconds
2015-03-20T11:15:57.372+0100: 9.565: [GC cleanup 705M->449M(1024M), 0.0004545 secs]
2015-03-20T11:15:57.372+0100: 9.565: Total time for which application threads were stopped: 0.0005210 seconds
2015-03-20T11:15:57.372+0100: 9.565: [GC concurrent-cleanup-start]
2015-03-20T11:15:57.372+0100: 9.566: [GC concurrent-cleanup-end, 0.0002053 secs]
2015-03-20T11:15:57.404+0100: 9.592: [GC pause (G1 Humongous Allocation) (young) 962M->960M(1024M), 0.0006441 secs]
2015-03-20T11:15:57.404+0100: 9.593: Total time for which application threads were stopped: 0.0060407 seconds
2015-03-20T11:15:57.404+0100: 9.593: [Full GC (Allocation Failure)  960M->128M(1024M), 0.0044083 secs]
2015-03-20T11:15:57.404+0100: 9.598: Total time for which application threads were stopped: 0.0045422 seconds
2015-03-20T11:15:57.419+0100: 9.614: [GC pause (G1 Humongous Allocation) (young) (initial-mark) 450M->448M(1024M), 0.0004736 secs]
2015-03-20T11:15:57.419+0100: 2015-03-20T11:15:57.419+0100: 9.615: 9.615: [GC concurrent-root-region-scan-start]
Total time for which application threads were stopped: 0.0052308 seconds
2015-03-20T11:15:57.419+0100: 9.615: [GC concurrent-root-region-scan-end, 0.0000415 secs]
2015-03-20T11:15:57.419+0100: 9.615: [GC concurrent-mark-start]
2015-03-20T11:15:57.419+0100: 9.616: [GC concurrent-mark-end, 0.0006911 secs]
2015-03-20T11:15:57.435+0100: 9.630: [GC remark, 0.0011480 secs]
2015-03-20T11:15:57.435+0100: 9.631: Total time for which application threads were stopped: 0.0150831 seconds
2015-03-20T11:15:57.450+0100: 9.637: [GC cleanup 834M->578M(1024M), 0.0004110 secs]
2015-03-20T11:15:57.450+0100: 9.637: Total time for which application threads were stopped: 0.0064018 seconds
2015-03-20T11:15:57.450+0100: 9.637: [GC concurrent-cleanup-start]
2015-03-20T11:15:57.450+0100: 9.638: [GC concurrent-cleanup-end, 0.0002087 secs]
2015-03-20T11:15:57.466+0100: 9.659: [GC pause (G1 Humongous Allocation) (young) 962M->960M(1024M), 0.0004584 secs]
2015-03-20T11:15:57.466+0100: 9.659: Total time for which application threads were stopped: 0.0015483 seconds
2015-03-20T11:15:57.466+0100: 9.659: [Full GC (Allocation Failure)  960M->128M(1024M), 0.0042969 secs]
2015-03-20T11:15:57.482+0100: 9.664: Total time for which application threads were stopped: 0.0044406 seconds
2015-03-20T11:15:57.497+0100: 9.681: [GC pause (G1 Humongous Allocation) (young) (initial-mark) 450M->448M(1024M), 0.0004755 secs]
2015-03-20T11:15:57.497+0100: 9.681: Total time for which application threads were stopped: 0.0052797 seconds
2015-03-20T11:15:57.497+0100: 9.681: [GC concurrent-root-region-scan-start]
2015-03-20T11:15:57.497+0100: 9.681: [GC concurrent-root-region-scan-end, 0.0000425 secs]
2015-03-20T11:15:57.497+0100: 9.681: [GC concurrent-mark-start]
2015-03-20T11:15:57.497+0100: 9.686: Total time for which application threads were stopped: 0.0047416 seconds
2015-03-20T11:15:57.497+0100: 9.686: [GC concurrent-mark-end, 0.0054038 secs]
2015-03-20T11:15:57.513+0100: 9.698: [GC remark, 0.0018547 secs]
2015-03-20T11:15:57.513+0100: 9.700: Total time for which application threads were stopped: 0.0135993 seconds
2015-03-20T11:15:57.513+0100: 9.706: [GC cleanup 898M->578M(1024M), 0.0005972 secs]
2015-03-20T11:15:57.513+0100: 9.707: Total time for which application threads were stopped: 0.0064722 seconds
2015-03-20T11:15:57.513+0100: 9.707: [GC concurrent-cleanup-start]
2015-03-20T11:15:57.513+0100: 9.707: [GC concurrent-cleanup-end, 0.0002791 secs]
2015-03-20T11:15:57.544+0100: 9.730: [GC pause (G1 Humongous Allocation) (young) 962M->960M(1024M), 0.0004794 secs]
2015-03-20T11:15:57.544+0100: 9.730: Total time for which application threads were stopped: 0.0075943 seconds
2015-03-20T11:15:57.544+0100: 9.730: [Full GC (Allocation Failure)  960M->64M(1024M), 0.0044161 secs]
2015-03-20T11:15:57.544+0100: 9.735: Total time for which application threads were stopped: 0.0045403 seconds
2015-03-20T11:15:57.560+0100: 9.754: [GC pause (G1 Humongous Allocation) (young) (initial-mark) 449M->448M(1024M), 0.0004819 secs]
2015-03-20T11:15:57.560+0100: 2015-03-20T11:15:57.560+0100: 9.754: 9.754: [GC concurrent-root-region-scan-start]
Total time for which application threads were stopped: 0.0035628 seconds
2015-03-20T11:15:57.560+0100: 9.754: [GC concurrent-root-region-scan-end, 0.0000494 secs]
2015-03-20T11:15:57.560+0100: 9.754: [GC concurrent-mark-start]
2015-03-20T11:15:57.560+0100: 9.755: [GC concurrent-mark-end, 0.0004892 secs]
2015-03-20T11:15:57.575+0100: 9.769: [GC remark, 0.0012335 secs]
2015-03-20T11:15:57.575+0100: 9.771: Total time for which application threads were stopped: 0.0157340 seconds
2015-03-20T11:15:57.591+0100: 9.785: [GC cleanup 962M->706M(1024M), 0.0004193 secs]
2015-03-20T11:15:57.591+0100: 9.786: Total time for which application threads were stopped: 0.0149208 seconds
2015-03-20T11:15:57.591+0100: 9.786: [GC concurrent-cleanup-start]
2015-03-20T11:15:57.591+0100: 9.786: [GC concurrent-cleanup-end, 0.0002077 secs]
2015-03-20T11:15:57.607+0100: 9.804: [GC pause (G1 Humongous Allocation) (young) 962M->960M(1024M), 0.0004829 secs]
2015-03-20T11:15:57.607+0100: 9.804: Total time for which application threads were stopped: 0.0066193 seconds
2015-03-20T11:15:57.607+0100: 9.804: [Full GC (Allocation Failure)  960M->282K(1024M), 0.0048144 secs]
2015-03-20T11:15:57.622+0100: 9.809: Total time for which application threads were stopped: 0.0049454 seconds
2015-03-20T11:15:57.622+0100: 9.818: [GC pause (G1 Humongous Allocation) (young) (initial-mark) 192M->192M(1024M), 0.0007052 secs]
2015-03-20T11:15:57.622+0100: 9.819: Total time for which application threads were stopped: 0.0098415 seconds
2015-03-20T11:15:57.622+0100: 9.819: [GC concurrent-root-region-scan-start]
2015-03-20T11:15:57.622+0100: 9.819: [GC concurrent-root-region-scan-end, 0.0000489 secs]
2015-03-20T11:15:57.622+0100: 9.819: [GC concurrent-mark-start]
2015-03-20T11:15:57.622+0100: 9.820: [GC concurrent-mark-end, 0.0004555 secs]
2015-03-20T11:15:57.638+0100: 9.834: [GC remark, 0.0013508 secs]
2015-03-20T11:15:57.638+0100: 9.835: Total time for which application threads were stopped: 0.0156324 seconds
2015-03-20T11:15:57.654+0100: 9.847: [GC cleanup 706M->706M(1024M), 0.0010635 secs]
2015-03-20T11:15:57.654+0100: 9.848: Total time for which application threads were stopped: 0.0130162 seconds
2015-03-20T11:15:57.669+0100: 9.865: [GC pause (G1 Humongous Allocation) (young) 962M->960M(1024M), 0.0004350 secs]
2015-03-20T11:15:57.669+0100: 9.866: Total time for which application threads were stopped: 0.0056678 seconds
2015-03-20T11:15:57.669+0100: 9.866: [Full GC (Allocation Failure)  960M->282K(1024M), 0.0045373 secs]
2015-03-20T11:15:57.685+0100: 9.870: Total time for which application threads were stopped: 0.0047006 seconds
2015-03-20T11:15:57.708+0100: 9.892: [GC pause (G1 Humongous Allocation) (young) (initial-mark) 449M->448M(1024M), 0.0006979 secs]
2015-03-20T11:15:57.708+0100: 9.893: Total time for which application threads were stopped: 0.0098312 seconds
2015-03-20T11:15:57.708+0100: 9.893: [GC concurrent-root-region-scan-start]
2015-03-20T11:15:57.708+0100: 9.893: [GC concurrent-root-region-scan-end, 0.0000704 secs]
2015-03-20T11:15:57.708+0100: 9.893: [GC concurrent-mark-start]
2015-03-20T11:15:57.708+0100: 9.893: [GC concurrent-mark-end, 0.0007551 secs]
2015-03-20T11:15:57.708+0100: 9.905: [GC remark, 0.0014017 secs]
2015-03-20T11:15:57.724+0100: 9.906: Total time for which application threads were stopped: 0.0126785 seconds
2015-03-20T11:15:57.724+0100: 9.911: [GC cleanup 770M->514M(1024M), 0.0009232 secs]
2015-03-20T11:15:57.724+0100: 9.912: Total time for which application threads were stopped: 0.0056521 seconds
2015-03-20T11:15:57.724+0100: 9.912: [GC concurrent-cleanup-start]
2015-03-20T11:15:57.724+0100: 9.912: [GC concurrent-cleanup-end, 0.0002121 secs]
2015-03-20T11:15:57.755+0100: 9.937: [GC pause (G1 Humongous Allocation) (young) 962M->960M(1024M), 0.0006759 secs]
2015-03-20T11:15:57.755+0100: 9.938: Total time for which application threads were stopped: 0.0054762 seconds
2015-03-20T11:15:57.755+0100: 9.938: [Full GC (Allocation Failure)  960M->282K(1024M), 0.0045442 secs]
2015-03-20T11:15:57.755+0100: 9.943: Total time for which application threads were stopped: 0.0046883 seconds
2015-03-20T11:15:57.770+0100: 9.967: [GC pause (G1 Humongous Allocation) (young) (initial-mark) 514M->512M(1024M), 0.0005127 secs]
2015-03-20T11:15:57.770+0100: 9.967: Total time for which application threads were stopped: 0.0006725 seconds
2015-03-20T11:15:57.770+0100: 9.968: [GC concurrent-root-region-scan-start]
2015-03-20T11:15:57.770+0100: 9.968: [GC concurrent-root-region-scan-end, 0.0000283 secs]
2015-03-20T11:15:57.770+0100: 9.968: [GC concurrent-mark-start]
2015-03-20T11:15:57.786+0100: 9.968: [GC concurrent-mark-end, 0.0006578 secs]
2015-03-20T11:15:57.786+0100: 9.983: [GC remark, 0.0013274 secs]
2015-03-20T11:15:57.802+0100: 9.984: Total time for which application threads were stopped: 0.0156622 seconds
2015-03-20T11:15:57.802+0100: 9.989: [GC cleanup 834M->514M(1024M), 0.0004570 secs]
2015-03-20T11:15:57.802+0100: 9.989: Total time for which application threads were stopped: 0.0051751 seconds
2015-03-20T11:15:57.802+0100: 9.989: [GC concurrent-cleanup-start]
2015-03-20T11:15:57.802+0100: 9.989: [GC concurrent-cleanup-end, 0.0002747 secs]
2015-03-20T11:15:57.817+0100: 10.014: [GC pause (G1 Humongous Allocation) (young) 962M->960M(1024M), 0.0004736 secs]
2015-03-20T11:15:57.817+0100: 10.014: Total time for which application threads were stopped: 0.0074672 seconds
2015-03-20T11:15:57.817+0100: 10.014: [Full GC (Allocation Failure)  960M->128M(1024M), 0.0043565 secs]
2015-03-20T11:15:57.833+0100: 10.019: Total time for which application threads were stopped: 0.0044748 seconds
2015-03-20T11:15:57.849+0100: 10.036: [GC pause (G1 Humongous Allocation) (young) (initial-mark) 449M->448M(1024M), 0.0006744 secs]
2015-03-20T11:15:57.849+0100: 10.037: Total time for which application threads were stopped: 0.0056032 seconds
2015-03-20T11:15:57.849+0100: 10.037: [GC concurrent-root-region-scan-start]
2015-03-20T11:15:57.849+0100: 10.037: [GC concurrent-root-region-scan-end, 0.0000332 secs]
2015-03-20T11:15:57.849+0100: 10.037: [GC concurrent-mark-start]
2015-03-20T11:15:57.849+0100: 10.037: [GC concurrent-mark-end, 0.0006290 secs]
2015-03-20T11:15:57.864+0100: 10.052: [GC remark, 0.0012814 secs]
2015-03-20T11:15:57.864+0100: 10.053: Total time for which application threads were stopped: 0.0158680 seconds
2015-03-20T11:15:57.864+0100: 10.058: [GC cleanup 770M->514M(1024M), 0.0007302 secs]
2015-03-20T11:15:57.864+0100: 10.059: Total time for which application threads were stopped: 0.0054620 seconds
2015-03-20T11:15:57.864+0100: 10.059: [GC concurrent-cleanup-start]
2015-03-20T11:15:57.864+0100: 10.059: [GC concurrent-cleanup-end, 0.0002106 secs]
2015-03-20T11:15:57.895+0100: 10.084: [GC pause (G1 Humongous Allocation) (young) 962M->960M(1024M), 0.0005317 secs]
2015-03-20T11:15:57.895+0100: 10.085: Total time for which application threads were stopped: 0.0055490 seconds
2015-03-20T11:15:57.895+0100: 10.085: [Full GC (Allocation Failure)  960M->282K(1024M), 0.0045872 secs]
2015-03-20T11:15:57.895+0100: 10.089: Total time for which application threads were stopped: 0.0047230 seconds
2015-03-20T11:15:57.927+0100: 10.111: [GC pause (G1 Humongous Allocation) (young) (initial-mark) 450M->448M(1024M), 0.0005459 secs]
2015-03-20T11:15:57.927+0100: 2015-03-20T11:15:57.927+0100: 10.112: 10.112: [GC concurrent-root-region-scan-start]
Total time for which application threads were stopped: 0.0101235 seconds
2015-03-20T11:15:57.927+0100: 10.112: [GC concurrent-root-region-scan-end, 0.0000313 secs]
2015-03-20T11:15:57.927+0100: 10.112: [GC concurrent-mark-start]
2015-03-20T11:15:57.927+0100: 10.112: [GC concurrent-mark-end, 0.0006979 secs]
2015-03-20T11:15:57.927+0100: 10.124: [GC remark, 0.0011583 secs]
2015-03-20T11:15:57.942+0100: 10.125: Total time for which application threads were stopped: 0.0125896 seconds
2015-03-20T11:15:57.942+0100: 10.134: [GC cleanup 898M->642M(1024M), 0.0004213 secs]
2015-03-20T11:15:57.942+0100: 10.135: Total time for which application threads were stopped: 0.0093303 seconds
2015-03-20T11:15:57.942+0100: 10.135: [GC concurrent-cleanup-start]
2015-03-20T11:15:57.942+0100: 10.135: [GC concurrent-cleanup-end, 0.0001930 secs]
2015-03-20T11:15:57.958+0100: 10.153: [GC pause (G1 Humongous Allocation) (young) 962M->960M(1024M), 0.0003504 secs]
2015-03-20T11:15:57.958+0100: 10.153: Total time for which application threads were stopped: 0.0074081 seconds
2015-03-20T11:15:57.958+0100: 10.153: [Full GC (Allocation Failure)  960M->282K(1024M), 0.0044215 secs]
2015-03-20T11:15:57.974+0100: 10.158: Total time for which application threads were stopped: 0.0045505 seconds
2015-03-20T11:15:57.989+0100: 10.182: [GC pause (G1 Humongous Allocation) (young) (initial-mark) 450M->448M(1024M), 0.0003709 secs]
2015-03-20T11:15:57.989+01002015-03-20T11:15:57.989+0100: : 10.182: 10.182: [GC concurrent-root-region-scan-start]
Total time for which application threads were stopped: 0.0121409 seconds
2015-03-20T11:15:57.989+0100: 10.182: [GC concurrent-root-region-scan-end, 0.0000259 secs]
2015-03-20T11:15:57.989+0100: 10.182: [GC concurrent-mark-start]
2015-03-20T11:15:57.989+0100: 10.183: [GC concurrent-mark-end, 0.0004579 secs]
2015-03-20T11:15:58.005+0100: 10.195: [GC remark, 0.0010640 secs]
2015-03-20T11:15:58.005+0100: 10.196: Total time for which application threads were stopped: 0.0132894 seconds
2015-03-20T11:15:58.005+0100: 10.201: [GC cleanup 770M->514M(1024M), 0.0003099 secs]
2015-03-20T11:15:58.005+0100: 10.201: Total time for which application threads were stopped: 0.0051287 seconds
2015-03-20T11:15:58.005+0100: 10.201: [GC concurrent-cleanup-start]
2015-03-20T11:15:58.005+0100: 10.202: [GC concurrent-cleanup-end, 0.0002033 secs]
2015-03-20T11:15:58.036+0100: 10.227: [GC pause (G1 Humongous Allocation) (young) 962M->960M(1024M), 0.0003514 secs]
2015-03-20T11:15:58.036+0100: 10.227: Total time for which application threads were stopped: 0.0057401 seconds
2015-03-20T11:15:58.036+0100: 10.227: [Full GC (Allocation Failure)  960M->282K(1024M), 0.0044176 secs]
2015-03-20T11:15:58.036+0100: 10.232: Total time for which application threads were stopped: 0.0045452 seconds
2015-03-20T11:15:58.067+0100: 10.254: [GC pause (G1 Humongous Allocation) (young) (initial-mark) 450M->448M(1024M), 0.0007155 secs]
2015-03-20T11:15:58.067+01002015-03-20T11:15:58.067+0100: : 10.255: 10.255: [GC concurrent-root-region-scan-start]
Total time for which application threads were stopped: 0.0108311 seconds
2015-03-20T11:15:58.067+0100: 10.255: [GC concurrent-root-region-scan-end, 0.0000254 secs]
2015-03-20T11:15:58.067+0100: 10.255: [GC concurrent-mark-start]
2015-03-20T11:15:58.067+0100: 10.256: [GC concurrent-mark-end, 0.0006617 secs]
2015-03-20T11:15:58.083+0100: 10.270: [GC remark, 0.0018420 secs]
2015-03-20T11:15:58.083+0100: 10.271: Total time for which application threads were stopped: 0.0159305 seconds
2015-03-20T11:15:58.099+0100: 10.281: [GC cleanup 898M->642M(1024M), 0.0005855 secs]
2015-03-20T11:15:58.099+0100: 10.281: Total time for which application threads were stopped: 0.0094955 seconds
2015-03-20T11:15:58.099+0100: 10.281: [GC concurrent-cleanup-start]
2015-03-20T11:15:58.099+0100: 10.281: [GC concurrent-cleanup-end, 0.0001984 secs]
2015-03-20T11:15:58.114+0100: 10.300: [GC pause (G1 Humongous Allocation) (young) 962M->960M(1024M), 0.0005479 secs]
2015-03-20T11:15:58.114+0100: 10.300: Total time for which application threads were stopped: 0.0078949 seconds
2015-03-20T11:15:58.114+0100: 10.300: [Full GC (Allocation Failure)  960M->282K(1024M), 0.0045818 secs]
2015-03-20T11:15:58.114+0100: 10.305: Total time for which application threads were stopped: 0.0047230 seconds
2015-03-20T11:15:58.130+0100: 10.314: [GC pause (G1 Humongous Allocation) (young) (initial-mark) 193M->192M(1024M), 0.0007961 secs]
2015-03-20T11:15:58.130+0100: 2015-03-20T11:15:58.130+0100: 10.315: 10.315: [GC concurrent-root-region-scan-start]
Total time for which application threads were stopped: 0.0099187 seconds
2015-03-20T11:15:58.130+0100: 10.315: [GC concurrent-root-region-scan-end, 0.0000386 secs]
2015-03-20T11:15:58.130+0100: 10.315: [GC concurrent-mark-start]
2015-03-20T11:15:58.130+0100: 10.316: [GC concurrent-mark-end, 0.0004775 secs]
2015-03-20T11:15:58.145+0100: 10.330: [GC remark, 0.0014525 secs]
2015-03-20T11:15:58.145+0100: 10.332: Total time for which application threads were stopped: 0.0157731 seconds
2015-03-20T11:15:58.161+0100: 10.344: [GC cleanup 706M->706M(1024M), 0.0006256 secs]
2015-03-20T11:15:58.161+0100: 10.345: Total time for which application threads were stopped: 0.0127909 seconds
2015-03-20T11:15:58.177+0100: 10.362: [GC pause (G1 Humongous Allocation) (young) 962M->960M(1024M), 0.0007135 secs]
2015-03-20T11:15:58.177+0100: 10.363: Total time for which application threads were stopped: 0.0068920 seconds
2015-03-20T11:15:58.177+0100: 10.363: [Full GC (Allocation Failure)  960M->282K(1024M), 0.0045769 secs]
2015-03-20T11:15:58.177+0100: 10.368: Total time for which application threads were stopped: 0.0047030 seconds
2015-03-20T11:15:58.208+0100: 10.390: [GC pause (G1 Humongous Allocation) (young) (initial-mark) 449M->448M(1024M), 0.0006099 secs]
2015-03-20T11:15:58.208+0100: 2015-03-20T11:15:58.208+0100: 10.391: [GC concurrent-root-region-scan-start]
10.391: Total time for which application threads were stopped: 0.0073583 seconds
2015-03-20T11:15:58.208+0100: 10.391: [GC concurrent-root-region-scan-end, 0.0000210 secs]
2015-03-20T11:15:58.208+0100: 10.391: [GC concurrent-mark-start]
2015-03-20T11:15:58.208+0100: 10.391: [GC concurrent-mark-end, 0.0004687 secs]
2015-03-20T11:15:58.208+0100: 10.405: [GC remark, 0.0024744 secs]
2015-03-20T11:15:58.224+0100: 10.408: Total time for which application threads were stopped: 0.0168376 seconds
2015-03-20T11:15:58.224+0100: 10.408: [GC cleanup 706M->450M(1024M), 0.0007561 secs]
2015-03-20T11:15:58.224+0100: 10.409: Total time for which application threads were stopped: 0.0007981 seconds
2015-03-20T11:15:58.224+0100: 10.409: [GC concurrent-cleanup-start]
2015-03-20T11:15:58.224+0100: 10.409: [GC concurrent-cleanup-end, 0.0002038 secs]
2015-03-20T11:15:58.255+0100: 10.438: [GC pause (G1 Humongous Allocation) (young) 962M->960M(1024M), 0.0007688 secs]
2015-03-20T11:15:58.255+0100: 10.439: Total time for which application threads were stopped: 0.0070973 seconds
2015-03-20T11:15:58.255+0100: 10.439: [Full GC (Allocation Failure)  960M->192M(1024M), 0.0045236 secs]
2015-03-20T11:15:58.255+0100: 10.443: Total time for which application threads were stopped: 0.0046532 seconds
2015-03-20T11:15:58.270+0100: 10.456: [GC pause (G1 Humongous Allocation) (young) (initial-mark) 449M->448M(1024M), 0.0010855 secs]
2015-03-20T11:15:58.270+0100: 2015-03-20T11:15:58.270+0100: 10.457: [GC concurrent-root-region-scan-start]
10.457: Total time for which application threads were stopped: 0.0012800 seconds
2015-03-20T11:15:58.270+0100: 10.457: [GC concurrent-root-region-scan-end, 0.0000239 secs]
2015-03-20T11:15:58.270+0100: 10.457: [GC concurrent-mark-start]
2015-03-20T11:15:58.270+0100: 10.463: Total time for which application threads were stopped: 0.0058994 seconds
2015-03-20T11:15:58.270+0100: 10.463: [GC concurrent-mark-end, 0.0064062 secs]
2015-03-20T11:15:58.286+0100: 10.478: [GC remark, 0.0013479 secs]
2015-03-20T11:15:58.286+0100: 10.479: Total time for which application threads were stopped: 0.0155732 seconds
2015-03-20T11:15:58.302+0100: 10.485: [GC cleanup 962M->642M(1024M), 0.0005904 secs]
2015-03-20T11:15:58.302+0100: 10.486: Total time for which application threads were stopped: 0.0069208 seconds
2015-03-20T11:15:58.302+0100: 10.486: [GC concurrent-cleanup-start]
2015-03-20T11:15:58.302+0100: 10.486: [GC concurrent-cleanup-end, 0.0002732 secs]
2015-03-20T11:15:58.317+0100: 10.507: [GC pause (G1 Humongous Allocation) (young) 962M->960M(1024M), 0.0008079 secs]
2015-03-20T11:15:58.317+0100: 10.508: Total time for which application threads were stopped: 0.0081617 seconds
2015-03-20T11:15:58.317+0100: 10.508: [GC pause (G1 Humongous Allocation) (young) (initial-mark) 961M->960M(1024M), 0.0004833 secs]
2015-03-20T11:15:58.317+01002015-03-20T11:15:58.317+0100: : 10.509: 10.509: [GC concurrent-root-region-scan-start]
Total time for which application threads were stopped: 0.0005655 seconds
2015-03-20T11:15:58.317+0100: 10.509: [GC concurrent-root-region-scan-end, 0.0000298 secs]
2015-03-20T11:15:58.317+0100: 10.509: [GC concurrent-mark-start]
2015-03-20T11:15:58.317+0100: 10.509: [Full GC (Allocation Failure)  960M->282K(1024M), 0.0048394 secs]
2015-03-20T11:15:58.317+0100: 10.514: Total time for which application threads were stopped: 0.0049850 seconds
2015-03-20T11:15:58.317+0100: 10.514: [GC concurrent-mark-abort]
2015-03-20T11:15:58.349+0100: 10.540: [GC pause (G1 Humongous Allocation) (young) (initial-mark) 449M->448M(1024M), 0.0008396 secs]
2015-03-20T11:15:58.349+01002015-03-20T11:15:58.349+0100: : 10.541: 10.541: [GC concurrent-root-region-scan-start]
Total time for which application threads were stopped: 0.0067923 seconds
2015-03-20T11:15:58.349+0100: 10.541: [GC concurrent-root-region-scan-end, 0.0000577 secs]
2015-03-20T11:15:58.349+0100: 10.541: [GC concurrent-mark-start]
2015-03-20T11:15:58.349+0100: 10.542: [GC concurrent-mark-end, 0.0007585 secs]
2015-03-20T11:15:58.364+0100: 10.555: [GC remark, 0.0019769 secs]
2015-03-20T11:15:58.364+0100: 10.557: Total time for which application threads were stopped: 0.0152067 seconds
2015-03-20T11:15:58.380+0100: 10.563: [GC cleanup 834M->578M(1024M), 0.0004648 secs]
2015-03-20T11:15:58.380+0100: 10.564: Total time for which application threads were stopped: 0.0066120 seconds
2015-03-20T11:15:58.380+0100: 10.564: [GC concurrent-cleanup-start]
2015-03-20T11:15:58.380+0100: 10.564: [GC concurrent-cleanup-end, 0.0002038 secs]
2015-03-20T11:15:58.395+0100: 10.586: [GC pause (G1 Humongous Allocation) (young) 962M->960M(1024M), 0.0007517 secs]
2015-03-20T11:15:58.395+0100: 10.587: Total time for which application threads were stopped: 0.0072444 seconds
2015-03-20T11:15:58.395+0100: 10.587: [Full GC (Allocation Failure)  960M->282K(1024M), 0.0047524 secs]
2015-03-20T11:15:58.395+0100: 10.592: Total time for which application threads were stopped: 0.0048946 seconds
2015-03-20T11:15:58.427+0100: 10.615: [GC pause (G1 Humongous Allocation) (young) (initial-mark) 450M->448M(1024M), 0.0005821 secs]
2015-03-20T11:15:58.427+0100: 2015-03-20T11:15:58.427+0100: 10.616: 10.616: [GC concurrent-root-region-scan-start]
Total time for which application threads were stopped: 0.0054825 seconds
2015-03-20T11:15:58.427+0100: 10.616: [GC concurrent-root-region-scan-end, 0.0000557 secs]
2015-03-20T11:15:58.427+0100: 10.616: [GC concurrent-mark-start]
2015-03-20T11:15:58.427+0100: 10.616: [GC concurrent-mark-end, 0.0007502 secs]
2015-03-20T11:15:58.442+0100: 10.628: [GC remark, 0.0018923 secs]
2015-03-20T11:15:58.442+0100: 10.630: Total time for which application threads were stopped: 0.0137860 seconds
2015-03-20T11:15:58.442+0100: 10.630: [GC cleanup 705M->449M(1024M), 0.0005440 secs]
2015-03-20T11:15:58.442+0100: 10.631: Total time for which application threads were stopped: 0.0006002 seconds
2015-03-20T11:15:58.442+0100: 10.631: [GC concurrent-cleanup-start]
2015-03-20T11:15:58.442+0100: 10.631: [GC concurrent-cleanup-end, 0.0001935 secs]
2015-03-20T11:15:58.474+0100: 10.659: [GC pause (G1 Humongous Allocation) (young) 962M->960M(1024M), 0.0006911 secs]
2015-03-20T11:15:58.474+0100: 10.660: Total time for which application threads were stopped: 0.0067249 seconds
2015-03-20T11:15:58.474+0100: 10.660: [Full GC (Allocation Failure)  960M->128M(1024M), 0.0046287 secs]
2015-03-20T11:15:58.474+0100: 10.665: Total time for which application threads were stopped: 0.0047465 seconds
2015-03-20T11:15:58.489+0100: 10.682: [GC pause (G1 Humongous Allocation) (young) (initial-mark) 450M->448M(1024M), 0.0009168 secs]
2015-03-20T11:15:58.489+01002015-03-20T11:15:58.489+0100: : 10.683: 10.683: [GC concurrent-root-region-scan-start]
Total time for which application threads were stopped: 0.0055446 seconds
2015-03-20T11:15:58.489+0100: 10.683: [GC concurrent-root-region-scan-end, 0.0000332 secs]
2015-03-20T11:15:58.489+0100: 10.683: [GC concurrent-mark-start]
2015-03-20T11:15:58.489+0100: 10.683: [GC concurrent-mark-end, 0.0005024 secs]
2015-03-20T11:15:58.505+0100: 10.697: [GC remark, 0.0018474 secs]
2015-03-20T11:15:58.505+0100: 10.699: Total time for which application threads were stopped: 0.0160757 seconds
2015-03-20T11:15:58.520+0100: 10.714: [GC cleanup 962M->706M(1024M), 0.0005303 secs]
2015-03-20T11:15:58.520+0100: 10.715: Total time for which application threads were stopped: 0.0156187 seconds
2015-03-20T11:15:58.520+0100: 10.715: [GC concurrent-cleanup-start]
2015-03-20T11:15:58.520+0100: 10.715: [GC concurrent-cleanup-end, 0.0002737 secs]
2015-03-20T11:15:58.536+0100: 10.733: [GC pause (G1 Humongous Allocation) (young) 962M->960M(1024M), 0.0007346 secs]
2015-03-20T11:15:58.552+0100: 10.734: Total time for which application threads were stopped: 0.0058339 seconds
2015-03-20T11:15:58.552+0100: 10.734: [Full GC (Allocation Failure)  960M->282K(1024M), 0.0047011 secs]
2015-03-20T11:15:58.552+0100: 10.739: Total time for which application threads were stopped: 0.0048486 seconds
2015-03-20T11:15:58.567+0100: 10.765: [GC pause (G1 Humongous Allocation) (young) (initial-mark) 450M->448M(1024M), 0.0005366 secs]
2015-03-20T11:15:58.583+0100: 2015-03-20T11:15:58.583+0100: 10.76510.765: : [GC concurrent-root-region-scan-start]
Total time for which application threads were stopped: 0.0122250 seconds
2015-03-20T11:15:58.583+0100: 10.765: [GC concurrent-root-region-scan-end, 0.0000357 secs]
2015-03-20T11:15:58.583+0100: 10.765: [GC concurrent-mark-start]
2015-03-20T11:15:58.583+0100: 10.766: [GC concurrent-mark-end, 0.0008313 secs]
2015-03-20T11:15:58.599+0100: 10.781: [GC remark, 0.0011319 secs]
2015-03-20T11:15:58.599+0100: 10.782: Total time for which application threads were stopped: 0.0158855 seconds
2015-03-20T11:15:58.599+0100: 10.795: [GC cleanup 962M->706M(1024M), 0.0003768 secs]
2015-03-20T11:15:58.599+0100: 10.795: Total time for which application threads were stopped: 0.0131731 seconds
2015-03-20T11:15:58.599+0100: 10.795: [GC concurrent-cleanup-start]
2015-03-20T11:15:58.599+0100: 10.796: [GC concurrent-cleanup-end, 0.0002111 secs]
2015-03-20T11:15:58.630+0100: 10.813: [GC pause (G1 Humongous Allocation) (young) 962M->960M(1024M), 0.0003802 secs]
2015-03-20T11:15:58.630+0100: 10.813: Total time for which application threads were stopped: 0.0058794 seconds
2015-03-20T11:15:58.630+0100: 10.813: [Full GC (Allocation Failure)  960M->282K(1024M), 0.0046048 secs]
2015-03-20T11:15:58.630+0100: 10.818: Total time for which application threads were stopped: 0.0047323 seconds
2015-03-20T11:15:58.645+0100: 10.841: [GC pause (G1 Humongous Allocation) (young) (initial-mark) 449M->448M(1024M), 0.0005640 secs]
2015-03-20T11:15:58.645+0100: 10.842: Total time for which application threads were stopped: 0.0055959 seconds
2015-03-20T11:15:58.645+0100: 10.842: [GC concurrent-root-region-scan-start]
2015-03-20T11:15:58.645+0100: 10.842: [GC concurrent-root-region-scan-end, 0.0000508 secs]
2015-03-20T11:15:58.645+0100: 10.842: [GC concurrent-mark-start]
2015-03-20T11:15:58.645+0100: 10.843: [GC concurrent-mark-end, 0.0007903 secs]
2015-03-20T11:15:58.661+0100: 10.857: [GC remark, 0.0011177 secs]
2015-03-20T11:15:58.661+0100: 10.858: Total time for which application threads were stopped: 0.0153714 seconds
2015-03-20T11:15:58.661+0100: 10.858: [GC cleanup 705M->449M(1024M), 0.0004071 secs]
2015-03-20T11:15:58.677+0100: 10.859: Total time for which application threads were stopped: 0.0004863 seconds
2015-03-20T11:15:58.677+0100: 10.859: [GC concurrent-cleanup-start]
2015-03-20T11:15:58.677+0100: 10.859: [GC concurrent-cleanup-end, 0.0002194 secs]
2015-03-20T11:15:58.692+0100: 10.887: [GC pause (G1 Humongous Allocation) (young) 962M->960M(1024M), 0.0005039 secs]
2015-03-20T11:15:58.692+0100: 10.888: Total time for which application threads were stopped: 0.0063749 seconds
2015-03-20T11:15:58.692+0100: 10.888: [Full GC (Allocation Failure)  960M->192M(1024M), 0.0044274 secs]
2015-03-20T11:15:58.708+0100: 10.892: Total time for which application threads were stopped: 0.0045500 seconds
2015-03-20T11:15:58.708+0100: 10.905: [GC pause (G1 Humongous Allocation) (young) (initial-mark) 449M->448M(1024M), 0.0005259 secs]
2015-03-20T11:15:58.708+0100: 2015-03-20T11:15:58.708+0100: 10.905: 10.905Total time for which application threads were stopped: 0.0006891 seconds
: [GC concurrent-root-region-scan-start]
2015-03-20T11:15:58.708+0100: 10.905: [GC concurrent-root-region-scan-end, 0.0000259 secs]
2015-03-20T11:15:58.708+0100: 10.905: [GC concurrent-mark-start]
2015-03-20T11:15:58.724+0100: 10.906: [GC concurrent-mark-end, 0.0006295 secs]
2015-03-20T11:15:58.724+0100: 10.920: [GC remark, 0.0017140 secs]
2015-03-20T11:15:58.739+0100: 10.922: Total time for which application threads were stopped: 0.0163122 seconds
2015-03-20T11:15:58.739+0100: 10.934: [GC cleanup 962M->642M(1024M), 0.0004399 secs]
2015-03-20T11:15:58.739+0100: 10.935: Total time for which application threads were stopped: 0.0124263 seconds
2015-03-20T11:15:58.739+0100: 10.935: [GC concurrent-cleanup-start]
2015-03-20T11:15:58.739+0100: 10.935: [GC concurrent-cleanup-end, 0.0002717 secs]
2015-03-20T11:15:58.770+0100: 10.954: [GC pause (G1 Humongous Allocation) (young) 962M->960M(1024M), 0.0004271 secs]
2015-03-20T11:15:58.770+0100: 10.955: Total time for which application threads were stopped: 0.0055363 seconds
2015-03-20T11:15:58.770+0100: 10.955: [Full GC (Allocation Failure)  960M->64M(1024M), 0.0043541 secs]
2015-03-20T11:15:58.770+0100: 10.959: Total time for which application threads were stopped: 0.0044748 seconds
2015-03-20T11:15:58.786+0100: 10.977: [GC pause (G1 Humongous Allocation) (young) (initial-mark) 449M->448M(1024M), 0.0005288 secs]
2015-03-20T11:15:58.786+0100: 2015-03-20T11:15:58.786+0100: 10.97810.978: : [GC concurrent-root-region-scan-start]
Total time for which application threads were stopped: 0.0048144 seconds
2015-03-20T11:15:58.786+0100: 10.978: [GC concurrent-root-region-scan-end, 0.0000386 secs]
2015-03-20T11:15:58.786+0100: 10.978: [GC concurrent-mark-start]
2015-03-20T11:15:58.786+0100: 10.978: [GC concurrent-mark-end, 0.0004618 secs]
2015-03-20T11:15:58.802+0100: 10.991: [GC remark, 0.0022100 secs]
2015-03-20T11:15:58.802+0100: 10.993: Total time for which application threads were stopped: 0.0143568 seconds
2015-03-20T11:15:58.802+0100: 10.993: [GC cleanup 705M->449M(1024M), 0.0003856 secs]
2015-03-20T11:15:58.802+0100: 10.993: Total time for which application threads were stopped: 0.0004193 seconds
2015-03-20T11:15:58.802+0100: 10.993: [GC concurrent-cleanup-start]
2015-03-20T11:15:58.802+0100: 10.994: [GC concurrent-cleanup-end, 0.0001974 secs]
2015-03-20T11:15:58.833+0100: 11.021: [GC pause (G1 Humongous Allocation) (young) 962M->960M(1024M), 0.0004599 secs]
2015-03-20T11:15:58.833+0100: 11.022: Total time for which application threads were stopped: 0.0036522 seconds
2015-03-20T11:15:58.833+0100: 11.022: [Full GC (Allocation Failure)  960M->128M(1024M), 0.0042930 secs]
2015-03-20T11:15:58.833+0100: 11.026: Total time for which application threads were stopped: 0.0044073 seconds
2015-03-20T11:15:58.849+0100: 11.042: [GC pause (G1 Humongous Allocation) (young) (initial-mark) 449M->448M(1024M), 0.0004570 secs]
2015-03-20T11:15:58.849+0100: 11.042: Total time for which application threads were stopped: 0.0059757 seconds
2015-03-20T11:15:58.849+0100: 11.042: [GC concurrent-root-region-scan-start]
2015-03-20T11:15:58.849+0100: 11.042: [GC concurrent-root-region-scan-end, 0.0000391 secs]
2015-03-20T11:15:58.849+0100: 11.042: [GC concurrent-mark-start]
2015-03-20T11:15:58.849+0100: 11.043: [GC concurrent-mark-end, 0.0006353 secs]
2015-03-20T11:15:58.864+0100: 11.057: [GC remark, 0.0010933 secs]
2015-03-20T11:15:58.864+0100: 11.059: Total time for which application threads were stopped: 0.0156392 seconds
2015-03-20T11:15:58.864+0100: 11.059: [GC cleanup 705M->449M(1024M), 0.0004594 secs]
2015-03-20T11:15:58.864+0100: 11.059: Total time for which application threads were stopped: 0.0004985 seconds
2015-03-20T11:15:58.864+0100: 11.059: [GC concurrent-cleanup-start]
2015-03-20T11:15:58.864+0100: 11.059: [GC concurrent-cleanup-end, 0.0001911 secs]
2015-03-20T11:15:58.895+0100: 11.086: [GC pause (G1 Humongous Allocation) (young) 962M->960M(1024M), 0.0008587 secs]
2015-03-20T11:15:58.895+0100: 11.087: Total time for which application threads were stopped: 0.0070807 seconds
2015-03-20T11:15:58.895+0100: 11.087: [Full GC (Allocation Failure)  960M->128M(1024M), 0.0044723 secs]
2015-03-20T11:15:58.895+0100: 11.092: Total time for which application threads were stopped: 0.0045935 seconds
2015-03-20T11:15:58.927+0100: 11.110: [GC pause (G1 Humongous Allocation) (young) (initial-mark) 513M->512M(1024M), 0.0007409 secs]
2015-03-20T11:15:58.927+0100: 11.111: Total time for which application threads were stopped: 0.0067214 seconds
2015-03-20T11:15:58.927+0100: 11.111: [GC concurrent-root-region-scan-start]
2015-03-20T11:15:58.927+0100: 11.111: [GC concurrent-root-region-scan-end, 0.0000298 secs]
2015-03-20T11:15:58.927+0100: 11.111: [GC concurrent-mark-start]
2015-03-20T11:15:58.927+0100: 11.111: [GC concurrent-mark-end, 0.0006393 secs]
2015-03-20T11:15:58.942+0100: 11.125: [GC remark, 0.0013337 secs]
2015-03-20T11:15:58.942+0100: 11.126: Total time for which application threads were stopped: 0.0150093 seconds
2015-03-20T11:15:58.942+0100: 11.127: [GC cleanup 769M->385M(1024M), 0.0005787 secs]
2015-03-20T11:15:58.942+0100: 11.127: Total time for which application threads were stopped: 0.0006124 seconds
2015-03-20T11:15:58.942+0100: 11.127: [GC concurrent-cleanup-start]
2015-03-20T11:15:58.942+0100: 11.127: [GC concurrent-cleanup-end, 0.0003318 secs]
2015-03-20T11:15:58.974+0100: 11.158: [GC pause (G1 Humongous Allocation) (young) 962M->960M(1024M), 0.0006334 secs]
2015-03-20T11:15:58.974+0100: 11.159: Total time for which application threads were stopped: 0.0056238 seconds
2015-03-20T11:15:58.974+0100: 11.159: [Full GC (Allocation Failure)  960M->282K(1024M), 0.0045129 secs]
2015-03-20T11:15:58.974+0100: 11.164: Total time for which application threads were stopped: 0.0046390 seconds
2015-03-20T11:15:58.989+0100: 11.186: [GC pause (G1 Humongous Allocation) (young) (initial-mark) 450M->448M(1024M), 0.0010903 secs]
2015-03-20T11:15:59.005+0100: 2015-03-20T11:15:59.005+0100: 11.187: 11.187: Total time for which application threads were stopped: 0.0081964 seconds
[GC concurrent-root-region-scan-start]
2015-03-20T11:15:59.005+0100: 11.187: [GC concurrent-root-region-scan-end, 0.0000264 secs]
2015-03-20T11:15:59.005+0100: 11.187: [GC concurrent-mark-start]
2015-03-20T11:15:59.005+0100: 11.188: [GC concurrent-mark-end, 0.0006627 secs]
2015-03-20T11:15:59.005+0100: 11.202: [GC remark, 0.0019525 secs]
2015-03-20T11:15:59.020+0100: 11.204: Total time for which application threads were stopped: 0.0160532 seconds
2015-03-20T11:15:59.020+0100: 11.213: [GC cleanup 898M->642M(1024M), 0.0004071 secs]
2015-03-20T11:15:59.020+0100: 11.213: Total time for which application threads were stopped: 0.0093058 seconds
2015-03-20T11:15:59.020+0100: 11.213: [GC concurrent-cleanup-start]
2015-03-20T11:15:59.020+0100: 11.213: [GC concurrent-cleanup-end, 0.0002062 secs]
2015-03-20T11:15:59.036+0100: 11.232: [GC pause (G1 Humongous Allocation) (young) 962M->960M(1024M), 0.0004750 secs]
2015-03-20T11:15:59.036+0100: 11.232: Total time for which application threads were stopped: 0.0074355 seconds
2015-03-20T11:15:59.036+0100: 11.232: [Full GC (Allocation Failure)  960M->282K(1024M), 0.0046605 secs]
2015-03-20T11:15:59.052+0100: 11.237: Total time for which application threads were stopped: 0.0047861 seconds
2015-03-20T11:15:59.067+0100: 11.258: [GC pause (G1 Humongous Allocation) (young) (initial-mark) 450M->448M(1024M), 0.0005625 secs]
2015-03-20T11:15:59.067+0100: 2015-03-20T11:15:59.067+0100: 11.259: 11.259: [GC concurrent-root-region-scan-start]
Total time for which application threads were stopped: 0.0095761 seconds
2015-03-20T11:15:59.067+0100: 11.259: [GC concurrent-root-region-scan-end, 0.0000264 secs]
2015-03-20T11:15:59.067+0100: 11.259: [GC concurrent-mark-start]
2015-03-20T11:15:59.067+0100: 11.259: [GC concurrent-mark-end, 0.0007326 secs]
2015-03-20T11:15:59.083+0100: 11.271: [GC remark, 0.0011764 secs]
2015-03-20T11:15:59.083+0100: 11.272: Total time for which application threads were stopped: 0.0125827 seconds
2015-03-20T11:15:59.083+0100: 11.278: [GC cleanup 834M->578M(1024M), 0.0003299 secs]
2015-03-20T11:15:59.083+0100: 11.278: Total time for which application threads were stopped: 0.0062396 seconds
2015-03-20T11:15:59.083+0100: 11.278: [GC concurrent-cleanup-start]
2015-03-20T11:15:59.083+0100: 11.279: [GC concurrent-cleanup-end, 0.0002033 secs]
2015-03-20T11:15:59.114+0100: 11.299: [GC pause (G1 Humongous Allocation) (young) 962M->960M(1024M), 0.0005220 secs]
2015-03-20T11:15:59.114+0100: 11.300: Total time for which application threads were stopped: 0.0018982 seconds
2015-03-20T11:15:59.114+0100: 11.300: [Full GC (Allocation Failure)  960M->192M(1024M), 0.0042700 secs]
2015-03-20T11:15:59.114+0100: 11.304: Total time for which application threads were stopped: 0.0043961 seconds
2015-03-20T11:15:59.130+0100: 11.318: [GC pause (G1 Humongous Allocation) (young) (initial-mark) 450M->448M(1024M), 0.0005430 secs]
2015-03-20T11:15:59.130+0100: 2015-03-20T11:15:59.130+0100: 11.318: 11.318: [GC concurrent-root-region-scan-start]
Total time for which application threads were stopped: 0.0031308 seconds
2015-03-20T11:15:59.130+0100: 11.318: [GC concurrent-root-region-scan-end, 0.0000469 secs]
2015-03-20T11:15:59.130+0100: 11.318: [GC concurrent-mark-start]
2015-03-20T11:15:59.130+0100: 11.323: Total time for which application threads were stopped: 0.0048325 seconds
2015-03-20T11:15:59.130+0100: 11.324: [GC concurrent-mark-end, 0.0054635 secs]
2015-03-20T11:15:59.145+0100: 11.336: [GC remark, 0.0011725 secs]
2015-03-20T11:15:59.145+0100: 11.337: Total time for which application threads were stopped: 0.0127342 seconds
2015-03-20T11:15:59.145+0100: 11.342: [GC cleanup 834M->514M(1024M), 0.0004056 secs]
2015-03-20T11:15:59.145+0100: 11.342: Total time for which application threads were stopped: 0.0051776 seconds
2015-03-20T11:15:59.145+0100: 11.342: [GC concurrent-cleanup-start]
2015-03-20T11:15:59.145+0100: 11.342: [GC concurrent-cleanup-end, 0.0002639 secs]
2015-03-20T11:15:59.177+0100: 11.368: [GC pause (G1 Humongous Allocation) (young) 962M->960M(1024M), 0.0004662 secs]
2015-03-20T11:15:59.177+0100: 11.368: Total time for which application threads were stopped: 0.0053765 seconds
2015-03-20T11:15:59.177+0100: 11.369: [Full GC (Allocation Failure)  960M->282K(1024M), 0.0044826 secs]
2015-03-20T11:15:59.177+0100: 11.373: Total time for which application threads were stopped: 0.0046189 seconds
2015-03-20T11:15:59.208+0100: 11.394: [GC pause (G1 Humongous Allocation) (young) (initial-mark) 450M->448M(1024M), 0.0004726 secs]
2015-03-20T11:15:59.208+0100: 2015-03-20T11:15:59.208+0100: 11.395: 11.395[GC concurrent-root-region-scan-start]
: Total time for which application threads were stopped: 0.0094554 seconds
2015-03-20T11:15:59.208+0100: 11.395: [GC concurrent-root-region-scan-end, 0.0000220 secs]
2015-03-20T11:15:59.208+0100: 11.395: [GC concurrent-mark-start]
2015-03-20T11:15:59.208+0100: 11.396: [GC concurrent-mark-end, 0.0006539 secs]
2015-03-20T11:15:59.224+0100: 11.408: [GC remark, 0.0017169 secs]
2015-03-20T11:15:59.224+0100: 11.410: Total time for which application threads were stopped: 0.0141584 seconds
2015-03-20T11:15:59.224+0100: 11.410: [GC cleanup 705M->449M(1024M), 0.0005997 secs]
2015-03-20T11:15:59.224+0100: 11.410: Total time for which application threads were stopped: 0.0006393 seconds
2015-03-20T11:15:59.224+0100: 11.411: [GC concurrent-cleanup-start]
2015-03-20T11:15:59.224+0100: 11.411: [GC concurrent-cleanup-end, 0.0002116 secs]
2015-03-20T11:15:59.255+0100: 11.439: [GC pause (G1 Humongous Allocation) (young) 962M->960M(1024M), 0.0004667 secs]
2015-03-20T11:15:59.255+0100: 11.439: Total time for which application threads were stopped: 0.0060475 seconds
2015-03-20T11:15:59.255+0100: 11.439: [Full GC (Allocation Failure)  960M->282K(1024M), 0.0044567 secs]
2015-03-20T11:15:59.255+0100: 11.444: Total time for which application threads were stopped: 0.0045813 seconds
2015-03-20T11:15:59.270+0100: 11.465: [GC pause (G1 Humongous Allocation) (young) (initial-mark) 450M->448M(1024M), 0.0005239 secs]
2015-03-20T11:15:59.270+01002015-03-20T11:15:59.270+0100: : 11.466: 11.466: [GC concurrent-root-region-scan-start]
Total time for which application threads were stopped: 0.0079848 seconds
2015-03-20T11:15:59.270+0100: 11.466: [GC concurrent-root-region-scan-end, 0.0000313 secs]
2015-03-20T11:15:59.270+0100: 11.466: [GC concurrent-mark-start]
2015-03-20T11:15:59.270+0100: 11.467: [GC concurrent-mark-end, 0.0006163 secs]
2015-03-20T11:15:59.286+0100: 11.481: [GC remark, 0.0017247 secs]
2015-03-20T11:15:59.286+0100: 11.483: Total time for which application threads were stopped: 0.0162120 seconds
2015-03-20T11:15:59.302+0100: 11.488: [GC cleanup 770M->514M(1024M), 0.0004936 secs]
2015-03-20T11:15:59.302+0100: 11.488: Total time for which application threads were stopped: 0.0053447 seconds
2015-03-20T11:15:59.302+0100: 11.488: [GC concurrent-cleanup-start]
2015-03-20T11:15:59.302+0100: 11.489: [GC concurrent-cleanup-end, 0.0002048 secs]
2015-03-20T11:15:59.317+0100: 11.514: [GC pause (G1 Humongous Allocation) (young) 962M->960M(1024M), 0.0008909 secs]
2015-03-20T11:15:59.317+0100: 11.515: Total time for which application threads were stopped: 0.0059351 seconds
2015-03-20T11:15:59.317+0100: 11.515: [Full GC (Allocation Failure)  960M->128M(1024M), 0.0045320 secs]
2015-03-20T11:15:59.333+0100: 11.519: Total time for which application threads were stopped: 0.0046571 seconds
2015-03-20T11:15:59.349+0100: 11.536: [GC pause (G1 Humongous Allocation) (young) (initial-mark) 449M->448M(1024M), 0.0009916 secs]
2015-03-20T11:15:59.349+0100: 2015-03-20T11:15:59.349+0100: 11.537: 11.537: [GC concurrent-root-region-scan-start]
Total time for which application threads were stopped: 0.0056477 seconds
2015-03-20T11:15:59.349+0100: 11.537: [GC concurrent-root-region-scan-end, 0.0000220 secs]
2015-03-20T11:15:59.349+0100: 11.537: [GC concurrent-mark-start]
2015-03-20T11:15:59.349+0100: 11.538: [GC concurrent-mark-end, 0.0006520 secs]
2015-03-20T11:15:59.364+0100: 11.549: [GC remark, 0.0013655 secs]
2015-03-20T11:15:59.364+0100: 11.551: Total time for which application threads were stopped: 0.0129679 seconds
2015-03-20T11:15:59.380+0100: 11.563: [GC cleanup 962M->706M(1024M), 0.0008382 secs]
2015-03-20T11:15:59.380+0100: 11.564: Total time for which application threads were stopped: 0.0130597 seconds
2015-03-20T11:15:59.380+0100: 11.564: [GC concurrent-cleanup-start]
2015-03-20T11:15:59.380+0100: 11.564: [GC concurrent-cleanup-end, 0.0002092 secs]
2015-03-20T11:15:59.395+0100: 11.580: [GC pause (G1 Humongous Allocation) (young) 962M->960M(1024M), 0.0007126 secs]
2015-03-20T11:15:59.395+0100: 11.581: Total time for which application threads were stopped: 0.0051047 seconds
2015-03-20T11:15:59.395+0100: 11.581: [Full GC (Allocation Failure)  960M->282K(1024M), 0.0045481 secs]
2015-03-20T11:15:59.395+0100: 11.585: Total time for which application threads were stopped: 0.0046727 seconds
2015-03-20T11:15:59.411+0100: 11.607: [GC pause (G1 Humongous Allocation) (young) (initial-mark) 450M->448M(1024M), 0.0006520 secs]
2015-03-20T11:15:59.411+01002015-03-20T11:15:59.411+0100: : 11.608: 11.608: [GC concurrent-root-region-scan-start]
Total time for which application threads were stopped: 0.0078484 seconds
2015-03-20T11:15:59.411+0100: 11.608: [GC concurrent-root-region-scan-end, 0.0000239 secs]
2015-03-20T11:15:59.411+0100: 11.608: [GC concurrent-mark-start]
2015-03-20T11:15:59.411+0100: 11.608: [GC concurrent-mark-end, 0.0006407 secs]
2015-03-20T11:15:59.427+0100: 11.623: [GC remark, 0.0012282 secs]
2015-03-20T11:15:59.442+0100: 11.624: Total time for which application threads were stopped: 0.0158582 seconds
2015-03-20T11:15:59.442+0100: 11.624: [GC cleanup 706M->450M(1024M), 0.0007038 secs]
2015-03-20T11:15:59.442+0100: 11.625: Total time for which application threads were stopped: 0.0008010 seconds
2015-03-20T11:15:59.442+0100: 11.625: [GC concurrent-cleanup-start]
2015-03-20T11:15:59.442+0100: 11.625: [GC concurrent-cleanup-end, 0.0002067 secs]
2015-03-20T11:15:59.458+0100: 11.652: [GC pause (G1 Humongous Allocation) (young) 962M->960M(1024M), 0.0005493 secs]
2015-03-20T11:15:59.458+0100: 11.653: Total time for which application threads were stopped: 0.0054796 seconds
2015-03-20T11:15:59.458+0100: 11.653: [Full GC (Allocation Failure)  961M->282K(1024M), 0.0047020 secs]
2015-03-20T11:15:59.474+0100: 11.658: Total time for which application threads were stopped: 0.0048315 seconds
2015-03-20T11:15:59.474+0100: 11.664: [GC pause (G1 Humongous Allocation) (young) (initial-mark) 128M->128M(1024M), 0.0007297 secs]
2015-03-20T11:15:59.474+0100: 2015-03-20T11:15:59.474+0100: 11.664: 11.664: [GC concurrent-root-region-scan-start]
Total time for which application threads were stopped: 0.0066550 seconds
2015-03-20T11:15:59.474+0100: 11.664: [GC concurrent-root-region-scan-end, 0.0000259 secs]
2015-03-20T11:15:59.474+0100: 11.664: [GC concurrent-mark-start]
2015-03-20T11:15:59.474+0100: 11.665: [GC concurrent-mark-end, 0.0004369 secs]
2015-03-20T11:15:59.489+0100: 11.679: [GC remark, 0.0012722 secs]
2015-03-20T11:15:59.489+0100: 11.681: Total time for which application threads were stopped: 0.0155952 seconds
2015-03-20T11:15:59.505+0100: 11.694: [GC cleanup 641M->641M(1024M), 0.0006378 secs]
2015-03-20T11:15:59.505+0100: 11.695: Total time for which application threads were stopped: 0.0141447 seconds
2015-03-20T11:15:59.528+0100: 11.714: [GC pause (G1 Humongous Allocation) (young) 962M->960M(1024M), 0.0004061 secs]
2015-03-20T11:15:59.528+0100: 11.714: Total time for which application threads were stopped: 0.0065543 seconds
2015-03-20T11:15:59.528+0100: 11.714: [Full GC (Allocation Failure)  960M->128M(1024M), 0.0043135 secs]
2015-03-20T11:15:59.528+0100: 11.719: Total time for which application threads were stopped: 0.0044298 seconds
2015-03-20T11:15:59.544+0100: 11.736: [GC pause (G1 Humongous Allocation) (young) (initial-mark) 450M->448M(1024M), 0.0004433 secs]
2015-03-20T11:15:59.544+0100: 2015-03-20T11:15:59.544+0100: 11.736: 11.736: [GC concurrent-root-region-scan-start]
Total time for which application threads were stopped: 0.0052372 seconds
2015-03-20T11:15:59.544+0100: 11.736: [GC concurrent-root-region-scan-end, 0.0000518 secs]
2015-03-20T11:15:59.544+0100: 11.736: [GC concurrent-mark-start]
2015-03-20T11:15:59.544+0100: 11.737: [GC concurrent-mark-end, 0.0006911 secs]
2015-03-20T11:15:59.560+0100: 11.749: [GC remark, 0.0010874 secs]
2015-03-20T11:15:59.560+0100: 11.750: Total time for which application threads were stopped: 0.0131423 seconds
2015-03-20T11:15:59.560+0100: 11.755: [GC cleanup 770M->514M(1024M), 0.0004770 secs]
2015-03-20T11:15:59.560+0100: 11.755: Total time for which application threads were stopped: 0.0052347 seconds
2015-03-20T11:15:59.560+0100: 11.755: [GC concurrent-cleanup-start]
2015-03-20T11:15:59.560+0100: 11.756: [GC concurrent-cleanup-end, 0.0002058 secs]
2015-03-20T11:15:59.591+0100: 11.781: [GC pause (G1 Humongous Allocation) (young) 962M->960M(1024M), 0.0004403 secs]
2015-03-20T11:15:59.591+0100: 11.782: Total time for which application threads were stopped: 0.0056355 seconds
2015-03-20T11:15:59.591+0100: 11.782: [Full GC (Allocation Failure)  960M->128M(1024M), 0.0043541 secs]
2015-03-20T11:15:59.591+0100: 11.786: Total time for which application threads were stopped: 0.0044723 seconds
2015-03-20T11:15:59.607+0100: 11.803: [GC pause (G1 Humongous Allocation) (young) (initial-mark) 449M->448M(1024M), 0.0006182 secs]
2015-03-20T11:15:59.607+01002015-03-20T11:15:59.607+0100: : 11.804: 11.804: [GC concurrent-root-region-scan-start]
Total time for which application threads were stopped: 0.0052220 seconds
2015-03-20T11:15:59.607+0100: 11.804: [GC concurrent-root-region-scan-end, 0.0000503 secs]
2015-03-20T11:15:59.607+0100: 11.804: [GC concurrent-mark-start]
2015-03-20T11:15:59.622+0100: 11.804: [GC concurrent-mark-end, 0.0007570 secs]
2015-03-20T11:15:59.622+0100: 11.816: [GC remark, 0.0014114 secs]
2015-03-20T11:15:59.622+0100: 11.817: Total time for which application threads were stopped: 0.0128207 seconds
2015-03-20T11:15:59.638+0100: 11.832: [GC cleanup 962M->706M(1024M), 0.0006832 secs]
2015-03-20T11:15:59.638+0100: 11.832: Total time for which application threads were stopped: 0.0148035 seconds
2015-03-20T11:15:59.638+0100: 11.832: [GC concurrent-cleanup-start]
2015-03-20T11:15:59.638+0100: 11.833: [GC concurrent-cleanup-end, 0.0002067 secs]
2015-03-20T11:15:59.653+0100: 11.850: [GC pause (G1 Humongous Allocation) (young) 962M->960M(1024M), 0.0010625 secs]
2015-03-20T11:15:59.653+0100: 11.851: Total time for which application threads were stopped: 0.0068993 seconds
2015-03-20T11:15:59.653+0100: 11.851: [Full GC (Allocation Failure)  960M->282K(1024M), 0.0048408 secs]
2015-03-20T11:15:59.669+0100: 11.856: Total time for which application threads were stopped: 0.0049782 seconds
2015-03-20T11:15:59.685+0100: 11.877: [GC pause (G1 Humongous Allocation) (young) (initial-mark) 449M->448M(1024M), 0.0008005 secs]
2015-03-20T11:15:59.685+0100: 2015-03-20T11:15:59.685+0100: 11.878: 11.878: [GC concurrent-root-region-scan-start]
Total time for which application threads were stopped: 0.0097569 seconds
2015-03-20T11:15:59.685+0100: 11.878: [GC concurrent-root-region-scan-end, 0.0000415 secs]
2015-03-20T11:15:59.685+0100: 11.878: [GC concurrent-mark-start]
2015-03-20T11:15:59.685+0100: 11.878: [GC concurrent-mark-end, 0.0006339 secs]
2015-03-20T11:15:59.700+0100: 11.890: [GC remark, 0.0012824 secs]
2015-03-20T11:15:59.700+0100: 11.891: Total time for which application threads were stopped: 0.0128032 seconds
2015-03-20T11:15:59.716+0100: 11.900: [GC cleanup 898M->642M(1024M), 0.0005327 secs]
2015-03-20T11:15:59.716+0100: 11.901: Total time for which application threads were stopped: 0.0095150 seconds
2015-03-20T11:15:59.716+0100: 11.901: [GC concurrent-cleanup-start]
2015-03-20T11:15:59.716+0100: 11.901: [GC concurrent-cleanup-end, 0.0002131 secs]
2015-03-20T11:15:59.732+0100: 11.919: [GC pause (G1 Humongous Allocation) (young) 962M->960M(1024M), 0.0007546 secs]
2015-03-20T11:15:59.732+0100: 11.920: Total time for which application threads were stopped: 0.0077580 seconds
2015-03-20T11:15:59.732+0100: 11.920: [Full GC (Allocation Failure)  960M->282K(1024M), 0.0046444 secs]
2015-03-20T11:15:59.732+0100: 11.925: Total time for which application threads were stopped: 0.0047695 seconds
2015-03-20T11:15:59.763+0100: 11.948: [GC pause (G1 Humongous Allocation) (young) (initial-mark) 450M->448M(1024M), 0.0005992 secs]
2015-03-20T11:15:59.763+01002015-03-20T11:15:59.763+0100: : 11.949: 11.949: [GC concurrent-root-region-scan-start]
Total time for which application threads were stopped: 0.0062254 seconds
2015-03-20T11:15:59.763+0100: 11.949: [GC concurrent-root-region-scan-end, 0.0000435 secs]
2015-03-20T11:15:59.763+0100: 11.949: [GC concurrent-mark-start]
2015-03-20T11:15:59.763+0100: 11.950: [GC concurrent-mark-end, 0.0007556 secs]
2015-03-20T11:15:59.778+0100: 11.961: [GC remark, 0.0017594 secs]
2015-03-20T11:15:59.778+0100: 11.963: Total time for which application threads were stopped: 0.0133383 seconds
2015-03-20T11:15:59.778+0100: 11.968: [GC cleanup 770M->514M(1024M), 0.0004804 secs]
2015-03-20T11:15:59.778+0100: 11.968: Total time for which application threads were stopped: 0.0052724 seconds
2015-03-20T11:15:59.778+0100: 11.968: [GC concurrent-cleanup-start]
2015-03-20T11:15:59.778+0100: 11.969: [GC concurrent-cleanup-end, 0.0001823 secs]
2015-03-20T11:15:59.810+0100: 11.994: [GC pause (G1 Humongous Allocation) (young) 962M->960M(1024M), 0.0004091 secs]
2015-03-20T11:15:59.810+0100: 11.994: Total time for which application threads were stopped: 0.0054366 seconds
2015-03-20T11:15:59.810+0100: 11.994: [Full GC (Allocation Failure)  960M->192M(1024M), 0.0044029 secs]
2015-03-20T11:15:59.810+0100: 11.999: Total time for which application threads were stopped: 0.0045188 seconds
2015-03-20T11:15:59.825+0100: 12.011: [GC pause (G1 Humongous Allocation) (young) (initial-mark) 449M->448M(1024M), 0.0007438 secs]
2015-03-20T11:15:59.825+0100: 12.012: Total time for which application threads were stopped: 0.0010473 seconds
2015-03-20T11:15:59.825+0100: 12.012: [GC concurrent-root-region-scan-start]
2015-03-20T11:15:59.825+0100: 12.012: [GC concurrent-root-region-scan-end, 0.0000235 secs]
2015-03-20T11:15:59.825+0100: 12.012: [GC concurrent-mark-start]
2015-03-20T11:15:59.825+0100: 12.012: [GC concurrent-mark-end, 0.0004408 secs]
2015-03-20T11:15:59.841+0100: 12.027: [GC remark, 0.0020106 secs]
2015-03-20T11:15:59.841+0100: 12.029: Total time for which application threads were stopped: 0.0164109 seconds
2015-03-20T11:15:59.841+0100: 12.038: [GC cleanup 898M->642M(1024M), 0.0006168 secs]
2015-03-20T11:15:59.841+0100: 12.038: Total time for which application threads were stopped: 0.0095091 seconds
2015-03-20T11:15:59.841+0100: 12.038: [GC concurrent-cleanup-start]
2015-03-20T11:15:59.841+0100: 12.038: [GC concurrent-cleanup-end, 0.0002136 secs]
2015-03-20T11:15:59.872+0100: 12.058: [GC pause (G1 Humongous Allocation) (young) 962M->960M(1024M), 0.0003665 secs]
2015-03-20T11:15:59.872+0100: 12.059: Total time for which application threads were stopped: 0.0072937 seconds
2015-03-20T11:15:59.872+0100: 12.059: [Full GC (Allocation Failure)  960M->128M(1024M), 0.0043795 secs]
2015-03-20T11:15:59.872+0100: 12.063: Total time for which application threads were stopped: 0.0045041 seconds
2015-03-20T11:15:59.888+0100: 12.081: [GC pause (G1 Humongous Allocation) (young) (initial-mark) 514M->512M(1024M), 0.0004838 secs]
2015-03-20T11:15:59.888+01002015-03-20T11:15:59.888+0100: : 12.082: 12.082: [GC concurrent-root-region-scan-start]
Total time for which application threads were stopped: 0.0035257 seconds
2015-03-20T11:15:59.888+0100: 12.082: [GC concurrent-root-region-scan-end, 0.0000210 secs]
2015-03-20T11:15:59.888+0100: 12.082: [GC concurrent-mark-start]
2015-03-20T11:15:59.888+0100: 12.083: [GC concurrent-mark-end, 0.0006832 secs]
2015-03-20T11:15:59.903+0100: 12.094: [GC remark, 0.0012291 secs]
2015-03-20T11:15:59.903+0100: 12.095: Total time for which application threads were stopped: 0.0126482 seconds
2015-03-20T11:15:59.903+0100: 12.100: [GC cleanup 834M->514M(1024M), 0.0004315 secs]
2015-03-20T11:15:59.903+0100: 12.101: Total time for which application threads were stopped: 0.0051639 seconds
2015-03-20T11:15:59.903+0100: 12.101: [GC concurrent-cleanup-start]
2015-03-20T11:15:59.903+0100: 12.101: [GC concurrent-cleanup-end, 0.0002673 secs]
2015-03-20T11:15:59.935+0100: 12.126: [GC pause (G1 Humongous Allocation) (young) 962M->960M(1024M), 0.0004921 secs]
2015-03-20T11:15:59.935+0100: 12.127: Total time for which application threads were stopped: 0.0054718 seconds
2015-03-20T11:15:59.935+0100: 12.127: [GC pause (G1 Humongous Allocation) (young) (initial-mark) 961M->960M(1024M), 0.0004086 secs]
2015-03-20T11:15:59.935+01002015-03-20T11:15:59.935+0100: : 12.127: 12.127: [GC concurrent-root-region-scan-start]
Total time for which application threads were stopped: 0.0004785 seconds
2015-03-20T11:15:59.935+0100: 12.127: [GC concurrent-root-region-scan-end, 0.0000220 secs]
2015-03-20T11:15:59.935+0100: 12.127: [GC concurrent-mark-start]
2015-03-20T11:15:59.935+0100: 12.127: [GC pause (G1 Humongous Allocation) (young) 960M->960M(1024M), 0.0002605 secs]
2015-03-20T11:15:59.935+0100: 12.127: Total time for which application threads were stopped: 0.0003211 seconds
2015-03-20T11:15:59.935+0100: 12.127: [Full GC (Allocation Failure)  960M->282K(1024M), 0.0044440 secs]
2015-03-20T11:15:59.935+0100: 12.132: Total time for which application threads were stopped: 0.0045623 seconds
2015-03-20T11:15:59.950+0100: 12.137: Total time for which application threads were stopped: 0.0048609 seconds
2015-03-20T11:15:59.950+0100: 12.137: [GC concurrent-mark-abort]
2015-03-20T11:15:59.966+0100: 12.160: [GC pause (G1 Humongous Allocation) (young) (initial-mark) 449M->448M(1024M), 0.0007033 secs]
2015-03-20T11:15:59.966+0100: 12.161: Total time for which application threads were stopped: 0.0058735 seconds
2015-03-20T11:15:59.966+0100: 12.161: [GC concurrent-root-region-scan-start]
2015-03-20T11:15:59.966+0100: 12.161: [GC concurrent-root-region-scan-end, 0.0000577 secs]
2015-03-20T11:15:59.966+0100: 12.161: [GC concurrent-mark-start]
2015-03-20T11:15:59.982+0100: 12.167: Total time for which application threads were stopped: 0.0061765 seconds
2015-03-20T11:15:59.982+0100: 12.168: [GC concurrent-mark-end, 0.0069306 secs]
2015-03-20T11:15:59.997+0100: 12.181: [GC remark, 0.0014891 secs]
2015-03-20T11:15:59.997+0100: 12.182: Total time for which application threads were stopped: 0.0143241 seconds
2015-03-20T11:15:59.997+0100: 12.188: [GC cleanup 961M->641M(1024M), 0.0007150 secs]
2015-03-20T11:15:59.997+0100: 12.189: Total time for which application threads were stopped: 0.0066164 seconds
2015-03-20T11:15:59.997+0100: 12.189: [GC concurrent-cleanup-start]
2015-03-20T11:15:59.997+0100: 12.189: [GC concurrent-cleanup-end, 0.0002717 secs]
2015-03-20T11:16:00.013+0100: 12.209: [GC pause (G1 Humongous Allocation) (young) 961M->960M(1024M), 0.0009144 secs]
2015-03-20T11:16:00.013+0100: 12.210: Total time for which application threads were stopped: 0.0074086 seconds
2015-03-20T11:16:00.013+0100: 12.210: [Full GC (Allocation Failure)  960M->282K(1024M), 0.0044508 secs]
2015-03-20T11:16:00.028+0100: 12.214: Total time for which application threads were stopped: 0.0045847 seconds
2015-03-20T11:16:00.044+0100: 12.236: [GC pause (G1 Humongous Allocation) (young) (initial-mark) 450M->448M(1024M), 0.0009217 secs]
2015-03-20T11:16:00.044+0100: 12.237: Total time for which application threads were stopped: 0.0097946 seconds
2015-03-20T11:16:00.044+0100: 12.237: [GC concurrent-root-region-scan-start]
2015-03-20T11:16:00.044+0100: 12.237: [GC concurrent-root-region-scan-end, 0.0000586 secs]
2015-03-20T11:16:00.044+0100: 12.237: [GC concurrent-mark-start]
2015-03-20T11:16:00.044+0100: 12.237: [GC concurrent-mark-end, 0.0004633 secs]
2015-03-20T11:16:00.060+0100: 12.251: [GC remark, 0.0014838 secs]
2015-03-20T11:16:00.060+0100: 12.253: Total time for which application threads were stopped: 0.0157648 seconds
2015-03-20T11:16:00.075+0100: 12.259: [GC cleanup 834M->578M(1024M), 0.0008201 secs]
2015-03-20T11:16:00.075+0100: 12.260: Total time for which application threads were stopped: 0.0067175 seconds
2015-03-20T11:16:00.075+0100: 12.260: [GC concurrent-cleanup-start]
2015-03-20T11:16:00.075+0100: 12.260: [GC concurrent-cleanup-end, 0.0002111 secs]
2015-03-20T11:16:00.091+0100: 12.281: [GC pause (G1 Humongous Allocation) (young) 962M->960M(1024M), 0.0004926 secs]
2015-03-20T11:16:00.091+0100: 12.282: Total time for which application threads were stopped: 0.0016074 seconds
2015-03-20T11:16:00.091+0100: 12.282: [Full GC (Allocation Failure)  960M->64M(1024M), 0.0044665 secs]
2015-03-20T11:16:00.091+0100: 12.286: Total time for which application threads were stopped: 0.0045852 seconds
2015-03-20T11:16:00.122+0100: 12.305: [GC pause (G1 Humongous Allocation) (young) (initial-mark) 449M->448M(1024M), 0.0006129 secs]
2015-03-20T11:16:00.122+0100: 12.306: Total time for which application threads were stopped: 0.0011827 seconds
2015-03-20T11:16:00.122+0100: 12.306: [GC concurrent-root-region-scan-start]
2015-03-20T11:16:00.122+0100: 12.306: [GC concurrent-root-region-scan-end, 0.0000318 secs]
2015-03-20T11:16:00.122+0100: 12.306: [GC concurrent-mark-start]
2015-03-20T11:16:00.122+0100: 12.307: [GC concurrent-mark-end, 0.0007473 secs]
2015-03-20T11:16:00.122+0100: 12.318: [GC remark, 0.0019373 secs]
2015-03-20T11:16:00.138+0100: 12.320: Total time for which application threads were stopped: 0.0132591 seconds
2015-03-20T11:16:00.138+0100: 12.320: [GC cleanup 705M->449M(1024M), 0.0004907 secs]
2015-03-20T11:16:00.138+0100: 12.320: Total time for which application threads were stopped: 0.0005293 seconds
2015-03-20T11:16:00.138+0100: 12.320: [GC concurrent-cleanup-start]
2015-03-20T11:16:00.138+0100: 12.321: [GC concurrent-cleanup-end, 0.0002028 secs]
2015-03-20T11:16:00.153+0100: 12.347: [GC pause (G1 Humongous Allocation) (young) 962M->960M(1024M), 0.0010571 secs]
2015-03-20T11:16:00.153+0100: 12.348: Total time for which application threads were stopped: 0.0057909 seconds
2015-03-20T11:16:00.153+0100: 12.348: [Full GC (Allocation Failure)  960M->192M(1024M), 0.0045432 secs]
2015-03-20T11:16:00.169+0100: 12.353: Total time for which application threads were stopped: 0.0046624 seconds
2015-03-20T11:16:00.169+0100: 12.365: [GC pause (G1 Humongous Allocation) (young) (initial-mark) 449M->448M(1024M), 0.0009520 secs]
2015-03-20T11:16:00.169+0100: 12.366: 2015-03-20T11:16:00.169+0100Total time for which application threads were stopped: 0.0012619 seconds
: 12.366: [GC concurrent-root-region-scan-start]
2015-03-20T11:16:00.169+0100: 12.366: [GC concurrent-root-region-scan-end, 0.0000674 secs]
2015-03-20T11:16:00.169+0100: 12.366: [GC concurrent-mark-start]
2015-03-20T11:16:00.185+0100: 12.367: [GC concurrent-mark-end, 0.0004731 secs]
2015-03-20T11:16:00.185+0100: 12.379: [GC remark, 0.0013455 secs]
2015-03-20T11:16:00.185+0100: 12.381: Total time for which application threads were stopped: 0.0140196 seconds
2015-03-20T11:16:00.200+0100: 12.390: [GC cleanup 898M->642M(1024M), 0.0005009 secs]
2015-03-20T11:16:00.200+0100: 12.390: Total time for which application threads were stopped: 0.0094505 seconds
2015-03-20T11:16:00.200+0100: 12.390: [GC concurrent-cleanup-start]
2015-03-20T11:16:00.200+0100: 12.391: [GC concurrent-cleanup-end, 0.0001842 secs]
2015-03-20T11:16:00.216+0100: 12.409: [GC pause (G1 Humongous Allocation) (young) 962M->960M(1024M), 0.0004902 secs]
2015-03-20T11:16:00.216+0100: 12.409: Total time for which application threads were stopped: 0.0044191 seconds
2015-03-20T11:16:00.216+0100: 12.409: [Full GC (Allocation Failure)  960M->192M(1024M), 0.0042475 secs]
2015-03-20T11:16:00.216+0100: 12.413: Total time for which application threads were stopped: 0.0043629 seconds
2015-03-20T11:16:00.232+0100: 12.426: [GC pause (G1 Humongous Allocation) (young) (initial-mark) 450M->448M(1024M), 0.0005449 secs]
2015-03-20T11:16:00.232+0100: 2015-03-20T11:16:00.232+0100: 12.426: [GC concurrent-root-region-scan-start]
12.426: Total time for which application threads were stopped: 0.0008181 seconds
2015-03-20T11:16:00.232+0100: 12.426: [GC concurrent-root-region-scan-end, 0.0000225 secs]
2015-03-20T11:16:00.232+0100: 12.426: [GC concurrent-mark-start]
2015-03-20T11:16:00.232+0100: 12.427: [GC concurrent-mark-end, 0.0004452 secs]
2015-03-20T11:16:00.247+0100: 12.440: [GC remark, 0.0012844 secs]
2015-03-20T11:16:00.247+0100: 12.442: Total time for which application threads were stopped: 0.0150904 seconds
2015-03-20T11:16:00.263+0100: 12.454: [GC cleanup 962M->706M(1024M), 0.0005953 secs]
2015-03-20T11:16:00.263+0100: 12.455: Total time for which application threads were stopped: 0.0125842 seconds
2015-03-20T11:16:00.263+0100: 12.455: [GC concurrent-cleanup-start]
2015-03-20T11:16:00.263+0100: 12.455: [GC concurrent-cleanup-end, 0.0002009 secs]
2015-03-20T11:16:00.278+0100: 12.470: [GC pause (G1 Humongous Allocation) (young) 962M->960M(1024M), 0.0006324 secs]
2015-03-20T11:16:00.278+0100: 12.470: Total time for which application threads were stopped: 0.0019319 seconds
2015-03-20T11:16:00.278+0100: 12.470: [GC pause (G1 Humongous Allocation) (young) (initial-mark) 960M->960M(1024M), 0.0005283 secs]
2015-03-20T11:16:00.278+0100: 12.471: 2015-03-20T11:16:00.278+0100: Total time for which application threads were stopped: 0.0005997 seconds
12.471: [GC concurrent-root-region-scan-start]
2015-03-20T11:16:00.278+0100: 12.471: [GC concurrent-root-region-scan-end, 0.0000259 secs]
2015-03-20T11:16:00.278+0100: 12.471: [GC concurrent-mark-start]
2015-03-20T11:16:00.278+0100: 12.471: [GC pause (G1 Humongous Allocation) (young) 961M->960M(1024M), 0.0002752 secs]
2015-03-20T11:16:00.278+0100: 12.471: Total time for which application threads were stopped: 0.0003421 seconds
2015-03-20T11:16:00.278+0100: 12.471: [Full GC (Allocation Failure)  960M->282K(1024M), 0.0044816 secs]
2015-03-20T11:16:00.278+0100: 12.476: Total time for which application threads were stopped: 0.0046004 seconds
2015-03-20T11:16:00.278+0100: 12.476: [GC concurrent-mark-abort]
2015-03-20T11:16:00.310+0100: 12.501: [GC pause (G1 Humongous Allocation) (young) (initial-mark) 449M->448M(1024M), 0.0007903 secs]
2015-03-20T11:16:00.310+0100: 12.502: Total time for which application threads were stopped: 0.0065392 seconds
2015-03-20T11:16:00.310+0100: 12.502: [GC concurrent-root-region-scan-start]
2015-03-20T11:16:00.310+0100: 12.502: [GC concurrent-root-region-scan-end, 0.0000538 secs]
2015-03-20T11:16:00.310+0100: 12.502: [GC concurrent-mark-start]
2015-03-20T11:16:00.310+0100: 12.503: [GC concurrent-mark-end, 0.0007253 secs]
2015-03-20T11:16:00.325+0100: 12.518: [GC remark, 0.0019202 secs]
2015-03-20T11:16:00.325+0100: 12.520: Total time for which application threads were stopped: 0.0164530 seconds
2015-03-20T11:16:00.325+0100: 12.520: [GC cleanup 706M->450M(1024M), 0.0006031 secs]
2015-03-20T11:16:00.325+0100: 12.520: Total time for which application threads were stopped: 0.0006412 seconds
2015-03-20T11:16:00.325+0100: 12.520: [GC concurrent-cleanup-start]
2015-03-20T11:16:00.325+0100: 12.520: [GC concurrent-cleanup-end, 0.0002072 secs]
2015-03-20T11:16:00.357+0100: 12.547: [GC pause (G1 Humongous Allocation) (young) 962M->960M(1024M), 0.0005474 secs]
2015-03-20T11:16:00.357+0100: 12.548: Total time for which application threads were stopped: 0.0056159 seconds
2015-03-20T11:16:00.357+0100: 12.548: [Full GC (Allocation Failure)  960M->192M(1024M), 0.0043619 secs]
2015-03-20T11:16:00.357+0100: 12.552: Total time for which application threads were stopped: 0.0044899 seconds
2015-03-20T11:16:00.372+0100: 12.567: [GC pause (G1 Humongous Allocation) (young) (initial-mark) 449M->448M(1024M), 0.0006798 secs]
2015-03-20T11:16:00.372+0100: 12.568: Total time for which application threads were stopped: 0.0059796 seconds
2015-03-20T11:16:00.372+0100: 12.568: [GC concurrent-root-region-scan-start]
2015-03-20T11:16:00.372+0100: 12.568: [GC concurrent-root-region-scan-end, 0.0000562 secs]
2015-03-20T11:16:00.372+0100: 12.568: [GC concurrent-mark-start]
2015-03-20T11:16:00.372+0100: 12.568: [GC concurrent-mark-end, 0.0004438 secs]
2015-03-20T11:16:00.388+0100: 12.583: [GC remark, 0.0017956 secs]
2015-03-20T11:16:00.388+0100: 12.585: Total time for which application threads were stopped: 0.0165028 seconds
2015-03-20T11:16:00.403+0100: 12.597: [GC cleanup 962M->706M(1024M), 0.0006696 secs]
2015-03-20T11:16:00.403+0100: 12.598: Total time for which application threads were stopped: 0.0126541 seconds
2015-03-20T11:16:00.403+0100: 12.598: [GC concurrent-cleanup-start]
2015-03-20T11:16:00.403+0100: 12.598: [GC concurrent-cleanup-end, 0.0001803 secs]
2015-03-20T11:16:00.419+0100: 12.615: [GC pause (G1 Humongous Allocation) (young) 962M->960M(1024M), 0.0008626 secs]
2015-03-20T11:16:00.419+0100: 12.616: Total time for which application threads were stopped: 0.0067561 seconds
2015-03-20T11:16:00.419+0100: 12.616: [Full GC (Allocation Failure)  960M->64M(1024M), 0.0046712 secs]
2015-03-20T11:16:00.435+0100: 12.621: Total time for which application threads were stopped: 0.0047905 seconds
2015-03-20T11:16:00.450+0100: 12.639: [GC pause (G1 Humongous Allocation) (young) (initial-mark) 450M->448M(1024M), 0.0008665 secs]
2015-03-20T11:16:00.450+0100: 12.640: Total time for which application threads were stopped: 0.0068573 seconds
2015-03-20T11:16:00.450+0100: 12.640: [GC concurrent-root-region-scan-start]
2015-03-20T11:16:00.450+0100: 12.640: [GC concurrent-root-region-scan-end, 0.0000542 secs]
2015-03-20T11:16:00.450+0100: 12.640: [GC concurrent-mark-start]
2015-03-20T11:16:00.450+0100: 12.640: [GC concurrent-mark-end, 0.0004496 secs]
2015-03-20T11:16:00.466+0100: 12.652: [GC remark, 0.0013191 secs]
2015-03-20T11:16:00.466+0100: 12.654: Total time for which application threads were stopped: 0.0132782 seconds
2015-03-20T11:16:00.466+0100: 12.654: [GC cleanup 706M->450M(1024M), 0.0005708 secs]
2015-03-20T11:16:00.466+0100: 12.654: Total time for which application threads were stopped: 0.0006090 seconds
2015-03-20T11:16:00.466+0100: 12.654: [GC concurrent-cleanup-start]
2015-03-20T11:16:00.466+0100: 12.654: [GC concurrent-cleanup-end, 0.0001867 secs]
2015-03-20T11:16:00.497+0100: 12.683: [GC pause (G1 Humongous Allocation) (young) 962M->960M(1024M), 0.0008499 secs]
2015-03-20T11:16:00.497+0100: 12.684: Total time for which application threads were stopped: 0.0072781 seconds
2015-03-20T11:16:00.497+0100: 12.684: [GC pause (G1 Humongous Allocation) (young) (initial-mark) 961M->960M(1024M), 0.0004545 secs]
2015-03-20T11:16:00.497+0100: 2015-03-20T11:16:00.497+010012.684: : [GC concurrent-root-region-scan-start]
12.684: Total time for which application threads were stopped: 0.0005527 seconds
2015-03-20T11:16:00.497+0100: 12.684: [GC concurrent-root-region-scan-end, 0.0000220 secs]
2015-03-20T11:16:00.497+0100: 12.684: [GC concurrent-mark-start]
2015-03-20T11:16:00.497+0100: 12.684: [GC pause (G1 Humongous Allocation) (young) 960M->960M(1024M), 0.0002683 secs]
2015-03-20T11:16:00.497+0100: 12.685: Total time for which application threads were stopped: 0.0003343 seconds
2015-03-20T11:16:00.497+0100: 12.685: [Full GC (Allocation Failure)  960M->282K(1024M), 0.0046517 secs]
2015-03-20T11:16:00.497+0100: 12.690: Total time for which application threads were stopped: 0.0047758 seconds
2015-03-20T11:16:00.497+0100: 12.694: Total time for which application threads were stopped: 0.0048032 seconds
2015-03-20T11:16:00.497+0100: 12.694: [GC concurrent-mark-abort]
2015-03-20T11:16:00.513+0100: 12.699: Total time for which application threads were stopped: 0.0047851 seconds
2015-03-20T11:16:00.528+0100: 12.719: [GC pause (G1 Humongous Allocation) (young) (initial-mark) 449M->448M(1024M), 0.0008553 secs]
2015-03-20T11:16:00.528+0100: 12.720: Total time for which application threads were stopped: 0.0095732 seconds
2015-03-20T11:16:00.528+0100: 12.720: [GC concurrent-root-region-scan-start]
2015-03-20T11:16:00.528+0100: 12.720: [GC concurrent-root-region-scan-end, 0.0000474 secs]
2015-03-20T11:16:00.528+0100: 12.720: [GC concurrent-mark-start]
2015-03-20T11:16:00.528+0100: 12.721: [GC concurrent-mark-end, 0.0005166 secs]
2015-03-20T11:16:00.544+0100: 12.735: [GC remark, 0.0013723 secs]
2015-03-20T11:16:00.544+0100: 12.737: Total time for which application threads were stopped: 0.0159491 seconds
2015-03-20T11:16:00.560+0100: 12.748: [GC cleanup 898M->642M(1024M), 0.0011031 secs]
2015-03-20T11:16:00.560+0100: 12.749: Total time for which application threads were stopped: 0.0121957 seconds
2015-03-20T11:16:00.560+0100: 12.749: [GC concurrent-cleanup-start]
2015-03-20T11:16:00.560+0100: 12.749: [GC concurrent-cleanup-end, 0.0002185 secs]
2015-03-20T11:16:00.575+0100: 12.768: [GC pause (G1 Humongous Allocation) (young) 962M->960M(1024M), 0.0010415 secs]
2015-03-20T11:16:00.575+0100: 12.769: Total time for which application threads were stopped: 0.0071706 seconds
2015-03-20T11:16:00.575+0100: 12.769: [Full GC (Allocation Failure)  960M->282K(1024M), 0.0047099 secs]
2015-03-20T11:16:00.591+0100: 12.774: Total time for which application threads were stopped: 0.0048447 seconds
2015-03-20T11:16:00.607+0100: 12.795: [GC pause (G1 Humongous Allocation) (young) (initial-mark) 450M->448M(1024M), 0.0008049 secs]
2015-03-20T11:16:00.607+0100: 12.796: Total time for which application threads were stopped: 0.0097628 seconds
2015-03-20T11:16:00.607+0100: 12.796: [GC concurrent-root-region-scan-start]
2015-03-20T11:16:00.607+0100: 12.796: [GC concurrent-root-region-scan-end, 0.0000459 secs]
2015-03-20T11:16:00.607+0100: 12.796: [GC concurrent-mark-start]
2015-03-20T11:16:00.607+0100: 12.797: [GC concurrent-mark-end, 0.0007341 secs]
2015-03-20T11:16:00.622+0100: 12.808: [GC remark, 0.0013416 secs]
2015-03-20T11:16:00.622+0100: 12.809: Total time for which application threads were stopped: 0.0127430 seconds
2015-03-20T11:16:00.638+0100: 12.822: [GC cleanup 962M->706M(1024M), 0.0007815 secs]
2015-03-20T11:16:00.638+0100: 12.823: Total time for which application threads were stopped: 0.0132645 seconds
2015-03-20T11:16:00.638+0100: 12.823: [GC concurrent-cleanup-start]
2015-03-20T11:16:00.638+0100: 12.823: [GC concurrent-cleanup-end, 0.0002111 secs]
2015-03-20T11:16:00.653+0100: 12.838: [GC pause (G1 Humongous Allocation) (young) 962M->960M(1024M), 0.0007072 secs]
2015-03-20T11:16:00.653+0100: 12.839: Total time for which application threads were stopped: 0.0047749 seconds
2015-03-20T11:16:00.653+0100: 12.839: [GC pause (G1 Humongous Allocation) (young) (initial-mark) 961M->960M(1024M), 0.0004027 secs]
2015-03-20T11:16:00.653+01002015-03-20T11:16:00.653+0100: : 12.840: 12.840: [GC concurrent-root-region-scan-start]
Total time for which application threads were stopped: 0.0004741 seconds
2015-03-20T11:16:00.653+0100: 12.840: [GC concurrent-root-region-scan-end, 0.0000239 secs]
2015-03-20T11:16:00.653+0100: 12.840: [GC concurrent-mark-start]
2015-03-20T11:16:00.653+0100: 12.840: [GC pause (G1 Humongous Allocation) (young) 960M->960M(1024M), 0.0002673 secs]
2015-03-20T11:16:00.653+0100: 12.840: Total time for which application threads were stopped: 0.0003358 seconds
2015-03-20T11:16:00.653+0100: 12.840: [Full GC (Allocation Failure)  960M->282K(1024M), 0.0045945 secs]
2015-03-20T11:16:00.653+0100: 12.845: Total time for which application threads were stopped: 0.0047182 seconds
2015-03-20T11:16:00.653+0100: 12.849: Total time for which application threads were stopped: 0.0047646 seconds
2015-03-20T11:16:00.653+0100: 12.849: [GC concurrent-mark-abort]
2015-03-20T11:16:00.685+0100: 12.871: [GC pause (G1 Humongous Allocation) (young) (initial-mark) 449M->448M(1024M), 0.0008738 secs]
2015-03-20T11:16:00.685+0100: 2015-03-20T11:16:00.685+0100: 12.872: 12.872[GC concurrent-root-region-scan-start]
: Total time for which application threads were stopped: 0.0018694 seconds
2015-03-20T11:16:00.685+0100: 12.872: [GC concurrent-root-region-scan-end, 0.0000391 secs]
2015-03-20T11:16:00.685+0100: 12.872: [GC concurrent-mark-start]
2015-03-20T11:16:00.685+0100: 12.872: [GC concurrent-mark-end, 0.0007350 secs]
2015-03-20T11:16:00.700+0100: 12.887: [GC remark, 0.0012780 secs]
2015-03-20T11:16:00.700+0100: 12.888: Total time for which application threads were stopped: 0.0156705 seconds
2015-03-20T11:16:00.716+0100: 12.900: [GC cleanup 962M->706M(1024M), 0.0004203 secs]
2015-03-20T11:16:00.716+0100: 12.901: Total time for which application threads were stopped: 0.0125104 seconds
2015-03-20T11:16:00.716+0100: 12.901: [GC concurrent-cleanup-start]
2015-03-20T11:16:00.716+0100: 12.901: [GC concurrent-cleanup-end, 0.0002106 secs]
2015-03-20T11:16:00.732+0100: 12.916: [GC pause (G1 Humongous Allocation) (young) 962M->960M(1024M), 0.0005132 secs]
2015-03-20T11:16:00.732+0100: 12.917: Total time for which application threads were stopped: 0.0014373 seconds
2015-03-20T11:16:00.732+0100: 12.917: [Full GC (Allocation Failure)  960M->282K(1024M), 0.0045324 secs]
2015-03-20T11:16:00.732+0100: 12.922: Total time for which application threads were stopped: 0.0046561 seconds
2015-03-20T11:16:00.747+0100: 12.931: [GC pause (G1 Humongous Allocation) (young) (initial-mark) 193M->192M(1024M), 0.0004970 secs]
2015-03-20T11:16:00.747+0100: 12.931: Total time for which application threads were stopped: 0.0097100 seconds
2015-03-20T11:16:00.747+0100: 12.931: [GC concurrent-root-region-scan-start]
2015-03-20T11:16:00.747+0100: 12.931: [GC concurrent-root-region-scan-end, 0.0000288 secs]
2015-03-20T11:16:00.747+0100: 12.931: [GC concurrent-mark-start]
2015-03-20T11:16:00.747+0100: 12.932: [GC concurrent-mark-end, 0.0004418 secs]
2015-03-20T11:16:00.763+0100: 12.946: [GC remark, 0.0011749 secs]
2015-03-20T11:16:00.763+0100: 12.947: Total time for which application threads were stopped: 0.0150943 seconds
2015-03-20T11:16:00.763+0100: 12.947: [GC cleanup 449M->449M(1024M), 0.0004252 secs]
2015-03-20T11:16:00.763+0100: 12.947: Total time for which application threads were stopped: 0.0004574 seconds
2015-03-20T11:16:00.778+0100: 12.974: [GC pause (G1 Humongous Allocation) (young) 962M->960M(1024M), 0.0004447 secs]
2015-03-20T11:16:00.778+0100: 12.975: Total time for which application threads were stopped: 0.0053687 seconds
2015-03-20T11:16:00.778+0100: 12.975: [Full GC (Allocation Failure)  960M->192M(1024M), 0.0043355 secs]
2015-03-20T11:16:00.794+0100: 12.979: Total time for which application threads were stopped: 0.0044459 seconds
2015-03-20T11:16:00.794+0100: 12.991: [GC pause (G1 Humongous Allocation) (young) (initial-mark) 450M->448M(1024M), 0.0005176 secs]
2015-03-20T11:16:00.810+0100: 12.992: Total time for which application threads were stopped: 0.0007619 seconds
2015-03-20T11:16:00.810+0100: 12.992: [GC concurrent-root-region-scan-start]
2015-03-20T11:16:00.810+0100: 12.992: [GC concurrent-root-region-scan-end, 0.0000499 secs]
2015-03-20T11:16:00.810+0100: 12.992: [GC concurrent-mark-start]
2015-03-20T11:16:00.810+0100: 12.993: [GC concurrent-mark-end, 0.0006300 secs]
2015-03-20T11:16:00.810+0100: 13.007: [GC remark, 0.0012414 secs]
2015-03-20T11:16:00.825+0100: 13.008: Total time for which application threads were stopped: 0.0156431 seconds
2015-03-20T11:16:00.825+0100: 13.008: [GC cleanup 705M->449M(1024M), 0.0006207 secs]
2015-03-20T11:16:00.825+0100: 13.009: Total time for which application threads were stopped: 0.0006568 seconds
2015-03-20T11:16:00.825+0100: 13.009: [GC concurrent-cleanup-start]
2015-03-20T11:16:00.825+0100: 13.009: [GC concurrent-cleanup-end, 0.0002116 secs]
2015-03-20T11:16:00.841+0100: 13.036: [GC pause (G1 Humongous Allocation) (young) 962M->960M(1024M), 0.0004159 secs]
2015-03-20T11:16:00.841+0100: 13.037: Total time for which application threads were stopped: 0.0051981 seconds
2015-03-20T11:16:00.841+0100: 13.037: [Full GC (Allocation Failure)  960M->64M(1024M), 0.0044836 secs]
2015-03-20T11:16:00.857+0100: 13.041: Total time for which application threads were stopped: 0.0046038 seconds
2015-03-20T11:16:00.872+0100: 13.059: [GC pause (G1 Humongous Allocation) (young) (initial-mark) 449M->448M(1024M), 0.0004609 secs]
2015-03-20T11:16:00.872+0100: 2015-03-20T11:16:00.872+0100: 13.060: 13.060: [GC concurrent-root-region-scan-start]
Total time for which application threads were stopped: 0.0064482 seconds
2015-03-20T11:16:00.872+0100: 13.060: [GC concurrent-root-region-scan-end, 0.0000230 secs]
2015-03-20T11:16:00.872+0100: 13.060: [GC concurrent-mark-start]
2015-03-20T11:16:00.872+0100: 13.061: [GC concurrent-mark-end, 0.0006842 secs]
2015-03-20T11:16:00.888+0100: 13.072: [GC remark, 0.0011226 secs]
2015-03-20T11:16:00.888+0100: 13.073: Total time for which application threads were stopped: 0.0125862 seconds
2015-03-20T11:16:00.888+0100: 13.078: [GC cleanup 770M->450M(1024M), 0.0004755 secs]
2015-03-20T11:16:00.888+0100: 13.079: Total time for which application threads were stopped: 0.0052040 seconds
2015-03-20T11:16:00.888+0100: 13.079: [GC concurrent-cleanup-start]
2015-03-20T11:16:00.888+0100: 13.079: [GC concurrent-cleanup-end, 0.0002732 secs]
2015-03-20T11:16:00.919+0100: 13.106: [GC pause (G1 Humongous Allocation) (young) 962M->960M(1024M), 0.0004921 secs]
2015-03-20T11:16:00.919+0100: 13.106: Total time for which application threads were stopped: 0.0013034 seconds
2015-03-20T11:16:00.919+0100: 13.106: [Full GC (Allocation Failure)  960M->282K(1024M), 0.0045026 secs]
2015-03-20T11:16:00.919+0100: 13.111: Total time for which application threads were stopped: 0.0046282 seconds
2015-03-20T11:16:00.950+0100: 13.134: [GC pause (G1 Humongous Allocation) (young) (initial-mark) 449M->448M(1024M), 0.0004330 secs]
2015-03-20T11:16:00.950+0100: 13.134: Total time for which application threads were stopped: 0.0066369 seconds
2015-03-20T11:16:00.950+0100: 13.134: [GC concurrent-root-region-scan-start]
2015-03-20T11:16:00.950+0100: 13.134: [GC concurrent-root-region-scan-end, 0.0000279 secs]
2015-03-20T11:16:00.950+0100: 13.134: [GC concurrent-mark-start]
2015-03-20T11:16:00.950+0100: 13.135: [GC concurrent-mark-end, 0.0006261 secs]
2015-03-20T11:16:00.966+0100: 13.149: [GC remark, 0.0016915 secs]
2015-03-20T11:16:00.966+0100: 13.150: Total time for which application threads were stopped: 0.0155449 seconds
2015-03-20T11:16:00.966+0100: 13.162: [GC cleanup 962M->706M(1024M), 0.0007570 secs]
2015-03-20T11:16:00.966+0100: 13.163: Total time for which application threads were stopped: 0.0126795 seconds
2015-03-20T11:16:00.966+0100: 13.163: [GC concurrent-cleanup-start]
2015-03-20T11:16:00.966+0100: 13.163: [GC concurrent-cleanup-end, 0.0002072 secs]
2015-03-20T11:16:00.997+0100: 13.181: [GC pause (G1 Humongous Allocation) (young) 962M->960M(1024M), 0.0008572 secs]
2015-03-20T11:16:00.997+0100: 13.182: Total time for which application threads were stopped: 0.0070455 seconds
2015-03-20T11:16:00.997+0100: 13.182: [Full GC (Allocation Failure)  960M->128M(1024M), 0.0045212 secs]
2015-03-20T11:16:00.997+0100: 13.186: Total time for which application threads were stopped: 0.0046507 seconds
2015-03-20T11:16:01.013+0100: 13.203: [GC pause (G1 Humongous Allocation) (young) (initial-mark) 450M->448M(1024M), 0.0007668 secs]
2015-03-20T11:16:01.013+0100: 13.203: Total time for which application threads were stopped: 0.0057860 seconds
2015-03-20T11:16:01.013+0100: 13.203: [GC concurrent-root-region-scan-start]
2015-03-20T11:16:01.013+0100: 13.203: [GC concurrent-root-region-scan-end, 0.0000411 secs]
2015-03-20T11:16:01.013+0100: 13.203: [GC concurrent-mark-start]
2015-03-20T11:16:01.013+0100: 13.204: [GC concurrent-mark-end, 0.0004560 secs]
2015-03-20T11:16:01.028+0100: 13.216: [GC remark, 0.0013533 secs]
2015-03-20T11:16:01.028+0100: 13.218: Total time for which application threads were stopped: 0.0136139 seconds
2015-03-20T11:16:01.044+0100: 13.231: [GC cleanup 962M->706M(1024M), 0.0006329 secs]
2015-03-20T11:16:01.044+0100: 13.231: Total time for which application threads were stopped: 0.0133852 seconds
2015-03-20T11:16:01.044+0100: 13.231: [GC concurrent-cleanup-start]
2015-03-20T11:16:01.044+0100: 13.231: [GC concurrent-cleanup-end, 0.0001852 secs]
2015-03-20T11:16:01.060+0100: 13.246: [GC pause (G1 Humongous Allocation) (young) 962M->960M(1024M), 0.0009276 secs]
2015-03-20T11:16:01.060+0100: 13.247: Total time for which application threads were stopped: 0.0018215 seconds
2015-03-20T11:16:01.060+0100: 13.247: [Full GC (Allocation Failure)  960M->282K(1024M), 0.0045989 secs]
2015-03-20T11:16:01.060+0100: 13.252: Total time for which application threads were stopped: 0.0047196 seconds
2015-03-20T11:16:01.091+0100: 13.275: [GC pause (G1 Humongous Allocation) (young) (initial-mark) 450M->448M(1024M), 0.0005962 secs]
2015-03-20T11:16:01.091+0100: 2015-03-20T11:16:01.091+0100: 13.27513.275: : [GC concurrent-root-region-scan-start]
Total time for which application threads were stopped: 0.0067239 seconds
2015-03-20T11:16:01.091+0100: 13.275: [GC concurrent-root-region-scan-end, 0.0000244 secs]
2015-03-20T11:16:01.091+0100: 13.275: [GC concurrent-mark-start]
2015-03-20T11:16:01.091+0100: 13.276: [GC concurrent-mark-end, 0.0004511 secs]
2015-03-20T11:16:01.107+0100: 13.290: [GC remark, 0.0017995 secs]
2015-03-20T11:16:01.107+0100: 13.291: Total time for which application threads were stopped: 0.0155087 seconds
2015-03-20T11:16:01.107+0100: 13.303: [GC cleanup 962M->706M(1024M), 0.0004159 secs]
2015-03-20T11:16:01.107+0100: 13.304: Total time for which application threads were stopped: 0.0123657 seconds
2015-03-20T11:16:01.107+0100: 13.304: [GC concurrent-cleanup-start]
2015-03-20T11:16:01.107+0100: 13.304: [GC concurrent-cleanup-end, 0.0002033 secs]
2015-03-20T11:16:01.138+0100: 13.322: [GC pause (G1 Humongous Allocation) (young) 962M->960M(1024M), 0.0004183 secs]
2015-03-20T11:16:01.138+0100: 13.322: Total time for which application threads were stopped: 0.0067190 seconds
2015-03-20T11:16:01.138+0100: 13.322: [Full GC (Allocation Failure)  960M->64M(1024M), 0.0043731 secs]
2015-03-20T11:16:01.138+0100: 13.327: Total time for which application threads were stopped: 0.0045017 seconds
2015-03-20T11:16:01.153+0100: 13.345: [GC pause (G1 Humongous Allocation) (young) (initial-mark) 449M->448M(1024M), 0.0003793 secs]
2015-03-20T11:16:01.153+01002015-03-20T11:16:01.153+0100: : 13.345: 13.345: [GC concurrent-root-region-scan-start]
Total time for which application threads were stopped: 0.0045222 seconds
2015-03-20T11:16:01.153+0100: 13.345: [GC concurrent-root-region-scan-end, 0.0000259 secs]
2015-03-20T11:16:01.153+0100: 13.345: [GC concurrent-mark-start]
2015-03-20T11:16:01.153+0100: 13.346: [GC concurrent-mark-end, 0.0006867 secs]
2015-03-20T11:16:01.169+0100: 13.357: [GC remark, 0.0010801 secs]
2015-03-20T11:16:01.169+0100: 13.359: Total time for which application threads were stopped: 0.0125177 seconds
2015-03-20T11:16:01.169+0100: 13.363: [GC cleanup 770M->514M(1024M), 0.0003387 secs]
2015-03-20T11:16:01.169+0100: 13.364: Total time for which application threads were stopped: 0.0051619 seconds
2015-03-20T11:16:01.169+0100: 13.364: [GC concurrent-cleanup-start]
2015-03-20T11:16:01.169+0100: 13.364: [GC concurrent-cleanup-end, 0.0002082 secs]
2015-03-20T11:16:01.200+0100: 13.390: [GC pause (G1 Humongous Allocation) (young) 962M->960M(1024M), 0.0003450 secs]
2015-03-20T11:16:01.200+0100: 13.390: Total time for which application threads were stopped: 0.0054987 seconds
2015-03-20T11:16:01.200+0100: 13.390: [Full GC (Allocation Failure)  960M->282K(1024M), 0.0044083 secs]
2015-03-20T11:16:01.200+0100: 13.395: Total time for which application threads were stopped: 0.0045295 seconds
2015-03-20T11:16:01.232+0100: 13.416: [GC pause (G1 Humongous Allocation) (young) (initial-mark) 450M->448M(1024M), 0.0003705 secs]
2015-03-20T11:16:01.232+01002015-03-20T11:16:01.232+0100: : 13.416: 13.416: [GC concurrent-root-region-scan-start]
Total time for which application threads were stopped: 0.0093009 seconds
2015-03-20T11:16:01.232+0100: 13.416: [GC concurrent-root-region-scan-end, 0.0000225 secs]
2015-03-20T11:16:01.232+0100: 13.416: [GC concurrent-mark-start]
2015-03-20T11:16:01.232+0100: 13.417: [GC concurrent-mark-end, 0.0006891 secs]
2015-03-20T11:16:01.232+0100: 13.429: [GC remark, 0.0010899 secs]
2015-03-20T11:16:01.247+0100: 13.430: Total time for which application threads were stopped: 0.0125221 seconds
2015-03-20T11:16:01.247+0100: 13.434: [GC cleanup 770M->514M(1024M), 0.0003519 secs]
2015-03-20T11:16:01.247+0100: 13.435: Total time for which application threads were stopped: 0.0050871 seconds
2015-03-20T11:16:01.247+0100: 13.435: [GC concurrent-cleanup-start]
2015-03-20T11:16:01.247+0100: 13.435: [GC concurrent-cleanup-end, 0.0002072 secs]
2015-03-20T11:16:01.263+0100: 13.459: [GC pause (G1 Humongous Allocation) (young) 962M->960M(1024M), 0.0003416 secs]
2015-03-20T11:16:01.263+0100: 13.460: Total time for which application threads were stopped: 0.0042832 seconds
2015-03-20T11:16:01.263+0100: 13.460: [Full GC (Allocation Failure)  960M->282K(1024M), 0.0044797 secs]
2015-03-20T11:16:01.279+0100: 13.464: Total time for which application threads were stopped: 0.0046038 seconds
2015-03-20T11:16:01.294+0100: 13.485: [GC pause (G1 Humongous Allocation) (young) (initial-mark) 450M->448M(1024M), 0.0005611 secs]
2015-03-20T11:16:01.294+01002015-03-20T11:16:01.294+0100: : 13.486: 13.486: [GC concurrent-root-region-scan-start]
Total time for which application threads were stopped: 0.0094412 seconds
2015-03-20T11:16:01.294+0100: 13.486: [GC concurrent-root-region-scan-end, 0.0000215 secs]
2015-03-20T11:16:01.294+0100: 13.486: [GC concurrent-mark-start]
2015-03-20T11:16:01.294+0100: 13.486: [GC concurrent-mark-end, 0.0004467 secs]
2015-03-20T11:16:01.310+0100: 13.499: [GC remark, 0.0012028 secs]
2015-03-20T11:16:01.310+0100: 13.501: Total time for which application threads were stopped: 0.0141511 seconds
2015-03-20T11:16:01.310+0100: 13.507: [GC cleanup 834M->578M(1024M), 0.0004306 secs]
2015-03-20T11:16:01.310+0100: 13.507: Total time for which application threads were stopped: 0.0063398 seconds
2015-03-20T11:16:01.310+0100: 13.507: [GC concurrent-cleanup-start]
2015-03-20T11:16:01.325+0100: 13.507: [GC concurrent-cleanup-end, 0.0002062 secs]
2015-03-20T11:16:01.341+0100: 13.529: [GC pause (G1 Humongous Allocation) (young) 962M->960M(1024M), 0.0006749 secs]
2015-03-20T11:16:01.341+0100: 13.529: Total time for which application threads were stopped: 0.0015932 seconds
2015-03-20T11:16:01.341+0100: 13.529: [Full GC (Allocation Failure)  960M->128M(1024M), 0.0045456 secs]
2015-03-20T11:16:01.341+0100: 13.534: Total time for which application threads were stopped: 0.0046688 seconds
2015-03-20T11:16:01.357+0100: 13.551: [GC pause (G1 Humongous Allocation) (young) (initial-mark) 449M->448M(1024M), 0.0007942 secs]
2015-03-20T11:16:01.357+0100: 2015-03-20T11:16:01.357+010013.552: : 13.552Total time for which application threads were stopped: 0.0056169 seconds
: [GC concurrent-root-region-scan-start]
2015-03-20T11:16:01.357+0100: 13.552: [GC concurrent-root-region-scan-end, 0.0000244 secs]
2015-03-20T11:16:01.357+0100: 13.552: [GC concurrent-mark-start]
2015-03-20T11:16:01.357+0100: 13.553: [GC concurrent-mark-end, 0.0006466 secs]
2015-03-20T11:16:01.372+0100: 13.567: [GC remark, 0.0012858 secs]
2015-03-20T11:16:01.372+0100: 13.568: Total time for which application threads were stopped: 0.0155058 seconds
2015-03-20T11:16:01.388+0100: 13.579: [GC cleanup 898M->642M(1024M), 0.0005830 secs]
2015-03-20T11:16:01.388+0100: 13.580: Total time for which application threads were stopped: 0.0117485 seconds
2015-03-20T11:16:01.388+0100: 13.580: [GC concurrent-cleanup-start]
2015-03-20T11:16:01.388+0100: 13.580: [GC concurrent-cleanup-end, 0.0002111 secs]
2015-03-20T11:16:01.404+0100: 13.599: [GC pause (G1 Humongous Allocation) (young) 962M->960M(1024M), 0.0006270 secs]
2015-03-20T11:16:01.404+0100: 13.599: Total time for which application threads were stopped: 0.0076016 seconds
2015-03-20T11:16:01.404+0100: 13.599: [Full GC (Allocation Failure)  960M->282K(1024M), 0.0045276 secs]
2015-03-20T11:16:01.419+0100: 13.604: Total time for which application threads were stopped: 0.0046546 seconds
2015-03-20T11:16:01.435+0100: 13.628: [GC pause (G1 Humongous Allocation) (young) (initial-mark) 450M->448M(1024M), 0.0005992 secs]
2015-03-20T11:16:01.435+0100: 13.628: Total time for which application threads were stopped: 0.0120486 seconds
2015-03-20T11:16:01.435+0100: 13.628: [GC concurrent-root-region-scan-start]
2015-03-20T11:16:01.435+0100: 13.628: [GC concurrent-root-region-scan-end, 0.0000924 secs]
2015-03-20T11:16:01.435+0100: 13.628: [GC concurrent-mark-start]
2015-03-20T11:16:01.435+0100: 13.629: [GC concurrent-mark-end, 0.0006588 secs]
2015-03-20T11:16:01.450+0100: 13.641: [GC remark, 0.0011817 secs]
2015-03-20T11:16:01.450+0100: 13.642: Total time for which application threads were stopped: 0.0131536 seconds
2015-03-20T11:16:01.466+0100: 13.654: [GC cleanup 962M->706M(1024M), 0.0004218 secs]
2015-03-20T11:16:01.466+0100: 13.655: Total time for which application threads were stopped: 0.0124141 seconds
2015-03-20T11:16:01.466+0100: 13.655: [GC concurrent-cleanup-start]
2015-03-20T11:16:01.466+0100: 13.655: [GC concurrent-cleanup-end, 0.0002053 secs]
2015-03-20T11:16:01.482+0100: 13.670: [GC pause (G1 Humongous Allocation) (young) 962M->960M(1024M), 0.0004584 secs]
2015-03-20T11:16:01.482+0100: 13.670: Total time for which application threads were stopped: 0.0029226 seconds
2015-03-20T11:16:01.482+0100: 13.670: [Full GC (Allocation Failure)  960M->282K(1024M), 0.0044420 secs]
2015-03-20T11:16:01.482+0100: 13.675: Total time for which application threads were stopped: 0.0045647 seconds
2015-03-20T11:16:01.497+0100: 13.684: [GC pause (G1 Humongous Allocation) (young) (initial-mark) 193M->192M(1024M), 0.0004066 secs]
2015-03-20T11:16:01.497+01002015-03-20T11:16:01.497+0100: : 13.684: 13.684: [GC concurrent-root-region-scan-start]
Total time for which application threads were stopped: 0.0094143 seconds
2015-03-20T11:16:01.497+0100: 13.684: [GC concurrent-root-region-scan-end, 0.0000528 secs]
2015-03-20T11:16:01.497+0100: 13.684: [GC concurrent-mark-start]
2015-03-20T11:16:01.497+0100: 13.685: [GC concurrent-mark-end, 0.0006202 secs]
2015-03-20T11:16:01.513+0100: 13.697: [GC remark, 0.0018469 secs]
2015-03-20T11:16:01.513+0100: 13.699: Total time for which application threads were stopped: 0.0142781 seconds
2015-03-20T11:16:01.513+0100: 13.708: [GC cleanup 642M->642M(1024M), 0.0003612 secs]
2015-03-20T11:16:01.513+0100: 13.709: Total time for which application threads were stopped: 0.0092511 seconds
2015-03-20T11:16:01.544+0100: 13.728: [GC pause (G1 Humongous Allocation) (young) 962M->960M(1024M), 0.0004086 secs]
2015-03-20T11:16:01.544+0100: 13.728: Total time for which application threads were stopped: 0.0051218 seconds
2015-03-20T11:16:01.544+0100: 13.728: [Full GC (Allocation Failure)  960M->128M(1024M), 0.0043213 secs]
2015-03-20T11:16:01.544+0100: 13.733: Total time for which application threads were stopped: 0.0044362 seconds
2015-03-20T11:16:01.560+0100: 13.750: [GC pause (G1 Humongous Allocation) (young) (initial-mark) 450M->448M(1024M), 0.0005703 secs]
2015-03-20T11:16:01.560+0100: 13.751: Total time for which application threads were stopped: 0.0057059 seconds
2015-03-20T11:16:01.560+0100: 13.751: [GC concurrent-root-region-scan-start]
2015-03-20T11:16:01.560+0100: 13.751: [GC concurrent-root-region-scan-end, 0.0000371 secs]
2015-03-20T11:16:01.560+0100: 13.751: [GC concurrent-mark-start]
2015-03-20T11:16:01.560+0100: 13.752: [GC concurrent-mark-end, 0.0008118 secs]
2015-03-20T11:16:01.575+0100: 13.763: [GC remark, 0.0011524 secs]
2015-03-20T11:16:01.575+0100: 13.764: Total time for which application threads were stopped: 0.0125378 seconds
2015-03-20T11:16:01.591+0100: 13.777: [GC cleanup 962M->706M(1024M), 0.0004604 secs]
2015-03-20T11:16:01.591+0100: 13.777: Total time for which application threads were stopped: 0.0124689 seconds
2015-03-20T11:16:01.591+0100: 13.777: [GC concurrent-cleanup-start]
2015-03-20T11:16:01.591+0100: 13.777: [GC concurrent-cleanup-end, 0.0002150 secs]
2015-03-20T11:16:01.607+0100: 13.795: [GC pause (G1 Humongous Allocation) (young) 962M->960M(1024M), 0.0005317 secs]
2015-03-20T11:16:01.607+0100: 13.795: Total time for which application threads were stopped: 0.0066437 seconds
2015-03-20T11:16:01.607+0100: 13.795: [Full GC (Allocation Failure)  960M->64M(1024M), 0.0043819 secs]
2015-03-20T11:16:01.607+0100: 13.800: Total time for which application threads were stopped: 0.0044992 seconds
2015-03-20T11:16:01.622+0100: 13.818: [GC pause (G1 Humongous Allocation) (young) (initial-mark) 449M->448M(1024M), 0.0004584 secs]
2015-03-20T11:16:01.622+0100: 2015-03-20T11:16:01.622+0100: 13.818: 13.818: [GC concurrent-root-region-scan-start]
Total time for which application threads were stopped: 0.0064771 seconds
2015-03-20T11:16:01.622+0100: 13.818: [GC concurrent-root-region-scan-end, 0.0000601 secs]
2015-03-20T11:16:01.622+0100: 13.818: [GC concurrent-mark-start]
2015-03-20T11:16:01.622+0100: 13.819: [GC concurrent-mark-end, 0.0006393 secs]
2015-03-20T11:16:01.638+0100: 13.835: [GC remark, 0.0017848 secs]
2015-03-20T11:16:01.654+0100: 13.837: Total time for which application threads were stopped: 0.0174314 seconds
2015-03-20T11:16:01.654+0100: 13.841: [GC cleanup 770M->514M(1024M), 0.0004540 secs]
2015-03-20T11:16:01.654+0100: 13.842: Total time for which application threads were stopped: 0.0053071 seconds
2015-03-20T11:16:01.654+0100: 13.842: [GC concurrent-cleanup-start]
2015-03-20T11:16:01.654+0100: 13.842: [GC concurrent-cleanup-end, 0.0002038 secs]
2015-03-20T11:16:01.685+0100: 13.869: [GC pause (G1 Humongous Allocation) (young) 962M->960M(1024M), 0.0005234 secs]
2015-03-20T11:16:01.685+0100: 13.869: Total time for which application threads were stopped: 0.0074057 seconds
2015-03-20T11:16:01.685+0100: 13.869: [Full GC (Allocation Failure)  960M->192M(1024M), 0.0045144 secs]
2015-03-20T11:16:01.685+0100: 13.874: Total time for which application threads were stopped: 0.0046326 seconds
2015-03-20T11:16:01.700+0100: 13.886: [GC pause (G1 Humongous Allocation) (young) (initial-mark) 450M->448M(1024M), 0.0006187 secs]
2015-03-20T11:16:01.700+01002015-03-20T11:16:01.700+0100: : 13.887: 13.887: [GC concurrent-root-region-scan-start]
Total time for which application threads were stopped: 0.0008079 seconds
2015-03-20T11:16:01.700+0100: 13.887: [GC concurrent-root-region-scan-end, 0.0000411 secs]
2015-03-20T11:16:01.700+0100: 13.887: [GC concurrent-mark-start]
2015-03-20T11:16:01.700+0100: 13.887: [GC concurrent-mark-end, 0.0004306 secs]
2015-03-20T11:16:01.716+0100: 13.900: [GC remark, 0.0012086 secs]
2015-03-20T11:16:01.716+0100: 13.901: Total time for which application threads were stopped: 0.0137483 seconds
2015-03-20T11:16:01.716+0100: 13.901: [GC cleanup 705M->449M(1024M), 0.0006661 secs]
2015-03-20T11:16:01.716+0100: 13.902: Total time for which application threads were stopped: 0.0007072 seconds
2015-03-20T11:16:01.716+0100: 13.902: [GC concurrent-cleanup-start]
2015-03-20T11:16:01.716+0100: 13.902: [GC concurrent-cleanup-end, 0.0002058 secs]
2015-03-20T11:16:01.747+0100: 13.930: [GC pause (G1 Humongous Allocation) (young) 962M->960M(1024M), 0.0003455 secs]
2015-03-20T11:16:01.747+0100: 13.930: Total time for which application threads were stopped: 0.0059282 seconds
2015-03-20T11:16:01.747+0100: 13.930: [Full GC (Allocation Failure)  960M->282K(1024M), 0.0044078 secs]
2015-03-20T11:16:01.747+0100: 13.935: Total time for which application threads were stopped: 0.0045354 seconds
2015-03-20T11:16:01.763+0100: 13.956: [GC pause (G1 Humongous Allocation) (young) (initial-mark) 450M->448M(1024M), 0.0003749 secs]
2015-03-20T11:16:01.763+01002015-03-20T11:16:01.763+0100: : 13.957: 13.957: [GC concurrent-root-region-scan-start]
Total time for which application threads were stopped: 0.0085718 seconds
2015-03-20T11:16:01.763+0100: 13.957: [GC concurrent-root-region-scan-end, 0.0000249 secs]
2015-03-20T11:16:01.763+0100: 13.957: [GC concurrent-mark-start]
2015-03-20T11:16:01.763+0100: 13.957: [GC concurrent-mark-end, 0.0004560 secs]
2015-03-20T11:16:01.779+0100: 13.970: [GC remark, 0.0010762 secs]
2015-03-20T11:16:01.779+0100: 13.971: Total time for which application threads were stopped: 0.0144374 seconds
2015-03-20T11:16:01.794+0100: 13.976: [GC cleanup 770M->514M(1024M), 0.0003284 secs]
2015-03-20T11:16:01.794+0100: 13.977: Total time for which application threads were stopped: 0.0051756 seconds
2015-03-20T11:16:01.794+0100: 13.977: [GC concurrent-cleanup-start]
2015-03-20T11:16:01.794+0100: 13.977: [GC concurrent-cleanup-end, 0.0002028 secs]
2015-03-20T11:16:01.810+0100: 14.001: [GC pause (G1 Humongous Allocation) (young) 962M->960M(1024M), 0.0003147 secs]
2015-03-20T11:16:01.810+0100: 14.002: Total time for which application threads were stopped: 0.0045144 seconds
2015-03-20T11:16:01.810+0100: 14.002: [Full GC (Allocation Failure)  960M->282K(1024M), 0.0044191 secs]
2015-03-20T11:16:01.810+0100: 14.006: Total time for which application threads were stopped: 0.0045452 seconds
2015-03-20T11:16:01.841+0100: 14.031: [GC pause (G1 Humongous Allocation) (young) (initial-mark) 514M->512M(1024M), 0.0004819 secs]
2015-03-20T11:16:01.841+0100: 14.031: Total time for which application threads were stopped: 0.0063046 seconds
2015-03-20T11:16:01.841+0100: 14.031: [GC concurrent-root-region-scan-start]
2015-03-20T11:16:01.841+0100: 14.031: [GC concurrent-root-region-scan-end, 0.0000391 secs]
2015-03-20T11:16:01.841+0100: 14.031: [GC concurrent-mark-start]
2015-03-20T11:16:01.841+0100: 14.032: [GC concurrent-mark-end, 0.0006544 secs]
2015-03-20T11:16:01.857+0100: 14.043: [GC remark, 0.0017257 secs]
2015-03-20T11:16:01.857+0100: 14.045: Total time for which application threads were stopped: 0.0132689 seconds
2015-03-20T11:16:01.872+0100: 14.054: [GC pause (G1 Humongous Allocation) (young) 962M->960M(1024M), 0.0004794 secs]
2015-03-20T11:16:01.872+0100: 14.055: Total time for which application threads were stopped: 0.0096137 seconds
2015-03-20T11:16:01.872+0100: 14.055: [Full GC (Allocation Failure)  960M->192M(1024M), 0.0043169 secs]
2015-03-20T11:16:01.872+0100: 14.059: Total time for which application threads were stopped: 0.0044450 seconds
2015-03-20T11:16:01.872+0100: 14.064: [GC cleanup, 0.0000112 secs]
2015-03-20T11:16:01.872+0100: 14.064: Total time for which application threads were stopped: 0.0048511 seconds
2015-03-20T11:16:01.872+0100: 14.064: [GC concurrent-mark-abort]
2015-03-20T11:16:01.888+0100: 14.083: [GC pause (G1 Humongous Allocation) (young) (initial-mark) 513M->512M(1024M), 0.0005435 secs]
2015-03-20T11:16:01.888+0100: 2015-03-20T11:16:01.888+0100: 14.084: [GC concurrent-root-region-scan-start]
14.084: Total time for which application threads were stopped: 0.0068803 seconds
2015-03-20T11:16:01.888+0100: 14.084: [GC concurrent-root-region-scan-end, 0.0000279 secs]
2015-03-20T11:16:01.888+0100: 14.084: [GC concurrent-mark-start]
2015-03-20T11:16:01.888+0100: 14.084: [GC concurrent-mark-end, 0.0007776 secs]
2015-03-20T11:16:01.904+0100: 14.099: [GC remark, 0.0013543 secs]
2015-03-20T11:16:01.904+0100: 14.100: Total time for which application threads were stopped: 0.0158152 seconds
2015-03-20T11:16:01.919+0100: 14.105: [GC cleanup 834M->514M(1024M), 0.0006246 secs]
2015-03-20T11:16:01.919+0100: 14.106: Total time for which application threads were stopped: 0.0054703 seconds
2015-03-20T11:16:01.919+0100: 14.106: [GC concurrent-cleanup-start]
2015-03-20T11:16:01.919+0100: 14.106: [GC concurrent-cleanup-end, 0.0002815 secs]
2015-03-20T11:16:01.935+0100: 14.131: [GC pause (G1 Humongous Allocation) (young) 962M->960M(1024M), 0.0005273 secs]
2015-03-20T11:16:01.935+0100: 14.132: Total time for which application threads were stopped: 0.0050221 seconds
2015-03-20T11:16:01.935+0100: 14.132: [Full GC (Allocation Failure)  960M->128M(1024M), 0.0045417 secs]
2015-03-20T11:16:01.950+0100: 14.137: Total time for which application threads were stopped: 0.0046703 seconds
2015-03-20T11:16:01.966+0100: 14.154: [GC pause (G1 Humongous Allocation) (young) (initial-mark) 450M->448M(1024M), 0.0005894 secs]
2015-03-20T11:16:01.966+0100: 14.155: 2015-03-20T11:16:01.966+0100Total time for which application threads were stopped: 0.0088982 seconds
: 14.155: [GC concurrent-root-region-scan-start]
2015-03-20T11:16:01.966+0100: 14.155: [GC concurrent-root-region-scan-end, 0.0000489 secs]
2015-03-20T11:16:01.966+0100: 14.155: [GC concurrent-mark-start]
2015-03-20T11:16:01.966+0100: 14.156: [GC concurrent-mark-end, 0.0008093 secs]
2015-03-20T11:16:01.982+0100: 14.168: [GC remark, 0.0020033 secs]
2015-03-20T11:16:01.982+0100: 14.170: Total time for which application threads were stopped: 0.0140748 seconds
2015-03-20T11:16:01.982+0100: 14.170: [GC cleanup 705M->449M(1024M), 0.0004032 secs]
2015-03-20T11:16:01.982+0100: 14.171: Total time for which application threads were stopped: 0.0004799 seconds
2015-03-20T11:16:01.982+0100: 14.171: [GC concurrent-cleanup-start]
2015-03-20T11:16:01.982+0100: 14.171: [GC concurrent-cleanup-end, 0.0002106 secs]
2015-03-20T11:16:02.013+0100: 14.199: [GC pause (G1 Humongous Allocation) (young) 962M->960M(1024M), 0.0004970 secs]
2015-03-20T11:16:02.013+0100: 14.200: Total time for which application threads were stopped: 0.0063925 seconds
2015-03-20T11:16:02.013+0100: 14.200: [Full GC (Allocation Failure)  960M->128M(1024M), 0.0045227 secs]
2015-03-20T11:16:02.013+0100: 14.204: Total time for which application threads were stopped: 0.0046434 seconds
2015-03-20T11:16:02.029+0100: 14.221: [GC pause (G1 Humongous Allocation) (young) (initial-mark) 449M->448M(1024M), 0.0005904 secs]
2015-03-20T11:16:02.029+0100: 2015-03-20T11:16:02.029+0100: 14.222: 14.222[GC concurrent-root-region-scan-start]
: Total time for which application threads were stopped: 0.0055871 seconds
2015-03-20T11:16:02.029+0100: 14.222: [GC concurrent-root-region-scan-end, 0.0000279 secs]
2015-03-20T11:16:02.029+0100: 14.222: [GC concurrent-mark-start]
2015-03-20T11:16:02.029+0100: 14.222: [GC concurrent-mark-end, 0.0006847 secs]
2015-03-20T11:16:02.044+0100: 14.236: [GC remark, 0.0011514 secs]
2015-03-20T11:16:02.044+0100: 14.237: Total time for which application threads were stopped: 0.0142928 seconds
2015-03-20T11:16:02.044+0100: 14.237: [GC cleanup 705M->449M(1024M), 0.0004579 secs]
2015-03-20T11:16:02.044+0100: 14.237: Total time for which application threads were stopped: 0.0005278 seconds
2015-03-20T11:16:02.044+0100: 14.237: [GC concurrent-cleanup-start]
2015-03-20T11:16:02.044+0100: 14.237: [GC concurrent-cleanup-end, 0.0002102 secs]
2015-03-20T11:16:02.075+0100: 14.267: [GC pause (G1 Humongous Allocation) (young) 962M->960M(1024M), 0.0005093 secs]
2015-03-20T11:16:02.075+0100: 14.268: Total time for which application threads were stopped: 0.0045960 seconds
2015-03-20T11:16:02.075+0100: 14.268: [Full GC (Allocation Failure)  960M->282K(1024M), 0.0044943 secs]
2015-03-20T11:16:02.075+0100: 14.272: Total time for which application threads were stopped: 0.0046224 seconds
2015-03-20T11:16:02.107+0100: 14.297: [GC pause (G1 Humongous Allocation) (young) (initial-mark) 514M->512M(1024M), 0.0003812 secs]
2015-03-20T11:16:02.107+0100: 2015-03-20T11:16:02.107+0100: 14.297: 14.297: [GC concurrent-root-region-scan-start]
Total time for which application threads were stopped: 0.0059278 seconds
2015-03-20T11:16:02.107+0100: 14.297: [GC concurrent-root-region-scan-end, 0.0000220 secs]
2015-03-20T11:16:02.107+0100: 14.297: [GC concurrent-mark-start]
2015-03-20T11:16:02.107+0100: 14.298: [GC concurrent-mark-end, 0.0006285 secs]
2015-03-20T11:16:02.122+0100: 14.312: [GC remark, 0.0013029 secs]
2015-03-20T11:16:02.122+0100: 14.314: Total time for which application threads were stopped: 0.0158875 seconds
2015-03-20T11:16:02.122+0100: 14.314: [GC cleanup 769M->449M(1024M), 0.0005420 secs]
2015-03-20T11:16:02.122+0100: 14.314: Total time for which application threads were stopped: 0.0005757 seconds
2015-03-20T11:16:02.122+0100: 14.314: [GC concurrent-cleanup-start]
2015-03-20T11:16:02.122+0100: 14.315: [GC concurrent-cleanup-end, 0.0002698 secs]
2015-03-20T11:16:02.154+0100: 14.341: [GC pause (G1 Humongous Allocation) (young) 962M->960M(1024M), 0.0007922 secs]
2015-03-20T11:16:02.154+0100: 14.342: Total time for which application threads were stopped: 0.0062572 seconds
2015-03-20T11:16:02.154+0100: 14.342: [Full GC (Allocation Failure)  960M->64M(1024M), 0.0045036 secs]
2015-03-20T11:16:02.154+0100: 14.347: Total time for which application threads were stopped: 0.0046527 seconds
2015-03-20T11:16:02.185+0100: 14.369: [GC pause (G1 Humongous Allocation) (young) (initial-mark) 514M->512M(1024M), 0.0006818 secs]
2015-03-20T11:16:02.185+0100: 2015-03-20T11:16:02.185+0100: 14.369: 14.369: [GC concurrent-root-region-scan-start]
Total time for which application threads were stopped: 0.0099905 seconds
2015-03-20T11:16:02.185+0100: 14.369: [GC concurrent-root-region-scan-end, 0.0000288 secs]
2015-03-20T11:16:02.185+0100: 14.369: [GC concurrent-mark-start]
2015-03-20T11:16:02.185+0100: 14.370: [GC concurrent-mark-end, 0.0007986 secs]
2015-03-20T11:16:02.200+0100: 14.383: [GC remark, 0.0019500 secs]
2015-03-20T11:16:02.200+0100: 14.385: Total time for which application threads were stopped: 0.0146364 seconds
2015-03-20T11:16:02.200+0100: 14.385: [GC cleanup 769M->449M(1024M), 0.0005151 secs]
2015-03-20T11:16:02.200+0100: 14.385: Total time for which application threads were stopped: 0.0005684 seconds
2015-03-20T11:16:02.200+0100: 14.385: [GC concurrent-cleanup-start]
2015-03-20T11:16:02.200+0100: 14.386: [GC concurrent-cleanup-end, 0.0002962 secs]
2015-03-20T11:16:02.232+0100: 14.415: [GC pause (G1 Humongous Allocation) (young) 962M->960M(1024M), 0.0005591 secs]
2015-03-20T11:16:02.232+0100: 14.415: Total time for which application threads were stopped: 0.0080586 seconds
2015-03-20T11:16:02.232+0100: 14.415: [Full GC (Allocation Failure)  960M->128M(1024M), 0.0045974 secs]
2015-03-20T11:16:02.232+0100: 14.420: Total time for which application threads were stopped: 0.0047152 seconds
2015-03-20T11:16:02.247+0100: 14.438: [GC pause (G1 Humongous Allocation) (young) (initial-mark) 449M->448M(1024M), 0.0003959 secs]
2015-03-20T11:16:02.247+0100: 2015-03-20T11:16:02.247+0100: 14.438: 14.438: Total time for which application threads were stopped: 0.0080483 seconds
[GC concurrent-root-region-scan-start]
2015-03-20T11:16:02.247+0100: 14.438: [GC concurrent-root-region-scan-end, 0.0000269 secs]
2015-03-20T11:16:02.247+0100: 14.438: [GC concurrent-mark-start]
2015-03-20T11:16:02.247+0100: 14.439: [GC concurrent-mark-end, 0.0007174 secs]
2015-03-20T11:16:02.263+0100: 14.451: [GC remark, 0.0017868 secs]
2015-03-20T11:16:02.263+0100: 14.453: Total time for which application threads were stopped: 0.0144277 seconds
2015-03-20T11:16:02.263+0100: 14.458: [GC cleanup 770M->514M(1024M), 0.0004032 secs]
2015-03-20T11:16:02.263+0100: 14.459: Total time for which application threads were stopped: 0.0052973 seconds
2015-03-20T11:16:02.263+0100: 14.459: [GC concurrent-cleanup-start]
2015-03-20T11:16:02.263+0100: 14.459: [GC concurrent-cleanup-end, 0.0002072 secs]
2015-03-20T11:16:02.294+0100: 14.484: [GC pause (G1 Humongous Allocation) (young) 962M->960M(1024M), 0.0005083 secs]
2015-03-20T11:16:02.294+0100: 14.485: Total time for which application threads were stopped: 0.0098654 seconds
2015-03-20T11:16:02.294+0100: 14.485: [Full GC (Allocation Failure)  960M->192M(1024M), 0.0046165 secs]
2015-03-20T11:16:02.294+0100: 14.490: Total time for which application threads were stopped: 0.0047377 seconds
2015-03-20T11:16:02.310+0100: 14.504: [GC pause (G1 Humongous Allocation) (young) (initial-mark) 450M->448M(1024M), 0.0005078 secs]
2015-03-20T11:16:02.310+0100: 14.504: Total time for which application threads were stopped: 0.0022745 seconds
2015-03-20T11:16:02.310+0100: 14.504: [GC concurrent-root-region-scan-start]
2015-03-20T11:16:02.310+0100: 14.504: [GC concurrent-root-region-scan-end, 0.0000323 secs]
2015-03-20T11:16:02.310+0100: 14.504: [GC concurrent-mark-start]
2015-03-20T11:16:02.310+0100: 14.505: [GC concurrent-mark-end, 0.0007165 secs]
2015-03-20T11:16:02.325+0100: 14.517: [GC remark, 0.0011666 secs]
2015-03-20T11:16:02.325+0100: 14.519: Total time for which application threads were stopped: 0.0136042 seconds
2015-03-20T11:16:02.325+0100: 14.519: [GC cleanup 705M->449M(1024M), 0.0004281 secs]
2015-03-20T11:16:02.325+0100: 14.519: Total time for which application threads were stopped: 0.0004833 seconds
2015-03-20T11:16:02.325+0100: 14.519: [GC concurrent-cleanup-start]
2015-03-20T11:16:02.325+0100: 14.519: [GC concurrent-cleanup-end, 0.0002317 secs]
2015-03-20T11:16:02.357+0100: 14.547: [GC pause (G1 Humongous Allocation) (young) 962M->960M(1024M), 0.0004291 secs]
2015-03-20T11:16:02.357+0100: 14.547: Total time for which application threads were stopped: 0.0059737 seconds
2015-03-20T11:16:02.357+0100: 14.548: [Full GC (Allocation Failure)  960M->128M(1024M), 0.0043399 secs]
2015-03-20T11:16:02.357+0100: 14.552: Total time for which application threads were stopped: 0.0044694 seconds
2015-03-20T11:16:02.372+0100: 14.568: [GC pause (G1 Humongous Allocation) (young) (initial-mark) 450M->448M(1024M), 0.0005283 secs]
2015-03-20T11:16:02.372+0100: 14.568: Total time for which application threads were stopped: 0.0063754 seconds
2015-03-20T11:16:02.372+0100: 14.568: [GC concurrent-root-region-scan-start]
2015-03-20T11:16:02.372+0100: 14.568: [GC concurrent-root-region-scan-end, 0.0000347 secs]
2015-03-20T11:16:02.372+0100: 14.568: [GC concurrent-mark-start]
2015-03-20T11:16:02.372+0100: 14.569: [GC concurrent-mark-end, 0.0004633 secs]
2015-03-20T11:16:02.388+0100: 14.583: [GC remark, 0.0018752 secs]
2015-03-20T11:16:02.388+0100: 14.585: Total time for which application threads were stopped: 0.0164432 seconds
2015-03-20T11:16:02.404+0100: 14.590: [GC cleanup 770M->514M(1024M), 0.0004110 secs]
2015-03-20T11:16:02.404+0100: 14.590: Total time for which application threads were stopped: 0.0051702 seconds
2015-03-20T11:16:02.404+0100: 14.590: [GC concurrent-cleanup-start]
2015-03-20T11:16:02.404+0100: 14.591: [GC concurrent-cleanup-end, 0.0002072 secs]
2015-03-20T11:16:02.419+0100: 14.616: [GC pause (G1 Humongous Allocation) (young) 962M->960M(1024M), 0.0006143 secs]
2015-03-20T11:16:02.419+0100: 14.617: Total time for which application threads were stopped: 0.0053950 seconds
2015-03-20T11:16:02.419+0100: 14.617: [Full GC (Allocation Failure)  960M->282K(1024M), 0.0045823 secs]
2015-03-20T11:16:02.435+0100: 14.621: Total time for which application threads were stopped: 0.0047084 seconds
2015-03-20T11:16:02.435+0100: 14.630: [GC pause (G1 Humongous Allocation) (young) (initial-mark) 193M->192M(1024M), 0.0007209 secs]
2015-03-20T11:16:02.435+0100: 14.631: Total time for which application threads were stopped: 0.0095991 seconds
2015-03-20T11:16:02.435+0100: 14.631: [GC concurrent-root-region-scan-start]
2015-03-20T11:16:02.435+0100: 14.631: [GC concurrent-root-region-scan-end, 0.0000386 secs]
2015-03-20T11:16:02.435+0100: 14.631: [GC concurrent-mark-start]
2015-03-20T11:16:02.435+0100: 14.632: [GC concurrent-mark-end, 0.0006060 secs]
2015-03-20T11:16:02.450+0100: 14.646: [GC remark, 0.0012971 secs]
2015-03-20T11:16:02.450+0100: 14.647: Total time for which application threads were stopped: 0.0156138 seconds
2015-03-20T11:16:02.466+0100: 14.652: [GC cleanup 514M->514M(1024M), 0.0005840 secs]
2015-03-20T11:16:02.466+0100: 14.653: Total time for which application threads were stopped: 0.0053960 seconds
2015-03-20T11:16:02.482+0100: 14.677: [GC pause (G1 Humongous Allocation) (young) 962M->960M(1024M), 0.0004785 secs]
2015-03-20T11:16:02.482+0100: 14.677: Total time for which application threads were stopped: 0.0042724 seconds
2015-03-20T11:16:02.482+0100: 14.677: [GC pause (G1 Humongous Allocation) (young) (initial-mark) 960M->960M(1024M), 0.0005972 secs]
2015-03-20T11:16:02.482+0100: 14.678: [GC concurrent-root-region-scan-start]
2015-03-20T11:16:02.482+0100: 14.678: Total time for which application threads were stopped: 0.0006749 seconds
2015-03-20T11:16:02.482+0100: 14.678: [GC concurrent-root-region-scan-end, 0.0000210 secs]
2015-03-20T11:16:02.482+0100: 14.678: [GC concurrent-mark-start]
2015-03-20T11:16:02.482+0100: 14.678: [GC pause (G1 Humongous Allocation) (young) 960M->960M(1024M), 0.0002859 secs]
2015-03-20T11:16:02.482+0100: 14.678: Total time for which application threads were stopped: 0.0003538 seconds
2015-03-20T11:16:02.482+0100: 14.678: [Full GC (Allocation Failure)  960M->282K(1024M), 0.0044777 secs]
2015-03-20T11:16:02.497+0100: 14.683: Total time for which application threads were stopped: 0.0045979 seconds
2015-03-20T11:16:02.497+0100: 14.683: [GC concurrent-mark-abort]
2015-03-20T11:16:02.497+0100: 14.689: Total time for which application threads were stopped: 0.0059160 seconds
2015-03-20T11:16:02.513+0100: 14.709: [GC pause (G1 Humongous Allocation) (young) (initial-mark) 449M->448M(1024M), 0.0007434 secs]
2015-03-20T11:16:02.513+0100: 14.710: [GC concurrent-root-region-scan-start]
2015-03-20T11:16:02.513+0100: 14.710: Total time for which application threads were stopped: 0.0067649 seconds
2015-03-20T11:16:02.513+0100: 14.710: [GC concurrent-root-region-scan-end, 0.0000445 secs]
2015-03-20T11:16:02.513+0100: 14.710: [GC concurrent-mark-start]
2015-03-20T11:16:02.513+0100: 14.710: [GC concurrent-mark-end, 0.0005278 secs]
2015-03-20T11:16:02.529+0100: 14.724: [GC remark, 0.0020165 secs]
2015-03-20T11:16:02.544+0100: 14.726: Total time for which application threads were stopped: 0.0160630 seconds
2015-03-20T11:16:02.544+0100: 14.731: [GC cleanup 770M->514M(1024M), 0.0007805 secs]
2015-03-20T11:16:02.544+0100: 14.732: Total time for which application threads were stopped: 0.0055182 seconds
2015-03-20T11:16:02.544+0100: 14.732: [GC concurrent-cleanup-start]
2015-03-20T11:16:02.544+0100: 14.732: [GC concurrent-cleanup-end, 0.0002077 secs]
2015-03-20T11:16:02.560+0100: 14.757: [GC pause (G1 Humongous Allocation) (young) 962M->960M(1024M), 0.0008323 secs]
2015-03-20T11:16:02.575+0100: 14.758: Total time for which application threads were stopped: 0.0049107 seconds
2015-03-20T11:16:02.575+0100: 14.758: [Full GC (Allocation Failure)  961M->282K(1024M), 0.0047866 secs]
2015-03-20T11:16:02.575+0100: 14.763: Total time for which application threads were stopped: 0.0049596 seconds
2015-03-20T11:16:02.575+0100: 14.768: [GC pause (G1 Humongous Allocation) (young) (initial-mark) 64M->64M(1024M), 0.0007116 secs]
2015-03-20T11:16:02.575+0100: 14.768: Total time for which application threads were stopped: 0.0056834 seconds
2015-03-20T11:16:02.575+0100: 14.768: [GC concurrent-root-region-scan-start]
2015-03-20T11:16:02.575+0100: 14.768: [GC concurrent-root-region-scan-end, 0.0000093 secs]
2015-03-20T11:16:02.575+0100: 14.768: [GC concurrent-mark-start]
2015-03-20T11:16:02.591+0100: 14.773: Total time for which application threads were stopped: 0.0049948 seconds
2015-03-20T11:16:02.591+0100: 14.780: Total time for which application threads were stopped: 0.0059522 seconds
2015-03-20T11:16:02.591+0100: 14.780: [GC concurrent-mark-end, 0.0116283 secs]
2015-03-20T11:16:02.607+0100: 14.792: [GC remark, 0.0014535 secs]
2015-03-20T11:16:02.607+0100: 14.794: Total time for which application threads were stopped: 0.0137870 seconds
2015-03-20T11:16:02.607+0100: 14.799: [GC cleanup 578M->578M(1024M), 0.0007013 secs]
2015-03-20T11:16:02.607+0100: 14.799: Total time for which application threads were stopped: 0.0053941 seconds
2015-03-20T11:16:02.638+0100: 14.821: [GC pause (G1 Humongous Allocation) (young) 962M->960M(1024M), 0.0007795 secs]
2015-03-20T11:16:02.638+0100: 14.822: Total time for which application threads were stopped: 0.0032280 seconds
2015-03-20T11:16:02.638+0100: 14.822: [GC pause (G1 Humongous Allocation) (young) (initial-mark) 961M->960M(1024M), 0.0004081 secs]
2015-03-20T11:16:02.638+01002015-03-20T11:16:02.638+0100: : 14.822: 14.822: [GC concurrent-root-region-scan-start]
Total time for which application threads were stopped: 0.0004814 seconds
2015-03-20T11:16:02.638+0100: 14.822: [GC concurrent-root-region-scan-end, 0.0000239 secs]
2015-03-20T11:16:02.638+0100: 14.822: [GC concurrent-mark-start]
2015-03-20T11:16:02.638+0100: 14.822: [GC pause (G1 Humongous Allocation) (young) 960M->960M(1024M), 0.0002654 secs]
2015-03-20T11:16:02.638+0100: 14.822: Total time for which application threads were stopped: 0.0003265 seconds
2015-03-20T11:16:02.638+0100: 14.822: [Full GC (Allocation Failure)  960M->282K(1024M), 0.0046111 secs]
2015-03-20T11:16:02.638+0100: 14.827: Total time for which application threads were stopped: 0.0047421 seconds
2015-03-20T11:16:02.638+0100: 14.832: Total time for which application threads were stopped: 0.0047431 seconds
2015-03-20T11:16:02.638+0100: 14.832: [GC concurrent-mark-abort]
2015-03-20T11:16:02.654+0100: 14.841: Total time for which application threads were stopped: 0.0090751 seconds
2015-03-20T11:16:02.669+0100: 14.856: [GC pause (G1 Humongous Allocation) (young) (initial-mark) 513M->512M(1024M), 0.0011143 secs]
2015-03-20T11:16:02.669+0100: 14.857: Total time for which application threads were stopped: 0.0019832 seconds
2015-03-20T11:16:02.669+0100: 14.857: [GC concurrent-root-region-scan-start]
2015-03-20T11:16:02.669+0100: 14.857: [GC concurrent-root-region-scan-end, 0.0001075 secs]
2015-03-20T11:16:02.669+0100: 14.857: [GC concurrent-mark-start]
2015-03-20T11:16:02.669+0100: 14.858: [GC concurrent-mark-end, 0.0007248 secs]
2015-03-20T11:16:02.685+0100: 14.870: [GC remark, 0.0021548 secs]
2015-03-20T11:16:02.685+0100: 14.872: Total time for which application threads were stopped: 0.0138187 seconds
2015-03-20T11:16:02.685+0100: 14.877: [GC cleanup 834M->514M(1024M), 0.0011568 secs]
2015-03-20T11:16:02.685+0100: 14.878: Total time for which application threads were stopped: 0.0058510 seconds
2015-03-20T11:16:02.685+0100: 14.878: [GC concurrent-cleanup-start]
2015-03-20T11:16:02.685+0100: 14.878: [GC concurrent-cleanup-end, 0.0002776 secs]
2015-03-20T11:16:02.716+0100: 14.903: [GC pause (G1 Humongous Allocation) (young) 962M->960M(1024M), 0.0005914 secs]
2015-03-20T11:16:02.716+0100: 14.904: Total time for which application threads were stopped: 0.0053134 seconds
2015-03-20T11:16:02.716+0100: 14.904: [Full GC (Allocation Failure)  960M->192M(1024M), 0.0044166 secs]
2015-03-20T11:16:02.716+0100: 14.909: Total time for which application threads were stopped: 0.0045388 seconds
2015-03-20T11:16:02.732+0100: 14.922: [GC pause (G1 Humongous Allocation) (young) (initial-mark) 449M->448M(1024M), 0.0005894 secs]
2015-03-20T11:16:02.732+0100: 14.923: Total time for which application threads were stopped: 0.0038126 seconds
2015-03-20T11:16:02.732+0100: 14.923: [GC concurrent-root-region-scan-start]
2015-03-20T11:16:02.732+0100: 14.923: [GC concurrent-root-region-scan-end, 0.0000303 secs]
2015-03-20T11:16:02.732+0100: 14.923: [GC concurrent-mark-start]
2015-03-20T11:16:02.732+0100: 14.924: [GC concurrent-mark-end, 0.0007062 secs]
2015-03-20T11:16:02.747+0100: 14.936: [GC remark, 0.0013655 secs]
2015-03-20T11:16:02.747+0100: 14.938: Total time for which application threads were stopped: 0.0140308 seconds
2015-03-20T11:16:02.747+0100: 14.942: [GC cleanup 769M->513M(1024M), 0.0007688 secs]
2015-03-20T11:16:02.747+0100: 14.943: Total time for which application threads were stopped: 0.0055392 seconds
2015-03-20T11:16:02.747+0100: 14.943: [GC concurrent-cleanup-start]
2015-03-20T11:16:02.747+0100: 14.943: [GC concurrent-cleanup-end, 0.0002102 secs]
2015-03-20T11:16:02.779+0100: 14.969: [GC pause (G1 Humongous Allocation) (young) 962M->960M(1024M), 0.0010253 secs]
2015-03-20T11:16:02.779+0100: 14.970: Total time for which application threads were stopped: 0.0061335 seconds
2015-03-20T11:16:02.779+0100: 14.970: [Full GC (Allocation Failure)  960M->128M(1024M), 0.0046590 secs]
2015-03-20T11:16:02.779+0100: 14.975: Total time for which application threads were stopped: 0.0047939 seconds
2015-03-20T11:16:02.794+0100: 14.991: [GC pause (G1 Humongous Allocation) (young) (initial-mark) 449M->448M(1024M), 0.0006427 secs]
2015-03-20T11:16:02.810+0100: 14.992: Total time for which application threads were stopped: 0.0052675 seconds
2015-03-20T11:16:02.810+0100: 14.992: [GC concurrent-root-region-scan-start]
2015-03-20T11:16:02.810+0100: 14.992: [GC concurrent-root-region-scan-end, 0.0000367 secs]
2015-03-20T11:16:02.810+0100: 14.992: [GC concurrent-mark-start]
2015-03-20T11:16:02.810+0100: 14.993: [GC concurrent-mark-end, 0.0006652 secs]
2015-03-20T11:16:02.810+0100: 15.007: [GC remark, 0.0013758 secs]
2015-03-20T11:16:02.825+0100: 15.009: Total time for which application threads were stopped: 0.0155864 seconds
2015-03-20T11:16:02.825+0100: 15.015: [GC cleanup 834M->578M(1024M), 0.0006168 secs]
2015-03-20T11:16:02.825+0100: 15.015: Total time for which application threads were stopped: 0.0065176 seconds
2015-03-20T11:16:02.825+0100: 15.015: [GC concurrent-cleanup-start]
2015-03-20T11:16:02.825+0100: 15.015: [GC concurrent-cleanup-end, 0.0002077 secs]
2015-03-20T11:16:02.841+0100: 15.036: [GC pause (G1 Humongous Allocation) (young) 962M->960M(1024M), 0.0006950 secs]
2015-03-20T11:16:02.841+0100: 15.037: Total time for which application threads were stopped: 0.0037246 seconds
2015-03-20T11:16:02.841+0100: 15.037: [GC pause (G1 Humongous Allocation) (young) (initial-mark) 961M->960M(1024M), 0.0003939 secs]
2015-03-20T11:16:02.841+0100: 15.038: 2015-03-20T11:16:02.841+0100: Total time for which application threads were stopped: 0.0004579 seconds
15.038: [GC concurrent-root-region-scan-start]
2015-03-20T11:16:02.841+0100: 15.038: [GC concurrent-root-region-scan-end, 0.0000269 secs]
2015-03-20T11:16:02.841+0100: 15.038: [GC concurrent-mark-start]
2015-03-20T11:16:02.841+0100: 15.038: [GC pause (G1 Humongous Allocation) (young) 960M->960M(1024M), 0.0002527 secs]
2015-03-20T11:16:02.841+0100: 15.038: Total time for which application threads were stopped: 0.0003152 seconds
2015-03-20T11:16:02.841+0100: 15.038: [Full GC (Allocation Failure)  960M->282K(1024M), 0.0044547 secs]
2015-03-20T11:16:02.857+0100: 15.043: Total time for which application threads were stopped: 0.0045847 seconds
2015-03-20T11:16:02.857+0100: 15.043: [GC concurrent-mark-abort]
2015-03-20T11:16:02.857+0100: 15.049: Total time for which application threads were stopped: 0.0058769 seconds
2015-03-20T11:16:02.872+0100: 15.058: Total time for which application threads were stopped: 0.0090429 seconds
2015-03-20T11:16:02.890+0100: 15.073: [GC pause (G1 Humongous Allocation) (young) (initial-mark) 577M->576M(1024M), 0.0006539 secs]
2015-03-20T11:16:02.891+0100: 15.073: Total time for which application threads were stopped: 0.0045559 seconds
2015-03-20T11:16:02.891+0100: 15.074: [GC concurrent-root-region-scan-start]
2015-03-20T11:16:02.891+0100: 15.074: [GC concurrent-root-region-scan-end, 0.0000474 secs]
2015-03-20T11:16:02.891+0100: 15.074: [GC concurrent-mark-start]
2015-03-20T11:16:02.892+0100: 15.074: [GC concurrent-mark-end, 0.0007321 secs]
2015-03-20T11:16:02.895+0100: 15.089: [GC remark, 0.0018821 secs]
2015-03-20T11:16:02.895+0100: 15.091: Total time for which application threads were stopped: 0.0163225 seconds
2015-03-20T11:16:02.895+0100: 15.091: [GC cleanup 834M->450M(1024M), 0.0006456 secs]
2015-03-20T11:16:02.895+0100: 15.091: Total time for which application threads were stopped: 0.0006955 seconds
2015-03-20T11:16:02.895+0100: 15.091: [GC concurrent-cleanup-start]
2015-03-20T11:16:02.895+0100: 15.092: [GC concurrent-cleanup-end, 0.0003411 secs]
2015-03-20T11:16:02.926+0100: 15.121: [GC pause (G1 Humongous Allocation) (young) 962M->960M(1024M), 0.0009887 secs]
2015-03-20T11:16:02.926+0100: 15.122: Total time for which application threads were stopped: 0.0060104 seconds
2015-03-20T11:16:02.926+0100: 15.122: [Full GC (Allocation Failure)  960M->282K(1024M), 0.0045100 secs]
2015-03-20T11:16:02.942+0100: 15.127: Total time for which application threads were stopped: 0.0046365 seconds
2015-03-20T11:16:02.958+0100: 15.148: [GC pause (G1 Humongous Allocation) (young) (initial-mark) 450M->448M(1024M), 0.0010874 secs]
2015-03-20T11:16:02.958+0100: 15.149: Total time for which application threads were stopped: 0.0101650 seconds
2015-03-20T11:16:02.958+0100: 15.149: [GC concurrent-root-region-scan-start]
2015-03-20T11:16:02.958+0100: 15.149: [GC concurrent-root-region-scan-end, 0.0000586 secs]
2015-03-20T11:16:02.958+0100: 15.149: [GC concurrent-mark-start]
2015-03-20T11:16:02.958+0100: 15.150: [GC concurrent-mark-end, 0.0007262 secs]
2015-03-20T11:16:02.973+0100: 15.163: [GC remark, 0.0015649 secs]
2015-03-20T11:16:02.973+0100: 15.165: Total time for which application threads were stopped: 0.0144511 seconds
2015-03-20T11:16:02.989+0100: 15.174: [GC cleanup 898M->642M(1024M), 0.0009599 secs]
2015-03-20T11:16:02.989+0100: 15.175: Total time for which application threads were stopped: 0.0106572 seconds
2015-03-20T11:16:02.989+0100: 15.175: [GC concurrent-cleanup-start]
2015-03-20T11:16:02.989+0100: 15.176: [GC concurrent-cleanup-end, 0.0002072 secs]
2015-03-20T11:16:03.005+0100: 15.194: [GC pause (G1 Humongous Allocation) (young) 962M->960M(1024M), 0.0008646 secs]
2015-03-20T11:16:03.005+0100: 15.195: Total time for which application threads were stopped: 0.0048223 seconds
2015-03-20T11:16:03.005+0100: 15.195: [Full GC (Allocation Failure)  960M->282K(1024M), 0.0046620 secs]
2015-03-20T11:16:03.005+0100: 15.200: Total time for which application threads were stopped: 0.0047978 seconds
2015-03-20T11:16:03.036+0100: 15.223: [GC pause (G1 Humongous Allocation) (young) (initial-mark) 450M->448M(1024M), 0.0006759 secs]
2015-03-20T11:16:03.036+0100: 15.224: Total time for which application threads were stopped: 0.0054991 seconds
2015-03-20T11:16:03.036+0100: 15.224: [GC concurrent-root-region-scan-start]
2015-03-20T11:16:03.036+0100: 15.224: [GC concurrent-root-region-scan-end, 0.0000411 secs]
2015-03-20T11:16:03.036+0100: 15.224: [GC concurrent-mark-start]
2015-03-20T11:16:03.036+0100: 15.225: [GC concurrent-mark-end, 0.0006666 secs]
2015-03-20T11:16:03.051+0100: 15.237: [GC remark, 0.0017765 secs]
2015-03-20T11:16:03.051+0100: 15.238: Total time for which application threads were stopped: 0.0136697 seconds
2015-03-20T11:16:03.051+0100: 15.244: [GC cleanup 834M->578M(1024M), 0.0007302 secs]
2015-03-20T11:16:03.051+0100: 15.245: Total time for which application threads were stopped: 0.0066330 seconds
2015-03-20T11:16:03.051+0100: 15.245: [GC concurrent-cleanup-start]
2015-03-20T11:16:03.051+0100: 15.245: [GC concurrent-cleanup-end, 0.0002038 secs]
2015-03-20T11:16:03.083+0100: 15.266: [GC pause (G1 Humongous Allocation) (young) 962M->960M(1024M), 0.0007087 secs]
2015-03-20T11:16:03.083+0100: 15.267: Total time for which application threads were stopped: 0.0019964 seconds
2015-03-20T11:16:03.083+0100: 15.267: [Full GC (Allocation Failure)  960M->192M(1024M), 0.0043198 secs]
2015-03-20T11:16:03.083+0100: 15.271: Total time for which application threads were stopped: 0.0044489 seconds
2015-03-20T11:16:03.098+0100: 15.284: [GC pause (G1 Humongous Allocation) (young) (initial-mark) 449M->448M(1024M), 0.0012638 secs]
2015-03-20T11:16:03.098+0100: 15.285: Total time for which application threads were stopped: 0.0015830 seconds
2015-03-20T11:16:03.098+0100: 15.285: [GC concurrent-root-region-scan-start]
2015-03-20T11:16:03.098+0100: 15.285: [GC concurrent-root-region-scan-end, 0.0000655 secs]
2015-03-20T11:16:03.098+0100: 15.285: [GC concurrent-mark-start]
2015-03-20T11:16:03.098+0100: 15.286: [GC concurrent-mark-end, 0.0006534 secs]
2015-03-20T11:16:03.114+0100: 15.300: [GC remark, 0.0024930 secs]
2015-03-20T11:16:03.114+0100: 15.302: Total time for which application threads were stopped: 0.0164627 seconds
2015-03-20T11:16:03.114+0100: 15.307: [GC cleanup 770M->514M(1024M), 0.0013606 secs]
2015-03-20T11:16:03.114+0100: 15.309: Total time for which application threads were stopped: 0.0061741 seconds
2015-03-20T11:16:03.114+0100: 15.309: [GC concurrent-cleanup-start]
2015-03-20T11:16:03.114+0100: 15.309: [GC concurrent-cleanup-end, 0.0002053 secs]
2015-03-20T11:16:03.145+0100: 15.332: [GC pause (G1 Humongous Allocation) (young) 962M->960M(1024M), 0.0010425 secs]
2015-03-20T11:16:03.145+0100: 15.334: Total time for which application threads were stopped: 0.0094666 seconds
2015-03-20T11:16:03.145+0100: 15.334: [Full GC (Allocation Failure)  960M->128M(1024M), 0.0044425 secs]
2015-03-20T11:16:03.145+0100: 15.338: Total time for which application threads were stopped: 0.0045676 seconds
2015-03-20T11:16:03.161+0100: 15.354: [GC pause (G1 Humongous Allocation) (young) (initial-mark) 449M->448M(1024M), 0.0008235 secs]
2015-03-20T11:16:03.161+0100: 15.355: Total time for which application threads were stopped: 0.0063173 seconds
2015-03-20T11:16:03.161+0100: 15.355: [GC concurrent-root-region-scan-start]
2015-03-20T11:16:03.161+0100: 15.355: [GC concurrent-root-region-scan-end, 0.0000411 secs]
2015-03-20T11:16:03.161+0100: 15.355: [GC concurrent-mark-start]
2015-03-20T11:16:03.161+0100: 15.355: [GC concurrent-mark-end, 0.0004609 secs]
2015-03-20T11:16:03.177+0100: 15.370: [GC remark, 0.0015141 secs]
2015-03-20T11:16:03.177+0100: 15.371: Total time for which application threads were stopped: 0.0158323 seconds
2015-03-20T11:16:03.192+0100: 15.377: [GC cleanup 834M->578M(1024M), 0.0006207 secs]
2015-03-20T11:16:03.192+0100: 15.378: Total time for which application threads were stopped: 0.0065846 seconds
2015-03-20T11:16:03.192+0100: 15.378: [GC concurrent-cleanup-start]
2015-03-20T11:16:03.192+0100: 15.378: [GC concurrent-cleanup-end, 0.0002067 secs]
2015-03-20T11:16:03.208+0100: 15.399: [GC pause (G1 Humongous Allocation) (young) 962M->960M(1024M), 0.0006241 secs]
2015-03-20T11:16:03.208+0100: 15.400: Total time for which application threads were stopped: 0.0018259 seconds
2015-03-20T11:16:03.208+0100: 15.400: [Full GC (Allocation Failure)  960M->192M(1024M), 0.0042998 secs]
2015-03-20T11:16:03.208+0100: 15.404: Total time for which application threads were stopped: 0.0044181 seconds
2015-03-20T11:16:03.223+0100: 15.417: [GC pause (G1 Humongous Allocation) (young) (initial-mark) 449M->448M(1024M), 0.0007561 secs]
2015-03-20T11:16:03.223+0100: 15.417: Total time for which application threads were stopped: 0.0010908 seconds
2015-03-20T11:16:03.223+0100: 15.417: [GC concurrent-root-region-scan-start]
2015-03-20T11:16:03.223+0100: 15.418: [GC concurrent-root-region-scan-end, 0.0000264 secs]
2015-03-20T11:16:03.223+0100: 15.418: [GC concurrent-mark-start]
2015-03-20T11:16:03.223+0100: 15.418: [GC concurrent-mark-end, 0.0004267 secs]
2015-03-20T11:16:03.239+0100: 15.431: [GC remark, 0.0019490 secs]
2015-03-20T11:16:03.239+0100: 15.433: Total time for which application threads were stopped: 0.0145968 seconds
2015-03-20T11:16:03.239+0100: 15.433: [GC cleanup 706M->450M(1024M), 0.0005943 secs]
2015-03-20T11:16:03.239+0100: 15.433: Total time for which application threads were stopped: 0.0006329 seconds
2015-03-20T11:16:03.239+0100: 15.433: [GC concurrent-cleanup-start]
2015-03-20T11:16:03.239+0100: 15.433: [GC concurrent-cleanup-end, 0.0002058 secs]
2015-03-20T11:16:03.270+0100: 15.464: [GC pause (G1 Humongous Allocation) (young) 962M->960M(1024M), 0.0005914 secs]
2015-03-20T11:16:03.270+0100: 15.465: Total time for which application threads were stopped: 0.0105726 seconds
2015-03-20T11:16:03.270+0100: 15.465: [Full GC (Allocation Failure)  960M->282K(1024M), 0.0045803 secs]
2015-03-20T11:16:03.286+0100: 15.470: Total time for which application threads were stopped: 0.0047123 seconds
2015-03-20T11:16:03.302+0100: 15.497: [GC pause (G1 Humongous Allocation) (young) (initial-mark) 514M->512M(1024M), 0.0005068 secs]
2015-03-20T11:16:03.302+0100: 15.497: Total time for which application threads were stopped: 0.0058134 seconds
2015-03-20T11:16:03.302+0100: 15.497: [GC concurrent-root-region-scan-start]
2015-03-20T11:16:03.302+0100: 15.497: [GC concurrent-root-region-scan-end, 0.0000406 secs]
2015-03-20T11:16:03.302+0100: 15.497: [GC concurrent-mark-start]
2015-03-20T11:16:03.302+0100: 15.498: [GC concurrent-mark-end, 0.0007287 secs]
2015-03-20T11:16:03.317+0100: 15.512: [GC remark, 0.0012150 secs]
2015-03-20T11:16:03.317+0100: 15.513: Total time for which application threads were stopped: 0.0151397 seconds
2015-03-20T11:16:03.333+0100: 15.518: [GC cleanup 834M->514M(1024M), 0.0006109 secs]
2015-03-20T11:16:03.333+0100: 15.519: Total time for which application threads were stopped: 0.0054073 seconds
2015-03-20T11:16:03.333+0100: 15.519: [GC concurrent-cleanup-start]
2015-03-20T11:16:03.333+0100: 15.519: [GC concurrent-cleanup-end, 0.0003011 secs]
2015-03-20T11:16:03.348+0100: 15.543: [GC pause (G1 Humongous Allocation) (young) 962M->960M(1024M), 0.0007165 secs]
2015-03-20T11:16:03.348+0100: 15.544: Total time for which application threads were stopped: 0.0073934 seconds
2015-03-20T11:16:03.348+0100: 15.544: [Full GC (Allocation Failure)  960M->192M(1024M), 0.0044440 secs]
2015-03-20T11:16:03.364+0100: 15.549: Total time for which application threads were stopped: 0.0045603 seconds
2015-03-20T11:16:03.364+0100: 15.561: [GC pause (G1 Humongous Allocation) (young) (initial-mark) 449M->448M(1024M), 0.0004726 secs]
2015-03-20T11:16:03.364+0100: 15.561: Total time for which application threads were stopped: 0.0007820 seconds
2015-03-20T11:16:03.364+0100: 15.561: [GC concurrent-root-region-scan-start]
2015-03-20T11:16:03.364+0100: 15.562: [GC concurrent-root-region-scan-end, 0.0000303 secs]
2015-03-20T11:16:03.364+0100: 15.562: [GC concurrent-mark-start]
2015-03-20T11:16:03.380+0100: 15.562: [GC concurrent-mark-end, 0.0005420 secs]
2015-03-20T11:16:03.380+0100: 15.577: [GC remark, 0.0012291 secs]
2015-03-20T11:16:03.395+0100: 15.578: Total time for which application threads were stopped: 0.0158479 seconds
2015-03-20T11:16:03.395+0100: 15.590: [GC cleanup 962M->706M(1024M), 0.0005342 secs]
2015-03-20T11:16:03.395+0100: 15.591: Total time for which application threads were stopped: 0.0124796 seconds
2015-03-20T11:16:03.395+0100: 15.591: [GC concurrent-cleanup-start]
2015-03-20T11:16:03.395+0100: 15.591: [GC concurrent-cleanup-end, 0.0002043 secs]
2015-03-20T11:16:03.411+0100: 15.608: [GC pause (G1 Humongous Allocation) (young) 962M->960M(1024M), 0.0004286 secs]
2015-03-20T11:16:03.411+0100: 15.608: Total time for which application threads were stopped: 0.0062234 seconds
2015-03-20T11:16:03.427+0100: 15.609: [Full GC (Allocation Failure)  960M->282K(1024M), 0.0044924 secs]
2015-03-20T11:16:03.427+0100: 15.613: Total time for which application threads were stopped: 0.0046967 seconds
2015-03-20T11:16:03.442+0100: 15.634: [GC pause (G1 Humongous Allocation) (young) (initial-mark) 450M->448M(1024M), 0.0004799 secs]
2015-03-20T11:16:03.442+01002015-03-20T11:16:03.442+0100: : 15.635: 15.635: [GC concurrent-root-region-scan-start]
Total time for which application threads were stopped: 0.0093879 seconds
2015-03-20T11:16:03.442+0100: 15.635: [GC concurrent-root-region-scan-end, 0.0000279 secs]
2015-03-20T11:16:03.442+0100: 15.635: [GC concurrent-mark-start]
2015-03-20T11:16:03.442+0100: 15.636: [GC concurrent-mark-end, 0.0006104 secs]
2015-03-20T11:16:03.458+0100: 15.649: [GC remark, 0.0017140 secs]
2015-03-20T11:16:03.458+0100: 15.650: Total time for which application threads were stopped: 0.0146202 seconds
2015-03-20T11:16:03.458+0100: 15.655: [GC cleanup 770M->514M(1024M), 0.0007214 secs]
2015-03-20T11:16:03.473+0100: 15.656: Total time for which application threads were stopped: 0.0055734 seconds
2015-03-20T11:16:03.473+0100: 15.656: [GC concurrent-cleanup-start]
2015-03-20T11:16:03.473+0100: 15.656: [GC concurrent-cleanup-end, 0.0002082 secs]
2015-03-20T11:16:03.489+0100: 15.682: [GC pause (G1 Humongous Allocation) (young) 962M->960M(1024M), 0.0005024 secs]
2015-03-20T11:16:03.489+0100: 15.683: Total time for which application threads were stopped: 0.0045891 seconds
2015-03-20T11:16:03.489+0100: 15.683: [Full GC (Allocation Failure)  960M->128M(1024M), 0.0048609 secs]
2015-03-20T11:16:03.505+0100: 15.688: Total time for which application threads were stopped: 0.0049884 seconds
2015-03-20T11:16:03.520+0100: 15.704: [GC pause (G1 Humongous Allocation) (young) (initial-mark) 449M->448M(1024M), 0.0005762 secs]
2015-03-20T11:16:03.520+0100: 2015-03-20T11:16:03.520+010015.705: : [GC concurrent-root-region-scan-start]
15.705: Total time for which application threads were stopped: 0.0075689 seconds
2015-03-20T11:16:03.520+0100: 15.705: [GC concurrent-root-region-scan-end, 0.0000269 secs]
2015-03-20T11:16:03.520+0100: 15.705: [GC concurrent-mark-start]
2015-03-20T11:16:03.520+0100: 15.706: [GC concurrent-mark-end, 0.0007390 secs]
2015-03-20T11:16:03.536+0100: 15.719: [GC remark, 0.0010972 secs]
2015-03-20T11:16:03.536+0100: 15.720: Total time for which application threads were stopped: 0.0149056 seconds
2015-03-20T11:16:03.536+0100: 15.721: [GC cleanup 705M->449M(1024M), 0.0003861 secs]
2015-03-20T11:16:03.536+0100: 15.721: Total time for which application threads were stopped: 0.0004364 seconds
2015-03-20T11:16:03.536+0100: 15.721: [GC concurrent-cleanup-start]
2015-03-20T11:16:03.536+0100: 15.721: [GC concurrent-cleanup-end, 0.0002102 secs]
2015-03-20T11:16:03.567+0100: 15.749: [GC pause (G1 Humongous Allocation) (young) 962M->960M(1024M), 0.0003807 secs]
2015-03-20T11:16:03.567+0100: 15.750: Total time for which application threads were stopped: 0.0057890 seconds
2015-03-20T11:16:03.567+0100: 15.750: [Full GC (Allocation Failure)  960M->282K(1024M), 0.0046996 secs]
2015-03-20T11:16:03.567+0100: 15.755: Total time for which application threads were stopped: 0.0048296 seconds
2015-03-20T11:16:03.583+0100: 15.778: [GC pause (G1 Humongous Allocation) (young) (initial-mark) 450M->448M(1024M), 0.0004760 secs]
2015-03-20T11:16:03.583+0100: 2015-03-20T11:16:03.583+0100: 15.779: [GC concurrent-root-region-scan-start]
15.779: Total time for which application threads were stopped: 0.0048535 seconds
2015-03-20T11:16:03.583+0100: 15.779: [GC concurrent-root-region-scan-end, 0.0000235 secs]
2015-03-20T11:16:03.583+0100: 15.779: [GC concurrent-mark-start]
2015-03-20T11:16:03.583+0100: 15.779: [GC concurrent-mark-end, 0.0005009 secs]
2015-03-20T11:16:03.598+0100: 15.794: [GC remark, 0.0018327 secs]
2015-03-20T11:16:03.598+0100: 15.796: Total time for which application threads were stopped: 0.0164823 seconds
2015-03-20T11:16:03.614+0100: 15.801: [GC cleanup 770M->514M(1024M), 0.0004325 secs]
2015-03-20T11:16:03.614+0100: 15.801: Total time for which application threads were stopped: 0.0053281 seconds
2015-03-20T11:16:03.614+0100: 15.801: [GC concurrent-cleanup-start]
2015-03-20T11:16:03.614+0100: 15.801: [GC concurrent-cleanup-end, 0.0002180 secs]
2015-03-20T11:16:03.630+0100: 15.827: [GC pause (G1 Humongous Allocation) (young) 962M->960M(1024M), 0.0003304 secs]
2015-03-20T11:16:03.630+0100: 15.827: Total time for which application threads were stopped: 0.0049552 seconds
2015-03-20T11:16:03.630+0100: 15.827: [Full GC (Allocation Failure)  960M->282K(1024M), 0.0047480 secs]
2015-03-20T11:16:03.645+0100: 15.832: Total time for which application threads were stopped: 0.0048946 seconds
2015-03-20T11:16:03.661+0100: 15.854: [GC pause (G1 Humongous Allocation) (young) (initial-mark) 449M->448M(1024M), 0.0004037 secs]
2015-03-20T11:16:03.661+0100: 2015-03-20T11:16:03.661+0100: 15.85515.855: : [GC concurrent-root-region-scan-start]
Total time for which application threads were stopped: 0.0038126 seconds
2015-03-20T11:16:03.661+0100: 15.855: [GC concurrent-root-region-scan-end, 0.0000225 secs]
2015-03-20T11:16:03.661+0100: 15.855: [GC concurrent-mark-start]
2015-03-20T11:16:03.661+0100: 15.855: [GC concurrent-mark-end, 0.0006764 secs]
2015-03-20T11:16:03.677+0100: 15.870: [GC remark, 0.0010566 secs]
2015-03-20T11:16:03.677+0100: 15.871: Total time for which application threads were stopped: 0.0156006 seconds
2015-03-20T11:16:03.692+0100: 15.876: [GC cleanup 770M->514M(1024M), 0.0003416 secs]
2015-03-20T11:16:03.692+0100: 15.876: Total time for which application threads were stopped: 0.0051218 seconds
2015-03-20T11:16:03.692+0100: 15.876: [GC concurrent-cleanup-start]
2015-03-20T11:16:03.692+0100: 15.876: [GC concurrent-cleanup-end, 0.0002082 secs]
2015-03-20T11:16:03.708+0100: 15.902: [GC pause (G1 Humongous Allocation) (young) 962M->960M(1024M), 0.0005210 secs]
2015-03-20T11:16:03.708+0100: 15.902: Total time for which application threads were stopped: 0.0074262 seconds
2015-03-20T11:16:03.708+0100: 15.902: [Full GC (Allocation Failure)  961M->282K(1024M), 0.0047573 secs]
2015-03-20T11:16:03.723+0100: 15.907: Total time for which application threads were stopped: 0.0048873 seconds
2015-03-20T11:16:03.723+0100: 15.912: [GC pause (G1 Humongous Allocation) (young) (initial-mark) 64M->64M(1024M), 0.0005166 secs]
2015-03-20T11:16:03.723+0100: 15.913: Total time for which application threads were stopped: 0.0054415 seconds
2015-03-20T11:16:03.723+0100: 15.913: [GC concurrent-root-region-scan-start]
2015-03-20T11:16:03.723+0100: 15.913: [GC concurrent-root-region-scan-end, 0.0000088 secs]
2015-03-20T11:16:03.723+0100: 15.913: [GC concurrent-mark-start]
2015-03-20T11:16:03.723+0100: 15.913: [GC concurrent-mark-end, 0.0004877 secs]
2015-03-20T11:16:03.739+0100: 15.928: [GC remark, 0.0011617 secs]
2015-03-20T11:16:03.739+0100: 15.929: Total time for which application threads were stopped: 0.0158318 seconds
2015-03-20T11:16:03.739+0100: 15.929: [GC cleanup 321M->321M(1024M), 0.0004061 secs]
2015-03-20T11:16:03.739+0100: 15.930: Total time for which application threads were stopped: 0.0004496 seconds
2015-03-20T11:16:03.770+0100: 15.965: [GC pause (G1 Humongous Allocation) (young) 962M->960M(1024M), 0.0003475 secs]
2015-03-20T11:16:03.770+0100: 15.966: Total time for which application threads were stopped: 0.0024285 seconds
2015-03-20T11:16:03.770+0100: 15.966: [Full GC (Allocation Failure)  960M->282K(1024M), 0.0046341 secs]
2015-03-20T11:16:03.786+0100: 15.970: Total time for which application threads were stopped: 0.0047651 seconds
2015-03-20T11:16:03.802+0100: 15.993: [GC pause (G1 Humongous Allocation) (young) (initial-mark) 450M->448M(1024M), 0.0004565 secs]
2015-03-20T11:16:03.802+0100: 2015-03-20T11:16:03.802+0100: 15.993: 15.993: [GC concurrent-root-region-scan-start]
Total time for which application threads were stopped: 0.0082248 seconds
2015-03-20T11:16:03.802+0100: 15.993: [GC concurrent-root-region-scan-end, 0.0000230 secs]
2015-03-20T11:16:03.802+0100: 15.993: [GC concurrent-mark-start]
2015-03-20T11:16:03.802+0100: 15.994: [GC concurrent-mark-end, 0.0005176 secs]
2015-03-20T11:16:03.817+0100: 16.007: [GC remark, 0.0016651 secs]
2015-03-20T11:16:03.817+0100: 16.008: Total time for which application threads were stopped: 0.0146105 seconds
2015-03-20T11:16:03.817+0100: 16.013: [GC cleanup 770M->514M(1024M), 0.0003485 secs]
2015-03-20T11:16:03.817+0100: 16.013: Total time for which application threads were stopped: 0.0051912 seconds
2015-03-20T11:16:03.817+0100: 16.013: [GC concurrent-cleanup-start]
2015-03-20T11:16:03.817+0100: 16.014: [GC concurrent-cleanup-end, 0.0002087 secs]
2015-03-20T11:16:03.848+0100: 16.038: [GC pause (G1 Humongous Allocation) (young) 962M->960M(1024M), 0.0003490 secs]
2015-03-20T11:16:03.848+0100: 16.039: Total time for which application threads were stopped: 0.0092672 seconds
2015-03-20T11:16:03.848+0100: 16.039: [Full GC (Allocation Failure)  960M->282K(1024M), 0.0046053 secs]
2015-03-20T11:16:03.848+0100: 16.043: Total time for which application threads were stopped: 0.0047348 seconds
2015-03-20T11:16:03.880+0100: 16.067: [GC pause (G1 Humongous Allocation) (young) (initial-mark) 449M->448M(1024M), 0.0004130 secs]
2015-03-20T11:16:03.880+01002015-03-20T11:16:03.880+0100: : 16.068: 16.068: [GC concurrent-root-region-scan-start]
Total time for which application threads were stopped: 0.0054009 seconds
2015-03-20T11:16:03.880+0100: 16.068: [GC concurrent-root-region-scan-end, 0.0000313 secs]
2015-03-20T11:16:03.880+0100: 16.068: [GC concurrent-mark-start]
2015-03-20T11:16:03.880+0100: 16.068: [GC concurrent-mark-end, 0.0007649 secs]
2015-03-20T11:16:03.895+0100: 16.081: [GC remark, 0.0010757 secs]
2015-03-20T11:16:03.895+0100: 16.082: Total time for which application threads were stopped: 0.0136716 seconds
2015-03-20T11:16:03.895+0100: 16.087: [GC cleanup 770M->514M(1024M), 0.0003563 secs]
2015-03-20T11:16:03.895+0100: 16.087: Total time for which application threads were stopped: 0.0051815 seconds
2015-03-20T11:16:03.895+0100: 16.087: [GC concurrent-cleanup-start]
2015-03-20T11:16:03.895+0100: 16.087: [GC concurrent-cleanup-end, 0.0002062 secs]
2015-03-20T11:16:03.927+0100: 16.113: [GC pause (G1 Humongous Allocation) (young) 962M->960M(1024M), 0.0003387 secs]
2015-03-20T11:16:03.927+0100: 16.113: Total time for which application threads were stopped: 0.0053413 seconds
2015-03-20T11:16:03.927+0100: 16.113: [Full GC (Allocation Failure)  960M->282K(1024M), 0.0044132 secs]
2015-03-20T11:16:03.927+0100: 16.118: Total time for which application threads were stopped: 0.0045349 seconds
2015-03-20T11:16:03.942+0100: 16.139: [GC pause (G1 Humongous Allocation) (young) (initial-mark) 450M->448M(1024M), 0.0005689 secs]
2015-03-20T11:16:03.942+0100: 2015-03-20T11:16:03.942+0100: 16.139: 16.139: Total time for which application threads were stopped: 0.0094705 seconds
[GC concurrent-root-region-scan-start]
2015-03-20T11:16:03.942+0100: 16.139: [GC concurrent-root-region-scan-end, 0.0000259 secs]
2015-03-20T11:16:03.942+0100: 16.139: [GC concurrent-mark-start]
2015-03-20T11:16:03.958+0100: 16.140: [GC concurrent-mark-end, 0.0006559 secs]
2015-03-20T11:16:03.958+0100: 16.155: [GC remark, 0.0012853 secs]
2015-03-20T11:16:03.973+0100: 16.156: Total time for which application threads were stopped: 0.0157248 seconds
2015-03-20T11:16:03.973+0100: 16.165: [GC cleanup 898M->642M(1024M), 0.0009168 secs]
2015-03-20T11:16:03.973+0100: 16.166: Total time for which application threads were stopped: 0.0098747 seconds
2015-03-20T11:16:03.973+0100: 16.166: [GC concurrent-cleanup-start]
2015-03-20T11:16:03.973+0100: 16.166: [GC concurrent-cleanup-end, 0.0002141 secs]
2015-03-20T11:16:03.989+0100: 16.185: [GC pause (G1 Humongous Allocation) (young) 962M->960M(1024M), 0.0008753 secs]
2015-03-20T11:16:03.989+0100: 16.186: Total time for which application threads were stopped: 0.0056956 seconds
2015-03-20T11:16:03.989+0100: 16.186: [Full GC (Allocation Failure)  960M->282K(1024M), 0.0049053 secs]
2015-03-20T11:16:04.005+0100: 16.191: Total time for which application threads were stopped: 0.0050383 seconds
2015-03-20T11:16:04.020+0100: 16.213: [GC pause (G1 Humongous Allocation) (young) (initial-mark) 449M->448M(1024M), 0.0005576 secs]
2015-03-20T11:16:04.020+0100: 16.213: Total time for which application threads were stopped: 0.0095218 seconds
2015-03-20T11:16:04.020+0100: 16.213: [GC concurrent-root-region-scan-start]
2015-03-20T11:16:04.020+0100: 16.213: [GC concurrent-root-region-scan-end, 0.0000704 secs]
2015-03-20T11:16:04.020+0100: 16.213: [GC concurrent-mark-start]
2015-03-20T11:16:04.020+0100: 16.214: [GC concurrent-mark-end, 0.0004667 secs]
2015-03-20T11:16:04.036+0100: 16.226: [GC remark, 0.0013719 secs]
2015-03-20T11:16:04.036+0100: 16.227: Total time for which application threads were stopped: 0.0131120 seconds
2015-03-20T11:16:04.036+0100: 16.232: [GC cleanup 770M->514M(1024M), 0.0005718 secs]
2015-03-20T11:16:04.036+0100: 16.232: Total time for which application threads were stopped: 0.0052694 seconds
2015-03-20T11:16:04.036+0100: 16.232: [GC concurrent-cleanup-start]
2015-03-20T11:16:04.036+0100: 16.233: [GC concurrent-cleanup-end, 0.0002033 secs]
2015-03-20T11:16:04.067+0100: 16.258: [GC pause (G1 Humongous Allocation) (young) 962M->960M(1024M), 0.0004633 secs]
2015-03-20T11:16:04.067+0100: 16.258: Total time for which application threads were stopped: 0.0058632 seconds
2015-03-20T11:16:04.067+0100: 16.259: [Full GC (Allocation Failure)  960M->282K(1024M), 0.0044586 secs]
2015-03-20T11:16:04.067+0100: 16.263: Total time for which application threads were stopped: 0.0045842 seconds
2015-03-20T11:16:04.098+0100: 16.289: [GC pause (G1 Humongous Allocation) (young) (initial-mark) 514M->512M(1024M), 0.0005484 secs]
2015-03-20T11:16:04.098+0100: 16.290: Total time for which application threads were stopped: 0.0042807 seconds
2015-03-20T11:16:04.098+0100: 16.290: [GC concurrent-root-region-scan-start]
2015-03-20T11:16:04.098+0100: 16.290: [GC concurrent-root-region-scan-end, 0.0000494 secs]
2015-03-20T11:16:04.098+0100: 16.290: [GC concurrent-mark-start]
2015-03-20T11:16:04.098+0100: 16.291: [GC concurrent-mark-end, 0.0006842 secs]
2015-03-20T11:16:04.114+0100: 16.304: [GC remark, 0.0017276 secs]
2015-03-20T11:16:04.114+0100: 16.306: Total time for which application threads were stopped: 0.0153763 seconds
2015-03-20T11:16:04.130+0100: 16.315: [GC cleanup 962M->642M(1024M), 0.0004032 secs]
2015-03-20T11:16:04.130+0100: 16.315: Total time for which application threads were stopped: 0.0093532 seconds
2015-03-20T11:16:04.130+0100: 16.315: [GC concurrent-cleanup-start]
2015-03-20T11:16:04.130+0100: 16.316: [GC concurrent-cleanup-end, 0.0002781 secs]
2015-03-20T11:16:04.145+0100: 16.334: [GC pause (G1 Humongous Allocation) (young) 962M->960M(1024M), 0.0004604 secs]
2015-03-20T11:16:04.145+0100: 16.335: Total time for which application threads were stopped: 0.0076197 seconds
2015-03-20T11:16:04.145+0100: 16.335: [Full GC (Allocation Failure)  960M->128M(1024M), 0.0042979 secs]
2015-03-20T11:16:04.145+0100: 16.339: Total time for which application threads were stopped: 0.0044161 seconds
2015-03-20T11:16:04.161+0100: 16.356: [GC pause (G1 Humongous Allocation) (young) (initial-mark) 450M->448M(1024M), 0.0005205 secs]
2015-03-20T11:16:04.161+0100: 2015-03-20T11:16:04.161+0100: 16.357: [GC concurrent-root-region-scan-start]
16.357: Total time for which application threads were stopped: 0.0053965 seconds
2015-03-20T11:16:04.161+0100: 16.357: [GC concurrent-root-region-scan-end, 0.0000254 secs]
2015-03-20T11:16:04.161+0100: 16.357: [GC concurrent-mark-start]
2015-03-20T11:16:04.161+0100: 16.357: [GC concurrent-mark-end, 0.0004394 secs]
2015-03-20T11:16:04.177+0100: 16.371: [GC remark, 0.0011187 secs]
2015-03-20T11:16:04.177+0100: 16.372: Total time for which application threads were stopped: 0.0151881 seconds
2015-03-20T11:16:04.192+0100: 16.377: [GC cleanup 770M->514M(1024M), 0.0004584 secs]
2015-03-20T11:16:04.192+0100: 16.378: Total time for which application threads were stopped: 0.0052851 seconds
2015-03-20T11:16:04.192+0100: 16.378: [GC concurrent-cleanup-start]
2015-03-20T11:16:04.192+0100: 16.378: [GC concurrent-cleanup-end, 0.0001891 secs]
2015-03-20T11:16:04.208+0100: 16.403: [GC pause (G1 Humongous Allocation) (young) 962M->960M(1024M), 0.0004183 secs]
2015-03-20T11:16:04.208+0100: 16.404: Total time for which application threads were stopped: 0.0054224 seconds
2015-03-20T11:16:04.208+0100: 16.404: [Full GC (Allocation Failure)  960M->192M(1024M), 0.0043027 secs]
2015-03-20T11:16:04.223+0100: 16.408: Total time for which application threads were stopped: 0.0044161 seconds
2015-03-20T11:16:04.223+0100: 16.420: [GC pause (G1 Humongous Allocation) (young) (initial-mark) 450M->448M(1024M), 0.0006612 secs]
2015-03-20T11:16:04.223+0100: 16.421: Total time for which application threads were stopped: 0.0009076 seconds
2015-03-20T11:16:04.223+0100: 16.421: [GC concurrent-root-region-scan-start]
2015-03-20T11:16:04.223+0100: 16.421: [GC concurrent-root-region-scan-end, 0.0000406 secs]
2015-03-20T11:16:04.223+0100: 16.421: [GC concurrent-mark-start]
2015-03-20T11:16:04.239+0100: 16.422: [GC concurrent-mark-end, 0.0006622 secs]
2015-03-20T11:16:04.239+0100: 16.436: [GC remark, 0.0018269 secs]
2015-03-20T11:16:04.255+0100: 16.438: Total time for which application threads were stopped: 0.0162448 seconds
2015-03-20T11:16:04.255+0100: 16.443: [GC cleanup 770M->514M(1024M), 0.0004565 secs]
2015-03-20T11:16:04.255+0100: 16.443: Total time for which application threads were stopped: 0.0051526 seconds
2015-03-20T11:16:04.255+0100: 16.443: [GC concurrent-cleanup-start]
2015-03-20T11:16:04.255+0100: 16.443: [GC concurrent-cleanup-end, 0.0001847 secs]
2015-03-20T11:16:04.270+0100: 16.468: [GC pause (G1 Humongous Allocation) (young) 962M->960M(1024M), 0.0003265 secs]
2015-03-20T11:16:04.286+0100: 16.468: Total time for which application threads were stopped: 0.0075474 seconds
2015-03-20T11:16:04.286+0100: 16.468: [Full GC (Allocation Failure)  960M->282K(1024M), 0.0044826 secs]
2015-03-20T11:16:04.286+0100: 16.473: Total time for which application threads were stopped: 0.0046097 seconds
2015-03-20T11:16:04.302+0100: 16.494: [GC pause (G1 Humongous Allocation) (young) (initial-mark) 450M->448M(1024M), 0.0006309 secs]
2015-03-20T11:16:04.302+0100: 2015-03-20T11:16:04.302+0100: 16.494: 16.494: Total time for which application threads were stopped: 0.0095194 seconds
[GC concurrent-root-region-scan-start]
2015-03-20T11:16:04.302+0100: 16.495: [GC concurrent-root-region-scan-end, 0.0000401 secs]
2015-03-20T11:16:04.302+0100: 16.495: [GC concurrent-mark-start]
2015-03-20T11:16:04.302+0100: 16.495: [GC concurrent-mark-end, 0.0004790 secs]
2015-03-20T11:16:04.317+0100: 16.507: [GC remark, 0.0014393 secs]
2015-03-20T11:16:04.317+0100: 16.508: Total time for which application threads were stopped: 0.0131946 seconds
2015-03-20T11:16:04.317+0100: 16.513: [GC cleanup 770M->514M(1024M), 0.0009095 secs]
2015-03-20T11:16:04.317+0100: 16.514: Total time for which application threads were stopped: 0.0057533 seconds
2015-03-20T11:16:04.317+0100: 16.514: [GC concurrent-cleanup-start]
2015-03-20T11:16:04.317+0100: 16.514: [GC concurrent-cleanup-end, 0.0002023 secs]
2015-03-20T11:16:04.348+0100: 16.539: [GC pause (G1 Humongous Allocation) (young) 962M->960M(1024M), 0.0004824 secs]
2015-03-20T11:16:04.348+0100: 16.540: Total time for which application threads were stopped: 0.0059165 seconds
2015-03-20T11:16:04.348+0100: 16.540: [Full GC (Allocation Failure)  960M->192M(1024M), 0.0043130 secs]
2015-03-20T11:16:04.348+0100: 16.544: Total time for which application threads were stopped: 0.0044591 seconds
2015-03-20T11:16:04.364+0100: 16.557: [GC pause (G1 Humongous Allocation) (young) (initial-mark) 449M->448M(1024M), 0.0003763 secs]
2015-03-20T11:16:04.364+01002015-03-20T11:16:04.364+0100: : 16.558: 16.558: [GC concurrent-root-region-scan-start]
Total time for which application threads were stopped: 0.0005484 seconds
2015-03-20T11:16:04.364+0100: 16.558: [GC concurrent-root-region-scan-end, 0.0000230 secs]
2015-03-20T11:16:04.364+0100: 16.558: [GC concurrent-mark-start]
2015-03-20T11:16:04.364+0100: 16.558: [GC concurrent-mark-end, 0.0006989 secs]
2015-03-20T11:16:04.380+0100: 16.570: [GC remark, 0.0019109 secs]
2015-03-20T11:16:04.380+0100: 16.572: Total time for which application threads were stopped: 0.0133725 seconds
2015-03-20T11:16:04.395+0100: 16.585: [GC cleanup 962M->706M(1024M), 0.0006437 secs]
2015-03-20T11:16:04.395+0100: 16.586: Total time for which application threads were stopped: 0.0140621 seconds
2015-03-20T11:16:04.395+0100: 16.586: [GC concurrent-cleanup-start]
2015-03-20T11:16:04.395+0100: 16.586: [GC concurrent-cleanup-end, 0.0002053 secs]
2015-03-20T11:16:04.411+0100: 16.602: [GC pause (G1 Humongous Allocation) (young) 962M->960M(1024M), 0.0008181 secs]
2015-03-20T11:16:04.411+0100: 16.603: Total time for which application threads were stopped: 0.0053432 seconds
2015-03-20T11:16:04.411+0100: 16.603: [Full GC (Allocation Failure)  960M->64M(1024M), 0.0045984 secs]
2015-03-20T11:16:04.411+0100: 16.608: Total time for which application threads were stopped: 0.0047353 seconds
2015-03-20T11:16:04.442+0100: 16.631: [GC pause (G1 Humongous Allocation) (young) (initial-mark) 514M->512M(1024M), 0.0004296 secs]
2015-03-20T11:16:04.442+0100: 16.631: 2015-03-20T11:16:04.442+0100: [GC concurrent-root-region-scan-start]
16.631: Total time for which application threads were stopped: 0.0110838 seconds
2015-03-20T11:16:04.442+0100: 16.631: [GC concurrent-root-region-scan-end, 0.0000215 secs]
2015-03-20T11:16:04.442+0100: 16.631: [GC concurrent-mark-start]
2015-03-20T11:16:04.442+0100: 16.632: [GC concurrent-mark-end, 0.0006950 secs]
2015-03-20T11:16:04.458+0100: 16.644: [GC remark, 0.0012697 secs]
2015-03-20T11:16:04.458+0100: 16.645: Total time for which application threads were stopped: 0.0135489 seconds
2015-03-20T11:16:04.458+0100: 16.650: [GC cleanup 834M->514M(1024M), 0.0004917 secs]
2015-03-20T11:16:04.458+0100: 16.651: Total time for which application threads were stopped: 0.0052875 seconds
2015-03-20T11:16:04.458+0100: 16.651: [GC concurrent-cleanup-start]
2015-03-20T11:16:04.458+0100: 16.651: [GC concurrent-cleanup-end, 0.0002693 secs]
2015-03-20T11:16:04.489+0100: 16.676: [GC pause (G1 Humongous Allocation) (young) 962M->960M(1024M), 0.0005102 secs]
2015-03-20T11:16:04.489+0100: 16.677: Total time for which application threads were stopped: 0.0056340 seconds
2015-03-20T11:16:04.489+0100: 16.677: [Full GC (Allocation Failure)  960M->282K(1024M), 0.0044899 secs]
2015-03-20T11:16:04.489+0100: 16.682: Total time for which application threads were stopped: 0.0046243 seconds
2015-03-20T11:16:04.520+0100: 16.703: [GC pause (G1 Humongous Allocation) (young) (initial-mark) 450M->448M(1024M), 0.0005215 secs]
2015-03-20T11:16:04.520+0100: 2015-03-20T11:16:04.520+0100: 16.704: [GC concurrent-root-region-scan-start]
16.704: Total time for which application threads were stopped: 0.0095468 seconds
2015-03-20T11:16:04.520+0100: 16.704: [GC concurrent-root-region-scan-end, 0.0000249 secs]
2015-03-20T11:16:04.520+0100: 16.704: [GC concurrent-mark-start]
2015-03-20T11:16:04.520+0100: 16.704: [GC concurrent-mark-end, 0.0006671 secs]
2015-03-20T11:16:04.536+0100: 16.718: [GC remark, 0.0011700 secs]
2015-03-20T11:16:04.536+0100: 16.720: Total time for which application threads were stopped: 0.0153631 seconds
2015-03-20T11:16:04.536+0100: 16.726: [GC cleanup 834M->578M(1024M), 0.0008074 secs]
2015-03-20T11:16:04.536+0100: 16.727: Total time for which application threads were stopped: 0.0068202 seconds
2015-03-20T11:16:04.536+0100: 16.727: [GC concurrent-cleanup-start]
2015-03-20T11:16:04.536+0100: 16.727: [GC concurrent-cleanup-end, 0.0002043 secs]
2015-03-20T11:16:04.552+0100: 16.748: [GC pause (G1 Humongous Allocation) (young) 962M->960M(1024M), 0.0007194 secs]
2015-03-20T11:16:04.552+0100: 16.748: Total time for which application threads were stopped: 0.0053032 seconds
2015-03-20T11:16:04.552+0100: 16.748: [Full GC (Allocation Failure)  960M->128M(1024M), 0.0048604 secs]
2015-03-20T11:16:04.567+0100: 16.753: Total time for which application threads were stopped: 0.0049958 seconds
2015-03-20T11:16:04.583+0100: 16.770: [GC pause (G1 Humongous Allocation) (young) (initial-mark) 449M->448M(1024M), 0.0007624 secs]
2015-03-20T11:16:04.583+0100: 16.771: Total time for which application threads were stopped: 0.0056150 seconds
2015-03-20T11:16:04.583+0100: 16.771: [GC concurrent-root-region-scan-start]
2015-03-20T11:16:04.583+0100: 16.771: [GC concurrent-root-region-scan-end, 0.0000430 secs]
2015-03-20T11:16:04.583+0100: 16.771: [GC concurrent-mark-start]
2015-03-20T11:16:04.583+0100: 16.772: [GC concurrent-mark-end, 0.0004887 secs]
2015-03-20T11:16:04.598+0100: 16.786: [GC remark, 0.0017819 secs]
2015-03-20T11:16:04.598+0100: 16.788: Total time for which application threads were stopped: 0.0162716 seconds
2015-03-20T11:16:04.614+0100: 16.801: [GC cleanup 962M->706M(1024M), 0.0003504 secs]
2015-03-20T11:16:04.614+0100: 16.802: Total time for which application threads were stopped: 0.0133539 seconds
2015-03-20T11:16:04.614+0100: 16.802: [GC concurrent-cleanup-start]
2015-03-20T11:16:04.614+0100: 16.802: [GC concurrent-cleanup-end, 0.0002082 secs]
2015-03-20T11:16:04.630+0100: 16.819: [GC pause (G1 Humongous Allocation) (young) 962M->960M(1024M), 0.0005640 secs]
2015-03-20T11:16:04.630+0100: 16.820: Total time for which application threads were stopped: 0.0068246 seconds
2015-03-20T11:16:04.630+0100: 16.820: [Full GC (Allocation Failure)  960M->282K(1024M), 0.0045437 secs]
2015-03-20T11:16:04.630+0100: 16.824: Total time for which application threads were stopped: 0.0046786 seconds
2015-03-20T11:16:04.661+0100: 16.847: [GC pause (G1 Humongous Allocation) (young) (initial-mark) 450M->448M(1024M), 0.0006583 secs]
2015-03-20T11:16:04.661+0100: 2015-03-20T11:16:04.661+0100: 16.848: 16.848[GC concurrent-root-region-scan-start]
: Total time for which application threads were stopped: 0.0106581 seconds
2015-03-20T11:16:04.661+0100: 16.848: [GC concurrent-root-region-scan-end, 0.0000225 secs]
2015-03-20T11:16:04.661+0100: 16.848: [GC concurrent-mark-start]
2015-03-20T11:16:04.661+0100: 16.848: [GC concurrent-mark-end, 0.0007077 secs]
2015-03-20T11:16:04.677+0100: 16.860: [GC remark, 0.0011294 secs]
2015-03-20T11:16:04.677+0100: 16.861: Total time for which application threads were stopped: 0.0126008 seconds
2015-03-20T11:16:04.677+0100: 16.861: [GC cleanup 705M->449M(1024M), 0.0005557 secs]
2015-03-20T11:16:04.677+0100: 16.862: Total time for which application threads were stopped: 0.0006041 seconds
2015-03-20T11:16:04.677+0100: 16.862: [GC concurrent-cleanup-start]
2015-03-20T11:16:04.677+0100: 16.862: [GC concurrent-cleanup-end, 0.0002053 secs]
2015-03-20T11:16:04.692+0100: 16.889: [GC pause (G1 Humongous Allocation) (young) 962M->960M(1024M), 0.0004750 secs]
2015-03-20T11:16:04.708+0100: 16.890: Total time for which application threads were stopped: 0.0060710 seconds
2015-03-20T11:16:04.708+0100: 16.890: [Full GC (Allocation Failure)  960M->282K(1024M), 0.0045808 secs]
2015-03-20T11:16:04.712+0100: 16.895: Total time for which application threads were stopped: 0.0047221 seconds
2015-03-20T11:16:04.731+0100: 16.917: [GC pause (G1 Humongous Allocation) (young) (initial-mark) 450M->448M(1024M), 0.0007536 secs]
2015-03-20T11:16:04.731+01002015-03-20T11:16:04.731+0100: : 16.918: 16.918: [GC concurrent-root-region-scan-start]
Total time for which application threads were stopped: 0.0108067 seconds
2015-03-20T11:16:04.731+0100: 16.918: [GC concurrent-root-region-scan-end, 0.0000244 secs]
2015-03-20T11:16:04.731+0100: 16.918: [GC concurrent-mark-start]
2015-03-20T11:16:04.731+0100: 16.918: [GC concurrent-mark-end, 0.0004638 secs]
2015-03-20T11:16:04.746+0100: 16.931: [GC remark, 0.0019554 secs]
2015-03-20T11:16:04.746+0100: 16.933: Total time for which application threads were stopped: 0.0142659 seconds
2015-03-20T11:16:04.762+0100: 16.945: [GC cleanup 962M->706M(1024M), 0.0006334 secs]
2015-03-20T11:16:04.762+0100: 16.945: Total time for which application threads were stopped: 0.0126341 seconds
2015-03-20T11:16:04.762+0100: 16.945: [GC concurrent-cleanup-start]
2015-03-20T11:16:04.762+0100: 16.946: [GC concurrent-cleanup-end, 0.0001882 secs]
2015-03-20T11:16:04.778+0100: 16.960: [GC pause (G1 Humongous Allocation) (young) 962M->960M(1024M), 0.0006407 secs]
2015-03-20T11:16:04.778+0100: 16.961: Total time for which application threads were stopped: 0.0015243 seconds
2015-03-20T11:16:04.778+0100: 16.961: [GC pause (G1 Humongous Allocation) (young) (initial-mark) 961M->960M(1024M), 0.0003680 secs]
2015-03-20T11:16:04.778+0100: 2015-03-20T11:16:04.778+0100: 16.962: 16.962[GC concurrent-root-region-scan-start]
: Total time for which application threads were stopped: 0.0004408 seconds
2015-03-20T11:16:04.778+0100: 16.962: [GC concurrent-root-region-scan-end, 0.0000215 secs]
2015-03-20T11:16:04.778+0100: 16.962: [GC concurrent-mark-start]
2015-03-20T11:16:04.778+0100: 16.962: [GC pause (G1 Humongous Allocation) (young) 960M->960M(1024M), 0.0002532 secs]
2015-03-20T11:16:04.778+0100: 16.962: Total time for which application threads were stopped: 0.0003182 seconds
2015-03-20T11:16:04.778+0100: 16.962: [Full GC (Allocation Failure)  960M->282K(1024M), 0.0045735 secs]
2015-03-20T11:16:04.778+0100: 16.967: Total time for which application threads were stopped: 0.0046967 seconds
2015-03-20T11:16:04.778+0100: 16.967: [GC concurrent-mark-abort]
2015-03-20T11:16:04.778+0100: 16.972: Total time for which application threads were stopped: 0.0047656 seconds
2015-03-20T11:16:04.809+0100: 16.993: [GC pause (G1 Humongous Allocation) (young) (initial-mark) 449M->448M(1024M), 0.0006407 secs]
2015-03-20T11:16:04.809+0100: 2015-03-20T11:16:04.809+010016.993: : [GC concurrent-root-region-scan-start]
16.993: Total time for which application threads were stopped: 0.0014549 seconds
2015-03-20T11:16:04.809+0100: 16.993: [GC concurrent-root-region-scan-end, 0.0000577 secs]
2015-03-20T11:16:04.809+0100: 16.993: [GC concurrent-mark-start]
2015-03-20T11:16:04.809+0100: 16.994: [GC concurrent-mark-end, 0.0007438 secs]
2015-03-20T11:16:04.824+0100: 17.009: [GC remark, 0.0013406 secs]
2015-03-20T11:16:04.824+0100: 17.010: Total time for which application threads were stopped: 0.0157541 seconds
2015-03-20T11:16:04.824+0100: 17.019: [GC cleanup 898M->642M(1024M), 0.0006495 secs]
2015-03-20T11:16:04.824+0100: 17.020: Total time for which application threads were stopped: 0.0095668 seconds
2015-03-20T11:16:04.824+0100: 17.020: [GC concurrent-cleanup-start]
2015-03-20T11:16:04.824+0100: 17.020: [GC concurrent-cleanup-end, 0.0002219 secs]
2015-03-20T11:16:04.856+0100: 17.039: [GC pause (G1 Humongous Allocation) (young) 962M->960M(1024M), 0.0005532 secs]
2015-03-20T11:16:04.856+0100: 17.039: Total time for which application threads were stopped: 0.0055842 seconds
2015-03-20T11:16:04.856+0100: 17.040: [Full GC (Allocation Failure)  960M->282K(1024M), 0.0044767 secs]
2015-03-20T11:16:04.856+0100: 17.044: Total time for which application threads were stopped: 0.0046014 seconds
2015-03-20T11:16:04.856+0100: 17.053: [GC pause (G1 Humongous Allocation) (young) (initial-mark) 193M->192M(1024M), 0.0006153 secs]
2015-03-20T11:16:04.871+0100: 2015-03-20T11:16:04.871+0100: 17.054: 17.054: [GC concurrent-root-region-scan-start]
Total time for which application threads were stopped: 0.0095028 seconds
2015-03-20T11:16:04.871+0100: 17.054: [GC concurrent-root-region-scan-end, 0.0000259 secs]
2015-03-20T11:16:04.871+0100: 17.054: [GC concurrent-mark-start]
2015-03-20T11:16:04.871+0100: 17.055: [GC concurrent-mark-end, 0.0007551 secs]
2015-03-20T11:16:04.887+0100: 17.069: [GC remark, 0.0020600 secs]
2015-03-20T11:16:04.887+0100: 17.072: Total time for which application threads were stopped: 0.0169451 seconds
2015-03-20T11:16:04.887+0100: 17.072: [GC cleanup 450M->450M(1024M), 0.0006226 secs]
2015-03-20T11:16:04.887+0100: 17.072: Total time for which application threads were stopped: 0.0007072 seconds
2015-03-20T11:16:04.903+0100: 17.100: [GC pause (G1 Humongous Allocation) (young) 962M->960M(1024M), 0.0006730 secs]
2015-03-20T11:16:04.918+0100: 17.100: Total time for which application threads were stopped: 0.0060480 seconds
2015-03-20T11:16:04.918+0100: 17.100: [GC pause (G1 Humongous Allocation) (young) (initial-mark) 961M->960M(1024M), 0.0004672 secs]
2015-03-20T11:16:04.918+0100: 2015-03-20T11:16:04.918+010017.101: : 17.101Total time for which application threads were stopped: 0.0005420 seconds
: [GC concurrent-root-region-scan-start]
2015-03-20T11:16:04.918+0100: 17.101: [GC concurrent-root-region-scan-end, 0.0000269 secs]
2015-03-20T11:16:04.918+0100: 17.101: [GC concurrent-mark-start]
2015-03-20T11:16:04.918+0100: 17.101: [GC pause (G1 Humongous Allocation) (young) 960M->960M(1024M), 0.0002571 secs]
2015-03-20T11:16:04.918+0100: 17.101: Total time for which application threads were stopped: 0.0003157 seconds
2015-03-20T11:16:04.918+0100: 17.101: [Full GC (Allocation Failure)  960M->282K(1024M), 0.0043770 secs]
2015-03-20T11:16:04.918+0100: 17.106: Total time for which application threads were stopped: 0.0044963 seconds
2015-03-20T11:16:04.918+0100: 17.106: [GC concurrent-mark-abort]
2015-03-20T11:16:04.934+0100: 17.131: [GC pause (G1 Humongous Allocation) (young) (initial-mark) 449M->448M(1024M), 0.0006221 secs]
2015-03-20T11:16:04.949+0100: 17.132: Total time for which application threads were stopped: 0.0053760 seconds
2015-03-20T11:16:04.949+0100: 17.132: [GC concurrent-root-region-scan-start]
2015-03-20T11:16:04.949+0100: 17.132: [GC concurrent-root-region-scan-end, 0.0000855 secs]
2015-03-20T11:16:04.949+0100: 17.132: [GC concurrent-mark-start]
2015-03-20T11:16:04.949+0100: 17.132: [GC concurrent-mark-end, 0.0007238 secs]
2015-03-20T11:16:04.949+0100: 17.146: [GC remark, 0.0025893 secs]
2015-03-20T11:16:04.965+0100: 17.149: Total time for which application threads were stopped: 0.0165746 seconds
2015-03-20T11:16:04.965+0100: 17.154: [GC cleanup 770M->514M(1024M), 0.0008240 secs]
2015-03-20T11:16:04.965+0100: 17.155: Total time for which application threads were stopped: 0.0056120 seconds
2015-03-20T11:16:04.965+0100: 17.155: [GC concurrent-cleanup-start]
2015-03-20T11:16:04.965+0100: 17.155: [GC concurrent-cleanup-end, 0.0001994 secs]
2015-03-20T11:16:04.996+0100: 17.180: [GC pause (G1 Humongous Allocation) (young) 962M->960M(1024M), 0.0006309 secs]
2015-03-20T11:16:04.996+0100: 17.180: Total time for which application threads were stopped: 0.0051883 seconds
2015-03-20T11:16:04.996+0100: 17.180: [Full GC (Allocation Failure)  960M->282K(1024M), 0.0045232 secs]
2015-03-20T11:16:04.996+0100: 17.185: Total time for which application threads were stopped: 0.0046502 seconds
2015-03-20T11:16:05.012+0100: 17.209: [GC pause (G1 Humongous Allocation) (young) (initial-mark) 514M->512M(1024M), 0.0005097 secs]
2015-03-20T11:16:05.028+0100: 17.210: Total time for which application threads were stopped: 0.0008479 seconds
2015-03-20T11:16:05.028+0100: 17.210: [GC concurrent-root-region-scan-start]
2015-03-20T11:16:05.028+0100: 17.210: [GC concurrent-root-region-scan-end, 0.0000396 secs]
2015-03-20T11:16:05.028+0100: 17.210: [GC concurrent-mark-start]
2015-03-20T11:16:05.028+0100: 17.210: [GC concurrent-mark-end, 0.0004677 secs]
2015-03-20T11:16:05.028+0100: 17.225: [GC remark, 0.0019016 secs]
2015-03-20T11:16:05.043+0100: 17.227: Total time for which application threads were stopped: 0.0165199 seconds
2015-03-20T11:16:05.043+0100: 17.227: [GC cleanup 769M->449M(1024M), 0.0004882 secs]
2015-03-20T11:16:05.043+0100: 17.227: Total time for which application threads were stopped: 0.0005347 seconds
2015-03-20T11:16:05.043+0100: 17.227: [GC concurrent-cleanup-start]
2015-03-20T11:16:05.043+0100: 17.228: [GC concurrent-cleanup-end, 0.0002664 secs]
2015-03-20T11:16:05.059+0100: 17.255: [GC pause (G1 Humongous Allocation) (young) 962M->960M(1024M), 0.0004912 secs]
2015-03-20T11:16:05.059+0100: 17.255: Total time for which application threads were stopped: 0.0054669 seconds
2015-03-20T11:16:05.059+0100: 17.256: [Full GC (Allocation Failure)  960M->282K(1024M), 0.0045530 secs]
2015-03-20T11:16:05.074+0100: 17.260: Total time for which application threads were stopped: 0.0046874 seconds
2015-03-20T11:16:05.090+0100: 17.282: [GC pause (G1 Humongous Allocation) (young) (initial-mark) 449M->448M(1024M), 0.0004252 secs]
2015-03-20T11:16:05.090+01002015-03-20T11:16:05.090+0100: : 17.282: 17.282: [GC concurrent-root-region-scan-start]
Total time for which application threads were stopped: 0.0093161 seconds
2015-03-20T11:16:05.090+0100: 17.282: [GC concurrent-root-region-scan-end, 0.0000244 secs]
2015-03-20T11:16:05.090+0100: 17.282: [GC concurrent-mark-start]
2015-03-20T11:16:05.090+0100: 17.283: [GC concurrent-mark-end, 0.0006515 secs]
2015-03-20T11:16:05.106+0100: 17.295: [GC remark, 0.0011304 secs]
2015-03-20T11:16:05.106+0100: 17.296: Total time for which application threads were stopped: 0.0137889 seconds
2015-03-20T11:16:05.106+0100: 17.301: [GC cleanup 770M->514M(1024M), 0.0004335 secs]
2015-03-20T11:16:05.106+0100: 17.302: Total time for which application threads were stopped: 0.0051922 seconds
2015-03-20T11:16:05.106+0100: 17.302: [GC concurrent-cleanup-start]
2015-03-20T11:16:05.106+0100: 17.302: [GC concurrent-cleanup-end, 0.0002082 secs]
2015-03-20T11:16:05.137+0100: 17.326: [GC pause (G1 Humongous Allocation) (young) 962M->960M(1024M), 0.0005953 secs]
2015-03-20T11:16:05.137+0100: 17.326: Total time for which application threads were stopped: 0.0087027 seconds
2015-03-20T11:16:05.137+0100: 17.326: [Full GC (Allocation Failure)  960M->192M(1024M), 0.0043125 secs]
2015-03-20T11:16:05.137+0100: 17.331: Total time for which application threads were stopped: 0.0044264 seconds
2015-03-20T11:16:05.153+0100: 17.343: [GC pause (G1 Humongous Allocation) (young) (initial-mark) 449M->448M(1024M), 0.0007893 secs]
2015-03-20T11:16:05.153+0100: 2015-03-20T11:16:05.153+0100: 17.344: [GC concurrent-root-region-scan-start]
17.344: Total time for which application threads were stopped: 0.0010811 seconds
2015-03-20T11:16:05.153+0100: 17.344: [GC concurrent-root-region-scan-end, 0.0000239 secs]
2015-03-20T11:16:05.153+0100: 17.344: [GC concurrent-mark-start]
2015-03-20T11:16:05.153+0100: 17.344: [GC concurrent-mark-end, 0.0006080 secs]
2015-03-20T11:16:05.168+0100: 17.359: [GC remark, 0.0013772 secs]
2015-03-20T11:16:05.168+0100: 17.360: Total time for which application threads were stopped: 0.0155381 seconds
2015-03-20T11:16:05.184+0100: 17.366: [GC cleanup 834M->578M(1024M), 0.0005879 secs]
2015-03-20T11:16:05.184+0100: 17.367: Total time for which application threads were stopped: 0.0065382 seconds
2015-03-20T11:16:05.184+0100: 17.367: [GC concurrent-cleanup-start]
2015-03-20T11:16:05.184+0100: 17.367: [GC concurrent-cleanup-end, 0.0001911 secs]
2015-03-20T11:16:05.199+0100: 17.388: [GC pause (G1 Humongous Allocation) (young) 962M->960M(1024M), 0.0005088 secs]
2015-03-20T11:16:05.199+0100: 17.388: Total time for which application threads were stopped: 0.0070626 seconds
2015-03-20T11:16:05.199+0100: 17.388: [Full GC (Allocation Failure)  961M->282K(1024M), 0.0044762 secs]
2015-03-20T11:16:05.199+0100: 17.393: Total time for which application threads were stopped: 0.0046033 seconds
2015-03-20T11:16:05.231+0100: 17.414: [GC pause (G1 Humongous Allocation) (young) (initial-mark) 449M->448M(1024M), 0.0005278 secs]
2015-03-20T11:16:05.231+01002015-03-20T11:16:05.231+0100: : 17.415: 17.415: [GC concurrent-root-region-scan-start]
Total time for which application threads were stopped: 0.0099104 seconds
2015-03-20T11:16:05.231+0100: 17.415: [GC concurrent-root-region-scan-end, 0.0000254 secs]
2015-03-20T11:16:05.231+0100: 17.415: [GC concurrent-mark-start]
2015-03-20T11:16:05.231+0100: 17.416: [GC concurrent-mark-end, 0.0007580 secs]
2015-03-20T11:16:05.231+0100: 17.427: [GC remark, 0.0011988 secs]
2015-03-20T11:16:05.246+0100: 17.428: Total time for which application threads were stopped: 0.0125607 seconds
2015-03-20T11:16:05.246+0100: 17.428: [GC cleanup 706M->450M(1024M), 0.0004335 secs]
2015-03-20T11:16:05.246+0100: 17.429: Total time for which application threads were stopped: 0.0005005 seconds
2015-03-20T11:16:05.246+0100: 17.429: [GC concurrent-cleanup-start]
2015-03-20T11:16:05.246+0100: 17.429: [GC concurrent-cleanup-end, 0.0002067 secs]
2015-03-20T11:16:05.262+0100: 17.456: [GC pause (G1 Humongous Allocation) (young) 962M->960M(1024M), 0.0004271 secs]
2015-03-20T11:16:05.262+0100: 17.456: Total time for which application threads were stopped: 0.0053022 seconds
2015-03-20T11:16:05.262+0100: 17.456: [Full GC (Allocation Failure)  960M->282K(1024M), 0.0045647 secs]
2015-03-20T11:16:05.278+0100: 17.461: Total time for which application threads were stopped: 0.0046908 seconds
2015-03-20T11:16:05.293+0100: 17.482: [GC pause (G1 Humongous Allocation) (young) (initial-mark) 449M->448M(1024M), 0.0004794 secs]
2015-03-20T11:16:05.293+0100: 2015-03-20T11:16:05.293+0100: 17.483: 17.483: [GC concurrent-root-region-scan-start]
Total time for which application threads were stopped: 0.0094280 seconds
2015-03-20T11:16:05.293+0100: 17.483: [GC concurrent-root-region-scan-end, 0.0000274 secs]
2015-03-20T11:16:05.293+0100: 17.483: [GC concurrent-mark-start]
2015-03-20T11:16:05.293+0100: 17.483: [GC concurrent-mark-end, 0.0006559 secs]
2015-03-20T11:16:05.309+0100: 17.495: [GC remark, 0.0012037 secs]
2015-03-20T11:16:05.309+0100: 17.496: Total time for which application threads were stopped: 0.0129669 seconds
2015-03-20T11:16:05.309+0100: 17.501: [GC cleanup 770M->514M(1024M), 0.0004364 secs]
2015-03-20T11:16:05.309+0100: 17.502: Total time for which application threads were stopped: 0.0051746 seconds
2015-03-20T11:16:05.309+0100: 17.502: [GC concurrent-cleanup-start]
2015-03-20T11:16:05.309+0100: 17.502: [GC concurrent-cleanup-end, 0.0002043 secs]
2015-03-20T11:16:05.340+0100: 17.526: [GC pause (G1 Humongous Allocation) (young) 962M->960M(1024M), 0.0004980 secs]
2015-03-20T11:16:05.340+0100: 17.527: Total time for which application threads were stopped: 0.0098410 seconds
2015-03-20T11:16:05.340+0100: 17.527: [Full GC (Allocation Failure)  960M->282K(1024M), 0.0044445 secs]
2015-03-20T11:16:05.340+0100: 17.532: Total time for which application threads were stopped: 0.0045691 seconds
2015-03-20T11:16:05.371+0100: 17.554: [GC pause (G1 Humongous Allocation) (young) (initial-mark) 450M->448M(1024M), 0.0007473 secs]
2015-03-20T11:16:05.371+0100: 2015-03-20T11:16:05.371+0100: 17.555: [GC concurrent-root-region-scan-start]
17.555: Total time for which application threads were stopped: 0.0071955 seconds
2015-03-20T11:16:05.371+0100: 17.555: [GC concurrent-root-region-scan-end, 0.0000406 secs]
2015-03-20T11:16:05.371+0100: 17.555: [GC concurrent-mark-start]
2015-03-20T11:16:05.371+0100: 17.556: [GC concurrent-mark-end, 0.0007057 secs]
2015-03-20T11:16:05.371+0100: 17.567: [GC remark, 0.0018513 secs]
2015-03-20T11:16:05.387+0100: 17.569: Total time for which application threads were stopped: 0.0132924 seconds
2015-03-20T11:16:05.387+0100: 17.581: [GC cleanup 962M->706M(1024M), 0.0007038 secs]
2015-03-20T11:16:05.387+0100: 17.582: Total time for which application threads were stopped: 0.0126868 seconds
2015-03-20T11:16:05.387+0100: 17.582: [GC concurrent-cleanup-start]
2015-03-20T11:16:05.387+0100: 17.582: [GC concurrent-cleanup-end, 0.0002170 secs]
2015-03-20T11:16:05.403+0100: 17.600: [GC pause (G1 Humongous Allocation) (young) 962M->960M(1024M), 0.0006363 secs]
2015-03-20T11:16:05.418+0100: 17.600: Total time for which application threads were stopped: 0.0069702 seconds
2015-03-20T11:16:05.418+0100: 17.600: [Full GC (Allocation Failure)  960M->192M(1024M), 0.0043101 secs]
2015-03-20T11:16:05.418+0100: 17.605: Total time for which application threads were stopped: 0.0044293 seconds
2015-03-20T11:16:05.434+0100: 17.617: [GC pause (G1 Humongous Allocation) (young) (initial-mark) 449M->448M(1024M), 0.0007062 secs]
2015-03-20T11:16:05.434+01002015-03-20T11:16:05.434+0100: : 17.618: 17.618: [GC concurrent-root-region-scan-start]
Total time for which application threads were stopped: 0.0012746 seconds
2015-03-20T11:16:05.434+0100: 17.618: [GC concurrent-root-region-scan-end, 0.0000479 secs]
2015-03-20T11:16:05.434+0100: 17.618: [GC concurrent-mark-start]
2015-03-20T11:16:05.434+0100: 17.619: [GC concurrent-mark-end, 0.0006774 secs]
2015-03-20T11:16:05.434+0100: 17.630: [GC remark, 0.0013621 secs]
2015-03-20T11:16:05.449+0100: 17.631: Total time for which application threads were stopped: 0.0127797 seconds
2015-03-20T11:16:05.449+0100: 17.637: [GC cleanup 834M->578M(1024M), 0.0006177 secs]
2015-03-20T11:16:05.449+0100: 17.638: Total time for which application threads were stopped: 0.0065553 seconds
2015-03-20T11:16:05.449+0100: 17.638: [GC concurrent-cleanup-start]
2015-03-20T11:16:05.449+0100: 17.638: [GC concurrent-cleanup-end, 0.0002048 secs]
2015-03-20T11:16:05.465+0100: 17.659: [GC pause (G1 Humongous Allocation) (young) 962M->960M(1024M), 0.0005870 secs]
2015-03-20T11:16:05.465+0100: 17.660: Total time for which application threads were stopped: 0.0016480 seconds
2015-03-20T11:16:05.465+0100: 17.660: [Full GC (Allocation Failure)  960M->282K(1024M), 0.0045276 secs]
2015-03-20T11:16:05.481+0100: 17.665: Total time for which application threads were stopped: 0.0046541 seconds
2015-03-20T11:16:05.481+0100: 17.674: [GC pause (G1 Humongous Allocation) (young) (initial-mark) 192M->192M(1024M), 0.0008372 secs]
2015-03-20T11:16:05.481+0100: 2015-03-20T11:16:05.481+0100: 17.675: 17.675: [GC concurrent-root-region-scan-start]
Total time for which application threads were stopped: 0.0097222 seconds
2015-03-20T11:16:05.481+0100: 17.675: [GC concurrent-root-region-scan-end, 0.0000298 secs]
2015-03-20T11:16:05.481+0100: 17.675: [GC concurrent-mark-start]
2015-03-20T11:16:05.481+0100: 17.675: [GC concurrent-mark-end, 0.0004550 secs]
2015-03-20T11:16:05.496+0100: 17.688: [GC remark, 0.0014339 secs]
2015-03-20T11:16:05.496+0100: 17.690: Total time for which application threads were stopped: 0.0145987 seconds
2015-03-20T11:16:05.512+0100: 17.702: [GC cleanup 706M->706M(1024M), 0.0006603 secs]
2015-03-20T11:16:05.512+0100: 17.703: Total time for which application threads were stopped: 0.0126438 seconds
2015-03-20T11:16:05.528+0100: 17.718: [GC pause (G1 Humongous Allocation) (young) 962M->960M(1024M), 0.0006534 secs]
2015-03-20T11:16:05.528+0100: 17.718: Total time for which application threads were stopped: 0.0015141 seconds
2015-03-20T11:16:05.528+0100: 17.718: [Full GC (Allocation Failure)  960M->192M(1024M), 0.0043638 secs]
2015-03-20T11:16:05.528+0100: 17.723: Total time for which application threads were stopped: 0.0044811 seconds
2015-03-20T11:16:05.543+0100: 17.735: [GC pause (G1 Humongous Allocation) (young) (initial-mark) 449M->448M(1024M), 0.0007912 secs]
2015-03-20T11:16:05.543+0100: 17.736: Total time for which application threads were stopped: 0.0010889 seconds
2015-03-20T11:16:05.543+0100: 17.736: [GC concurrent-root-region-scan-start]
2015-03-20T11:16:05.543+0100: 17.736: [GC concurrent-root-region-scan-end, 0.0000469 secs]
2015-03-20T11:16:05.543+0100: 17.736: [GC concurrent-mark-start]
2015-03-20T11:16:05.543+0100: 17.736: [GC concurrent-mark-end, 0.0006221 secs]
2015-03-20T11:16:05.559+0100: 17.750: [GC remark, 0.0018171 secs]
2015-03-20T11:16:05.559+0100: 17.752: Total time for which application threads were stopped: 0.0150762 seconds
2015-03-20T11:16:05.574+0100: 17.756: [GC cleanup 770M->514M(1024M), 0.0004956 secs]
2015-03-20T11:16:05.574+0100: 17.757: Total time for which application threads were stopped: 0.0053403 seconds
2015-03-20T11:16:05.574+0100: 17.757: [GC concurrent-cleanup-start]
2015-03-20T11:16:05.574+0100: 17.757: [GC concurrent-cleanup-end, 0.0002126 secs]
2015-03-20T11:16:05.590+0100: 17.783: [GC pause (G1 Humongous Allocation) (young) 962M->960M(1024M), 0.0003343 secs]
2015-03-20T11:16:05.590+0100: 17.783: Total time for which application threads were stopped: 0.0061736 seconds
2015-03-20T11:16:05.590+0100: 17.783: [Full GC (Allocation Failure)  960M->282K(1024M), 0.0044596 secs]
2015-03-20T11:16:05.590+0100: 17.788: Total time for which application threads were stopped: 0.0045847 seconds
2015-03-20T11:16:05.621+0100: 17.811: [GC pause (G1 Humongous Allocation) (young) (initial-mark) 450M->448M(1024M), 0.0004672 secs]
2015-03-20T11:16:05.621+0100: 17.811: Total time for which application threads were stopped: 0.0112299 seconds
2015-03-20T11:16:05.621+0100: 17.811: [GC concurrent-root-region-scan-start]
2015-03-20T11:16:05.621+0100: 17.811: [GC concurrent-root-region-scan-end, 0.0000386 secs]
2015-03-20T11:16:05.621+0100: 17.811: [GC concurrent-mark-start]
2015-03-20T11:16:05.621+0100: 17.812: [GC concurrent-mark-end, 0.0006578 secs]
2015-03-20T11:16:05.637+0100: 17.827: [GC remark, 0.0017658 secs]
2015-03-20T11:16:05.637+0100: 17.828: Total time for which application threads were stopped: 0.0162961 seconds
2015-03-20T11:16:05.637+0100: 17.828: [GC cleanup 705M->449M(1024M), 0.0003978 secs]
2015-03-20T11:16:05.637+0100: 17.829: Total time for which application threads were stopped: 0.0004369 seconds
2015-03-20T11:16:05.637+0100: 17.829: [GC concurrent-cleanup-start]
2015-03-20T11:16:05.637+0100: 17.829: [GC concurrent-cleanup-end, 0.0001808 secs]
2015-03-20T11:16:05.668+0100: 17.856: [GC pause (G1 Humongous Allocation) (young) 962M->960M(1024M), 0.0004995 secs]
2015-03-20T11:16:05.668+0100: 17.857: Total time for which application threads were stopped: 0.0057078 seconds
2015-03-20T11:16:05.668+0100: 17.857: [Full GC (Allocation Failure)  960M->128M(1024M), 0.0043154 secs]
2015-03-20T11:16:05.668+0100: 17.861: Total time for which application threads were stopped: 0.0044425 seconds
2015-03-20T11:16:05.684+0100: 17.878: [GC pause (G1 Humongous Allocation) (young) (initial-mark) 450M->448M(1024M), 0.0006539 secs]
2015-03-20T11:16:05.684+0100: 17.878: Total time for which application threads were stopped: 0.0051751 seconds
2015-03-20T11:16:05.684+0100: 17.878: [GC concurrent-root-region-scan-start]
2015-03-20T11:16:05.684+0100: 17.878: [GC concurrent-root-region-scan-end, 0.0000396 secs]
2015-03-20T11:16:05.684+0100: 17.878: [GC concurrent-mark-start]
2015-03-20T11:16:05.684+0100: 17.879: [GC concurrent-mark-end, 0.0004301 secs]
2015-03-20T11:16:05.699+0100: 17.893: [GC remark, 0.0017912 secs]
2015-03-20T11:16:05.699+0100: 17.895: Total time for which application threads were stopped: 0.0159549 seconds
2015-03-20T11:16:05.715+0100: 17.900: [GC cleanup 770M->514M(1024M), 0.0005117 secs]
2015-03-20T11:16:05.715+0100: 17.900: Total time for which application threads were stopped: 0.0052729 seconds
2015-03-20T11:16:05.715+0100: 17.900: [GC concurrent-cleanup-start]
2015-03-20T11:16:05.715+0100: 17.900: [GC concurrent-cleanup-end, 0.0002121 secs]
2015-03-20T11:16:05.731+0100: 17.926: [GC pause (G1 Humongous Allocation) (young) 962M->960M(1024M), 0.0004882 secs]
2015-03-20T11:16:05.731+0100: 17.926: Total time for which application threads were stopped: 0.0054161 seconds
2015-03-20T11:16:05.731+0100: 17.926: [Full GC (Allocation Failure)  960M->282K(1024M), 0.0045202 secs]
2015-03-20T11:16:05.746+0100: 17.931: Total time for which application threads were stopped: 0.0046434 seconds
2015-03-20T11:16:05.762+0100: 17.952: [GC pause (G1 Humongous Allocation) (young) (initial-mark) 450M->448M(1024M), 0.0005161 secs]
2015-03-20T11:16:05.762+0100: 17.953: Total time for which application threads were stopped: 0.0094901 seconds
2015-03-20T11:16:05.762+0100: 17.953: [GC concurrent-root-region-scan-start]
2015-03-20T11:16:05.762+0100: 17.953: [GC concurrent-root-region-scan-end, 0.0000318 secs]
2015-03-20T11:16:05.762+0100: 17.953: [GC concurrent-mark-start]
2015-03-20T11:16:05.762+0100: 17.953: [GC concurrent-mark-end, 0.0006349 secs]
2015-03-20T11:16:05.778+0100: 17.965: [GC remark, 0.0018024 secs]
2015-03-20T11:16:05.778+0100: 17.967: Total time for which application threads were stopped: 0.0134600 seconds
2015-03-20T11:16:05.793+0100: 17.979: [GC cleanup 962M->706M(1024M), 0.0004623 secs]
2015-03-20T11:16:05.793+0100: 17.979: Total time for which application threads were stopped: 0.0124464 seconds
2015-03-20T11:16:05.793+0100: 17.979: [GC concurrent-cleanup-start]
2015-03-20T11:16:05.793+0100: 17.980: [GC concurrent-cleanup-end, 0.0002004 secs]
2015-03-20T11:16:05.809+0100: 17.994: [GC pause (G1 Humongous Allocation) (young) 962M->960M(1024M), 0.0004961 secs]
2015-03-20T11:16:05.809+0100: 17.995: Total time for which application threads were stopped: 0.0040281 seconds
2015-03-20T11:16:05.809+0100: 17.995: [Full GC (Allocation Failure)  960M->282K(1024M), 0.0044562 secs]
2015-03-20T11:16:05.809+0100: 17.999: Total time for which application threads were stopped: 0.0045838 seconds
2015-03-20T11:16:05.840+0100: 18.023: [GC pause (G1 Humongous Allocation) (young) (initial-mark) 450M->448M(1024M), 0.0005835 secs]
2015-03-20T11:16:05.840+0100: 18.024: Total time for which application threads were stopped: 0.0116527 seconds
2015-03-20T11:16:05.840+0100: 18.024: [GC concurrent-root-region-scan-start]
2015-03-20T11:16:05.840+0100: 18.024: [GC concurrent-root-region-scan-end, 0.0000313 secs]
2015-03-20T11:16:05.840+0100: 18.024: [GC concurrent-mark-start]
2015-03-20T11:16:05.840+0100: 18.024: [GC concurrent-mark-end, 0.0006700 secs]
2015-03-20T11:16:05.856+0100: 18.039: [GC remark, 0.0011558 secs]
2015-03-20T11:16:05.856+0100: 18.040: Total time for which application threads were stopped: 0.0155136 seconds
2015-03-20T11:16:05.856+0100: 18.046: [GC cleanup 834M->578M(1024M), 0.0005474 secs]
2015-03-20T11:16:05.856+0100: 18.046: Total time for which application threads were stopped: 0.0064497 seconds
2015-03-20T11:16:05.856+0100: 18.047: [GC concurrent-cleanup-start]
2015-03-20T11:16:05.856+0100: 18.047: [GC concurrent-cleanup-end, 0.0002014 secs]
2015-03-20T11:16:05.871+0100: 18.067: [GC pause (G1 Humongous Allocation) (young) 962M->960M(1024M), 0.0004193 secs]
2015-03-20T11:16:05.871+0100: 18.068: Total time for which application threads were stopped: 0.0048623 seconds
2015-03-20T11:16:05.871+0100: 18.068: [Full GC (Allocation Failure)  960M->128M(1024M), 0.0043497 secs]
2015-03-20T11:16:05.887+0100: 18.072: Total time for which application threads were stopped: 0.0044733 seconds
2015-03-20T11:16:05.903+0100: 18.089: [GC pause (G1 Humongous Allocation) (young) (initial-mark) 449M->448M(1024M), 0.0008782 secs]
2015-03-20T11:16:05.903+0100: 18.090: Total time for which application threads were stopped: 0.0058183 seconds
2015-03-20T11:16:05.903+0100: 18.090: [GC concurrent-root-region-scan-start]
2015-03-20T11:16:05.903+0100: 18.090: [GC concurrent-root-region-scan-end, 0.0000919 secs]
2015-03-20T11:16:05.903+0100: 18.090: [GC concurrent-mark-start]
2015-03-20T11:16:05.903+0100: 18.091: [GC concurrent-mark-end, 0.0004482 secs]
2015-03-20T11:16:05.918+0100: 18.105: [GC remark, 0.0027178 secs]
2015-03-20T11:16:05.918+0100: 18.108: Total time for which application threads were stopped: 0.0169603 seconds
2015-03-20T11:16:05.934+0100: 18.121: [GC cleanup 962M->706M(1024M), 0.0010987 secs]
2015-03-20T11:16:05.934+0100: 18.122: Total time for which application threads were stopped: 0.0139321 seconds
2015-03-20T11:16:05.934+0100: 18.122: [GC concurrent-cleanup-start]
2015-03-20T11:16:05.934+0100: 18.122: [GC concurrent-cleanup-end, 0.0002141 secs]
2015-03-20T11:16:05.950+0100: 18.139: [GC pause (G1 Humongous Allocation) (young) 962M->960M(1024M), 0.0006974 secs]
2015-03-20T11:16:05.950+0100: 18.140: Total time for which application threads were stopped: 0.0065289 seconds
2015-03-20T11:16:05.950+0100: 18.140: [Full GC (Allocation Failure)  960M->128M(1024M), 0.0043585 secs]
2015-03-20T11:16:05.950+0100: 18.144: Total time for which application threads were stopped: 0.0044889 seconds
2015-03-20T11:16:05.965+0100: 18.161: [GC pause (G1 Humongous Allocation) (young) (initial-mark) 449M->448M(1024M), 0.0007218 secs]
2015-03-20T11:16:05.965+0100: 18.162: Total time for which application threads were stopped: 0.0053349 seconds
2015-03-20T11:16:05.965+0100: 18.162: [GC concurrent-root-region-scan-start]
2015-03-20T11:16:05.965+0100: 18.162: [GC concurrent-root-region-scan-end, 0.0000401 secs]
2015-03-20T11:16:05.965+0100: 18.162: [GC concurrent-mark-start]
2015-03-20T11:16:05.965+0100: 18.162: [GC concurrent-mark-end, 0.0007243 secs]
2015-03-20T11:16:05.981+0100: 18.174: [GC remark, 0.0013552 secs]
2015-03-20T11:16:05.981+0100: 18.175: Total time for which application threads were stopped: 0.0128022 seconds
2015-03-20T11:16:05.996+0100: 18.184: [GC cleanup 898M->642M(1024M), 0.0006481 secs]
2015-03-20T11:16:05.996+0100: 18.185: Total time for which application threads were stopped: 0.0096186 seconds
2015-03-20T11:16:05.996+0100: 18.185: [GC concurrent-cleanup-start]
2015-03-20T11:16:05.996+0100: 18.185: [GC concurrent-cleanup-end, 0.0002077 secs]
2015-03-20T11:16:06.012+0100: 18.203: [GC pause (G1 Humongous Allocation) (young) 962M->960M(1024M), 0.0009643 secs]
2015-03-20T11:16:06.012+0100: 18.204: Total time for which application threads were stopped: 0.0079560 seconds
2015-03-20T11:16:06.012+0100: 18.205: [Full GC (Allocation Failure)  960M->282K(1024M), 0.0046800 secs]
2015-03-20T11:16:06.012+0100: 18.209: Total time for which application threads were stopped: 0.0048281 seconds
2015-03-20T11:16:06.043+0100: 18.231: [GC pause (G1 Humongous Allocation) (young) (initial-mark) 450M->448M(1024M), 0.0009760 secs]
2015-03-20T11:16:06.043+0100: 18.232: 2015-03-20T11:16:06.043+0100: Total time for which application threads were stopped: 0.0099695 seconds
18.232: [GC concurrent-root-region-scan-start]
2015-03-20T11:16:06.043+0100: 18.232: [GC concurrent-root-region-scan-end, 0.0000797 secs]
2015-03-20T11:16:06.043+0100: 18.232: [GC concurrent-mark-start]
2015-03-20T11:16:06.043+0100: 18.233: [GC concurrent-mark-end, 0.0007546 secs]
2015-03-20T11:16:06.059+0100: 18.245: [GC remark, 0.0020893 secs]
2015-03-20T11:16:06.059+0100: 18.247: Total time for which application threads were stopped: 0.0141071 seconds
2015-03-20T11:16:06.075+0100: 18.259: [GC cleanup 962M->706M(1024M), 0.0010200 secs]
2015-03-20T11:16:06.075+0100: 18.260: Total time for which application threads were stopped: 0.0130016 seconds
2015-03-20T11:16:06.075+0100: 18.260: [GC concurrent-cleanup-start]
2015-03-20T11:16:06.075+0100: 18.260: [GC concurrent-cleanup-end, 0.0002009 secs]
2015-03-20T11:16:06.090+0100: 18.275: [GC pause (G1 Humongous Allocation) (young) 962M->960M(1024M), 0.0008822 secs]
2015-03-20T11:16:06.090+0100: 18.276: Total time for which application threads were stopped: 0.0046375 seconds
2015-03-20T11:16:06.090+0100: 18.276: [Full GC (Allocation Failure)  960M->128M(1024M), 0.0047152 secs]
2015-03-20T11:16:06.090+0100: 18.281: Total time for which application threads were stopped: 0.0048301 seconds
2015-03-20T11:16:06.106+0100: 18.297: [GC pause (G1 Humongous Allocation) (young) (initial-mark) 449M->448M(1024M), 0.0010718 secs]
2015-03-20T11:16:06.106+0100: 18.299: Total time for which application threads were stopped: 0.0054996 seconds
2015-03-20T11:16:06.106+0100: 18.299: [GC concurrent-root-region-scan-start]
2015-03-20T11:16:06.106+0100: 18.299: [GC concurrent-root-region-scan-end, 0.0000391 secs]
2015-03-20T11:16:06.106+0100: 18.299: [GC concurrent-mark-start]
2015-03-20T11:16:06.106+0100: 18.299: [GC concurrent-mark-end, 0.0006730 secs]
2015-03-20T11:16:06.121+0100: 18.311: [GC remark, 0.0015654 secs]
2015-03-20T11:16:06.121+0100: 18.313: Total time for which application threads were stopped: 0.0132650 seconds
2015-03-20T11:16:06.137+0100: 18.322: [GC cleanup 898M->642M(1024M), 0.0008768 secs]
2015-03-20T11:16:06.137+0100: 18.323: Total time for which application threads were stopped: 0.0099651 seconds
2015-03-20T11:16:06.137+0100: 18.323: [GC concurrent-cleanup-start]
2015-03-20T11:16:06.137+0100: 18.323: [GC concurrent-cleanup-end, 0.0002155 secs]
2015-03-20T11:16:06.153+0100: 18.341: [GC pause (G1 Humongous Allocation) (young) 962M->960M(1024M), 0.0008626 secs]
2015-03-20T11:16:06.153+0100: 18.342: Total time for which application threads were stopped: 0.0080195 seconds
2015-03-20T11:16:06.153+0100: 18.342: [Full GC (Allocation Failure)  960M->128M(1024M), 0.0046145 secs]
2015-03-20T11:16:06.153+0100: 18.347: Total time for which application threads were stopped: 0.0047538 seconds
2015-03-20T11:16:06.168+0100: 18.363: [GC pause (G1 Humongous Allocation) (young) (initial-mark) 449M->448M(1024M), 0.0008098 secs]
2015-03-20T11:16:06.168+0100: 18.363: Total time for which application threads were stopped: 0.0063818 seconds
2015-03-20T11:16:06.168+0100: 18.363: [GC concurrent-root-region-scan-start]
2015-03-20T11:16:06.168+0100: 18.363: [GC concurrent-root-region-scan-end, 0.0000469 secs]
2015-03-20T11:16:06.168+0100: 18.363: [GC concurrent-mark-start]
2015-03-20T11:16:06.168+0100: 18.364: [GC concurrent-mark-end, 0.0007135 secs]
2015-03-20T11:16:06.184+0100: 18.376: [GC remark, 0.0015820 secs]
2015-03-20T11:16:06.184+0100: 18.377: Total time for which application threads were stopped: 0.0130368 seconds
2015-03-20T11:16:06.200+0100: 18.382: [GC cleanup 770M->514M(1024M), 0.0010195 secs]
2015-03-20T11:16:06.200+0100: 18.383: Total time for which application threads were stopped: 0.0057601 seconds
2015-03-20T11:16:06.200+0100: 18.383: [GC concurrent-cleanup-start]
2015-03-20T11:16:06.200+0100: 18.383: [GC concurrent-cleanup-end, 0.0002141 secs]
2015-03-20T11:16:06.215+0100: 18.409: [GC pause (G1 Humongous Allocation) (young) 962M->960M(1024M), 0.0005581 secs]
2015-03-20T11:16:06.215+0100: 18.409: Total time for which application threads were stopped: 0.0056233 seconds
2015-03-20T11:16:06.215+0100: 18.409: [Full GC (Allocation Failure)  960M->282K(1024M), 0.0046488 secs]
2015-03-20T11:16:06.231+0100: 18.414: Total time for which application threads were stopped: 0.0047871 seconds
2015-03-20T11:16:06.246+0100: 18.435: [GC pause (G1 Humongous Allocation) (young) (initial-mark) 450M->448M(1024M), 0.0007854 secs]
2015-03-20T11:16:06.246+0100: 18.436: Total time for which application threads were stopped: 0.0098297 seconds
2015-03-20T11:16:06.246+0100: 18.436: [GC concurrent-root-region-scan-start]
2015-03-20T11:16:06.246+0100: 18.436: [GC concurrent-root-region-scan-end, 0.0000425 secs]
2015-03-20T11:16:06.246+0100: 18.436: [GC concurrent-mark-start]
2015-03-20T11:16:06.246+0100: 18.437: [GC concurrent-mark-end, 0.0007106 secs]
2015-03-20T11:16:06.262+0100: 18.448: [GC remark, 0.0012458 secs]
2015-03-20T11:16:06.262+0100: 18.450: Total time for which application threads were stopped: 0.0127020 seconds
2015-03-20T11:16:06.262+0100: 18.459: [GC cleanup 898M->642M(1024M), 0.0008274 secs]
2015-03-20T11:16:06.262+0100: 18.459: Total time for which application threads were stopped: 0.0097242 seconds
2015-03-20T11:16:06.262+0100: 18.459: [GC concurrent-cleanup-start]
2015-03-20T11:16:06.278+0100: 18.460: [GC concurrent-cleanup-end, 0.0002204 secs]
2015-03-20T11:16:06.293+0100: 18.477: [GC pause (G1 Humongous Allocation) (young) 962M->960M(1024M), 0.0007458 secs]
2015-03-20T11:16:06.293+0100: 18.478: Total time for which application threads were stopped: 0.0073187 seconds
2015-03-20T11:16:06.293+0100: 18.478: [Full GC (Allocation Failure)  960M->192M(1024M), 0.0042754 secs]
2015-03-20T11:16:06.293+0100: 18.483: Total time for which application threads were stopped: 0.0043941 seconds
2015-03-20T11:16:06.309+0100: 18.495: [GC pause (G1 Humongous Allocation) (young) (initial-mark) 449M->448M(1024M), 0.0006026 secs]
2015-03-20T11:16:06.309+0100: 18.495: Total time for which application threads were stopped: 0.0008953 seconds
2015-03-20T11:16:06.309+0100: 18.495: [GC concurrent-root-region-scan-start]
2015-03-20T11:16:06.309+0100: 18.496: [GC concurrent-root-region-scan-end, 0.0000347 secs]
2015-03-20T11:16:06.309+0100: 18.496: [GC concurrent-mark-start]
2015-03-20T11:16:06.309+0100: 18.496: [GC concurrent-mark-end, 0.0007028 secs]
2015-03-20T11:16:06.325+0100: 18.508: [GC remark, 0.0014711 secs]
2015-03-20T11:16:06.325+0100: 18.509: Total time for which application threads were stopped: 0.0132195 seconds
2015-03-20T11:16:06.325+0100: 18.510: [GC cleanup 705M->449M(1024M), 0.0003836 secs]
2015-03-20T11:16:06.325+0100: 18.510: Total time for which application threads were stopped: 0.0004262 seconds
2015-03-20T11:16:06.325+0100: 18.510: [GC concurrent-cleanup-start]
2015-03-20T11:16:06.325+0100: 18.510: [GC concurrent-cleanup-end, 0.0002082 secs]
2015-03-20T11:16:06.356+0100: 18.538: [GC pause (G1 Humongous Allocation) (young) 962M->960M(1024M), 0.0003509 secs]
2015-03-20T11:16:06.356+0100: 18.538: Total time for which application threads were stopped: 0.0028630 seconds
2015-03-20T11:16:06.356+0100: 18.538: [Full GC (Allocation Failure)  960M->282K(1024M), 0.0044244 secs]
2015-03-20T11:16:06.356+0100: 18.543: Total time for which application threads were stopped: 0.0045491 seconds
2015-03-20T11:16:06.371+0100: 18.565: [GC pause (G1 Humongous Allocation) (young) (initial-mark) 449M->448M(1024M), 0.0003832 secs]
2015-03-20T11:16:06.371+01002015-03-20T11:16:06.371+0100: : 18.565: 18.565: [GC concurrent-root-region-scan-start]
Total time for which application threads were stopped: 0.0086226 seconds
2015-03-20T11:16:06.371+0100: 18.565: [GC concurrent-root-region-scan-end, 0.0000244 secs]
2015-03-20T11:16:06.371+0100: 18.565: [GC concurrent-mark-start]
2015-03-20T11:16:06.371+0100: 18.565: [GC concurrent-mark-end, 0.0004330 secs]
2015-03-20T11:16:06.387+0100: 18.577: [GC remark, 0.0017780 secs]
2015-03-20T11:16:06.387+0100: 18.579: Total time for which application threads were stopped: 0.0137435 seconds
2015-03-20T11:16:06.403+0100: 18.591: [GC cleanup 962M->706M(1024M), 0.0004399 secs]
2015-03-20T11:16:06.403+0100: 18.592: Total time for which application threads were stopped: 0.0124234 seconds
2015-03-20T11:16:06.403+0100: 18.592: [GC concurrent-cleanup-start]
2015-03-20T11:16:06.403+0100: 18.592: [GC concurrent-cleanup-end, 0.0002018 secs]
2015-03-20T11:16:06.418+0100: 18.608: [GC pause (G1 Humongous Allocation) (young) 962M->960M(1024M), 0.0004609 secs]
2015-03-20T11:16:06.418+0100: 18.608: Total time for which application threads were stopped: 0.0034846 seconds
2015-03-20T11:16:06.418+0100: 18.608: [Full GC (Allocation Failure)  960M->192M(1024M), 0.0042436 secs]
2015-03-20T11:16:06.418+0100: 18.613: Total time for which application threads were stopped: 0.0043629 seconds
2015-03-20T11:16:06.434+0100: 18.627: [GC pause (G1 Humongous Allocation) (young) (initial-mark) 449M->448M(1024M), 0.0004359 secs]
2015-03-20T11:16:06.434+01002015-03-20T11:16:06.434+0100: : 18.62718.627: : [GC concurrent-root-region-scan-start]
Total time for which application threads were stopped: 0.0049195 seconds
2015-03-20T11:16:06.434+0100: 18.627: [GC concurrent-root-region-scan-end, 0.0000367 secs]
2015-03-20T11:16:06.434+0100: 18.627: [GC concurrent-mark-start]
2015-03-20T11:16:06.434+0100: 18.628: [GC concurrent-mark-end, 0.0004736 secs]
2015-03-20T11:16:06.450+0100: 18.641: [GC remark, 0.0017633 secs]
2015-03-20T11:16:06.450+0100: 18.643: Total time for which application threads were stopped: 0.0150454 seconds
2015-03-20T11:16:06.465+0100: 18.655: [GC cleanup 962M->706M(1024M), 0.0003406 secs]
2015-03-20T11:16:06.465+0100: 18.656: Total time for which application threads were stopped: 0.0123237 seconds
2015-03-20T11:16:06.465+0100: 18.656: [GC concurrent-cleanup-start]
2015-03-20T11:16:06.465+0100: 18.656: [GC concurrent-cleanup-end, 0.0002116 secs]
2015-03-20T11:16:06.481+0100: 18.671: [GC pause (G1 Humongous Allocation) (young) 962M->960M(1024M), 0.0003543 secs]
2015-03-20T11:16:06.481+0100: 18.671: Total time for which application threads were stopped: 0.0012585 seconds
2015-03-20T11:16:06.481+0100: 18.671: [Full GC (Allocation Failure)  960M->282K(1024M), 0.0044489 secs]
2015-03-20T11:16:06.481+0100: 18.676: Total time for which application threads were stopped: 0.0045735 seconds
2015-03-20T11:16:06.512+0100: 18.699: [GC pause (G1 Humongous Allocation) (young) (initial-mark) 450M->448M(1024M), 0.0004042 secs]
2015-03-20T11:16:06.512+01002015-03-20T11:16:06.512+0100: : 18.699: 18.699: [GC concurrent-root-region-scan-start]
Total time for which application threads were stopped: 0.0053423 seconds
2015-03-20T11:16:06.512+0100: 18.699: [GC concurrent-root-region-scan-end, 0.0000220 secs]
2015-03-20T11:16:06.512+0100: 18.699: [GC concurrent-mark-start]
2015-03-20T11:16:06.512+0100: 18.700: [GC concurrent-mark-end, 0.0006158 secs]
2015-03-20T11:16:06.528+0100: 18.712: [GC remark, 0.0011192 secs]
2015-03-20T11:16:06.528+0100: 18.713: Total time for which application threads were stopped: 0.0132630 seconds
2015-03-20T11:16:06.543+0100: 18.726: [GC cleanup 962M->706M(1024M), 0.0004159 secs]
2015-03-20T11:16:06.543+0100: 18.726: Total time for which application threads were stopped: 0.0124752 seconds
2015-03-20T11:16:06.543+0100: 18.726: [GC concurrent-cleanup-start]
2015-03-20T11:16:06.543+0100: 18.726: [GC concurrent-cleanup-end, 0.0002082 secs]
2015-03-20T11:16:06.559+0100: 18.743: [GC pause (G1 Humongous Allocation) (young) 962M->960M(1024M), 0.0004096 secs]
2015-03-20T11:16:06.559+0100: 18.743: Total time for which application threads were stopped: 0.0060920 seconds
2015-03-20T11:16:06.559+0100: 18.743: [Full GC (Allocation Failure)  960M->282K(1024M), 0.0045481 secs]
2015-03-20T11:16:06.559+0100: 18.748: Total time for which application threads were stopped: 0.0046752 seconds
2015-03-20T11:16:06.575+0100: 18.769: [GC pause (G1 Humongous Allocation) (young) (initial-mark) 450M->448M(1024M), 0.0004560 secs]
2015-03-20T11:16:06.575+01002015-03-20T11:16:06.575+0100: : 18.770: 18.770: [GC concurrent-root-region-scan-start]
Total time for which application threads were stopped: 0.0093586 seconds
2015-03-20T11:16:06.575+0100: 18.770: [GC concurrent-root-region-scan-end, 0.0000533 secs]
2015-03-20T11:16:06.575+0100: 18.770: [GC concurrent-mark-start]
2015-03-20T11:16:06.575+0100: 18.770: [GC concurrent-mark-end, 0.0007438 secs]
2015-03-20T11:16:06.590+0100: 18.784: [GC remark, 0.0018630 secs]
2015-03-20T11:16:06.590+0100: 18.786: Total time for which application threads were stopped: 0.0156940 seconds
2015-03-20T11:16:06.606+0100: 18.791: [GC cleanup 770M->514M(1024M), 0.0004413 secs]
2015-03-20T11:16:06.606+0100: 18.792: Total time for which application threads were stopped: 0.0052782 seconds
2015-03-20T11:16:06.606+0100: 18.792: [GC concurrent-cleanup-start]
2015-03-20T11:16:06.606+0100: 18.792: [GC concurrent-cleanup-end, 0.0002106 secs]
2015-03-20T11:16:06.621+0100: 18.816: [GC pause (G1 Humongous Allocation) (young) 962M->960M(1024M), 0.0004042 secs]
2015-03-20T11:16:06.621+0100: 18.816: Total time for which application threads were stopped: 0.0041332 seconds
2015-03-20T11:16:06.621+0100: 18.816: [Full GC (Allocation Failure)  960M->128M(1024M), 0.0043795 secs]
2015-03-20T11:16:06.637+0100: 18.821: Total time for which application threads were stopped: 0.0044977 seconds
2015-03-20T11:16:06.653+0100: 18.838: [GC pause (G1 Humongous Allocation) (young) (initial-mark) 449M->448M(1024M), 0.0005058 secs]
2015-03-20T11:16:06.653+0100: 2015-03-20T11:16:06.653+0100: 18.839: 18.839: [GC concurrent-root-region-scan-start]
Total time for which application threads were stopped: 0.0054136 seconds
2015-03-20T11:16:06.653+0100: 18.839: [GC concurrent-root-region-scan-end, 0.0000464 secs]
2015-03-20T11:16:06.653+0100: 18.839: [GC concurrent-mark-start]
2015-03-20T11:16:06.653+0100: 18.839: [GC concurrent-mark-end, 0.0005063 secs]
2015-03-20T11:16:06.668+0100: 18.852: [GC remark, 0.0024514 secs]
2015-03-20T11:16:06.668+0100: 18.855: Total time for which application threads were stopped: 0.0155244 seconds
2015-03-20T11:16:06.684+0100: 18.867: [GC cleanup 962M->706M(1024M), 0.0004565 secs]
2015-03-20T11:16:06.684+0100: 18.867: Total time for which application threads were stopped: 0.0124821 seconds
2015-03-20T11:16:06.684+0100: 18.867: [GC concurrent-cleanup-start]
2015-03-20T11:16:06.684+0100: 18.868: [GC concurrent-cleanup-end, 0.0002131 secs]
2015-03-20T11:16:06.700+0100: 18.883: [GC pause (G1 Humongous Allocation) (young) 962M->960M(1024M), 0.0006647 secs]
2015-03-20T11:16:06.700+0100: 18.884: Total time for which application threads were stopped: 0.0053848 seconds
2015-03-20T11:16:06.700+0100: 18.884: [Full GC (Allocation Failure)  960M->128M(1024M), 0.0042895 secs]
2015-03-20T11:16:06.700+0100: 18.888: Total time for which application threads were stopped: 0.0044029 seconds
2015-03-20T11:16:06.715+0100: 18.905: [GC pause (G1 Humongous Allocation) (young) (initial-mark) 449M->448M(1024M), 0.0004555 secs]
2015-03-20T11:16:06.715+01002015-03-20T11:16:06.715+0100: : 18.905: 18.905: [GC concurrent-root-region-scan-start]
Total time for which application threads were stopped: 0.0053814 seconds
2015-03-20T11:16:06.715+0100: 18.905: [GC concurrent-root-region-scan-end, 0.0000523 secs]
2015-03-20T11:16:06.715+0100: 18.905: [GC concurrent-mark-start]
2015-03-20T11:16:06.715+0100: 18.906: [GC concurrent-mark-end, 0.0004364 secs]
2015-03-20T11:16:06.731+0100: 18.920: [GC remark, 0.0017135 secs]
2015-03-20T11:16:06.731+0100: 18.922: Total time for which application threads were stopped: 0.0162971 seconds
2015-03-20T11:16:06.731+0100: 18.927: [GC cleanup 770M->514M(1024M), 0.0004682 secs]
2015-03-20T11:16:06.731+0100: 18.927: Total time for which application threads were stopped: 0.0052944 seconds
2015-03-20T11:16:06.731+0100: 18.927: [GC concurrent-cleanup-start]
2015-03-20T11:16:06.731+0100: 18.928: [GC concurrent-cleanup-end, 0.0002121 secs]
2015-03-20T11:16:06.762+0100: 18.952: [GC pause (G1 Humongous Allocation) (young) 962M->960M(1024M), 0.0005039 secs]
2015-03-20T11:16:06.762+0100: 18.953: Total time for which application threads were stopped: 0.0051184 seconds
2015-03-20T11:16:06.762+0100: 18.953: [GC pause (G1 Humongous Allocation) (young) (initial-mark) 961M->960M(1024M), 0.0004374 secs]
2015-03-20T11:16:06.762+01002015-03-20T11:16:06.762+0100: : 18.953: 18.953: [GC concurrent-root-region-scan-start]
Total time for which application threads were stopped: 0.0005078 seconds
2015-03-20T11:16:06.762+0100: 18.953: [GC concurrent-root-region-scan-end, 0.0000391 secs]
2015-03-20T11:16:06.762+0100: 18.953: [GC concurrent-mark-start]
2015-03-20T11:16:06.762+0100: 18.953: [GC pause (G1 Humongous Allocation) (young) 960M->960M(1024M), 0.0002649 secs]
2015-03-20T11:16:06.762+0100: 18.954: Total time for which application threads were stopped: 0.0003338 seconds
2015-03-20T11:16:06.762+0100: 18.954: [Full GC (Allocation Failure)  960M->282K(1024M), 0.0045657 secs]
2015-03-20T11:16:06.762+0100: 18.959: Total time for which application threads were stopped: 0.0046874 seconds
2015-03-20T11:16:06.778+0100: 18.963: Total time for which application threads were stopped: 0.0048276 seconds
2015-03-20T11:16:06.778+0100: 18.963: [GC concurrent-mark-abort]
2015-03-20T11:16:06.778+0100: 18.968: Total time for which application threads were stopped: 0.0047719 seconds
2015-03-20T11:16:06.793+0100: 18.989: [GC pause (G1 Humongous Allocation) (young) (initial-mark) 513M->512M(1024M), 0.0011119 secs]
2015-03-20T11:16:06.793+0100: 18.991: Total time for which application threads were stopped: 0.0020644 seconds
2015-03-20T11:16:06.793+0100: 18.991: [GC concurrent-root-region-scan-start]
2015-03-20T11:16:06.793+0100: 18.991: [GC concurrent-root-region-scan-end, 0.0000279 secs]
2015-03-20T11:16:06.793+0100: 18.991: [GC concurrent-mark-start]
2015-03-20T11:16:06.809+0100: 18.992: [GC concurrent-mark-end, 0.0008914 secs]
2015-03-20T11:16:06.809+0100: 19.003: [GC remark, 0.0016157 secs]
2015-03-20T11:16:06.809+0100: 19.005: Total time for which application threads were stopped: 0.0129302 seconds
2015-03-20T11:16:06.825+0100: 19.009: [GC cleanup 833M->513M(1024M), 0.0008577 secs]
2015-03-20T11:16:06.825+0100: 19.010: Total time for which application threads were stopped: 0.0056467 seconds
2015-03-20T11:16:06.825+0100: 19.010: [GC concurrent-cleanup-start]
2015-03-20T11:16:06.825+0100: 19.011: [GC concurrent-cleanup-end, 0.0002800 secs]
2015-03-20T11:16:06.840+0100: 19.036: [GC pause (G1 Humongous Allocation) (young) 962M->960M(1024M), 0.0008719 secs]
2015-03-20T11:16:06.840+0100: 19.036: Total time for which application threads were stopped: 0.0055666 seconds
2015-03-20T11:16:06.840+0100: 19.037: [Full GC (Allocation Failure)  960M->282K(1024M), 0.0045119 secs]
2015-03-20T11:16:06.856+0100: 19.041: Total time for which application threads were stopped: 0.0046478 seconds
2015-03-20T11:16:06.872+0100: 19.065: [GC pause (G1 Humongous Allocation) (young) (initial-mark) 450M->448M(1024M), 0.0006520 secs]
2015-03-20T11:16:06.872+0100: 2015-03-20T11:16:06.872+0100: 19.066: [GC concurrent-root-region-scan-start]
19.066: Total time for which application threads were stopped: 0.0121307 seconds
2015-03-20T11:16:06.872+0100: 19.066: [GC concurrent-root-region-scan-end, 0.0000415 secs]
2015-03-20T11:16:06.872+0100: 19.066: [GC concurrent-mark-start]
2015-03-20T11:16:06.872+0100: 19.066: [GC concurrent-mark-end, 0.0006114 secs]
2015-03-20T11:16:06.887+0100: 19.078: [GC remark, 0.0013684 secs]
2015-03-20T11:16:06.887+0100: 19.079: Total time for which application threads were stopped: 0.0129698 seconds
2015-03-20T11:16:06.903+0100: 19.093: [GC cleanup 962M->706M(1024M), 0.0007585 secs]
2015-03-20T11:16:06.903+0100: 19.094: Total time for which application threads were stopped: 0.0144629 seconds
2015-03-20T11:16:06.903+0100: 19.094: [GC concurrent-cleanup-start]
2015-03-20T11:16:06.903+0100: 19.094: [GC concurrent-cleanup-end, 0.0002116 secs]
2015-03-20T11:16:06.918+0100: 19.112: [GC pause (G1 Humongous Allocation) (young) 962M->960M(1024M), 0.0006285 secs]
2015-03-20T11:16:06.918+0100: 19.112: Total time for which application threads were stopped: 0.0069453 seconds
2015-03-20T11:16:06.918+0100: 19.112: [Full GC (Allocation Failure)  960M->128M(1024M), 0.0045017 secs]
2015-03-20T11:16:06.934+0100: 19.117: Total time for which application threads were stopped: 0.0046214 seconds
2015-03-20T11:16:06.950+0100: 19.134: [GC pause (G1 Humongous Allocation) (young) (initial-mark) 449M->448M(1024M), 0.0011177 secs]
2015-03-20T11:16:06.950+0100: 19.135: Total time for which application threads were stopped: 0.0057728 seconds
2015-03-20T11:16:06.950+0100: 19.135: [GC concurrent-root-region-scan-start]
2015-03-20T11:16:06.950+0100: 19.135: [GC concurrent-root-region-scan-end, 0.0000513 secs]
2015-03-20T11:16:06.950+0100: 19.135: [GC concurrent-mark-start]
2015-03-20T11:16:06.950+0100: 19.135: [GC concurrent-mark-end, 0.0006456 secs]
2015-03-20T11:16:06.965+0100: 19.149: [GC remark, 0.0014887 secs]
2015-03-20T11:16:06.965+0100: 19.150: Total time for which application threads were stopped: 0.0146153 seconds
2015-03-20T11:16:06.965+0100: 19.156: [GC cleanup 834M->578M(1024M), 0.0010679 secs]
2015-03-20T11:16:06.965+0100: 19.157: Total time for which application threads were stopped: 0.0069531 seconds
2015-03-20T11:16:06.965+0100: 19.157: [GC concurrent-cleanup-start]
2015-03-20T11:16:06.965+0100: 19.157: [GC concurrent-cleanup-end, 0.0002014 secs]
2015-03-20T11:16:06.997+0100: 19.179: [GC pause (G1 Humongous Allocation) (young) 962M->960M(1024M), 0.0006940 secs]
2015-03-20T11:16:06.997+0100: 19.179: Total time for which application threads were stopped: 0.0017452 seconds
2015-03-20T11:16:06.997+0100: 19.179: [Full GC (Allocation Failure)  960M->128M(1024M), 0.0043409 secs]
2015-03-20T11:16:06.997+0100: 19.184: Total time for which application threads were stopped: 0.0044596 seconds
2015-03-20T11:16:07.012+0100: 19.200: [GC pause (G1 Humongous Allocation) (young) (initial-mark) 449M->448M(1024M), 0.0006407 secs]
2015-03-20T11:16:07.012+0100: 19.201: Total time for which application threads were stopped: 0.0056678 seconds
2015-03-20T11:16:07.012+0100: 19.201: [GC concurrent-root-region-scan-start]
2015-03-20T11:16:07.012+0100: 19.201: [GC concurrent-root-region-scan-end, 0.0000440 secs]
2015-03-20T11:16:07.012+0100: 19.201: [GC concurrent-mark-start]
2015-03-20T11:16:07.012+0100: 19.202: [GC concurrent-mark-end, 0.0007258 secs]
2015-03-20T11:16:07.028+0100: 19.214: [GC remark, 0.0013978 secs]
2015-03-20T11:16:07.028+0100: 19.216: Total time for which application threads were stopped: 0.0137161 seconds
2015-03-20T11:16:07.028+0100: 19.222: [GC cleanup 834M->578M(1024M), 0.0006153 secs]
2015-03-20T11:16:07.028+0100: 19.222: Total time for which application threads were stopped: 0.0065519 seconds
2015-03-20T11:16:07.028+0100: 19.222: [GC concurrent-cleanup-start]
2015-03-20T11:16:07.028+0100: 19.223: [GC concurrent-cleanup-end, 0.0002150 secs]
2015-03-20T11:16:07.059+0100: 19.244: [GC pause (G1 Humongous Allocation) (young) 962M->960M(1024M), 0.0005997 secs]
2015-03-20T11:16:07.059+0100: 19.245: Total time for which application threads were stopped: 0.0025648 seconds
2015-03-20T11:16:07.059+0100: 19.245: [Full GC (Allocation Failure)  960M->128M(1024M), 0.0042993 secs]
2015-03-20T11:16:07.059+0100: 19.250: Total time for which application threads were stopped: 0.0044411 seconds
2015-03-20T11:16:07.075+0100: 19.266: [GC pause (G1 Humongous Allocation) (young) (initial-mark) 449M->448M(1024M), 0.0007160 secs]
2015-03-20T11:16:07.075+0100: 2015-03-20T11:16:07.075+0100: 19.267: [GC concurrent-root-region-scan-start]
19.267: Total time for which application threads were stopped: 0.0052782 seconds
2015-03-20T11:16:07.075+0100: 19.267: [GC concurrent-root-region-scan-end, 0.0000225 secs]
2015-03-20T11:16:07.075+0100: 19.267: [GC concurrent-mark-start]
2015-03-20T11:16:07.075+0100: 19.267: [GC concurrent-mark-end, 0.0004257 secs]
2015-03-20T11:16:07.090+0100: 19.283: [GC remark, 0.0018024 secs]
2015-03-20T11:16:07.090+0100: 19.285: Total time for which application threads were stopped: 0.0172628 seconds
2015-03-20T11:16:07.106+0100: 19.301: [GC cleanup 962M->706M(1024M), 0.0005454 secs]
2015-03-20T11:16:07.106+0100: 19.301: Total time for which application threads were stopped: 0.0162404 seconds
2015-03-20T11:16:07.106+0100: 19.301: [GC concurrent-cleanup-start]
2015-03-20T11:16:07.106+0100: 19.301: [GC concurrent-cleanup-end, 0.0002395 secs]
2015-03-20T11:16:07.122+0100: 19.318: [GC pause (G1 Humongous Allocation) (young) 962M->960M(1024M), 0.0004457 secs]
2015-03-20T11:16:07.122+0100: 19.318: Total time for which application threads were stopped: 0.0015688 seconds
2015-03-20T11:16:07.122+0100: 19.318: [Full GC (Allocation Failure)  960M->192M(1024M), 0.0043971 secs]
2015-03-20T11:16:07.137+0100: 19.323: Total time for which application threads were stopped: 0.0045124 seconds
2015-03-20T11:16:07.153+0100: 19.337: [GC pause (G1 Humongous Allocation) (young) (initial-mark) 450M->448M(1024M), 0.0003949 secs]
2015-03-20T11:16:07.153+0100: 19.337: 2015-03-20T11:16:07.153+0100: [GC concurrent-root-region-scan-start]
19.337: Total time for which application threads were stopped: 0.0052215 seconds
2015-03-20T11:16:07.153+0100: 19.337: [GC concurrent-root-region-scan-end, 0.0000249 secs]
2015-03-20T11:16:07.153+0100: 19.337: [GC concurrent-mark-start]
2015-03-20T11:16:07.153+0100: 19.338: [GC concurrent-mark-end, 0.0007126 secs]
2015-03-20T11:16:07.168+0100: 19.353: [GC remark, 0.0011969 secs]
2015-03-20T11:16:07.168+0100: 19.354: Total time for which application threads were stopped: 0.0161133 seconds
2015-03-20T11:16:07.184+0100: 19.367: [GC cleanup 962M->706M(1024M), 0.0006177 secs]
2015-03-20T11:16:07.184+0100: 19.367: Total time for which application threads were stopped: 0.0130026 seconds
2015-03-20T11:16:07.184+0100: 19.367: [GC concurrent-cleanup-start]
2015-03-20T11:16:07.184+0100: 19.368: [GC concurrent-cleanup-end, 0.0002131 secs]
2015-03-20T11:16:07.200+0100: 19.384: [GC pause (G1 Humongous Allocation) (young) 962M->960M(1024M), 0.0005151 secs]
2015-03-20T11:16:07.200+0100: 19.384: Total time for which application threads were stopped: 0.0048081 seconds
2015-03-20T11:16:07.200+0100: 19.384: [Full GC (Allocation Failure)  960M->128M(1024M), 0.0045119 secs]
2015-03-20T11:16:07.200+0100: 19.389: Total time for which application threads were stopped: 0.0046517 seconds
2015-03-20T11:16:07.215+0100: 19.408: [GC pause (G1 Humongous Allocation) (young) (initial-mark) 513M->512M(1024M), 0.0005914 secs]
2015-03-20T11:16:07.215+0100: 2015-03-20T11:16:07.215+0100: 19.409: 19.409: [GC concurrent-root-region-scan-start]
Total time for which application threads were stopped: 0.0049053 seconds
2015-03-20T11:16:07.215+0100: 19.409: [GC concurrent-root-region-scan-end, 0.0000269 secs]
2015-03-20T11:16:07.215+0100: 19.409: [GC concurrent-mark-start]
2015-03-20T11:16:07.215+0100: 19.410: [GC concurrent-mark-end, 0.0007727 secs]
2015-03-20T11:16:07.231+0100: 19.422: [GC remark, 0.0017526 secs]
2015-03-20T11:16:07.231+0100: 19.423: Total time for which application threads were stopped: 0.0138583 seconds
2015-03-20T11:16:07.231+0100: 19.428: [GC cleanup 834M->514M(1024M), 0.0004281 secs]
2015-03-20T11:16:07.247+0100: 19.429: Total time for which application threads were stopped: 0.0052299 seconds
2015-03-20T11:16:07.247+0100: 19.429: [GC concurrent-cleanup-start]
2015-03-20T11:16:07.247+0100: 19.429: [GC concurrent-cleanup-end, 0.0002874 secs]
2015-03-20T11:16:07.262+0100: 19.454: [GC pause (G1 Humongous Allocation) (young) 962M->960M(1024M), 0.0004350 secs]
2015-03-20T11:16:07.262+0100: 19.455: Total time for which application threads were stopped: 0.0066100 seconds
2015-03-20T11:16:07.262+0100: 19.455: [Full GC (Allocation Failure)  960M->282K(1024M), 0.0045681 secs]
2015-03-20T11:16:07.262+0100: 19.460: Total time for which application threads were stopped: 0.0046913 seconds
2015-03-20T11:16:07.293+0100: 19.482: [GC pause (G1 Humongous Allocation) (young) (initial-mark) 450M->448M(1024M), 0.0004667 secs]
2015-03-20T11:16:07.293+0100: 19.482: 2015-03-20T11:16:07.293+0100: [GC concurrent-root-region-scan-start]
19.482: Total time for which application threads were stopped: 0.0095512 seconds
2015-03-20T11:16:07.293+0100: 19.482: [GC concurrent-root-region-scan-end, 0.0000396 secs]
2015-03-20T11:16:07.293+0100: 19.482: [GC concurrent-mark-start]
2015-03-20T11:16:07.293+0100: 19.483: [GC concurrent-mark-end, 0.0008000 secs]
2015-03-20T11:16:07.309+0100: 19.495: [GC remark, 0.0017814 secs]
2015-03-20T11:16:07.309+0100: 19.497: Total time for which application threads were stopped: 0.0139688 seconds
2015-03-20T11:16:07.325+0100: 19.510: [GC cleanup 962M->706M(1024M), 0.0003108 secs]
2015-03-20T11:16:07.325+0100: 19.510: Total time for which application threads were stopped: 0.0128975 seconds
2015-03-20T11:16:07.325+0100: 19.510: [GC concurrent-cleanup-start]
2015-03-20T11:16:07.325+0100: 19.510: [GC concurrent-cleanup-end, 0.0002077 secs]
2015-03-20T11:16:07.340+0100: 19.525: [GC pause (G1 Humongous Allocation) (young) 962M->960M(1024M), 0.0003519 secs]
2015-03-20T11:16:07.340+0100: 19.526: Total time for which application threads were stopped: 0.0040941 seconds
2015-03-20T11:16:07.340+0100: 19.526: [Full GC (Allocation Failure)  960M->282K(1024M), 0.0044117 secs]
2015-03-20T11:16:07.340+0100: 19.530: Total time for which application threads were stopped: 0.0045359 seconds
2015-03-20T11:16:07.372+0100: 19.554: [GC pause (G1 Humongous Allocation) (young) (initial-mark) 449M->448M(1024M), 0.0004403 secs]
2015-03-20T11:16:07.372+0100: 2015-03-20T11:16:07.372+0100: 19.554: 19.554[GC concurrent-root-region-scan-start]
: Total time for which application threads were stopped: 0.0080434 seconds
2015-03-20T11:16:07.372+0100: 19.554: [GC concurrent-root-region-scan-end, 0.0000254 secs]
2015-03-20T11:16:07.372+0100: 19.554: [GC concurrent-mark-start]
2015-03-20T11:16:07.372+0100: 19.555: [GC concurrent-mark-end, 0.0007155 secs]
2015-03-20T11:16:07.387+0100: 19.569: [GC remark, 0.0010977 secs]
2015-03-20T11:16:07.387+0100: 19.570: Total time for which application threads were stopped: 0.0153846 seconds
2015-03-20T11:16:07.387+0100: 19.575: [GC cleanup 770M->514M(1024M), 0.0003431 secs]
2015-03-20T11:16:07.387+0100: 19.576: Total time for which application threads were stopped: 0.0054146 seconds
2015-03-20T11:16:07.387+0100: 19.576: [GC concurrent-cleanup-start]
2015-03-20T11:16:07.387+0100: 19.576: [GC concurrent-cleanup-end, 0.0002199 secs]
2015-03-20T11:16:07.418+0100: 19.601: [GC pause (G1 Humongous Allocation) (young) 962M->960M(1024M), 0.0003504 secs]
2015-03-20T11:16:07.418+0100: 19.602: Total time for which application threads were stopped: 0.0094671 seconds
2015-03-20T11:16:07.418+0100: 19.602: [Full GC (Allocation Failure)  960M->282K(1024M), 0.0047489 secs]
2015-03-20T11:16:07.418+0100: 19.606: Total time for which application threads were stopped: 0.0048873 seconds
2015-03-20T11:16:07.434+0100: 19.629: [GC pause (G1 Humongous Allocation) (young) (initial-mark) 450M->448M(1024M), 0.0004237 secs]
2015-03-20T11:16:07.434+0100: 2015-03-20T11:16:07.434+0100: 19.630: 19.630[GC concurrent-root-region-scan-start]
: Total time for which application threads were stopped: 0.0065602 seconds
2015-03-20T11:16:07.434+0100: 19.630: [GC concurrent-root-region-scan-end, 0.0000313 secs]
2015-03-20T11:16:07.434+0100: 19.630: [GC concurrent-mark-start]
2015-03-20T11:16:07.434+0100: 19.630: [GC concurrent-mark-end, 0.0006779 secs]
2015-03-20T11:16:07.450+0100: 19.645: [GC remark, 0.0011641 secs]
2015-03-20T11:16:07.450+0100: 19.646: Total time for which application threads were stopped: 0.0157937 seconds
2015-03-20T11:16:07.465+0100: 19.651: [GC cleanup 770M->514M(1024M), 0.0004032 secs]
2015-03-20T11:16:07.465+0100: 19.652: Total time for which application threads were stopped: 0.0053457 seconds
2015-03-20T11:16:07.465+0100: 19.652: [GC concurrent-cleanup-start]
2015-03-20T11:16:07.465+0100: 19.652: [GC concurrent-cleanup-end, 0.0002062 secs]
2015-03-20T11:16:07.481+0100: 19.678: [GC pause (G1 Humongous Allocation) (young) 962M->960M(1024M), 0.0004223 secs]
2015-03-20T11:16:07.497+0100: 19.679: Total time for which application threads were stopped: 0.0076012 seconds
2015-03-20T11:16:07.497+0100: 19.679: [Full GC (Allocation Failure)  960M->282K(1024M), 0.0048555 secs]
2015-03-20T11:16:07.497+0100: 19.684: Total time for which application threads were stopped: 0.0049767 seconds
2015-03-20T11:16:07.512+0100: 19.705: [GC pause (G1 Humongous Allocation) (young) (initial-mark) 450M->448M(1024M), 0.0005347 secs]
2015-03-20T11:16:07.512+0100: 19.706: Total time for which application threads were stopped: 0.0089080 seconds
2015-03-20T11:16:07.512+0100: 19.706: [GC concurrent-root-region-scan-start]
2015-03-20T11:16:07.512+0100: 19.706: [GC concurrent-root-region-scan-end, 0.0000406 secs]
2015-03-20T11:16:07.512+0100: 19.706: [GC concurrent-mark-start]
2015-03-20T11:16:07.512+0100: 19.707: [GC concurrent-mark-end, 0.0006832 secs]
2015-03-20T11:16:07.528+0100: 19.718: [GC remark, 0.0018523 secs]
2015-03-20T11:16:07.528+0100: 19.720: Total time for which application threads were stopped: 0.0134180 seconds
2015-03-20T11:16:07.528+0100: 19.725: [GC cleanup 770M->514M(1024M), 0.0003983 secs]
2015-03-20T11:16:07.543+0100: 19.725: Total time for which application threads were stopped: 0.0051179 seconds
2015-03-20T11:16:07.543+0100: 19.725: [GC concurrent-cleanup-start]
2015-03-20T11:16:07.543+0100: 19.726: [GC concurrent-cleanup-end, 0.0002307 secs]
2015-03-20T11:16:07.559+0100: 19.753: [GC pause (G1 Humongous Allocation) (young) 962M->960M(1024M), 0.0005278 secs]
2015-03-20T11:16:07.559+0100: 19.753: Total time for which application threads were stopped: 0.0071667 seconds
2015-03-20T11:16:07.559+0100: 19.753: [Full GC (Allocation Failure)  960M->192M(1024M), 0.0043409 secs]
2015-03-20T11:16:07.575+0100: 19.758: Total time for which application threads were stopped: 0.0044591 seconds
2015-03-20T11:16:07.575+0100: 19.770: [GC pause (G1 Humongous Allocation) (young) (initial-mark) 450M->448M(1024M), 0.0004799 secs]
2015-03-20T11:16:07.575+0100: 19.770: Total time for which application threads were stopped: 0.0006163 seconds
2015-03-20T11:16:07.575+0100: 19.770: [GC concurrent-root-region-scan-start]
2015-03-20T11:16:07.575+0100: 19.770: [GC concurrent-root-region-scan-end, 0.0000313 secs]
2015-03-20T11:16:07.575+0100: 19.770: [GC concurrent-mark-start]
2015-03-20T11:16:07.575+0100: 19.771: [GC concurrent-mark-end, 0.0006119 secs]
2015-03-20T11:16:07.590+0100: 19.786: [GC remark, 0.0011607 secs]
2015-03-20T11:16:07.590+0100: 19.787: Total time for which application threads were stopped: 0.0157379 seconds
2015-03-20T11:16:07.606+0100: 19.796: [GC cleanup 897M->577M(1024M), 0.0005009 secs]
2015-03-20T11:16:07.606+0100: 19.796: Total time for which application threads were stopped: 0.0094471 seconds
2015-03-20T11:16:07.606+0100: 19.796: [GC concurrent-cleanup-start]
2015-03-20T11:16:07.606+0100: 19.797: [GC concurrent-cleanup-end, 0.0002737 secs]
2015-03-20T11:16:07.622+0100: 19.818: [GC pause (G1 Humongous Allocation) (young) 962M->960M(1024M), 0.0004262 secs]
2015-03-20T11:16:07.622+0100: 19.818: Total time for which application threads were stopped: 0.0051556 seconds
2015-03-20T11:16:07.622+0100: 19.818: [GC pause (G1 Humongous Allocation) (young) (initial-mark) 961M->960M(1024M), 0.0004863 secs]
2015-03-20T11:16:07.622+0100: 19.819: Total time for which application threads were stopped: 0.0005591 seconds
2015-03-20T11:16:07.622+0100: 19.819: [GC concurrent-root-region-scan-start]
2015-03-20T11:16:07.622+0100: 19.819: [GC pause (G1 Humongous Allocation) (young)2015-03-20T11:16:07.622+0100: 19.819: [GC concurrent-root-region-scan-end, 0.0000391 secs]
2015-03-20T11:16:07.622+0100: 19.819: [GC concurrent-mark-start]
 960M->960M(1024M), 0.0003841 secs]
2015-03-20T11:16:07.637+0100: 19.819: Total time for which application threads were stopped: 0.0004750 seconds
2015-03-20T11:16:07.637+0100: 19.820: [Full GC (Allocation Failure)  960M->282K(1024M), 0.0044743 secs]
2015-03-20T11:16:07.637+0100: 19.824: Total time for which application threads were stopped: 0.0045921 seconds
2015-03-20T11:16:07.637+0100: 19.824: [GC concurrent-mark-abort]
2015-03-20T11:16:07.637+0100: 19.829: Total time for which application threads were stopped: 0.0048389 seconds
2015-03-20T11:16:07.653+0100: 19.850: [GC pause (G1 Humongous Allocation) (young) (initial-mark) 449M->448M(1024M), 0.0005440 secs]
2015-03-20T11:16:07.668+0100: 19.851: Total time for which application threads were stopped: 0.0037642 seconds
2015-03-20T11:16:07.668+0100: 19.851: [GC concurrent-root-region-scan-start]
2015-03-20T11:16:07.668+0100: 19.851: [GC concurrent-root-region-scan-end, 0.0000293 secs]
2015-03-20T11:16:07.668+0100: 19.851: [GC concurrent-mark-start]
2015-03-20T11:16:07.668+0100: 19.852: [GC concurrent-mark-end, 0.0007810 secs]
2015-03-20T11:16:07.668+0100: 19.863: [GC remark, 0.0016744 secs]
2015-03-20T11:16:07.668+0100: 19.865: Total time for which application threads were stopped: 0.0135646 seconds
2015-03-20T11:16:07.668+0100: 19.865: [GC cleanup 705M->449M(1024M), 0.0003485 secs]
2015-03-20T11:16:07.668+0100: 19.866: Total time for which application threads were stopped: 0.0003876 seconds
2015-03-20T11:16:07.668+0100: 19.866: [GC concurrent-cleanup-start]
2015-03-20T11:16:07.668+0100: 19.866: [GC concurrent-cleanup-end, 0.0002048 secs]
2015-03-20T11:16:07.700+0100: 19.896: [GC pause (G1 Humongous Allocation) (young) 962M->960M(1024M), 0.0004574 secs]
2015-03-20T11:16:07.700+0100: 19.897: Total time for which application threads were stopped: 0.0067200 seconds
2015-03-20T11:16:07.700+0100: 19.897: [Full GC (Allocation Failure)  960M->64M(1024M), 0.0045779 secs]
2015-03-20T11:16:07.715+0100: 19.902: Total time for which application threads were stopped: 0.0046947 seconds
2015-03-20T11:16:07.715+0100: 19.908: [GC pause (G1 Humongous Allocation) (young) (initial-mark) 192M->192M(1024M), 0.0007311 secs]
2015-03-20T11:16:07.715+0100: 19.908: Total time for which application threads were stopped: 0.0068197 seconds
2015-03-20T11:16:07.715+0100: 19.908: [GC concurrent-root-region-scan-start]
2015-03-20T11:16:07.715+0100: 19.908: [GC concurrent-root-region-scan-end, 0.0000093 secs]
2015-03-20T11:16:07.715+0100: 19.908: [GC concurrent-mark-start]
2015-03-20T11:16:07.715+0100: 19.909: [GC concurrent-mark-end, 0.0004438 secs]
2015-03-20T11:16:07.731+0100: 19.921: [GC remark, 0.0014241 secs]
2015-03-20T11:16:07.731+0100: 19.922: Total time for which application threads were stopped: 0.0134131 seconds
2015-03-20T11:16:07.747+0100: 19.936: [GC cleanup 706M->642M(1024M), 0.0007712 secs]
2015-03-20T11:16:07.747+0100: 19.937: Total time for which application threads were stopped: 0.0141677 seconds
2015-03-20T11:16:07.747+0100: 19.937: [GC concurrent-cleanup-start]
2015-03-20T11:16:07.747+0100: 19.937: [GC concurrent-cleanup-end, 0.0000508 secs]
2015-03-20T11:16:07.762+0100: 19.955: [GC pause (G1 Humongous Allocation) (young) 962M->960M(1024M), 0.0006495 secs]
2015-03-20T11:16:07.762+0100: 19.956: Total time for which application threads were stopped: 0.0051688 seconds
2015-03-20T11:16:07.762+0100: 19.956: [Full GC (Allocation Failure)  960M->282K(1024M), 0.0045466 secs]
2015-03-20T11:16:07.778+0100: 19.961: Total time for which application threads were stopped: 0.0046805 seconds
2015-03-20T11:16:07.793+0100: 19.987: [GC pause (G1 Humongous Allocation) (young) (initial-mark) 514M->512M(1024M), 0.0005796 secs]
2015-03-20T11:16:07.793+0100: 19.988: Total time for which application threads were stopped: 0.0053970 seconds
2015-03-20T11:16:07.793+0100: 19.988: [GC concurrent-root-region-scan-start]
2015-03-20T11:16:07.793+0100: 19.988: [GC concurrent-root-region-scan-end, 0.0000391 secs]
2015-03-20T11:16:07.793+0100: 19.988: [GC concurrent-mark-start]
2015-03-20T11:16:07.793+0100: 19.988: [GC concurrent-mark-end, 0.0006412 secs]
2015-03-20T11:16:07.809+0100: 20.000: [GC remark, 0.0018215 secs]
2015-03-20T11:16:07.809+0100: 20.002: Total time for which application threads were stopped: 0.0133916 seconds
2015-03-20T11:16:07.809+0100: 20.006: [GC cleanup 834M->514M(1024M), 0.0007302 secs]
2015-03-20T11:16:07.825+0100: 20.007: Total time for which application threads were stopped: 0.0054190 seconds
2015-03-20T11:16:07.825+0100: 20.007: [GC concurrent-cleanup-start]
2015-03-20T11:16:07.825+0100: 20.007: [GC concurrent-cleanup-end, 0.0002810 secs]
2015-03-20T11:16:07.840+0100: 20.032: [GC pause (G1 Humongous Allocation) (young) 962M->960M(1024M), 0.0005855 secs]
2015-03-20T11:16:07.840+0100: 20.033: Total time for which application threads were stopped: 0.0061257 seconds
2015-03-20T11:16:07.840+0100: 20.033: [Full GC (Allocation Failure)  960M->64M(1024M), 0.0044259 secs]
2015-03-20T11:16:07.840+0100: 20.037: Total time for which application threads were stopped: 0.0045779 seconds
2015-03-20T11:16:07.872+0100: 20.059: [GC pause (G1 Humongous Allocation) (young) (initial-mark) 514M->512M(1024M), 0.0006417 secs]
2015-03-20T11:16:07.872+0100: 20.059: Total time for which application threads were stopped: 0.0096685 seconds
2015-03-20T11:16:07.872+0100: 20.059: [GC concurrent-root-region-scan-start]
2015-03-20T11:16:07.872+0100: 20.059: [GC concurrent-root-region-scan-end, 0.0000313 secs]
2015-03-20T11:16:07.872+0100: 20.059: [GC concurrent-mark-start]
2015-03-20T11:16:07.872+0100: 20.060: [GC concurrent-mark-end, 0.0004540 secs]
2015-03-20T11:16:07.887+0100: 20.073: [GC remark, 0.0013064 secs]
2015-03-20T11:16:07.887+0100: 20.074: Total time for which application threads were stopped: 0.0143583 seconds
2015-03-20T11:16:07.887+0100: 20.083: [GC cleanup 962M->642M(1024M), 0.0010801 secs]
2015-03-20T11:16:07.887+0100: 20.084: Total time for which application threads were stopped: 0.0100081 seconds
2015-03-20T11:16:07.887+0100: 20.085: [GC concurrent-cleanup-start]
2015-03-20T11:16:07.903+0100: 20.085: [GC concurrent-cleanup-end, 0.0002732 secs]
2015-03-20T11:16:07.918+0100: 20.104: [GC pause (G1 Humongous Allocation) (young) 962M->960M(1024M), 0.0010170 secs]
2015-03-20T11:16:07.918+0100: 20.105: Total time for which application threads were stopped: 0.0056013 seconds
2015-03-20T11:16:07.918+0100: 20.105: [Full GC (Allocation Failure)  960M->128M(1024M), 0.0044929 secs]
2015-03-20T11:16:07.918+0100: 20.110: Total time for which application threads were stopped: 0.0046204 seconds
2015-03-20T11:16:07.934+0100: 20.126: [GC pause (G1 Humongous Allocation) (young) (initial-mark) 449M->448M(1024M), 0.0011813 secs]
2015-03-20T11:16:07.934+0100: 20.127: Total time for which application threads were stopped: 0.0064551 seconds
2015-03-20T11:16:07.934+0100: 20.127: [GC concurrent-root-region-scan-start]
2015-03-20T11:16:07.934+0100: 20.127: [GC concurrent-root-region-scan-end, 0.0000626 secs]
2015-03-20T11:16:07.934+0100: 20.127: [GC concurrent-mark-start]
2015-03-20T11:16:07.934+0100: 20.128: [GC concurrent-mark-end, 0.0007380 secs]
2015-03-20T11:16:07.950+0100: 20.141: [GC remark, 0.0018327 secs]
2015-03-20T11:16:07.950+0100: 20.143: Total time for which application threads were stopped: 0.0149364 seconds
2015-03-20T11:16:07.965+0100: 20.149: [GC cleanup 834M->578M(1024M), 0.0008240 secs]
2015-03-20T11:16:07.965+0100: 20.150: Total time for which application threads were stopped: 0.0067982 seconds
2015-03-20T11:16:07.965+0100: 20.150: [GC concurrent-cleanup-start]
2015-03-20T11:16:07.965+0100: 20.150: [GC concurrent-cleanup-end, 0.0002058 secs]
2015-03-20T11:16:07.981+0100: 20.172: [GC pause (G1 Humongous Allocation) (young) 962M->960M(1024M), 0.0005723 secs]
2015-03-20T11:16:07.981+0100: 20.173: Total time for which application threads were stopped: 0.0053501 seconds
2015-03-20T11:16:07.981+0100: 20.173: [Full GC (Allocation Failure)  961M->282K(1024M), 0.0045422 secs]
2015-03-20T11:16:07.981+0100: 20.177: Total time for which application threads were stopped: 0.0046756 seconds
2015-03-20T11:16:07.997+0100: 20.187: [GC pause (G1 Humongous Allocation) (young) (initial-mark) 128M->128M(1024M), 0.0006710 secs]
2015-03-20T11:16:07.997+0100: 20.188: Total time for which application threads were stopped: 0.0108204 seconds
2015-03-20T11:16:07.997+0100: 20.188: [GC concurrent-root-region-scan-start]
2015-03-20T11:16:07.997+0100: 20.188: [GC concurrent-root-region-scan-end, 0.0000068 secs]
2015-03-20T11:16:07.997+0100: 20.188: [GC concurrent-mark-start]
2015-03-20T11:16:07.997+0100: 20.189: [GC concurrent-mark-end, 0.0006006 secs]
2015-03-20T11:16:08.012+0100: 20.203: [GC remark, 0.0011788 secs]
2015-03-20T11:16:08.012+0100: 20.204: Total time for which application threads were stopped: 0.0156583 seconds
2015-03-20T11:16:08.012+0100: 20.209: [GC cleanup 449M->449M(1024M), 0.0005337 secs]
2015-03-20T11:16:08.028+0100: 20.210: Total time for which application threads were stopped: 0.0053408 seconds
2015-03-20T11:16:08.043+0100: 20.236: [GC pause (G1 Humongous Allocation) (young) 962M->960M(1024M), 0.0004335 secs]
2015-03-20T11:16:08.043+0100: 20.237: Total time for which application threads were stopped: 0.0054043 seconds
2015-03-20T11:16:08.043+0100: 20.237: [Full GC (Allocation Failure)  960M->192M(1024M), 0.0043643 secs]
2015-03-20T11:16:08.059+0100: 20.241: Total time for which application threads were stopped: 0.0044806 seconds
2015-03-20T11:16:08.059+0100: 20.254: [GC pause (G1 Humongous Allocation) (young) (initial-mark) 449M->448M(1024M), 0.0006583 secs]
2015-03-20T11:16:08.059+0100: 20.254: Total time for which application threads were stopped: 0.0009535 seconds
2015-03-20T11:16:08.059+0100: 20.254: [GC concurrent-root-region-scan-start]
2015-03-20T11:16:08.059+0100: 20.254: [GC concurrent-root-region-scan-end, 0.0000479 secs]
2015-03-20T11:16:08.059+0100: 20.254: [GC concurrent-mark-start]
2015-03-20T11:16:08.059+0100: 20.255: [GC concurrent-mark-end, 0.0006881 secs]
2015-03-20T11:16:08.075+0100: 20.267: [GC remark, 0.0019031 secs]
2015-03-20T11:16:08.075+0100: 20.269: Total time for which application threads were stopped: 0.0140709 seconds
2015-03-20T11:16:08.092+0100: 20.275: [GC cleanup 834M->578M(1024M), 0.0007052 secs]
2015-03-20T11:16:08.093+0100: 20.276: Total time for which application threads were stopped: 0.0066555 seconds
2015-03-20T11:16:08.093+0100: 20.276: [GC concurrent-cleanup-start]
2015-03-20T11:16:08.093+0100: 20.276: [GC concurrent-cleanup-end, 0.0002072 secs]
2015-03-20T11:16:08.114+0100: 20.298: [GC pause (G1 Humongous Allocation) (young) 962M->960M(1024M), 0.0004623 secs]
2015-03-20T11:16:08.114+0100: 20.298: Total time for which application threads were stopped: 0.0015727 seconds
2015-03-20T11:16:08.114+0100: 20.298: [Full GC (Allocation Failure)  960M->282K(1024M), 0.0045061 secs]
2015-03-20T11:16:08.114+0100: 20.303: Total time for which application threads were stopped: 0.0046429 seconds
2015-03-20T11:16:08.129+0100: 20.324: [GC pause (G1 Humongous Allocation) (young) (initial-mark) 449M->448M(1024M), 0.0005371 secs]
2015-03-20T11:16:08.129+0100: 2015-03-20T11:16:08.129+0100: 20.324: [GC concurrent-root-region-scan-start]
20.324: Total time for which application threads were stopped: 0.0094744 seconds
2015-03-20T11:16:08.129+0100: 20.325: [GC concurrent-root-region-scan-end, 0.0000235 secs]
2015-03-20T11:16:08.129+0100: 20.325: [GC concurrent-mark-start]
2015-03-20T11:16:08.129+0100: 20.325: [GC concurrent-mark-end, 0.0006344 secs]
2015-03-20T11:16:08.145+0100: 20.337: [GC remark, 0.0011979 secs]
2015-03-20T11:16:08.145+0100: 20.338: Total time for which application threads were stopped: 0.0127650 seconds
2015-03-20T11:16:08.161+0100: 20.343: [GC cleanup 770M->514M(1024M), 0.0003685 secs]
2015-03-20T11:16:08.161+0100: 20.343: Total time for which application threads were stopped: 0.0052000 seconds
2015-03-20T11:16:08.161+0100: 20.343: [GC concurrent-cleanup-start]
2015-03-20T11:16:08.161+0100: 20.343: [GC concurrent-cleanup-end, 0.0002023 secs]
2015-03-20T11:16:08.176+0100: 20.368: [GC pause (G1 Humongous Allocation) (young) 962M->960M(1024M), 0.0005508 secs]
2015-03-20T11:16:08.176+0100: 20.369: Total time for which application threads were stopped: 0.0042695 seconds
2015-03-20T11:16:08.176+0100: 20.369: [Full GC (Allocation Failure)  960M->282K(1024M), 0.0045667 secs]
2015-03-20T11:16:08.176+0100: 20.374: Total time for which application threads were stopped: 0.0046903 seconds
2015-03-20T11:16:08.207+0100: 20.397: [GC pause (G1 Humongous Allocation) (young) (initial-mark) 450M->448M(1024M), 0.0006006 secs]
2015-03-20T11:16:08.207+01002015-03-20T11:16:08.207+0100: : 20.397: 20.397: [GC concurrent-root-region-scan-start]
Total time for which application threads were stopped: 0.0056834 seconds
2015-03-20T11:16:08.207+0100: 20.397: [GC concurrent-root-region-scan-end, 0.0000279 secs]
2015-03-20T11:16:08.207+0100: 20.397: [GC concurrent-mark-start]
2015-03-20T11:16:08.207+0100: 20.398: [GC concurrent-mark-end, 0.0006466 secs]
2015-03-20T11:16:08.223+0100: 20.410: [GC remark, 0.0012062 secs]
2015-03-20T11:16:08.223+0100: 20.411: Total time for which application threads were stopped: 0.0131526 seconds
2015-03-20T11:16:08.223+0100: 20.411: [GC cleanup 706M->450M(1024M), 0.0005987 secs]
2015-03-20T11:16:08.223+0100: 20.412: Total time for which application threads were stopped: 0.0006383 seconds
2015-03-20T11:16:08.223+0100: 20.412: [GC concurrent-cleanup-start]
2015-03-20T11:16:08.223+0100: 20.412: [GC concurrent-cleanup-end, 0.0002082 secs]
2015-03-20T11:16:08.254+0100: 20.443: [GC pause (G1 Humongous Allocation) (young) 962M->960M(1024M), 0.0006275 secs]
2015-03-20T11:16:08.254+0100: 20.444: Total time for which application threads were stopped: 0.0098625 seconds
2015-03-20T11:16:08.254+0100: 20.444: [Full GC (Allocation Failure)  960M->64M(1024M), 0.0045657 secs]
2015-03-20T11:16:08.254+0100: 20.449: Total time for which application threads were stopped: 0.0046967 seconds
2015-03-20T11:16:08.270+0100: 20.458: [GC pause (G1 Humongous Allocation) (young) (initial-mark) 257M->256M(1024M), 0.0007438 secs]
2015-03-20T11:16:08.270+0100: 20.459: Total time for which application threads were stopped: 0.0098850 seconds
2015-03-20T11:16:08.270+0100: 20.459: [GC concurrent-root-region-scan-start]
2015-03-20T11:16:08.270+0100: 20.459: [GC concurrent-root-region-scan-end, 0.0000445 secs]
2015-03-20T11:16:08.270+0100: 20.459: [GC concurrent-mark-start]
2015-03-20T11:16:08.270+0100: 20.459: [GC concurrent-mark-end, 0.0006353 secs]
2015-03-20T11:16:08.286+0100: 20.473: [GC remark, 0.0015224 secs]
2015-03-20T11:16:08.286+0100: 20.475: Total time for which application threads were stopped: 0.0155816 seconds
2015-03-20T11:16:08.286+0100: 20.480: [GC cleanup 578M->514M(1024M), 0.0008035 secs]
2015-03-20T11:16:08.286+0100: 20.481: Total time for which application threads were stopped: 0.0054874 seconds
2015-03-20T11:16:08.286+0100: 20.481: [GC concurrent-cleanup-start]
2015-03-20T11:16:08.286+0100: 20.481: [GC concurrent-cleanup-end, 0.0000499 secs]
2015-03-20T11:16:08.317+0100: 20.506: [GC pause (G1 Humongous Allocation) (young) 962M->960M(1024M), 0.0009975 secs]
2015-03-20T11:16:08.317+0100: 20.507: Total time for which application threads were stopped: 0.0059204 seconds
2015-03-20T11:16:08.317+0100: 20.507: [Full GC (Allocation Failure)  960M->128M(1024M), 0.0045388 secs]
2015-03-20T11:16:08.317+0100: 20.512: Total time for which application threads were stopped: 0.0046717 seconds
2015-03-20T11:16:08.348+0100: 20.530: [GC pause (G1 Humongous Allocation) (young) (initial-mark) 514M->512M(1024M), 0.0008215 secs]
2015-03-20T11:16:08.348+0100: 20.531: Total time for which application threads were stopped: 0.0015874 seconds
2015-03-20T11:16:08.348+0100: 20.531: [GC concurrent-root-region-scan-start]
2015-03-20T11:16:08.348+0100: 20.531: [GC concurrent-root-region-scan-end, 0.0000484 secs]
2015-03-20T11:16:08.348+0100: 20.531: [GC concurrent-mark-start]
2015-03-20T11:16:08.348+0100: 20.532: [GC concurrent-mark-end, 0.0006353 secs]
2015-03-20T11:16:08.364+0100: 20.546: [GC remark, 0.0023879 secs]
2015-03-20T11:16:08.364+0100: 20.548: Total time for which application threads were stopped: 0.0163479 seconds
2015-03-20T11:16:08.364+0100: 20.558: [GC cleanup 962M->642M(1024M), 0.0010547 secs]
2015-03-20T11:16:08.364+0100: 20.559: Total time for which application threads were stopped: 0.0100291 seconds
2015-03-20T11:16:08.364+0100: 20.559: [GC concurrent-cleanup-start]
2015-03-20T11:16:08.364+0100: 20.559: [GC concurrent-cleanup-end, 0.0002605 secs]
2015-03-20T11:16:08.395+0100: 20.577: [GC pause (G1 Humongous Allocation) (young) 962M->960M(1024M), 0.0009926 secs]
2015-03-20T11:16:08.395+0100: 20.578: Total time for which application threads were stopped: 0.0076828 seconds
2015-03-20T11:16:08.395+0100: 20.578: [Full GC (Allocation Failure)  960M->282K(1024M), 0.0050236 secs]
2015-03-20T11:16:08.395+0100: 20.583: Total time for which application threads were stopped: 0.0051502 seconds
2015-03-20T11:16:08.411+0100: 20.608: [GC pause (G1 Humongous Allocation) (young) (initial-mark) 514M->512M(1024M), 0.0006290 secs]
2015-03-20T11:16:08.426+0100: 20.608: Total time for which application threads were stopped: 0.0009154 seconds
2015-03-20T11:16:08.426+0100: 20.608: [GC concurrent-root-region-scan-start]
2015-03-20T11:16:08.426+0100: 20.608: [GC concurrent-root-region-scan-end, 0.0000508 secs]
2015-03-20T11:16:08.426+0100: 20.608: [GC concurrent-mark-start]
2015-03-20T11:16:08.426+0100: 20.609: [GC concurrent-mark-end, 0.0004951 secs]
2015-03-20T11:16:08.426+0100: 20.623: [GC remark, 0.0020282 secs]
2015-03-20T11:16:08.442+0100: 20.625: Total time for which application threads were stopped: 0.0162003 seconds
2015-03-20T11:16:08.442+0100: 20.631: [GC cleanup 898M->578M(1024M), 0.0009066 secs]
2015-03-20T11:16:08.442+0100: 20.632: Total time for which application threads were stopped: 0.0067889 seconds
2015-03-20T11:16:08.442+0100: 20.632: [GC concurrent-cleanup-start]
2015-03-20T11:16:08.442+0100: 20.632: [GC concurrent-cleanup-end, 0.0002678 secs]
2015-03-20T11:16:08.457+0100: 20.654: [GC pause (G1 Humongous Allocation) (young) 962M->960M(1024M), 0.0008709 secs]
2015-03-20T11:16:08.457+0100: 20.654: Total time for which application threads were stopped: 0.0019070 seconds
2015-03-20T11:16:08.457+0100: 20.655: [Full GC (Allocation Failure)  960M->64M(1024M), 0.0045818 secs]
2015-03-20T11:16:08.473+0100: 20.659: Total time for which application threads were stopped: 0.0047475 seconds
2015-03-20T11:16:08.489+0100: 20.677: [GC pause (G1 Humongous Allocation) (young) (initial-mark) 450M->448M(1024M), 0.0008655 secs]
2015-03-20T11:16:08.489+0100: 20.678: Total time for which application threads were stopped: 0.0066046 seconds
2015-03-20T11:16:08.489+0100: 20.678: [GC concurrent-root-region-scan-start]
2015-03-20T11:16:08.489+0100: 20.678: [GC concurrent-root-region-scan-end, 0.0000386 secs]
2015-03-20T11:16:08.489+0100: 20.678: [GC concurrent-mark-start]
2015-03-20T11:16:08.489+0100: 20.679: [GC concurrent-mark-end, 0.0004760 secs]
2015-03-20T11:16:08.504+0100: 20.693: [GC remark, 0.0012678 secs]
2015-03-20T11:16:08.504+0100: 20.695: Total time for which application threads were stopped: 0.0158166 seconds
2015-03-20T11:16:08.520+0100: 20.704: [GC cleanup 898M->642M(1024M), 0.0006378 secs]
2015-03-20T11:16:08.520+0100: 20.704: Total time for which application threads were stopped: 0.0095585 seconds
2015-03-20T11:16:08.520+0100: 20.704: [GC concurrent-cleanup-start]
2015-03-20T11:16:08.520+0100: 20.705: [GC concurrent-cleanup-end, 0.0002160 secs]
2015-03-20T11:16:08.536+0100: 20.723: [GC pause (G1 Humongous Allocation) (young) 962M->960M(1024M), 0.0003665 secs]
2015-03-20T11:16:08.536+0100: 20.723: Total time for which application threads were stopped: 0.0072532 seconds
2015-03-20T11:16:08.536+0100: 20.723: [Full GC (Allocation Failure)  960M->282K(1024M), 0.0044660 secs]
2015-03-20T11:16:08.536+0100: 20.728: Total time for which application threads were stopped: 0.0045935 seconds
2015-03-20T11:16:08.551+0100: 20.737: [GC pause (G1 Humongous Allocation) (young) (initial-mark) 193M->192M(1024M), 0.0005019 secs]
2015-03-20T11:16:08.551+0100: 2015-03-20T11:16:08.551+0100: 20.737: [GC concurrent-root-region-scan-start]
20.737: Total time for which application threads were stopped: 0.0095521 seconds
2015-03-20T11:16:08.551+0100: 20.737: [GC concurrent-root-region-scan-end, 0.0000445 secs]
2015-03-20T11:16:08.551+0100: 20.737: [GC concurrent-mark-start]
2015-03-20T11:16:08.551+0100: 20.738: [GC concurrent-mark-end, 0.0004291 secs]
2015-03-20T11:16:08.567+0100: 20.751: [GC remark, 0.0016700 secs]
2015-03-20T11:16:08.567+0100: 20.753: Total time for which application threads were stopped: 0.0147493 seconds
2015-03-20T11:16:08.582+0100: 20.765: [GC cleanup 706M->706M(1024M), 0.0003646 secs]
2015-03-20T11:16:08.582+0100: 20.765: Total time for which application threads were stopped: 0.0123809 seconds
2015-03-20T11:16:08.598+0100: 20.780: [GC pause (G1 Humongous Allocation) (young) 962M->960M(1024M), 0.0004154 secs]
2015-03-20T11:16:08.598+0100: 20.780: Total time for which application threads were stopped: 0.0012800 seconds
2015-03-20T11:16:08.598+0100: 20.781: [Full GC (Allocation Failure)  960M->64M(1024M), 0.0043629 secs]
2015-03-20T11:16:08.598+0100: 20.785: Total time for which application threads were stopped: 0.0044894 seconds
2015-03-20T11:16:08.614+0100: 20.803: [GC pause (G1 Humongous Allocation) (young) (initial-mark) 449M->448M(1024M), 0.0005259 secs]
2015-03-20T11:16:08.614+01002015-03-20T11:16:08.614+0100: : 20.804: 20.804: [GC concurrent-root-region-scan-start]
Total time for which application threads were stopped: 0.0058896 seconds
2015-03-20T11:16:08.614+0100: 20.804: [GC concurrent-root-region-scan-end, 0.0000279 secs]
2015-03-20T11:16:08.614+0100: 20.804: [GC concurrent-mark-start]
2015-03-20T11:16:08.614+0100: 20.804: [GC concurrent-mark-end, 0.0004545 secs]
2015-03-20T11:16:08.629+0100: 20.816: [GC remark, 0.0010791 secs]
2015-03-20T11:16:08.629+0100: 20.817: Total time for which application threads were stopped: 0.0131716 seconds
2015-03-20T11:16:08.629+0100: 20.822: [GC cleanup 770M->450M(1024M), 0.0003509 secs]
2015-03-20T11:16:08.629+0100: 20.823: Total time for which application threads were stopped: 0.0050881 seconds
2015-03-20T11:16:08.629+0100: 20.823: [GC concurrent-cleanup-start]
2015-03-20T11:16:08.629+0100: 20.823: [GC concurrent-cleanup-end, 0.0002683 secs]
2015-03-20T11:16:08.661+0100: 20.850: [GC pause (G1 Humongous Allocation) (young) 962M->960M(1024M), 0.0003328 secs]
2015-03-20T11:16:08.661+0100: 20.850: Total time for which application threads were stopped: 0.0060069 seconds
2015-03-20T11:16:08.661+0100: 20.850: [Full GC (Allocation Failure)  960M->282K(1024M), 0.0044386 secs]
2015-03-20T11:16:08.661+0100: 20.855: Total time for which application threads were stopped: 0.0045667 seconds
2015-03-20T11:16:08.692+0100: 20.879: [GC pause (G1 Humongous Allocation) (young) (initial-mark) 450M->448M(1024M), 0.0004873 secs]
2015-03-20T11:16:08.692+0100: 2015-03-20T11:16:08.692+0100: 20.880: 20.880[GC concurrent-root-region-scan-start]
: Total time for which application threads were stopped: 0.0064600 seconds
2015-03-20T11:16:08.692+0100: 20.880: [GC concurrent-root-region-scan-end, 0.0000303 secs]
2015-03-20T11:16:08.692+0100: 20.880: [GC concurrent-mark-start]
2015-03-20T11:16:08.692+0100: 20.880: [GC concurrent-mark-end, 0.0007976 secs]
2015-03-20T11:16:08.707+0100: 20.892: [GC remark, 0.0010835 secs]
2015-03-20T11:16:08.707+0100: 20.893: Total time for which application threads were stopped: 0.0130167 seconds
2015-03-20T11:16:08.707+0100: 20.898: [GC cleanup 770M->514M(1024M), 0.0003949 secs]
2015-03-20T11:16:08.707+0100: 20.899: Total time for which application threads were stopped: 0.0051971 seconds
2015-03-20T11:16:08.707+0100: 20.899: [GC concurrent-cleanup-start]
2015-03-20T11:16:08.707+0100: 20.899: [GC concurrent-cleanup-end, 0.0002180 secs]
2015-03-20T11:16:08.739+0100: 20.925: [GC pause (G1 Humongous Allocation) (young) 962M->960M(1024M), 0.0004311 secs]
2015-03-20T11:16:08.739+0100: 20.926: Total time for which application threads were stopped: 0.0043761 seconds
2015-03-20T11:16:08.739+0100: 20.926: [GC pause (G1 Humongous Allocation) (young) (initial-mark) 961M->960M(1024M), 0.0004648 secs]
2015-03-20T11:16:08.739+0100: 2015-03-20T11:16:08.739+0100: 20.926: 20.926[GC concurrent-root-region-scan-start]
: Total time for which application threads were stopped: 0.0005391 seconds
2015-03-20T11:16:08.739+0100: 20.926: [GC concurrent-root-region-scan-end, 0.0000254 secs]
2015-03-20T11:16:08.739+0100: 20.926: [GC concurrent-mark-start]
2015-03-20T11:16:08.739+0100: 20.926: [GC pause (G1 Humongous Allocation) (young) 960M->960M(1024M), 0.0002874 secs]
2015-03-20T11:16:08.739+0100: 20.927: Total time for which application threads were stopped: 0.0003577 seconds
2015-03-20T11:16:08.739+0100: 20.927: [Full GC (Allocation Failure)  960M->282K(1024M), 0.0045911 secs]
2015-03-20T11:16:08.739+0100: 20.931: Total time for which application threads were stopped: 0.0047138 seconds
2015-03-20T11:16:08.739+0100: 20.931: [GC concurrent-mark-abort]
2015-03-20T11:16:08.739+0100: 20.936: Total time for which application threads were stopped: 0.0047665 seconds
2015-03-20T11:16:08.754+0100: 20.941: Total time for which application threads were stopped: 0.0049371 seconds
2015-03-20T11:16:08.770+0100: 20.966: [GC pause (G1 Humongous Allocation) (young) (initial-mark) 577M->576M(1024M), 0.0006314 secs]
2015-03-20T11:16:08.770+0100: 20.966: 2015-03-20T11:16:08.770+0100: [GC concurrent-root-region-scan-start]
20.966: Total time for which application threads were stopped: 0.0091807 seconds
2015-03-20T11:16:08.770+0100: 20.966: [GC concurrent-root-region-scan-end, 0.0000279 secs]
2015-03-20T11:16:08.770+0100: 20.967: [GC concurrent-mark-start]
2015-03-20T11:16:08.770+0100: 20.967: [GC concurrent-mark-end, 0.0007482 secs]
2015-03-20T11:16:08.786+0100: 20.982: [GC remark, 0.0018757 secs]
2015-03-20T11:16:08.801+0100: 20.984: Total time for which application threads were stopped: 0.0165214 seconds
2015-03-20T11:16:08.801+0100: 20.984: [GC cleanup 833M->449M(1024M), 0.0004203 secs]
2015-03-20T11:16:08.801+0100: 20.984: Total time for which application threads were stopped: 0.0004775 seconds
2015-03-20T11:16:08.801+0100: 20.984: [GC concurrent-cleanup-start]
2015-03-20T11:16:08.801+0100: 20.985: [GC concurrent-cleanup-end, 0.0003470 secs]
2015-03-20T11:16:08.817+0100: 21.014: [GC pause (G1 Humongous Allocation) (young) 962M->960M(1024M), 0.0005107 secs]
2015-03-20T11:16:08.817+0100: 21.014: Total time for which application threads were stopped: 0.0021401 seconds
2015-03-20T11:16:08.832+0100: 21.014: [Full GC (Allocation Failure)  961M->282K(1024M), 0.0052861 secs]
2015-03-20T11:16:08.832+0100: 21.020: Total time for which application threads were stopped: 0.0054293 seconds
2015-03-20T11:16:08.832+0100: 21.025: [GC pause (G1 Humongous Allocation) (young) (initial-mark) 64M->64M(1024M), 0.0004193 secs]
2015-03-20T11:16:08.832+0100: 2015-03-20T11:16:08.832+0100: 21.025: 21.025[GC concurrent-root-region-scan-start]
: 2015-03-20T11:16:08.832+0100: Total time for which application threads were stopped: 0.0052084 seconds
21.025: [GC concurrent-root-region-scan-end, 0.0000068 secs]
2015-03-20T11:16:08.832+0100: 21.025: [GC concurrent-mark-start]
2015-03-20T11:16:08.848+0100: 21.032: Total time for which application threads were stopped: 0.0063828 seconds
2015-03-20T11:16:08.848+0100: 21.032: [GC concurrent-mark-end, 0.0069365 secs]
2015-03-20T11:16:08.864+0100: 21.046: [GC remark, 0.0010835 secs]
2015-03-20T11:16:08.864+0100: 21.048: Total time for which application threads were stopped: 0.0154428 seconds
2015-03-20T11:16:08.864+0100: 21.052: [GC cleanup 514M->514M(1024M), 0.0003226 secs]
2015-03-20T11:16:08.864+0100: 21.053: Total time for which application threads were stopped: 0.0051487 seconds
2015-03-20T11:16:08.895+0100: 21.078: [GC pause (G1 Humongous Allocation) (young) 962M->960M(1024M), 0.0003397 secs]
2015-03-20T11:16:08.895+0100: 21.078: Total time for which application threads were stopped: 0.0050422 seconds
2015-03-20T11:16:08.895+0100: 21.078: [Full GC (Allocation Failure)  960M->282K(1024M), 0.0044215 secs]
2015-03-20T11:16:08.895+0100: 21.083: Total time for which application threads were stopped: 0.0045447 seconds
2015-03-20T11:16:08.911+0100: 21.105: [GC pause (G1 Humongous Allocation) (young) (initial-mark) 450M->448M(1024M), 0.0005034 secs]
2015-03-20T11:16:08.911+0100: 21.106: 2015-03-20T11:16:08.911+0100: [GC concurrent-root-region-scan-start]
21.106: Total time for which application threads were stopped: 0.0100697 seconds
2015-03-20T11:16:08.911+0100: 21.106: [GC concurrent-root-region-scan-end, 0.0000239 secs]
2015-03-20T11:16:08.911+0100: 21.106: [GC concurrent-mark-start]
2015-03-20T11:16:08.911+0100: 21.107: [GC concurrent-mark-end, 0.0007497 secs]
2015-03-20T11:16:08.926+0100: 21.121: [GC remark, 0.0014432 secs]
2015-03-20T11:16:08.926+0100: 21.122: Total time for which application threads were stopped: 0.0155943 seconds
2015-03-20T11:16:08.942+0100: 21.128: [GC cleanup 770M->514M(1024M), 0.0003318 secs]
2015-03-20T11:16:08.942+0100: 21.128: Total time for which application threads were stopped: 0.0054801 seconds
2015-03-20T11:16:08.942+0100: 21.128: [GC concurrent-cleanup-start]
2015-03-20T11:16:08.942+0100: 21.128: [GC concurrent-cleanup-end, 0.0002092 secs]
2015-03-20T11:16:08.958+0100: 21.154: [GC pause (G1 Humongous Allocation) (young) 962M->960M(1024M), 0.0003406 secs]
2015-03-20T11:16:08.958+0100: 21.155: Total time for which application threads were stopped: 0.0051189 seconds
2015-03-20T11:16:08.958+0100: 21.155: [Full GC (Allocation Failure)  960M->282K(1024M), 0.0046502 secs]
2015-03-20T11:16:08.973+0100: 21.160: Total time for which application threads were stopped: 0.0047797 seconds
2015-03-20T11:16:08.989+0100: 21.182: [GC pause (G1 Humongous Allocation) (young) (initial-mark) 450M->448M(1024M), 0.0004780 secs]
2015-03-20T11:16:08.989+0100: 2015-03-20T11:16:08.989+0100: 21.18321.183: : [GC concurrent-root-region-scan-start]
Total time for which application threads were stopped: 0.0087741 seconds
2015-03-20T11:16:08.989+0100: 21.183: [GC concurrent-root-region-scan-end, 0.0000239 secs]
2015-03-20T11:16:08.989+0100: 21.183: [GC concurrent-mark-start]
2015-03-20T11:16:08.989+0100: 21.184: [GC concurrent-mark-end, 0.0007751 secs]
2015-03-20T11:16:09.004+0100: 21.197: [GC remark, 0.0017350 secs]
2015-03-20T11:16:09.004+0100: 21.199: Total time for which application threads were stopped: 0.0155429 seconds
2015-03-20T11:16:09.020+0100: 21.204: [GC cleanup 770M->514M(1024M), 0.0003651 secs]
2015-03-20T11:16:09.020+0100: 21.204: Total time for which application threads were stopped: 0.0051693 seconds
2015-03-20T11:16:09.020+0100: 21.204: [GC concurrent-cleanup-start]
2015-03-20T11:16:09.020+0100: 21.205: [GC concurrent-cleanup-end, 0.0002150 secs]
2015-03-20T11:16:09.036+0100: 21.230: [GC pause (G1 Humongous Allocation) (young) 962M->960M(1024M), 0.0003597 secs]
2015-03-20T11:16:09.036+0100: 21.230: Total time for which application threads were stopped: 0.0061731 seconds
2015-03-20T11:16:09.036+0100: 21.230: [Full GC (Allocation Failure)  960M->282K(1024M), 0.0046629 secs]
2015-03-20T11:16:09.051+0100: 21.235: Total time for which application threads were stopped: 0.0047900 seconds
2015-03-20T11:16:09.067+0100: 21.260: [GC pause (G1 Humongous Allocation) (young) (initial-mark) 514M->512M(1024M), 0.0004183 secs]
2015-03-20T11:16:09.067+0100: 21.261: 2015-03-20T11:16:09.067+0100: [GC concurrent-root-region-scan-start]
21.261: Total time for which application threads were stopped: 0.0055930 seconds
2015-03-20T11:16:09.067+0100: 21.261: [GC concurrent-root-region-scan-end, 0.0000239 secs]
2015-03-20T11:16:09.067+0100: 21.261: [GC concurrent-mark-start]
2015-03-20T11:16:09.067+0100: 21.261: [GC concurrent-mark-end, 0.0007653 secs]
2015-03-20T11:16:09.083+0100: 21.275: [GC remark, 0.0017306 secs]
2015-03-20T11:16:09.083+0100: 21.277: Total time for which application threads were stopped: 0.0156089 seconds
2015-03-20T11:16:09.083+0100: 21.277: [GC cleanup 770M->450M(1024M), 0.0004716 secs]
2015-03-20T11:16:09.083+0100: 21.278: Total time for which application threads were stopped: 0.0005308 seconds
2015-03-20T11:16:09.083+0100: 21.278: [GC concurrent-cleanup-start]
2015-03-20T11:16:09.083+0100: 21.278: [GC concurrent-cleanup-end, 0.0002693 secs]
2015-03-20T11:16:09.114+0100: 21.305: [GC pause (G1 Humongous Allocation) (young) 962M->960M(1024M), 0.0003749 secs]
2015-03-20T11:16:09.114+0100: 21.305: Total time for which application threads were stopped: 0.0060881 seconds
2015-03-20T11:16:09.114+0100: 21.305: [Full GC (Allocation Failure)  961M->282K(1024M), 0.0044484 secs]
2015-03-20T11:16:09.114+0100: 21.310: Total time for which application threads were stopped: 0.0045720 seconds
2015-03-20T11:16:09.145+0100: 21.333: [GC pause (G1 Humongous Allocation) (young) (initial-mark) 449M->448M(1024M), 0.0005557 secs]
2015-03-20T11:16:09.145+01002015-03-20T11:16:09.145+0100: : 21.333: 21.333: [GC concurrent-root-region-scan-start]
Total time for which application threads were stopped: 0.0053286 seconds
2015-03-20T11:16:09.145+0100: 21.334: [GC concurrent-root-region-scan-end, 0.0000215 secs]
2015-03-20T11:16:09.145+0100: 21.334: [GC concurrent-mark-start]
2015-03-20T11:16:09.145+0100: 21.334: [GC concurrent-mark-end, 0.0006182 secs]
2015-03-20T11:16:09.161+0100: 21.346: [GC remark, 0.0011182 secs]
2015-03-20T11:16:09.161+0100: 21.347: Total time for which application threads were stopped: 0.0127225 seconds
2015-03-20T11:16:09.161+0100: 21.356: [GC cleanup 898M->642M(1024M), 0.0005953 secs]
2015-03-20T11:16:09.161+0100: 21.356: Total time for which application threads were stopped: 0.0094740 seconds
2015-03-20T11:16:09.161+0100: 21.356: [GC concurrent-cleanup-start]
2015-03-20T11:16:09.161+0100: 21.357: [GC concurrent-cleanup-end, 0.0002126 secs]
2015-03-20T11:16:09.192+0100: 21.375: [GC pause (G1 Humongous Allocation) (young) 962M->960M(1024M), 0.0008108 secs]
2015-03-20T11:16:09.192+0100: 21.376: Total time for which application threads were stopped: 0.0067283 seconds
2015-03-20T11:16:09.192+0100: 21.376: [Full GC (Allocation Failure)  960M->282K(1024M), 0.0045984 secs]
2015-03-20T11:16:09.192+0100: 21.381: Total time for which application threads were stopped: 0.0047382 seconds
2015-03-20T11:16:09.208+0100: 21.390: [GC pause (G1 Humongous Allocation) (young) (initial-mark) 193M->192M(1024M), 0.0006500 secs]
2015-03-20T11:16:09.208+01002015-03-20T11:16:09.208+0100: : 21.390: 21.390: [GC concurrent-root-region-scan-start]
Total time for which application threads were stopped: 0.0096474 seconds
2015-03-20T11:16:09.208+0100: 21.390: [GC concurrent-root-region-scan-end, 0.0000425 secs]
2015-03-20T11:16:09.208+0100: 21.390: [GC concurrent-mark-start]
2015-03-20T11:16:09.208+0100: 21.391: [GC concurrent-mark-end, 0.0007145 secs]
2015-03-20T11:16:09.208+0100: 21.403: [GC remark, 0.0015385 secs]
2015-03-20T11:16:09.208+0100: 21.404: Total time for which application threads were stopped: 0.0129356 seconds
2015-03-20T11:16:09.223+0100: 21.409: [GC cleanup 514M->514M(1024M), 0.0005332 secs]
2015-03-20T11:16:09.223+0100: 21.410: Total time for which application threads were stopped: 0.0053442 seconds
2015-03-20T11:16:09.239+0100: 21.435: [GC pause (G1 Humongous Allocation) (young) 962M->960M(1024M), 0.0004311 secs]
2015-03-20T11:16:09.239+0100: 21.435: Total time for which application threads were stopped: 0.0095448 seconds
2015-03-20T11:16:09.239+0100: 21.435: [Full GC (Allocation Failure)  960M->128M(1024M), 0.0043159 secs]
2015-03-20T11:16:09.254+0100: 21.440: Total time for which application threads were stopped: 0.0044367 seconds
2015-03-20T11:16:09.270+0100: 21.457: [GC pause (G1 Humongous Allocation) (young) (initial-mark) 450M->448M(1024M), 0.0004931 secs]
2015-03-20T11:16:09.270+01002015-03-20T11:16:09.270+0100: : 21.457: 21.457: [GC concurrent-root-region-scan-start]
Total time for which application threads were stopped: 0.0053418 seconds
2015-03-20T11:16:09.270+0100: 21.457: [GC concurrent-root-region-scan-end, 0.0000484 secs]
2015-03-20T11:16:09.270+0100: 21.457: [GC concurrent-mark-start]
2015-03-20T11:16:09.270+0100: 21.458: [GC concurrent-mark-end, 0.0007218 secs]
2015-03-20T11:16:09.286+0100: 21.470: [GC remark, 0.0013987 secs]
2015-03-20T11:16:09.286+0100: 21.471: Total time for which application threads were stopped: 0.0131853 seconds
2015-03-20T11:16:09.301+0100: 21.483: [GC cleanup 962M->706M(1024M), 0.0006075 secs]
2015-03-20T11:16:09.301+0100: 21.484: Total time for which application threads were stopped: 0.0125842 seconds
2015-03-20T11:16:09.301+0100: 21.484: [GC concurrent-cleanup-start]
2015-03-20T11:16:09.301+0100: 21.484: [GC concurrent-cleanup-end, 0.0002009 secs]
2015-03-20T11:16:09.317+0100: 21.500: [GC pause (G1 Humongous Allocation) (young) 962M->960M(1024M), 0.0006881 secs]
2015-03-20T11:16:09.317+0100: 21.501: Total time for which application threads were stopped: 0.0056726 seconds
2015-03-20T11:16:09.317+0100: 21.501: [Full GC (Allocation Failure)  960M->282K(1024M), 0.0045632 secs]
2015-03-20T11:16:09.317+0100: 21.506: Total time for which application threads were stopped: 0.0047064 seconds
2015-03-20T11:16:09.317+0100: 21.512: [GC pause (G1 Humongous Allocation) (young) (initial-mark) 128M->128M(1024M), 0.0007502 secs]
2015-03-20T11:16:09.317+0100: 2015-03-20T11:16:09.317+0100: 21.513: 21.513: [GC concurrent-root-region-scan-start]
Total time for which application threads were stopped: 0.0067674 seconds
2015-03-20T11:16:09.317+0100: 21.513: [GC concurrent-root-region-scan-end, 0.0000758 secs]
2015-03-20T11:16:09.317+0100: 21.513: [GC concurrent-mark-start]
2015-03-20T11:16:09.317+0100: 21.514: [GC concurrent-mark-end, 0.0006798 secs]
2015-03-20T11:16:09.333+0100: 21.525: [GC remark, 0.0011275 secs]
2015-03-20T11:16:09.333+0100: 21.526: Total time for which application threads were stopped: 0.0126824 seconds
2015-03-20T11:16:09.348+0100: 21.540: [GC cleanup 641M->641M(1024M), 0.0003705 secs]
2015-03-20T11:16:09.348+0100: 21.541: Total time for which application threads were stopped: 0.0143695 seconds
2015-03-20T11:16:09.364+0100: 21.561: [GC pause (G1 Humongous Allocation) (young) 962M->960M(1024M), 0.0003646 secs]
2015-03-20T11:16:09.379+0100: 21.562: Total time for which application threads were stopped: 0.0059483 seconds
2015-03-20T11:16:09.379+0100: 21.562: [GC pause (G1 Humongous Allocation) (young) (initial-mark) 961M->960M(1024M), 0.0004399 secs]
2015-03-20T11:16:09.379+0100: 2015-03-20T11:16:09.379+0100: 21.562: 21.562: [GC concurrent-root-region-scan-start]
Total time for which application threads were stopped: 0.0005102 seconds
2015-03-20T11:16:09.379+0100: 21.562: [GC concurrent-root-region-scan-end, 0.0000450 secs]
2015-03-20T11:16:09.379+0100: 21.562: 2015-03-20T11:16:09.379+0100: [GC concurrent-mark-start]
21.562: [GC pause (G1 Humongous Allocation) (young) 960M->960M(1024M), 0.0003182 secs]
2015-03-20T11:16:09.379+0100: 21.563: Total time for which application threads were stopped: 0.0003783 seconds
2015-03-20T11:16:09.379+0100: 21.563: [Full GC (Allocation Failure)  960M->282K(1024M), 0.0043971 secs]
2015-03-20T11:16:09.379+0100: 21.567: Total time for which application threads were stopped: 0.0045183 seconds
2015-03-20T11:16:09.379+0100: 21.572: Total time for which application threads were stopped: 0.0048350 seconds
2015-03-20T11:16:09.379+0100: 21.572: [GC concurrent-mark-abort]
2015-03-20T11:16:09.395+0100: 21.581: Total time for which application threads were stopped: 0.0090292 seconds
2015-03-20T11:16:09.411+0100: 21.599: [GC pause (G1 Humongous Allocation) (young) (initial-mark) 513M->512M(1024M), 0.0006959 secs]
2015-03-20T11:16:09.411+0100: 2015-03-20T11:16:09.411+0100: 21.599: [GC concurrent-root-region-scan-start]
21.599: Total time for which application threads were stopped: 0.0071041 seconds
2015-03-20T11:16:09.411+0100: 21.599: [GC concurrent-root-region-scan-end, 0.0000635 secs]
2015-03-20T11:16:09.411+0100: 21.599: [GC concurrent-mark-start]
2015-03-20T11:16:09.411+0100: 21.600: [GC concurrent-mark-end, 0.0008044 secs]
2015-03-20T11:16:09.426+0100: 21.612: [GC remark, 0.0013015 secs]
2015-03-20T11:16:09.426+0100: 21.613: Total time for which application threads were stopped: 0.0126600 seconds
2015-03-20T11:16:09.426+0100: 21.613: [GC cleanup 769M->385M(1024M), 0.0006309 secs]
2015-03-20T11:16:09.426+0100: 21.614: Total time for which application threads were stopped: 0.0006793 seconds
2015-03-20T11:16:09.426+0100: 21.614: [GC concurrent-cleanup-start]
2015-03-20T11:16:09.426+0100: 21.614: [GC concurrent-cleanup-end, 0.0003411 secs]
2015-03-20T11:16:09.458+0100: 21.645: [GC pause (G1 Humongous Allocation) (young) 962M->960M(1024M), 0.0004824 secs]
2015-03-20T11:16:09.458+0100: 21.645: Total time for which application threads were stopped: 0.0071794 seconds
2015-03-20T11:16:09.458+0100: 21.645: [Full GC (Allocation Failure)  960M->192M(1024M), 0.0041957 secs]
2015-03-20T11:16:09.458+0100: 21.649: Total time for which application threads were stopped: 0.0043067 seconds
2015-03-20T11:16:09.473+0100: 21.662: [GC pause (G1 Humongous Allocation) (young) (initial-mark) 450M->448M(1024M), 0.0004237 secs]
2015-03-20T11:16:09.473+01002015-03-20T11:16:09.473+0100: : 21.662: 21.662: [GC concurrent-root-region-scan-start]
Total time for which application threads were stopped: 0.0006319 seconds
2015-03-20T11:16:09.473+0100: 21.662: [GC concurrent-root-region-scan-end, 0.0000440 secs]
2015-03-20T11:16:09.473+0100: 21.662: [GC concurrent-mark-start]
2015-03-20T11:16:09.473+0100: 21.663: [GC concurrent-mark-end, 0.0006309 secs]
2015-03-20T11:16:09.489+0100: 21.677: [GC remark, 0.0018459 secs]
2015-03-20T11:16:09.489+0100: 21.679: Total time for which application threads were stopped: 0.0158763 seconds
2015-03-20T11:16:09.489+0100: 21.684: [GC cleanup 770M->514M(1024M), 0.0005733 secs]
2015-03-20T11:16:09.489+0100: 21.684: Total time for which application threads were stopped: 0.0053124 seconds
2015-03-20T11:16:09.489+0100: 21.684: [GC concurrent-cleanup-start]
2015-03-20T11:16:09.489+0100: 21.684: [GC concurrent-cleanup-end, 0.0002092 secs]
2015-03-20T11:16:09.520+0100: 21.710: [GC pause (G1 Humongous Allocation) (young) 962M->960M(1024M), 0.0004980 secs]
2015-03-20T11:16:09.520+0100: 21.710: Total time for which application threads were stopped: 0.0054600 seconds
2015-03-20T11:16:09.520+0100: 21.710: [Full GC (Allocation Failure)  960M->192M(1024M), 0.0042270 secs]
2015-03-20T11:16:09.520+0100: 21.715: Total time for which application threads were stopped: 0.0043404 seconds
2015-03-20T11:16:09.536+0100: 21.729: [GC pause (G1 Humongous Allocation) (young) (initial-mark) 450M->448M(1024M), 0.0005840 secs]
2015-03-20T11:16:09.536+0100: 21.730: Total time for which application threads were stopped: 0.0055075 seconds
2015-03-20T11:16:09.536+0100: 21.730: [GC concurrent-root-region-scan-start]
2015-03-20T11:16:09.536+0100: 21.730: [GC concurrent-root-region-scan-end, 0.0000327 secs]
2015-03-20T11:16:09.536+0100: 21.730: [GC concurrent-mark-start]
2015-03-20T11:16:09.536+0100: 21.730: [GC concurrent-mark-end, 0.0006246 secs]
2015-03-20T11:16:09.551+0100: 21.744: [GC remark, 0.0017066 secs]
2015-03-20T11:16:09.551+0100: 21.745: Total time for which application threads were stopped: 0.0149746 seconds
2015-03-20T11:16:09.551+0100: 21.745: [GC cleanup 705M->449M(1024M), 0.0004926 secs]
2015-03-20T11:16:09.551+0100: 21.746: Total time for which application threads were stopped: 0.0005254 seconds
2015-03-20T11:16:09.551+0100: 21.746: [GC concurrent-cleanup-start]
2015-03-20T11:16:09.551+0100: 21.746: [GC concurrent-cleanup-end, 0.0001979 secs]
2015-03-20T11:16:09.583+0100: 21.774: [GC pause (G1 Humongous Allocation) (young) 962M->960M(1024M), 0.0005474 secs]
2015-03-20T11:16:09.583+0100: 21.775: Total time for which application threads were stopped: 0.0057626 seconds
2015-03-20T11:16:09.583+0100: 21.775: [Full GC (Allocation Failure)  960M->282K(1024M), 0.0045368 secs]
2015-03-20T11:16:09.583+0100: 21.779: Total time for which application threads were stopped: 0.0046727 seconds
2015-03-20T11:16:09.614+0100: 21.804: [GC pause (G1 Humongous Allocation) (young) (initial-mark) 514M->512M(1024M), 0.0006666 secs]
2015-03-20T11:16:09.614+0100: 21.804: Total time for which application threads were stopped: 0.0009789 seconds
2015-03-20T11:16:09.614+0100: 21.805: [GC concurrent-root-region-scan-start]
2015-03-20T11:16:09.614+0100: 21.805: [GC concurrent-root-region-scan-end, 0.0000479 secs]
2015-03-20T11:16:09.614+0100: 21.805: [GC concurrent-mark-start]
2015-03-20T11:16:09.614+0100: 21.805: [GC concurrent-mark-end, 0.0007243 secs]
2015-03-20T11:16:09.629+0100: 21.820: [GC remark, 0.0013728 secs]
2015-03-20T11:16:09.629+0100: 21.821: Total time for which application threads were stopped: 0.0156373 seconds
2015-03-20T11:16:09.629+0100: 21.827: [GC cleanup 898M->578M(1024M), 0.0005699 secs]
2015-03-20T11:16:09.645+0100: 21.828: Total time for which application threads were stopped: 0.0064952 seconds
2015-03-20T11:16:09.645+0100: 21.828: [GC concurrent-cleanup-start]
2015-03-20T11:16:09.645+0100: 21.828: [GC concurrent-cleanup-end, 0.0003172 secs]
2015-03-20T11:16:09.661+0100: 21.849: [GC pause (G1 Humongous Allocation) (young) 962M->960M(1024M), 0.0085048 secs]
2015-03-20T11:16:09.661+0100: 21.858: Total time for which application threads were stopped: 0.0095531 seconds
2015-03-20T11:16:09.661+0100: 21.858: [Full GC (Allocation Failure)  960M->282K(1024M), 0.0054190 secs]
2015-03-20T11:16:09.676+0100: 21.863: Total time for which application threads were stopped: 0.0055593 seconds
2015-03-20T11:16:09.708+0100: 21.895: [GC pause (G1 Humongous Allocation) (young) (initial-mark) 450M->448M(1024M), 0.0268892 secs]
2015-03-20T11:16:09.739+0100: 21.922: [GC concurrent-root-region-scan-start]
2015-03-20T11:16:09.739+0100: 21.922: Total time for which application threads were stopped: 0.0317975 seconds
2015-03-20T11:16:09.739+0100: 21.922: [GC concurrent-root-region-scan-end, 0.0000264 secs]
2015-03-20T11:16:09.739+0100: 21.922: [GC concurrent-mark-start]
2015-03-20T11:16:09.754+0100: 21.936: Total time for which application threads were stopped: 0.0146715 seconds
2015-03-20T11:16:09.770+0100: 21.959: [GC concurrent-mark-end, 0.0372658 secs]
2015-03-20T11:16:09.786+0100: 21.974: [GC remark, 0.0011060 secs]
2015-03-20T11:16:09.786+0100: 21.975: Total time for which application threads were stopped: 0.0156475 seconds
2015-03-20T11:16:09.786+0100: 21.980: [GC cleanup 833M->513M(1024M), 0.0003514 secs]
2015-03-20T11:16:09.786+0100: 21.980: Total time for which application threads were stopped: 0.0051087 seconds
2015-03-20T11:16:09.786+0100: 21.980: [GC concurrent-cleanup-start]
2015-03-20T11:16:09.786+0100: 21.980: [GC concurrent-cleanup-end, 0.0002649 secs]
2015-03-20T11:16:09.864+0100: 22.046: [GC pause (G1 Humongous Allocation) (young) 961M->960M(1024M), 0.0352186 secs]
2015-03-20T11:16:09.895+0100: 22.081: Total time for which application threads were stopped: 0.0355387 seconds
2015-03-20T11:16:09.895+0100: 22.081: [Full GC (Allocation Failure)  961M->64M(1024M), 0.0045637 secs]
2015-03-20T11:16:09.895+0100: 22.086: Total time for which application threads were stopped: 0.0046967 seconds
2015-03-20T11:16:09.895+0100: 22.092: [GC pause (G1 Humongous Allocation) (young) (initial-mark) 192M->192M(1024M), 0.0003318 secs]
2015-03-20T11:16:09.895+0100: 2015-03-20T11:16:09.895+0100: 22.092: 22.092: [GC concurrent-root-region-scan-start]
Total time for which application threads were stopped: 0.0062645 seconds
2015-03-20T11:16:09.895+0100: 22.092: [GC concurrent-root-region-scan-end, 0.0000235 secs]
2015-03-20T11:16:09.895+0100: 22.092: [GC concurrent-mark-start]
2015-03-20T11:16:09.911+0100: 22.108: [GC concurrent-mark-end, 0.0152199 secs]
2015-03-20T11:16:09.926+0100: 22.123: [GC remark, 0.0010493 secs]
2015-03-20T11:16:09.926+0100: 22.124: Total time for which application threads were stopped: 0.0159281 seconds
2015-03-20T11:16:09.958+0100: 22.140: [GC cleanup 513M->449M(1024M), 0.0003353 secs]
2015-03-20T11:16:09.958+0100: 22.140: Total time for which application threads were stopped: 0.0161499 seconds
2015-03-20T11:16:09.958+0100: 22.140: [GC concurrent-cleanup-start]
2015-03-20T11:16:09.958+0100: 22.140: [GC concurrent-cleanup-end, 0.0000533 secs]
2015-03-20T11:16:10.020+0100: 22.212: [GC pause (G1 Humongous Allocation) (young) 961M->960M(1024M), 0.0238875 secs]
2015-03-20T11:16:10.051+0100: 22.236: Total time for which application threads were stopped: 0.0267783 seconds
2015-03-20T11:16:10.051+0100: 22.236: [Full GC (Allocation Failure)  960M->282K(1024M), 0.0067615 secs]
2015-03-20T11:16:10.051+0100: 22.243: Total time for which application threads were stopped: 0.0068959 seconds
2015-03-20T11:16:10.098+0100: 22.284: [GC pause (G1 Humongous Allocation) (young) (initial-mark) 450M->448M(1024M), 0.0240297 secs]
2015-03-20T11:16:10.114+0100: 22.308: [GC concurrent-root-region-scan-start]
2015-03-20T11:16:10.114+0100: 22.308: Total time for which application threads were stopped: 0.0287034 seconds
2015-03-20T11:16:10.114+0100: 22.308: [GC concurrent-root-region-scan-end, 0.0000244 secs]
2015-03-20T11:16:10.114+0100: 22.308: [GC concurrent-mark-start]
2015-03-20T11:16:10.129+0100: 22.313: Total time for which application threads were stopped: 0.0047216 seconds
2015-03-20T11:16:10.129+0100: 22.321: [GC concurrent-mark-end, 0.0054425 secs]
2015-03-20T11:16:10.145+0100: 22.327: Total time for which application threads were stopped: 0.0055949 seconds
2015-03-20T11:16:10.161+0100: 22.355: [GC remark, 0.0019427 secs]
2015-03-20T11:16:10.161+0100: 22.357: Total time for which application threads were stopped: 0.0146789 seconds
2015-03-20T11:16:10.192+0100: 22.374: [GC cleanup 961M->577M(1024M), 0.0003871 secs]
2015-03-20T11:16:10.192+0100: 22.374: Total time for which application threads were stopped: 0.0098698 seconds
2015-03-20T11:16:10.192+0100: 22.374: [GC concurrent-cleanup-start]
2015-03-20T11:16:10.192+0100: 22.375: [GC concurrent-cleanup-end, 0.0003250 secs]
2015-03-20T11:16:10.254+0100: 22.438: [GC pause (G1 Humongous Allocation) (young) 961M->960M(1024M), 0.0261908 secs]
2015-03-20T11:16:10.270+0100: 22.464: Total time for which application threads were stopped: 0.0291285 seconds
2015-03-20T11:16:10.270+0100: 22.464: [Full GC (Allocation Failure)  960M->128M(1024M), 0.0051947 secs]
2015-03-20T11:16:10.286+0100: 22.469: Total time for which application threads were stopped: 0.0053247 seconds
2015-03-20T11:16:10.301+0100: 22.493: [GC pause (G1 Humongous Allocation) (young) (initial-mark) 450M->448M(1024M), 0.0081466 secs]
2015-03-20T11:16:10.317+0100: 2015-03-20T11:16:10.317+0100: 22.502: [GC concurrent-root-region-scan-start]
22.502: Total time for which application threads were stopped: 0.0127533 seconds
2015-03-20T11:16:10.317+0100: 22.502: [GC concurrent-root-region-scan-end, 0.0000225 secs]
2015-03-20T11:16:10.317+0100: 22.502: [GC concurrent-mark-start]
2015-03-20T11:16:10.317+0100: 22.503: [GC concurrent-mark-end, 0.0010434 secs]
2015-03-20T11:16:10.333+0100: 22.515: [GC remark, 0.0016319 secs]
2015-03-20T11:16:10.333+0100: 22.516: Total time for which application threads were stopped: 0.0135690 seconds
2015-03-20T11:16:10.364+0100: 22.554: [GC cleanup 706M->450M(1024M), 0.0003939 secs]
2015-03-20T11:16:10.364+0100: 22.555: Total time for which application threads were stopped: 0.0093327 seconds
2015-03-20T11:16:10.364+0100: 22.555: [GC concurrent-cleanup-start]
2015-03-20T11:16:10.364+0100: 22.555: [GC concurrent-cleanup-end, 0.0002136 secs]
2015-03-20T11:16:10.411+0100: 22.604: [GC pause (G1 Humongous Allocation) (young) 962M->960M(1024M), 0.0315326 secs]
2015-03-20T11:16:10.442+0100: 22.635: Total time for which application threads were stopped: 0.0336238 seconds
2015-03-20T11:16:10.442+0100: 22.636: [Full GC (Allocation Failure)  960M->282K(1024M), 0.0069067 secs]
2015-03-20T11:16:10.458+0100: 22.643: Total time for which application threads were stopped: 0.0070386 seconds
2015-03-20T11:16:10.504+0100: 22.686: [GC pause (G1 Humongous Allocation) (young) (initial-mark) 514M->512M(1024M), 0.0419092 secs]
2015-03-20T11:16:10.536+0100: 22.728: [GC concurrent-root-region-scan-start]
2015-03-20T11:16:10.536+0100: 22.728: Total time for which application threads were stopped: 0.0516749 seconds
2015-03-20T11:16:10.536+0100: 22.728: [GC concurrent-root-region-scan-end, 0.0000239 secs]
2015-03-20T11:16:10.536+0100: 22.728: [GC concurrent-mark-start]
2015-03-20T11:16:10.536+0100: 22.729: [GC concurrent-mark-end, 0.0007898 secs]
2015-03-20T11:16:10.551+0100: 22.738: [GC remark, 0.0010586 secs]
2015-03-20T11:16:10.551+0100: 22.739: Total time for which application threads were stopped: 0.0096836 seconds
2015-03-20T11:16:10.583+0100: 22.765: [GC cleanup 770M->450M(1024M), 0.0004296 secs]
2015-03-20T11:16:10.583+0100: 22.765: Total time for which application threads were stopped: 0.0159408 seconds
2015-03-20T11:16:10.583+0100: 22.765: [GC concurrent-cleanup-start]
2015-03-20T11:16:10.583+0100: 22.765: [GC concurrent-cleanup-end, 0.0002615 secs]
2015-03-20T11:16:10.645+0100: 22.827: [GC pause (G1 Humongous Allocation) (young) 962M->960M(1024M), 0.0380537 secs]
2015-03-20T11:16:10.676+0100: 22.865: Total time for which application threads were stopped: 0.0500631 seconds
2015-03-20T11:16:10.676+0100: 22.865: [Full GC (Allocation Failure)  960M->64M(1024M), 0.0059551 secs]
2015-03-20T11:16:10.676+0100: 22.871: Total time for which application threads were stopped: 0.0060876 seconds
2015-03-20T11:16:10.708+0100: 22.890: [GC pause (G1 Humongous Allocation) (young) (initial-mark) 450M->448M(1024M), 0.0307506 secs]
2015-03-20T11:16:10.723+0100: 22.920: [GC concurrent-root-region-scan-start]
2015-03-20T11:16:10.723+0100: 22.920: Total time for which application threads were stopped: 0.0368763 seconds
2015-03-20T11:16:10.723+0100: 22.921: [GC concurrent-root-region-scan-end, 0.0000239 secs]
2015-03-20T11:16:10.723+0100: 22.921: [GC concurrent-mark-start]
2015-03-20T11:16:10.754+0100: 22.936: Total time for which application threads were stopped: 0.0159066 seconds
2015-03-20T11:16:10.754+0100: 22.952: [GC concurrent-mark-end, 0.0310835 secs]
2015-03-20T11:16:10.770+0100: 22.958: [GC remark, 0.0025428 secs]
2015-03-20T11:16:10.770+0100: 22.960: Total time for which application threads were stopped: 0.0084359 seconds
2015-03-20T11:16:10.786+0100: 22.971: [GC cleanup 769M->449M(1024M), 0.0003807 secs]
2015-03-20T11:16:10.786+0100: 22.972: Total time for which application threads were stopped: 0.0030467 seconds
2015-03-20T11:16:10.786+0100: 22.972: [GC concurrent-cleanup-start]
2015-03-20T11:16:10.786+0100: 22.972: [GC concurrent-cleanup-end, 0.0003118 secs]
2015-03-20T11:16:10.848+0100: 23.030: [GC pause (G1 Humongous Allocation) (young) 962M->960M(1024M), 0.0432728 secs]
2015-03-20T11:16:10.879+0100: 23.074: Total time for which application threads were stopped: 0.0453156 seconds
2015-03-20T11:16:10.879+0100: 23.074: [Full GC (Allocation Failure)  960M->128M(1024M), 0.0044191 secs]
2015-03-20T11:16:10.895+0100: 23.078: Total time for which application threads were stopped: 0.0045461 seconds
2015-03-20T11:16:10.895+0100: 23.087: [GC pause (G1 Humongous Allocation) (young) (initial-mark) 321M->320M(1024M), 0.0003343 secs]
2015-03-20T11:16:10.895+01002015-03-20T11:16:10.895+0100: : 23.08823.088: : [GC concurrent-root-region-scan-start]
Total time for which application threads were stopped: 0.0092501 seconds
2015-03-20T11:16:10.895+0100: 23.088: [GC concurrent-root-region-scan-end, 0.0000195 secs]
2015-03-20T11:16:10.895+0100: 23.088: [GC concurrent-mark-start]
2015-03-20T11:16:10.895+0100: 23.088: [GC concurrent-mark-end, 0.0006182 secs]
2015-03-20T11:16:10.911+0100: 23.093: [GC remark, 0.0016377 secs]
2015-03-20T11:16:10.912+0100: 23.094: Total time for which application threads were stopped: 0.0061956 seconds
2015-03-20T11:16:10.950+0100: 23.132: [GC cleanup 578M->450M(1024M), 0.0003665 secs]
2015-03-20T11:16:10.950+0100: 23.133: Total time for which application threads were stopped: 0.0159716 seconds
2015-03-20T11:16:10.950+0100: 23.133: [GC concurrent-cleanup-start]
2015-03-20T11:16:10.950+0100: 23.140: [GC concurrent-cleanup-end, 0.0075034 secs]
2015-03-20T11:16:11.013+0100: 23.206: [GC pause (G1 Humongous Allocation) (young) 962M->960M(1024M), 0.0313263 secs]
2015-03-20T11:16:11.044+0100: 23.238: Total time for which application threads were stopped: 0.0368001 seconds
2015-03-20T11:16:11.044+0100: 23.238: [Full GC (Allocation Failure)  960M->282K(1024M), 0.0068690 secs]
2015-03-20T11:16:11.060+0100: 23.245: Total time for which application threads were stopped: 0.0070020 seconds
2015-03-20T11:16:11.122+0100: 23.304: [GC pause (G1 Humongous Allocation) (young) (initial-mark) 450M->448M(1024M), 0.0308855 secs]
2015-03-20T11:16:11.138+0100: 23.335: [GC concurrent-root-region-scan-start]
2015-03-20T11:16:11.138+0100: 23.335: Total time for which application threads were stopped: 0.0390687 seconds
2015-03-20T11:16:11.138+0100: 23.335: [GC concurrent-root-region-scan-end, 0.0000235 secs]
2015-03-20T11:16:11.138+0100: 23.335: [GC concurrent-mark-start]
2015-03-20T11:16:11.153+0100: 23.336: [GC concurrent-mark-end, 0.0008528 secs]
2015-03-20T11:16:11.153+0100: 23.347: [GC remark, 0.0016250 secs]
2015-03-20T11:16:11.153+0100: 23.349: Total time for which application threads were stopped: 0.0129693 seconds
2015-03-20T11:16:11.169+0100: 23.354: [GC cleanup 770M->514M(1024M), 0.0003265 secs]
2015-03-20T11:16:11.169+0100: 23.354: Total time for which application threads were stopped: 0.0051741 seconds
2015-03-20T11:16:11.169+0100: 23.354: [GC concurrent-cleanup-start]
2015-03-20T11:16:11.169+0100: 23.355: [GC concurrent-cleanup-end, 0.0001945 secs]
2015-03-20T11:16:11.247+0100: 23.429: [GC pause (G1 Humongous Allocation) (young) 962M->960M(1024M), 0.0375337 secs]
2015-03-20T11:16:11.279+0100: 23.467: Total time for which application threads were stopped: 0.0477979 seconds
2015-03-20T11:16:11.279+0100: 23.467: [Full GC (Allocation Failure)  960M->64M(1024M), 0.0060025 secs]
2015-03-20T11:16:11.279+0100: 23.473: Total time for which application threads were stopped: 0.0061423 seconds
2015-03-20T11:16:11.325+0100: 23.507: [GC pause (G1 Humongous Allocation) (young) (initial-mark) 450M->448M(1024M), 0.0349503 secs]
2015-03-20T11:16:11.357+0100: 23.542: [GC concurrent-root-region-scan-start]
2015-03-20T11:16:11.357+0100: 23.542: Total time for which application threads were stopped: 0.0517365 seconds
2015-03-20T11:16:11.357+0100: 23.542: [GC concurrent-root-region-scan-end, 0.0000249 secs]
2015-03-20T11:16:11.357+0100: 23.542: [GC concurrent-mark-start]
2015-03-20T11:16:11.372+0100: 23.554: Total time for which application threads were stopped: 0.0117304 seconds
2015-03-20T11:16:11.388+0100: 23.571: [GC concurrent-mark-end, 0.0286892 secs]
2015-03-20T11:16:11.404+0100: 23.586: [GC remark, 0.0025243 secs]
2015-03-20T11:16:11.404+0100: 23.588: Total time for which application threads were stopped: 0.0168317 seconds
2015-03-20T11:16:11.435+0100: 23.618: [GC cleanup 961M->641M(1024M), 0.0003763 secs]
2015-03-20T11:16:11.435+0100: 23.618: Total time for which application threads were stopped: 0.0054322 seconds
2015-03-20T11:16:11.435+0100: 23.618: [GC concurrent-cleanup-start]
2015-03-20T11:16:11.435+0100: 23.619: [GC concurrent-cleanup-end, 0.0002654 secs]
2015-03-20T11:16:11.497+0100: 23.681: [GC pause (G1 Humongous Allocation) (young) 962M->960M(1024M), 0.0340290 secs]
2015-03-20T11:16:11.529+0100: 23.715: Total time for which application threads were stopped: 0.0343613 seconds
2015-03-20T11:16:11.529+0100: 23.715: [Full GC (Allocation Failure)  961M->64M(1024M), 0.0044406 secs]
2015-03-20T11:16:11.529+0100: 23.720: Total time for which application threads were stopped: 0.0045696 seconds
2015-03-20T11:16:11.529+0100: 23.726: [GC pause (G1 Humongous Allocation) (young) (initial-mark) 192M->192M(1024M), 0.0003446 secs]
2015-03-20T11:16:11.529+0100: 2015-03-20T11:16:11.529+0100: 23.726: 23.726: Total time for which application threads were stopped: 0.0062567 seconds
[GC concurrent-root-region-scan-start]
2015-03-20T11:16:11.529+0100: 23.726: [GC concurrent-root-region-scan-end, 0.0000254 secs]
2015-03-20T11:16:11.529+0100: 23.726: [GC concurrent-mark-start]
2015-03-20T11:16:11.544+0100: 23.727: [GC concurrent-mark-end, 0.0005557 secs]
2015-03-20T11:16:11.560+0100: 23.742: [GC remark, 0.0010908 secs]
2015-03-20T11:16:11.560+0100: 23.743: Total time for which application threads were stopped: 0.0163445 seconds
2015-03-20T11:16:11.591+0100: 23.773: [GC cleanup 449M->385M(1024M), 0.0004628 secs]
2015-03-20T11:16:11.591+0100: 23.773: Total time for which application threads were stopped: 0.0140103 seconds
2015-03-20T11:16:11.591+0100: 23.774: [GC concurrent-cleanup-start]
2015-03-20T11:16:11.591+0100: 23.774: [GC concurrent-cleanup-end, 0.0000621 secs]
2015-03-20T11:16:11.700+0100: 23.882: [GC pause (G1 Humongous Allocation) (young) 962M->960M(1024M), 0.0360079 secs]
2015-03-20T11:16:11.732+0100: 23.918: Total time for which application threads were stopped: 0.0413008 seconds
2015-03-20T11:16:11.732+0100: 23.919: [Full GC (Allocation Failure)  961M->282K(1024M), 0.0045574 secs]
2015-03-20T11:16:11.732+0100: 23.923: Total time for which application threads were stopped: 0.0046913 seconds
2015-03-20T11:16:11.810+0100: 23.992: [GC pause (G1 Humongous Allocation) (young) (initial-mark) 449M->448M(1024M), 0.0148245 secs]
2015-03-20T11:16:11.810+0100: 24.007: 2015-03-20T11:16:11.810+0100: [GC concurrent-root-region-scan-start]
24.007: Total time for which application threads were stopped: 0.0226930 seconds
2015-03-20T11:16:11.810+0100: 24.007: [GC concurrent-root-region-scan-end, 0.0000239 secs]
2015-03-20T11:16:11.810+0100: 24.007: [GC concurrent-mark-start]
2015-03-20T11:16:11.841+0100: 24.023: Total time for which application threads were stopped: 0.0162995 seconds
2015-03-20T11:16:11.841+0100: 24.032: [GC concurrent-mark-end, 0.0249661 secs]
2015-03-20T11:16:11.857+0100: 24.039: [GC remark, 0.0011304 secs]
2015-03-20T11:16:11.857+0100: 24.040: Total time for which application threads were stopped: 0.0080669 seconds
2015-03-20T11:16:11.872+0100: 24.054: [GC cleanup 705M->321M(1024M), 0.0004824 secs]
2015-03-20T11:16:11.872+0100: 24.055: Total time for which application threads were stopped: 0.0077615 seconds
2015-03-20T11:16:11.872+0100: 24.055: [GC concurrent-cleanup-start]
2015-03-20T11:16:11.872+0100: 24.055: [GC concurrent-cleanup-end, 0.0003309 secs]
2015-03-20T11:16:11.950+0100: 24.133: [GC pause (G1 Humongous Allocation) (young) 962M->960M(1024M), 0.0335080 secs]
2015-03-20T11:16:11.982+0100: 24.166: Total time for which application threads were stopped: 0.0366041 seconds
2015-03-20T11:16:11.982+0100: 24.166: [Full GC (Allocation Failure)  960M->128M(1024M), 0.0051258 secs]
2015-03-20T11:16:11.982+0100: 24.171: Total time for which application threads were stopped: 0.0052548 seconds
2015-03-20T11:16:12.013+0100: 24.195: [GC pause (G1 Humongous Allocation) (young) (initial-mark) 450M->448M(1024M), 0.0229579 secs]
2015-03-20T11:16:12.029+0100: 24.218: 2015-03-20T11:16:12.029+0100[GC concurrent-root-region-scan-start]
: 24.218: Total time for which application threads were stopped: 0.0342201 seconds
2015-03-20T11:16:12.029+0100: 24.218: [GC concurrent-root-region-scan-end, 0.0000244 secs]
2015-03-20T11:16:12.029+0100: 24.218: [GC concurrent-mark-start]
2015-03-20T11:16:12.029+0100: 24.223: Total time for which application threads were stopped: 0.0047167 seconds
2015-03-20T11:16:12.029+0100: 24.223: [GC concurrent-mark-end, 0.0053858 secs]
2015-03-20T11:16:12.044+0100: 24.228: [GC remark, 0.0010840 secs]
2015-03-20T11:16:12.044+0100: 24.229: Total time for which application threads were stopped: 0.0055500 seconds
2015-03-20T11:16:12.075+0100: 24.259: [GC cleanup 770M->450M(1024M), 0.0004438 secs]
2015-03-20T11:16:12.075+0100: 24.260: Total time for which application threads were stopped: 0.0054102 seconds
2015-03-20T11:16:12.075+0100: 24.260: [GC concurrent-cleanup-start]
2015-03-20T11:16:12.075+0100: 24.260: [GC concurrent-cleanup-end, 0.0002605 secs]
2015-03-20T11:16:12.169+0100: 24.351: [GC pause (G1 Humongous Allocation) (young) 962M->960M(1024M), 0.0408770 secs]
2015-03-20T11:16:12.200+0100: 24.392: Total time for which application threads were stopped: 0.0532262 seconds
2015-03-20T11:16:12.200+0100: 24.392: [Full GC (Allocation Failure)  960M->128M(1024M), 0.0044704 secs]
2015-03-20T11:16:12.200+0100: 24.397: Total time for which application threads were stopped: 0.0046097 seconds
2015-03-20T11:16:12.216+0100: 24.402: [GC pause (G1 Humongous Allocation) (young) (initial-mark) 192M->192M(1024M), 0.0003402 secs]
2015-03-20T11:16:12.216+0100: 2015-03-20T11:16:12.216+0100: 24.402: 24.402: Total time for which application threads were stopped: 0.0051404 seconds
[GC concurrent-root-region-scan-start]
2015-03-20T11:16:12.216+0100: 24.402: [GC concurrent-root-region-scan-end, 0.0000083 secs]
2015-03-20T11:16:12.216+0100: 24.402: [GC concurrent-mark-start]
2015-03-20T11:16:12.216+0100: 24.402: [GC concurrent-mark-end, 0.0004345 secs]
2015-03-20T11:16:12.232+0100: 24.414: [GC remark, 0.0011260 secs]
2015-03-20T11:16:12.232+0100: 24.415: Total time for which application threads were stopped: 0.0125578 seconds
2015-03-20T11:16:12.247+0100: 24.429: [GC cleanup 514M->514M(1024M), 0.0003431 secs]
2015-03-20T11:16:12.247+0100: 24.430: Total time for which application threads were stopped: 0.0049058 seconds
2015-03-20T11:16:12.325+0100: 24.507: [GC pause (G1 Humongous Allocation) (young) 962M->960M(1024M), 0.0525849 secs]
2015-03-20T11:16:12.372+0100: 24.560: Total time for which application threads were stopped: 0.0591637 seconds
2015-03-20T11:16:12.372+0100: 24.560: [Full GC (Allocation Failure)  960M->192M(1024M), 0.0043834 secs]
2015-03-20T11:16:12.372+0100: 24.565: Total time for which application threads were stopped: 0.0045339 seconds
2015-03-20T11:16:12.404+0100: 24.586: [GC pause (G1 Humongous Allocation) (young) (initial-mark) 449M->448M(1024M), 0.0148851 secs]
2015-03-20T11:16:12.404+0100: 24.6002015-03-20T11:16:12.404+0100: : [GC concurrent-root-region-scan-start]
24.600: Total time for which application threads were stopped: 0.0245272 seconds
2015-03-20T11:16:12.404+0100: 24.600: [GC concurrent-root-region-scan-end, 0.0000264 secs]
2015-03-20T11:16:12.404+0100: 24.600: [GC concurrent-mark-start]
2015-03-20T11:16:12.435+0100: 24.617: Total time for which application threads were stopped: 0.0162198 seconds
2015-03-20T11:16:12.450+0100: 24.634: [GC concurrent-mark-end, 0.0318654 secs]
2015-03-20T11:16:12.466+0100: 24.648: [GC remark, 0.0028014 secs]
2015-03-20T11:16:12.466+0100: 24.651: Total time for which application threads were stopped: 0.0165854 seconds
2015-03-20T11:16:12.497+0100: 24.683: [GC cleanup 833M->513M(1024M), 0.0004296 secs]
2015-03-20T11:16:12.497+0100: 24.683: Total time for which application threads were stopped: 0.0101020 seconds
2015-03-20T11:16:12.497+0100: 24.683: [GC concurrent-cleanup-start]
2015-03-20T11:16:12.497+0100: 24.684: [GC concurrent-cleanup-end, 0.0003059 secs]
2015-03-20T11:16:12.544+0100: 24.733: [GC pause (G1 Humongous Allocation) (young) 962M->960M(1024M), 0.0246758 secs]
2015-03-20T11:16:12.575+0100: 24.758: Total time for which application threads were stopped: 0.0309916 seconds
2015-03-20T11:16:12.575+0100: 24.758: [Full GC (Allocation Failure)  960M->282K(1024M), 0.0077898 secs]
2015-03-20T11:16:12.575+0100: 24.766: Total time for which application threads were stopped: 0.0079423 seconds
2015-03-20T11:16:12.654+0100: 24.836: [GC pause (G1 Humongous Allocation) (young) (initial-mark) 450M->448M(1024M), 0.0291017 secs]
2015-03-20T11:16:12.669+0100: 24.865: [GC concurrent-root-region-scan-start]
2015-03-20T11:16:12.669+0100: 24.865: Total time for which application threads were stopped: 0.0356071 seconds
2015-03-20T11:16:12.669+0100: 24.865: [GC concurrent-root-region-scan-end, 0.0000352 secs]
2015-03-20T11:16:12.669+0100: 24.865: [GC concurrent-mark-start]
2015-03-20T11:16:12.669+0100: 24.866: [GC concurrent-mark-end, 0.0008220 secs]
2015-03-20T11:16:12.685+0100: 24.881: [GC remark, 0.0017154 secs]
2015-03-20T11:16:12.700+0100: 24.883: Total time for which application threads were stopped: 0.0168865 seconds
2015-03-20T11:16:12.716+0100: 24.898: [GC cleanup 770M->514M(1024M), 0.0004042 secs]
2015-03-20T11:16:12.716+0100: 24.898: Total time for which application threads were stopped: 0.0159080 seconds
2015-03-20T11:16:12.716+0100: 24.899: [GC concurrent-cleanup-start]
2015-03-20T11:16:12.716+0100: 24.899: [GC concurrent-cleanup-end, 0.0002018 secs]
2015-03-20T11:16:12.810+0100: 24.992: [GC pause (G1 Humongous Allocation) (young) 962M->960M(1024M), 0.0475560 secs]
2015-03-20T11:16:12.857+0100: 25.039: Total time for which application threads were stopped: 0.0637455 seconds
2015-03-20T11:16:12.857+0100: 25.040: [Full GC (Allocation Failure)  960M->128M(1024M), 0.0043609 secs]
2015-03-20T11:16:12.857+0100: 25.044: Total time for which application threads were stopped: 0.0044870 seconds
2015-03-20T11:16:12.857+0100: 25.053: [GC pause (G1 Humongous Allocation) (young) (initial-mark) 321M->320M(1024M), 0.0003162 secs]
2015-03-20T11:16:12.857+0100: 2015-03-20T11:16:12.857+0100: 25.053: [GC concurrent-root-region-scan-start]
25.053: Total time for which application threads were stopped: 0.0092530 seconds
2015-03-20T11:16:12.857+0100: 25.053: [GC concurrent-root-region-scan-end, 0.0000225 secs]
2015-03-20T11:16:12.857+0100: 25.053: [GC concurrent-mark-start]
2015-03-20T11:16:12.857+0100: 25.054: [GC concurrent-mark-end, 0.0006358 secs]
2015-03-20T11:16:12.888+0100: 25.070: [GC remark, 0.0010840 secs]
2015-03-20T11:16:12.888+0100: 25.071: Total time for which application threads were stopped: 0.0170096 seconds
2015-03-20T11:16:12.919+0100: 25.102: [GC cleanup 642M->514M(1024M), 0.0003626 secs]
2015-03-20T11:16:12.919+0100: 25.103: Total time for which application threads were stopped: 0.0065313 seconds
2015-03-20T11:16:12.919+0100: 25.103: [GC concurrent-cleanup-start]
2015-03-20T11:16:12.919+0100: 25.103: [GC concurrent-cleanup-end, 0.0000973 secs]
2015-03-20T11:16:12.982+0100: 25.176: [GC pause (G1 Humongous Allocation) (young) 962M->960M(1024M), 0.0323062 secs]
2015-03-20T11:16:13.013+0100: 25.208: Total time for which application threads were stopped: 0.0358593 seconds
2015-03-20T11:16:13.013+0100: 25.208: [Full GC (Allocation Failure)  960M->64M(1024M), 0.0060011 secs]
2015-03-20T11:16:13.029+0100: 25.214: Total time for which application threads were stopped: 0.0061360 seconds
2015-03-20T11:16:13.060+0100: 25.242: [GC pause (G1 Humongous Allocation) (young) (initial-mark) 450M->448M(1024M), 0.0305810 secs]
2015-03-20T11:16:13.075+0100: 25.272: [GC concurrent-root-region-scan-start]
2015-03-20T11:16:13.075+0100: 25.272: Total time for which application threads were stopped: 0.0455620 seconds
2015-03-20T11:16:13.075+0100: 25.273: [GC concurrent-root-region-scan-end, 0.0000254 secs]
2015-03-20T11:16:13.075+0100: 25.273: [GC concurrent-mark-start]
2015-03-20T11:16:13.107+0100: 25.289: Total time for which application threads were stopped: 0.0161451 seconds
2015-03-20T11:16:13.107+0100: 25.304: [GC concurrent-mark-end, 0.0314568 secs]
2015-03-20T11:16:13.138+0100: 25.320: [GC remark, 0.0016206 secs]
2015-03-20T11:16:13.138+0100: 25.322: Total time for which application threads were stopped: 0.0175697 seconds
2015-03-20T11:16:13.154+0100: 25.336: [GC cleanup 770M->450M(1024M), 0.0004017 secs]
2015-03-20T11:16:13.154+0100: 25.336: Total time for which application threads were stopped: 0.0044005 seconds
2015-03-20T11:16:13.154+0100: 25.336: [GC concurrent-cleanup-start]
2015-03-20T11:16:13.154+0100: 25.349: [GC concurrent-cleanup-end, 0.0134571 secs]
2015-03-20T11:16:13.247+0100: 25.429: [GC pause (G1 Humongous Allocation) (young) 962M->960M(1024M), 0.0385023 secs]
2015-03-20T11:16:13.279+0100: 25.468: Total time for which application threads were stopped: 0.0539573 seconds
2015-03-20T11:16:13.294+0100: 25.476: [Full GC (Allocation Failure)  961M->64M(1024M), 0.0045158 secs]
2015-03-20T11:16:13.294+0100: 25.481: Total time for which application threads were stopped: 0.0128994 seconds
2015-03-20T11:16:13.294+0100: 25.487: [GC pause (G1 Humongous Allocation) (young) (initial-mark) 192M->192M(1024M), 0.0003450 secs]
2015-03-20T11:16:13.294+01002015-03-20T11:16:13.294+0100: : 25.487: 25.487: [GC concurrent-root-region-scan-start]
Total time for which application threads were stopped: 0.0062787 seconds
2015-03-20T11:16:13.294+0100: 25.487: [GC concurrent-root-region-scan-end, 0.0000230 secs]
2015-03-20T11:16:13.294+0100: 25.487: [GC concurrent-mark-start]
2015-03-20T11:16:13.294+0100: 25.488: [GC concurrent-mark-end, 0.0006217 secs]
2015-03-20T11:16:13.310+0100: 25.494: [GC remark, 0.0010664 secs]
2015-03-20T11:16:13.310+0100: 25.495: Total time for which application threads were stopped: 0.0071041 seconds
2015-03-20T11:16:13.325+0100: 25.515: [GC cleanup 385M->321M(1024M), 0.0003709 secs]
2015-03-20T11:16:13.325+0100: 25.515: Total time for which application threads were stopped: 0.0052103 seconds
2015-03-20T11:16:13.325+0100: 25.515: [GC concurrent-cleanup-start]
2015-03-20T11:16:13.325+0100: 25.515: [GC concurrent-cleanup-end, 0.0000645 secs]
2015-03-20T11:16:13.450+0100: 25.633: [GC pause (G1 Humongous Allocation) (young) 962M->960M(1024M), 0.0309305 secs]
2015-03-20T11:16:13.466+0100: 25.663: Total time for which application threads were stopped: 0.0423241 seconds
2015-03-20T11:16:13.466+0100: 25.664: [Full GC (Allocation Failure)  960M->192M(1024M), 0.0043526 secs]
2015-03-20T11:16:13.482+0100: 25.668: Total time for which application threads were stopped: 0.0044738 seconds
2015-03-20T11:16:13.529+0100: 25.711: [GC pause (G1 Humongous Allocation) (young) (initial-mark) 514M->512M(1024M), 0.0244192 secs]
2015-03-20T11:16:13.544+0100: 25.735: [GC concurrent-root-region-scan-start]
2015-03-20T11:16:13.544+0100: 25.735: Total time for which application threads were stopped: 0.0273354 seconds
2015-03-20T11:16:13.544+0100: 25.735: [GC concurrent-root-region-scan-end, 0.0000225 secs]
2015-03-20T11:16:13.544+0100: 25.735: [GC concurrent-mark-start]
2015-03-20T11:16:13.544+0100: 25.740: Total time for which application threads were stopped: 0.0048296 seconds
2015-03-20T11:16:13.544+0100: 25.741: [GC concurrent-mark-end, 0.0055583 secs]
2015-03-20T11:16:13.575+0100: 25.758: [GC remark, 0.0011109 secs]
2015-03-20T11:16:13.575+0100: 25.759: Total time for which application threads were stopped: 0.0179167 seconds
2015-03-20T11:16:13.591+0100: 25.773: [GC cleanup 834M->450M(1024M), 0.0004335 secs]
2015-03-20T11:16:13.591+0100: 25.774: Total time for which application threads were stopped: 0.0065040 seconds
2015-03-20T11:16:13.591+0100: 25.774: [GC concurrent-cleanup-start]
2015-03-20T11:16:13.591+0100: 25.774: [GC concurrent-cleanup-end, 0.0003377 secs]
2015-03-20T11:16:13.685+0100: 25.867: [GC pause (G1 Humongous Allocation) (young) 962M->960M(1024M), 0.0480466 secs]
2015-03-20T11:16:13.732+0100: 25.915: Total time for which application threads were stopped: 0.0627646 seconds
2015-03-20T11:16:13.732+0100: 25.915: [Full GC (Allocation Failure)  960M->192M(1024M), 0.0042739 secs]
2015-03-20T11:16:13.732+0100: 25.919: Total time for which application threads were stopped: 0.0043961 seconds
2015-03-20T11:16:13.763+0100: 25.945: [GC pause (G1 Humongous Allocation) (young) (initial-mark) 450M->448M(1024M), 0.0230214 secs]
2015-03-20T11:16:13.779+0100: 25.968: [GC concurrent-root-region-scan-start]
2015-03-20T11:16:13.779+0100: 25.968: Total time for which application threads were stopped: 0.0364511 seconds
2015-03-20T11:16:13.779+0100: 25.968: [GC concurrent-root-region-scan-end, 0.0000244 secs]
2015-03-20T11:16:13.779+0100: 25.968: [GC concurrent-mark-start]
2015-03-20T11:16:13.794+0100: 25.976: Total time for which application threads were stopped: 0.0080904 seconds
2015-03-20T11:16:13.794+0100: 25.984: [GC concurrent-mark-end, 0.0157150 secs]
2015-03-20T11:16:13.810+0100: 25.992: Total time for which application threads were stopped: 0.0080141 seconds
2015-03-20T11:16:13.826+0100: 26.007: [GC remark, 0.0019789 secs]
2015-03-20T11:16:13.826+0100: 26.009: Total time for which application threads were stopped: 0.0091353 seconds
2015-03-20T11:16:13.857+0100: 26.039: [GC cleanup 833M->449M(1024M), 0.0004530 secs]
2015-03-20T11:16:13.857+0100: 26.039: Total time for which application threads were stopped: 0.0148812 seconds
2015-03-20T11:16:13.857+0100: 26.039: [GC concurrent-cleanup-start]
2015-03-20T11:16:13.857+0100: 26.040: [GC concurrent-cleanup-end, 0.0003318 secs]
2015-03-20T11:16:13.951+0100: 26.133: [GC pause (G1 Humongous Allocation) (young) 962M->960M(1024M), 0.0349239 secs]
2015-03-20T11:16:13.982+0100: 26.168: Total time for which application threads were stopped: 0.0504966 seconds
2015-03-20T11:16:13.982+0100: 26.168: [Full GC (Allocation Failure)  961M->282K(1024M), 0.0053603 secs]
2015-03-20T11:16:13.982+0100: 26.173: Total time for which application threads were stopped: 0.0054996 seconds
2015-03-20T11:16:13.982+0100: 26.179: [GC pause (G1 Humongous Allocation) (young) (initial-mark) 128M->128M(1024M), 0.0004320 secs]
2015-03-20T11:16:13.997+0100: 2015-03-20T11:16:13.997+0100: 26.180: [GC concurrent-root-region-scan-start]
26.180: 2015-03-20T11:16:13.997+0100: Total time for which application threads were stopped: 0.0065020 seconds
26.180: [GC concurrent-root-region-scan-end, 0.0000088 secs]
2015-03-20T11:16:13.997+0100: 26.180: [GC concurrent-mark-start]
2015-03-20T11:16:14.013+0100: 26.195: Total time for which application threads were stopped: 0.0153103 seconds
2015-03-20T11:16:14.013+0100: 26.196: [GC concurrent-mark-end, 0.0167897 secs]
2015-03-20T11:16:14.029+0100: 26.220: [GC remark, 0.0025507 secs]
2015-03-20T11:16:14.029+0100: 26.222: Total time for which application threads were stopped: 0.0118770 seconds
2015-03-20T11:16:14.060+0100: 26.242: [GC cleanup 577M->577M(1024M), 0.0003441 secs]
2015-03-20T11:16:14.060+0100: 26.242: Total time for which application threads were stopped: 0.0121512 seconds
2015-03-20T11:16:14.122+0100: 26.304: [GC pause (G1 Humongous Allocation) (young) 962M->960M(1024M), 0.0498813 secs]
2015-03-20T11:16:14.169+0100: 26.354: Total time for which application threads were stopped: 0.0570495 seconds
2015-03-20T11:16:14.169+0100: 26.354: [Full GC (Allocation Failure)  960M->128M(1024M), 0.0046566 secs]
2015-03-20T11:16:14.169+0100: 26.359: Total time for which application threads were stopped: 0.0047861 seconds
2015-03-20T11:16:14.185+0100: 26.369: [GC pause (G1 Humongous Allocation) (young) (initial-mark) 321M->320M(1024M), 0.0004091 secs]
2015-03-20T11:16:14.185+0100: 26.369: 2015-03-20T11:16:14.185+0100: [GC concurrent-root-region-scan-start]
26.369: Total time for which application threads were stopped: 0.0100155 seconds
2015-03-20T11:16:14.185+0100: 26.369: [GC concurrent-root-region-scan-end, 0.0000249 secs]
2015-03-20T11:16:14.185+0100: 26.369: [GC concurrent-mark-start]
2015-03-20T11:16:14.185+0100: 26.370: [GC concurrent-mark-end, 0.0006725 secs]
2015-03-20T11:16:14.201+0100: 26.383: [GC remark, 0.0017545 secs]
2015-03-20T11:16:14.201+0100: 26.384: Total time for which application threads were stopped: 0.0142424 seconds
2015-03-20T11:16:14.232+0100: 26.415: [GC cleanup 578M->450M(1024M), 0.0003973 secs]
2015-03-20T11:16:14.232+0100: 26.416: Total time for which application threads were stopped: 0.0060920 seconds
2015-03-20T11:16:14.232+0100: 26.416: [GC concurrent-cleanup-start]
2015-03-20T11:16:14.232+0100: 26.416: [GC concurrent-cleanup-end, 0.0000973 secs]
2015-03-20T11:16:14.326+0100: 26.508: [GC pause (G1 Humongous Allocation) (young) 962M->960M(1024M), 0.0387130 secs]
2015-03-20T11:16:14.357+0100: 26.546: Total time for which application threads were stopped: 0.0530996 seconds
2015-03-20T11:16:14.357+0100: 26.546: [Full GC (Allocation Failure)  960M->128M(1024M), 0.0051961 secs]
2015-03-20T11:16:14.357+0100: 26.552: Total time for which application threads were stopped: 0.0053276 seconds
2015-03-20T11:16:14.372+0100: 26.568: [GC pause (G1 Humongous Allocation) (young) (initial-mark) 449M->448M(1024M), 0.0167257 secs]
2015-03-20T11:16:14.388+0100: 26.585: [GC concurrent-root-region-scan-start]
2015-03-20T11:16:14.388+0100: 26.585: Total time for which application threads were stopped: 0.0238962 seconds
2015-03-20T11:16:14.388+0100: 26.585: [GC concurrent-root-region-scan-end, 0.0000264 secs]
2015-03-20T11:16:14.388+0100: 26.585: [GC concurrent-mark-start]
2015-03-20T11:16:14.404+0100: 26.586: [GC concurrent-mark-end, 0.0008953 secs]
2015-03-20T11:16:14.419+0100: 26.601: [GC remark, 0.0016856 secs]
2015-03-20T11:16:14.419+0100: 26.603: Total time for which application threads were stopped: 0.0165443 seconds
2015-03-20T11:16:14.451+0100: 26.634: [GC cleanup 706M->450M(1024M), 0.0003944 secs]
2015-03-20T11:16:14.451+0100: 26.634: Total time for which application threads were stopped: 0.0094549 seconds
2015-03-20T11:16:14.451+0100: 26.634: [GC concurrent-cleanup-start]
2015-03-20T11:16:14.451+0100: 26.634: [GC concurrent-cleanup-end, 0.0002014 secs]
2015-03-20T11:16:14.513+0100: 26.697: [GC pause (G1 Humongous Allocation) (young) 962M->960M(1024M), 0.0401860 secs]
2015-03-20T11:16:14.544+0100: 26.738: Total time for which application threads were stopped: 0.0448616 seconds
2015-03-20T11:16:14.544+0100: 26.738: [Full GC (Allocation Failure)  960M->128M(1024M), 0.0051888 secs]
2015-03-20T11:16:14.560+0100: 26.743: Total time for which application threads were stopped: 0.0053315 seconds
2015-03-20T11:16:14.591+0100: 26.773: [GC pause (G1 Humongous Allocation) (young) (initial-mark) 450M->448M(1024M), 0.0359370 secs]
2015-03-20T11:16:14.622+0100: 26.809: [GC concurrent-root-region-scan-start]
2015-03-20T11:16:14.622+0100: 26.809: Total time for which application threads were stopped: 0.0500318 seconds
2015-03-20T11:16:14.622+0100: 26.809: [GC concurrent-root-region-scan-end, 0.0000235 secs]
2015-03-20T11:16:14.622+0100: 26.809: [GC concurrent-mark-start]
2015-03-20T11:16:14.622+0100: 26.809: Total time for which application threads were stopped: 0.0000342 seconds
2015-03-20T11:16:14.622+0100: 26.810: [GC concurrent-mark-end, 0.0005918 secs]
2015-03-20T11:16:14.638+0100: 26.824: [GC remark, 0.0010527 secs]
2015-03-20T11:16:14.638+0100: 26.826: Total time for which application threads were stopped: 0.0156871 seconds
2015-03-20T11:16:14.654+0100: 26.836: [GC cleanup 769M->385M(1024M), 0.0004188 secs]
2015-03-20T11:16:14.654+0100: 26.836: Total time for which application threads were stopped: 0.0105858 seconds
2015-03-20T11:16:14.654+0100: 26.836: [GC concurrent-cleanup-start]
2015-03-20T11:16:14.654+0100: 26.836: [GC concurrent-cleanup-end, 0.0003250 secs]
2015-03-20T11:16:14.763+0100: 26.945: [GC pause (G1 Humongous Allocation) (young) 962M->960M(1024M), 0.0347362 secs]
2015-03-20T11:16:14.794+0100: 26.980: Total time for which application threads were stopped: 0.0373787 seconds
2015-03-20T11:16:14.810+0100: 26.992: [Full GC (Allocation Failure)  961M->282K(1024M), 0.0046014 secs]
2015-03-20T11:16:14.810+0100: 26.997: Total time for which application threads were stopped: 0.0167359 seconds
2015-03-20T11:16:14.810+0100: 27.001: [GC pause (G1 Humongous Allocation) (young) (initial-mark) 64M->64M(1024M), 0.0003421 secs]
2015-03-20T11:16:14.810+0100: 27.002: 2015-03-20T11:16:14.810+0100: Total time for which application threads were stopped: 0.0051038 seconds
27.002: [GC concurrent-root-region-scan-start]
2015-03-20T11:16:14.810+0100: 27.002: [GC concurrent-root-region-scan-end, 0.0000088 secs]
2015-03-20T11:16:14.810+0100: 27.002: [GC concurrent-mark-start]
2015-03-20T11:16:14.826+0100: 27.008: Total time for which application threads were stopped: 0.0057152 seconds
2015-03-20T11:16:14.826+0100: 27.016: [GC concurrent-mark-end, 0.0141662 secs]
2015-03-20T11:16:14.841+0100: 27.025: [GC remark, 0.0019373 secs]
2015-03-20T11:16:14.841+0100: 27.027: Total time for which application threads were stopped: 0.0112622 seconds
2015-03-20T11:16:14.857+0100: 27.047: [GC cleanup 449M->449M(1024M), 0.0004506 secs]
2015-03-20T11:16:14.857+0100: 27.048: Total time for which application threads were stopped: 0.0052235 seconds
2015-03-20T11:16:14.966+0100: 27.157: [GC pause (G1 Humongous Allocation) (young) 962M->960M(1024M), 0.0248879 secs]
2015-03-20T11:16:14.997+0100: 27.182: Total time for which application threads were stopped: 0.0272782 seconds
2015-03-20T11:16:14.997+0100: 27.182: [Full GC (Allocation Failure)  960M->64M(1024M), 0.0052694 secs]
2015-03-20T11:16:14.997+0100: 27.188: Total time for which application threads were stopped: 0.0053990 seconds
2015-03-20T11:16:15.060+0100: 27.246: [GC pause (G1 Humongous Allocation) (young) (initial-mark) 449M->448M(1024M), 0.0165981 secs]
2015-03-20T11:16:15.076+0100: 27.263: [GC concurrent-root-region-scan-start]
2015-03-20T11:16:15.076+0100: 27.263: Total time for which application threads were stopped: 0.0167755 seconds
2015-03-20T11:16:15.076+0100: 27.263: [GC concurrent-root-region-scan-end, 0.0000406 secs]
2015-03-20T11:16:15.076+0100: 27.263: [GC concurrent-mark-start]
2015-03-20T11:16:15.076+0100: 27.269: Total time for which application threads were stopped: 0.0058979 seconds
2015-03-20T11:16:15.076+0100: 27.269: [GC concurrent-mark-end, 0.0066535 secs]
2015-03-20T11:16:15.091+0100: 27.278: [GC remark, 0.0020365 secs]
2015-03-20T11:16:15.091+0100: 27.280: Total time for which application threads were stopped: 0.0108829 seconds
2015-03-20T11:16:15.122+0100: 27.304: [GC cleanup 833M->513M(1024M), 0.0004091 secs]
2015-03-20T11:16:15.122+0100: 27.305: Total time for which application threads were stopped: 0.0099309 seconds
2015-03-20T11:16:15.122+0100: 27.305: [GC concurrent-cleanup-start]
2015-03-20T11:16:15.122+0100: 27.305: [GC concurrent-cleanup-end, 0.0002693 secs]
2015-03-20T11:16:15.169+0100: 27.351: [GC pause (G1 Humongous Allocation) (young) 962M->960M(1024M), 0.0445361 secs]
2015-03-20T11:16:15.201+0100: 27.396: Total time for which application threads were stopped: 0.0467217 seconds
2015-03-20T11:16:15.201+0100: 27.397: [Full GC (Allocation Failure)  961M->282K(1024M), 0.0045676 secs]
2015-03-20T11:16:15.216+0100: 27.401: Total time for which application threads were stopped: 0.0047001 seconds
2015-03-20T11:16:15.216+0100: 27.406: [GC pause (G1 Humongous Allocation) (young) (initial-mark) 64M->64M(1024M), 0.0003348 secs]
2015-03-20T11:16:15.216+0100: 27.406: 2015-03-20T11:16:15.216+0100: Total time for which application threads were stopped: 0.0051741 seconds
27.406: [GC concurrent-root-region-scan-start]
2015-03-20T11:16:15.216+0100: 27.406: [GC concurrent-root-region-scan-end, 0.0000088 secs]
2015-03-20T11:16:15.216+0100: 27.406: [GC concurrent-mark-start]
2015-03-20T11:16:15.232+0100: 27.414: Total time for which application threads were stopped: 0.0073490 seconds
2015-03-20T11:16:15.232+0100: 27.422: [GC concurrent-mark-end, 0.0159603 secs]
2015-03-20T11:16:15.247+0100: 27.432: [GC remark, 0.0010488 secs]
2015-03-20T11:16:15.247+0100: 27.433: Total time for which application threads were stopped: 0.0108267 seconds
2015-03-20T11:16:15.263+0100: 27.445: [GC cleanup 385M->385M(1024M), 0.0003651 secs]
2015-03-20T11:16:15.263+0100: 27.445: Total time for which application threads were stopped: 0.0048340 seconds
2015-03-20T11:16:15.372+0100: 27.554: [GC pause (G1 Humongous Allocation) (young) 962M->960M(1024M), 0.0279678 secs]
2015-03-20T11:16:15.388+0100: 27.583: Total time for which application threads were stopped: 0.0359800 seconds
2015-03-20T11:16:15.404+0100: 27.586: [GC pause (G1 Humongous Allocation) (young) (initial-mark) 961M->960M(1024M), 0.0074433 secs]
2015-03-20T11:16:15.404+0100: 2015-03-20T11:16:15.404+0100: 27.593: [GC concurrent-root-region-scan-start]
27.593: Total time for which application threads were stopped: 0.0106591 seconds
2015-03-20T11:16:15.404+0100: 27.593: [GC concurrent-root-region-scan-end, 0.0000215 secs]
2015-03-20T11:16:15.404+0100: 27.593: [GC concurrent-mark-start]
2015-03-20T11:16:15.404+0100: 27.593: [GC pause (G1 Humongous Allocation) (young) 960M->960M(1024M), 0.0002453 secs]
2015-03-20T11:16:15.404+0100: 27.594: Total time for which application threads were stopped: 0.0003079 seconds
2015-03-20T11:16:15.404+0100: 27.594: [Full GC (Allocation Failure)  960M->282K(1024M), 0.0044635 secs]
2015-03-20T11:16:15.404+0100: 27.598: Total time for which application threads were stopped: 0.0045833 seconds
2015-03-20T11:16:15.404+0100: 27.598: [GC concurrent-mark-abort]
2015-03-20T11:16:15.419+0100: 27.603: Total time for which application threads were stopped: 0.0048296 seconds
2015-03-20T11:16:15.466+0100: 27.649: [GC pause (G1 Humongous Allocation) (young) (initial-mark) 449M->448M(1024M), 0.0005117 secs]
2015-03-20T11:16:15.466+0100: 2015-03-20T11:16:15.466+0100: 27.649: [GC concurrent-root-region-scan-start]
27.649: Total time for which application threads were stopped: 0.0077678 seconds
2015-03-20T11:16:15.466+0100: 27.649: [GC concurrent-root-region-scan-end, 0.0000220 secs]
2015-03-20T11:16:15.466+0100: 27.649: [GC concurrent-mark-start]
2015-03-20T11:16:15.466+0100: 27.650: [GC concurrent-mark-end, 0.0008431 secs]
2015-03-20T11:16:15.482+0100: 27.664: [GC remark, 0.0016270 secs]
2015-03-20T11:16:15.482+0100: 27.665: Total time for which application threads were stopped: 0.0152688 seconds
2015-03-20T11:16:15.513+0100: 27.704: [GC cleanup 706M->450M(1024M), 0.0004066 secs]
2015-03-20T11:16:15.513+0100: 27.704: Total time for which application threads were stopped: 0.0093063 seconds
2015-03-20T11:16:15.513+0100: 27.704: [GC concurrent-cleanup-start]
2015-03-20T11:16:15.513+0100: 27.705: [GC concurrent-cleanup-end, 0.0002087 secs]
2015-03-20T11:16:15.576+0100: 27.758: [GC pause (G1 Humongous Allocation) (young) 962M->960M(1024M), 0.0315702 secs]
2015-03-20T11:16:15.607+0100: 27.789: Total time for which application threads were stopped: 0.0370220 seconds
2015-03-20T11:16:15.607+0100: 27.789: [Full GC (Allocation Failure)  960M->282K(1024M), 0.0068001 secs]
2015-03-20T11:16:15.607+0100: 27.796: Total time for which application threads were stopped: 0.0069345 seconds
2015-03-20T11:16:15.654+0100: 27.836: [GC pause (G1 Humongous Allocation) (young) (initial-mark) 450M->448M(1024M), 0.0335173 secs]
2015-03-20T11:16:15.685+0100: 27.869: [GC concurrent-root-region-scan-start]
2015-03-20T11:16:15.685+0100: 27.869: Total time for which application threads were stopped: 0.0469734 seconds
2015-03-20T11:16:15.685+0100: 27.869: [GC concurrent-root-region-scan-end, 0.0000244 secs]
2015-03-20T11:16:15.685+0100: 27.869: [GC concurrent-mark-start]
2015-03-20T11:16:15.685+0100: 27.870: [GC concurrent-mark-end, 0.0005474 secs]
2015-03-20T11:16:15.701+0100: 27.883: [GC remark, 0.0016382 secs]
2015-03-20T11:16:15.701+0100: 27.884: Total time for which application threads were stopped: 0.0143299 seconds
2015-03-20T11:16:15.716+0100: 27.898: [GC cleanup 770M->514M(1024M), 0.0003177 secs]
2015-03-20T11:16:15.716+0100: 27.899: Total time for which application threads were stopped: 0.0047612 seconds
2015-03-20T11:16:15.716+0100: 27.899: [GC concurrent-cleanup-start]
2015-03-20T11:16:15.716+0100: 27.899: [GC concurrent-cleanup-end, 0.0001974 secs]
2015-03-20T11:16:15.794+0100: 27.976: [GC pause (G1 Humongous Allocation) (young) 962M->960M(1024M), 0.0455160 secs]
2015-03-20T11:16:15.826+0100: 28.022: Total time for which application threads were stopped: 0.0481561 seconds
2015-03-20T11:16:15.826+0100: 28.022: [Full GC (Allocation Failure)  961M->64M(1024M), 0.0044464 secs]
2015-03-20T11:16:15.841+0100: 28.027: Total time for which application threads were stopped: 0.0045755 seconds
2015-03-20T11:16:15.841+0100: 28.033: [GC pause (G1 Humongous Allocation) (young) (initial-mark) 192M->192M(1024M), 0.0003177 secs]
2015-03-20T11:16:15.841+0100: 2015-03-20T11:16:15.841+0100: 28.033: 28.033: [GC concurrent-root-region-scan-start]
Total time for which application threads were stopped: 0.0062293 seconds
2015-03-20T11:16:15.841+0100: 28.033: [GC concurrent-root-region-scan-end, 0.0000220 secs]
2015-03-20T11:16:15.841+0100: 28.033: [GC concurrent-mark-start]
2015-03-20T11:16:15.841+0100: 28.034: [GC concurrent-mark-end, 0.0006207 secs]
2015-03-20T11:16:15.857+0100: 28.044: [GC remark, 0.0010415 secs]
2015-03-20T11:16:15.857+0100: 28.045: Total time for which application threads were stopped: 0.0117328 seconds
2015-03-20T11:16:15.888+0100: 28.070: [GC cleanup 449M->385M(1024M), 0.0003587 secs]
2015-03-20T11:16:15.888+0100: 28.070: Total time for which application threads were stopped: 0.0087203 seconds
2015-03-20T11:16:15.888+0100: 28.071: [GC concurrent-cleanup-start]
2015-03-20T11:16:15.888+0100: 28.071: [GC concurrent-cleanup-end, 0.0000528 secs]
2015-03-20T11:16:15.997+0100: 28.183: [GC pause (G1 Humongous Allocation) (young) 962M->960M(1024M), 0.0175643 secs]
2015-03-20T11:16:16.013+0100: 28.201: Total time for which application threads were stopped: 0.0197352 seconds
2015-03-20T11:16:16.013+0100: 28.201: [Full GC (Allocation Failure)  960M->192M(1024M), 0.0042720 secs]
2015-03-20T11:16:16.013+0100: 28.205: Total time for which application threads were stopped: 0.0043878 seconds
2015-03-20T11:16:16.044+0100: 28.230: [GC pause (G1 Humongous Allocation) (young) (initial-mark) 449M->448M(1024M), 0.0133422 secs]
2015-03-20T11:16:16.060+0100: 28.243: 2015-03-20T11:16:16.060+0100: [GC concurrent-root-region-scan-start]
28.243: Total time for which application threads were stopped: 0.0184147 seconds
2015-03-20T11:16:16.060+0100: 28.243: [GC concurrent-root-region-scan-end, 0.0000239 secs]
2015-03-20T11:16:16.060+0100: 28.243: [GC concurrent-mark-start]
2015-03-20T11:16:16.060+0100: 28.244: [GC concurrent-mark-end, 0.0009090 secs]
2015-03-20T11:16:16.076+0100: 28.258: [GC remark, 0.0017145 secs]
2015-03-20T11:16:16.076+0100: 28.259: Total time for which application threads were stopped: 0.0153049 seconds
2015-03-20T11:16:16.111+0100: 28.293: [GC cleanup 834M->578M(1024M), 0.0003656 secs]
2015-03-20T11:16:16.111+0100: 28.294: Total time for which application threads were stopped: 0.0124293 seconds
2015-03-20T11:16:16.112+0100: 28.294: [GC concurrent-cleanup-start]
2015-03-20T11:16:16.112+0100: 28.294: [GC concurrent-cleanup-end, 0.0002082 secs]
2015-03-20T11:16:16.176+0100: 28.358: [GC pause (G1 Humongous Allocation) (young) 962M->960M(1024M), 0.0422298 secs]
2015-03-20T11:16:16.207+0100: 28.400: Total time for which application threads were stopped: 0.0540091 seconds
2015-03-20T11:16:16.207+0100: 28.400: [Full GC (Allocation Failure)  960M->128M(1024M), 0.0051834 secs]
2015-03-20T11:16:16.223+0100: 28.406: Total time for which application threads were stopped: 0.0053139 seconds
2015-03-20T11:16:16.239+0100: 28.423: [GC pause (G1 Humongous Allocation) (young) (initial-mark) 450M->448M(1024M), 0.0225821 secs]
2015-03-20T11:16:16.254+0100: 2015-03-20T11:16:16.254+010028.446: : [GC concurrent-root-region-scan-start]
28.446: Total time for which application threads were stopped: 0.0274801 seconds
2015-03-20T11:16:16.254+0100: 28.446: [GC concurrent-root-region-scan-end, 0.0000269 secs]
2015-03-20T11:16:16.254+0100: 28.446: [GC concurrent-mark-start]
2015-03-20T11:16:16.270+0100: 28.452: Total time for which application threads were stopped: 0.0060900 seconds
2015-03-20T11:16:16.270+0100: 28.452: [GC concurrent-mark-end, 0.0068299 secs]
2015-03-20T11:16:16.301+0100: 28.483: [GC remark, 0.0011123 secs]
2015-03-20T11:16:16.301+0100: 28.484: Total time for which application threads were stopped: 0.0170350 seconds
2015-03-20T11:16:16.317+0100: 28.499: [GC cleanup 769M->449M(1024M), 0.0003929 secs]
2015-03-20T11:16:16.317+0100: 28.499: Total time for which application threads were stopped: 0.0063617 seconds
2015-03-20T11:16:16.317+0100: 28.499: [GC concurrent-cleanup-start]
2015-03-20T11:16:16.317+0100: 28.499: [GC concurrent-cleanup-end, 0.0002673 secs]
2015-03-20T11:16:16.395+0100: 28.577: [GC pause (G1 Humongous Allocation) (young) 962M->960M(1024M), 0.0485398 secs]
2015-03-20T11:16:16.442+0100: 28.625: Total time for which application threads were stopped: 0.0528376 seconds
2015-03-20T11:16:16.442+0100: 28.625: [Full GC (Allocation Failure)  961M->64M(1024M), 0.0044283 secs]
2015-03-20T11:16:16.442+0100: 28.630: Total time for which application threads were stopped: 0.0045559 seconds
2015-03-20T11:16:16.442+0100: 28.636: [GC pause (G1 Humongous Allocation) (young) (initial-mark) 192M->192M(1024M), 0.0003377 secs]
2015-03-20T11:16:16.442+0100: 2015-03-20T11:16:16.442+0100: 28.636: 28.636: Total time for which application threads were stopped: 0.0062308 seconds
[GC concurrent-root-region-scan-start]
2015-03-20T11:16:16.442+0100: 28.636: [GC concurrent-root-region-scan-end, 0.0000249 secs]
2015-03-20T11:16:16.442+0100: 28.636: [GC concurrent-mark-start]
2015-03-20T11:16:16.442+0100: 28.637: [GC concurrent-mark-end, 0.0006094 secs]
2015-03-20T11:16:16.457+0100: 28.643: [GC remark, 0.0010410 secs]
2015-03-20T11:16:16.457+0100: 28.644: Total time for which application threads were stopped: 0.0068886 seconds
2015-03-20T11:16:16.473+0100: 28.663: [GC cleanup 385M->321M(1024M), 0.0003817 secs]
2015-03-20T11:16:16.473+0100: 28.664: Total time for which application threads were stopped: 0.0051502 seconds
2015-03-20T11:16:16.473+0100: 28.664: [GC concurrent-cleanup-start]
2015-03-20T11:16:16.473+0100: 28.664: [GC concurrent-cleanup-end, 0.0000586 secs]
2015-03-20T11:16:16.598+0100: 28.780: [GC pause (G1 Humongous Allocation) (young) 962M->960M(1024M), 0.0315639 secs]
2015-03-20T11:16:16.629+0100: 28.812: Total time for which application threads were stopped: 0.0420597 seconds
2015-03-20T11:16:16.645+0100: 28.827: [Full GC (Allocation Failure)  961M->282K(1024M), 0.0045911 secs]
2015-03-20T11:16:16.645+0100: 28.831: Total time for which application threads were stopped: 0.0198843 seconds
2015-03-20T11:16:16.645+0100: 28.836: [GC pause (G1 Humongous Allocation) (young) (initial-mark) 64M->64M(1024M), 0.0004100 secs]
2015-03-20T11:16:16.645+0100: 2015-03-20T11:16:16.645+0100: 28.837: 28.837: Total time for which application threads were stopped: 0.0051873 seconds
[GC concurrent-root-region-scan-start]
2015-03-20T11:16:16.645+0100: 28.837: [GC concurrent-root-region-scan-end, 0.0000078 secs]
2015-03-20T11:16:16.645+0100: 28.837: [GC concurrent-mark-start]
2015-03-20T11:16:16.660+0100: 28.848: Total time for which application threads were stopped: 0.0113384 seconds
2015-03-20T11:16:16.660+0100: 28.856: [GC concurrent-mark-end, 0.0190779 secs]
2015-03-20T11:16:16.676+0100: 28.862: [GC remark, 0.0011676 secs]
2015-03-20T11:16:16.676+0100: 28.863: Total time for which application threads were stopped: 0.0074076 seconds
2015-03-20T11:16:16.707+0100: 28.890: [GC cleanup 513M->513M(1024M), 0.0004799 secs]
2015-03-20T11:16:16.707+0100: 28.890: Total time for which application threads were stopped: 0.0095521 seconds
2015-03-20T11:16:16.785+0100: 28.967: [GC pause (G1 Humongous Allocation) (young) 962M->960M(1024M), 0.0442551 secs]
2015-03-20T11:16:16.817+0100: 29.012: Total time for which application threads were stopped: 0.0598640 seconds
2015-03-20T11:16:16.832+0100: 29.014: [Full GC (Allocation Failure)  961M->282K(1024M), 0.0045823 secs]
2015-03-20T11:16:16.832+0100: 29.019: Total time for which application threads were stopped: 0.0071833 seconds
2015-03-20T11:16:16.832+0100: 29.024: [GC pause (G1 Humongous Allocation) (young) (initial-mark) 64M->64M(1024M), 0.0003455 secs]
2015-03-20T11:16:16.832+0100: 2015-03-20T11:16:16.832+0100: 29.024: 29.024: Total time for which application threads were stopped: 0.0051297 seconds
[GC concurrent-root-region-scan-start]
2015-03-20T11:16:16.832+0100: 29.024: [GC concurrent-root-region-scan-end, 0.0000083 secs]
2015-03-20T11:16:16.832+0100: 29.024: [GC concurrent-mark-start]
2015-03-20T11:16:16.848+0100: 29.030: Total time for which application threads were stopped: 0.0057166 seconds
2015-03-20T11:16:16.848+0100: 29.038: [GC concurrent-mark-end, 0.0133960 secs]
2015-03-20T11:16:16.864+0100: 29.050: [GC remark, 0.0010703 secs]
2015-03-20T11:16:16.864+0100: 29.051: Total time for which application threads were stopped: 0.0130944 seconds
2015-03-20T11:16:16.879+0100: 29.063: [GC cleanup 385M->385M(1024M), 0.0004677 secs]
2015-03-20T11:16:16.879+0100: 29.063: Total time for which application threads were stopped: 0.0052162 seconds
2015-03-20T11:16:16.989+0100: 29.176: [GC pause (G1 Humongous Allocation) (young) 962M->960M(1024M), 0.0245814 secs]
2015-03-20T11:16:17.004+0100: 29.201: Total time for which application threads were stopped: 0.0293592 seconds
2015-03-20T11:16:17.004+0100: 29.201: [Full GC (Allocation Failure)  960M->128M(1024M), 0.0051922 secs]
2015-03-20T11:16:17.020+0100: 29.206: Total time for which application threads were stopped: 0.0053203 seconds
2015-03-20T11:16:17.082+0100: 29.264: [GC pause (G1 Humongous Allocation) (young) (initial-mark) 449M->448M(1024M), 0.0235170 secs]
2015-03-20T11:16:17.098+0100: 29.288: [GC concurrent-root-region-scan-start]
2015-03-20T11:16:17.098+0100: 29.288: Total time for which application threads were stopped: 0.0380116 seconds
2015-03-20T11:16:17.098+0100: 29.288: [GC concurrent-root-region-scan-end, 0.0000362 secs]
2015-03-20T11:16:17.098+0100: 29.288: [GC concurrent-mark-start]
2015-03-20T11:16:17.114+0100: 29.297: Total time for which application threads were stopped: 0.0089266 seconds
2015-03-20T11:16:17.114+0100: 29.297: [GC concurrent-mark-end, 0.0095277 secs]
2015-03-20T11:16:17.129+0100: 29.311: [GC remark, 0.0029988 secs]
2015-03-20T11:16:17.129+0100: 29.314: Total time for which application threads were stopped: 0.0168938 seconds
2015-03-20T11:16:17.145+0100: 29.327: [GC cleanup 897M->577M(1024M), 0.0005796 secs]
2015-03-20T11:16:17.145+0100: 29.328: Total time for which application threads were stopped: 0.0131531 seconds
2015-03-20T11:16:17.145+0100: 29.328: [GC concurrent-cleanup-start]
2015-03-20T11:16:17.145+0100: 29.328: [GC concurrent-cleanup-end, 0.0002664 secs]
2015-03-20T11:16:17.239+0100: 29.421: [GC pause (G1 Humongous Allocation) (young) 962M->960M(1024M), 0.0371368 secs]
2015-03-20T11:16:17.270+0100: 29.458: Total time for which application threads were stopped: 0.0452873 seconds
2015-03-20T11:16:17.270+0100: 29.458: [Full GC (Allocation Failure)  961M->64M(1024M), 0.0044112 secs]
2015-03-20T11:16:17.270+0100: 29.463: Total time for which application threads were stopped: 0.0045437 seconds
2015-03-20T11:16:17.286+0100: 29.469: [GC pause (G1 Humongous Allocation) (young) (initial-mark) 192M->192M(1024M), 0.0003553 secs]
2015-03-20T11:16:17.286+0100: 2015-03-20T11:16:17.286+0100: 29.469: 29.469: Total time for which application threads were stopped: 0.0064468 seconds
[GC concurrent-root-region-scan-start]
2015-03-20T11:16:17.286+0100: 29.469: [GC concurrent-root-region-scan-end, 0.0000239 secs]
2015-03-20T11:16:17.286+0100: 29.469: [GC concurrent-mark-start]
2015-03-20T11:16:17.286+0100: 29.470: [GC concurrent-mark-end, 0.0006295 secs]
2015-03-20T11:16:17.301+0100: 29.483: [GC remark, 0.0011109 secs]
2015-03-20T11:16:17.301+0100: 29.484: Total time for which application threads were stopped: 0.0146202 seconds
2015-03-20T11:16:17.317+0100: 29.505: [GC cleanup 449M->385M(1024M), 0.0003700 secs]
2015-03-20T11:16:17.317+0100: 29.505: Total time for which application threads were stopped: 0.0062958 seconds
2015-03-20T11:16:17.317+0100: 29.505: [GC concurrent-cleanup-start]
2015-03-20T11:16:17.317+0100: 29.505: [GC concurrent-cleanup-end, 0.0000616 secs]
2015-03-20T11:16:17.411+0100: 29.608: [GC pause (G1 Humongous Allocation) (young) 962M->960M(1024M), 0.0341737 secs]
2015-03-20T11:16:17.458+0100: 29.642: Total time for which application threads were stopped: 0.0383801 seconds
2015-03-20T11:16:17.458+0100: 29.642: [Full GC (Allocation Failure)  960M->128M(1024M), 0.0051536 secs]
2015-03-20T11:16:17.458+0100: 29.647: Total time for which application threads were stopped: 0.0052929 seconds
2015-03-20T11:16:17.520+0100: 29.709: [GC pause (G1 Humongous Allocation) (young) (initial-mark) 514M->512M(1024M), 0.0181821 secs]
2015-03-20T11:16:17.536+0100: 2015-03-20T11:16:17.536+010029.727: : [GC concurrent-root-region-scan-start]
29.727: Total time for which application threads were stopped: 0.0184733 seconds
2015-03-20T11:16:17.536+0100: 29.727: [GC concurrent-root-region-scan-end, 0.0000391 secs]
2015-03-20T11:16:17.536+0100: 29.727: [GC concurrent-mark-start]
2015-03-20T11:16:17.551+0100: 29.733: Total time for which application threads were stopped: 0.0058794 seconds
2015-03-20T11:16:17.567+0100: 29.749: Total time for which application threads were stopped: 0.0154100 seconds
2015-03-20T11:16:17.567+0100: 29.757: [GC concurrent-mark-end, 0.0299046 secs]
2015-03-20T11:16:17.583+0100: 29.765: [GC remark, 0.0029759 secs]
2015-03-20T11:16:17.583+0100: 29.768: Total time for which application threads were stopped: 0.0101738 seconds
2015-03-20T11:16:17.583+0100: 29.772: [GC cleanup 833M->385M(1024M), 0.0005112 secs]
2015-03-20T11:16:17.583+0100: 29.773: Total time for which application threads were stopped: 0.0053384 seconds
2015-03-20T11:16:17.583+0100: 29.773: [GC concurrent-cleanup-start]
2015-03-20T11:16:17.583+0100: 29.773: [GC concurrent-cleanup-end, 0.0003866 secs]
2015-03-20T11:16:17.676+0100: 29.858: [GC pause (G1 Humongous Allocation) (young) 962M->960M(1024M), 0.0407690 secs]
2015-03-20T11:16:17.708+0100: 29.899: Total time for which application threads were stopped: 0.0476708 seconds
2015-03-20T11:16:17.708+0100: 29.899: [Full GC (Allocation Failure)  960M->64M(1024M), 0.0061125 secs]
2015-03-20T11:16:17.723+0100: 29.905: Total time for which application threads were stopped: 0.0062474 seconds
2015-03-20T11:16:17.739+0100: 29.925: [GC pause (G1 Humongous Allocation) (young) (initial-mark) 450M->448M(1024M), 0.0307345 secs]
2015-03-20T11:16:17.770+0100: 29.956: [GC concurrent-root-region-scan-start]
2015-03-20T11:16:17.770+0100: 29.956: Total time for which application threads were stopped: 0.0378249 seconds
2015-03-20T11:16:17.770+0100: 29.956: [GC concurrent-root-region-scan-end, 0.0000342 secs]
2015-03-20T11:16:17.770+0100: 29.956: [GC concurrent-mark-start]
2015-03-20T11:16:17.786+0100: 29.968: Total time for which application threads were stopped: 0.0114396 seconds
2015-03-20T11:16:17.786+0100: 29.983: [GC concurrent-mark-end, 0.0264909 secs]
2015-03-20T11:16:17.801+0100: 29.989: [GC remark, 0.0021220 secs]
2015-03-20T11:16:17.801+0100: 29.991: Total time for which application threads were stopped: 0.0086055 seconds
2015-03-20T11:16:17.817+0100: 29.999: [GC cleanup 641M->321M(1024M), 0.0004472 secs]
2015-03-20T11:16:17.817+0100: 30.000: Total time for which application threads were stopped: 0.0005234 seconds
2015-03-20T11:16:17.817+0100: 30.000: [GC concurrent-cleanup-start]
2015-03-20T11:16:17.817+0100: 30.000: [GC concurrent-cleanup-end, 0.0003905 secs]
2015-03-20T11:16:17.942+0100: 30.124: [GC pause (G1 Humongous Allocation) (young) 962M->960M(1024M), 0.0416003 secs]
2015-03-20T11:16:17.973+0100: 30.166: Total time for which application threads were stopped: 0.0531807 seconds
2015-03-20T11:16:17.973+0100: 30.166: [Full GC (Allocation Failure)  961M->64M(1024M), 0.0044904 secs]
2015-03-20T11:16:17.973+0100: 30.170: Total time for which application threads were stopped: 0.0046248 seconds
2015-03-20T11:16:17.989+0100: 30.176: [GC pause (G1 Humongous Allocation) (young) (initial-mark) 192M->192M(1024M), 0.0003494 secs]
2015-03-20T11:16:17.989+0100: 2015-03-20T11:16:17.989+0100: 30.177: 30.177: Total time for which application threads were stopped: 0.0063344 seconds
[GC concurrent-root-region-scan-start]
2015-03-20T11:16:17.989+0100: 30.177: [GC concurrent-root-region-scan-end, 0.0000239 secs]
2015-03-20T11:16:17.989+0100: 30.177: [GC concurrent-mark-start]
2015-03-20T11:16:17.989+0100: 30.177: [GC concurrent-mark-end, 0.0006109 secs]
2015-03-20T11:16:18.004+0100: 30.186: [GC remark, 0.0010816 secs]
2015-03-20T11:16:18.004+0100: 30.187: Total time for which application threads were stopped: 0.0102017 seconds
2015-03-20T11:16:18.036+0100: 30.218: [GC cleanup 513M->449M(1024M), 0.0004223 secs]
2015-03-20T11:16:18.036+0100: 30.218: Total time for which application threads were stopped: 0.0140069 seconds
2015-03-20T11:16:18.036+0100: 30.218: [GC concurrent-cleanup-start]
2015-03-20T11:16:18.036+0100: 30.218: [GC concurrent-cleanup-end, 0.0000547 secs]
2015-03-20T11:16:18.129+0100: 30.324: [GC pause (G1 Humongous Allocation) (young) 962M->960M(1024M), 0.0249631 secs]
2015-03-20T11:16:18.161+0100: 30.349: Total time for which application threads were stopped: 0.0272890 seconds
2015-03-20T11:16:18.161+0100: 30.349: [Full GC (Allocation Failure)  960M->128M(1024M), 0.0050798 secs]
2015-03-20T11:16:18.161+0100: 30.354: Total time for which application threads were stopped: 0.0052044 seconds
2015-03-20T11:16:18.192+0100: 30.374: [GC pause (G1 Humongous Allocation) (young) (initial-mark) 514M->512M(1024M), 0.0306754 secs]
2015-03-20T11:16:18.208+0100: 30.405: 2015-03-20T11:16:18.208+0100[GC concurrent-root-region-scan-start]
: 30.405: Total time for which application threads were stopped: 0.0386734 seconds
2015-03-20T11:16:18.208+0100: 30.405: [GC concurrent-root-region-scan-end, 0.0000269 secs]
2015-03-20T11:16:18.208+0100: 30.405: [GC concurrent-mark-start]
2015-03-20T11:16:18.239+0100: 30.421: Total time for which application threads were stopped: 0.0160507 seconds
2015-03-20T11:16:18.239+0100: 30.436: [GC concurrent-mark-end, 0.0312780 secs]
2015-03-20T11:16:18.270+0100: 30.452: [GC remark, 0.0016436 secs]
2015-03-20T11:16:18.270+0100: 30.454: Total time for which application threads were stopped: 0.0176718 seconds
2015-03-20T11:16:18.286+0100: 30.468: [GC cleanup 897M->513M(1024M), 0.0004125 secs]
2015-03-20T11:16:18.286+0100: 30.468: Total time for which application threads were stopped: 0.0067581 seconds
2015-03-20T11:16:18.286+0100: 30.468: [GC concurrent-cleanup-start]
2015-03-20T11:16:18.286+0100: 30.468: [GC concurrent-cleanup-end, 0.0003318 secs]
2015-03-20T11:16:18.364+0100: 30.546: [GC pause (G1 Humongous Allocation) (young) 962M->960M(1024M), 0.0478634 secs]
2015-03-20T11:16:18.411+0100: 30.594: Total time for which application threads were stopped: 0.0552172 seconds
2015-03-20T11:16:18.411+0100: 30.594: [Full GC (Allocation Failure)  960M->128M(1024M), 0.0044748 secs]
2015-03-20T11:16:18.411+0100: 30.598: Total time for which application threads were stopped: 0.0045960 seconds
2015-03-20T11:16:18.411+0100: 30.607: [GC pause (G1 Humongous Allocation) (young) (initial-mark) 321M->320M(1024M), 0.0004584 secs]
2015-03-20T11:16:18.411+0100: 30.608: Total time for which application threads were stopped: 0.0093767 seconds
2015-03-20T11:16:18.411+0100: 30.608: [GC concurrent-root-region-scan-start]
2015-03-20T11:16:18.411+0100: 30.608: [GC concurrent-root-region-scan-end, 0.0000415 secs]
2015-03-20T11:16:18.411+0100: 30.608: [GC concurrent-mark-start]
2015-03-20T11:16:18.426+0100: 30.609: [GC concurrent-mark-end, 0.0006647 secs]
2015-03-20T11:16:18.442+0100: 30.624: [GC remark, 0.0017355 secs]
2015-03-20T11:16:18.442+0100: 30.626: Total time for which application threads were stopped: 0.0170536 seconds
2015-03-20T11:16:18.473+0100: 30.657: [GC cleanup 642M->514M(1024M), 0.0003719 secs]
2015-03-20T11:16:18.473+0100: 30.657: Total time for which application threads were stopped: 0.0066037 seconds
2015-03-20T11:16:18.473+0100: 30.657: [GC concurrent-cleanup-start]
2015-03-20T11:16:18.473+0100: 30.671: [GC concurrent-cleanup-end, 0.0132831 secs]
2015-03-20T11:16:18.567+0100: 30.749: [GC pause (G1 Humongous Allocation) (young) 962M->960M(1024M), 0.0440596 secs]
2015-03-20T11:16:18.598+0100: 30.793: Total time for which application threads were stopped: 0.0494009 seconds
2015-03-20T11:16:18.598+0100: 30.793: [Full GC (Allocation Failure)  960M->64M(1024M), 0.0044679 secs]
2015-03-20T11:16:18.614+0100: 30.798: Total time for which application threads were stopped: 0.0045999 seconds
2015-03-20T11:16:18.614+0100: 30.807: [GC pause (G1 Humongous Allocation) (young) (initial-mark) 257M->256M(1024M), 0.0003519 secs]
2015-03-20T11:16:18.614+0100: 2015-03-20T11:16:18.614+0100: 30.807: 30.807[GC concurrent-root-region-scan-start]
: Total time for which application threads were stopped: 0.0093117 seconds
2015-03-20T11:16:18.614+0100: 30.807: [GC concurrent-root-region-scan-end, 0.0000249 secs]
2015-03-20T11:16:18.614+0100: 30.807: [GC concurrent-mark-start]
2015-03-20T11:16:18.614+0100: 30.808: [GC concurrent-mark-end, 0.0006246 secs]
2015-03-20T11:16:18.629+0100: 30.813: [GC remark, 0.0010615 secs]
2015-03-20T11:16:18.629+0100: 30.814: Total time for which application threads were stopped: 0.0057948 seconds
2015-03-20T11:16:18.661+0100: 30.845: [GC cleanup 450M->386M(1024M), 0.0004052 secs]
2015-03-20T11:16:18.661+0100: 30.846: Total time for which application threads were stopped: 0.0095130 seconds
2015-03-20T11:16:18.661+0100: 30.846: [GC concurrent-cleanup-start]
2015-03-20T11:16:18.661+0100: 30.846: [GC concurrent-cleanup-end, 0.0000547 secs]
2015-03-20T11:16:18.754+0100: 30.936: [GC pause (G1 Humongous Allocation) (young) 962M->960M(1024M), 0.0404196 secs]
2015-03-20T11:16:18.786+0100: 30.977: Total time for which application threads were stopped: 0.0505909 seconds
2015-03-20T11:16:18.801+0100: 30.983: [Full GC (Allocation Failure)  961M->64M(1024M), 0.0045442 secs]
2015-03-20T11:16:18.801+0100: 30.988: Total time for which application threads were stopped: 0.0109841 seconds
2015-03-20T11:16:18.801+0100: 30.994: [GC pause (G1 Humongous Allocation) (young) (initial-mark) 192M->192M(1024M), 0.0003553 secs]
2015-03-20T11:16:18.801+0100: 2015-03-20T11:16:18.801+0100: 30.994: 30.994: [GC concurrent-root-region-scan-start]
Total time for which application threads were stopped: 0.0062801 seconds
2015-03-20T11:16:18.801+0100: 30.994: [GC concurrent-root-region-scan-end, 0.0000235 secs]
2015-03-20T11:16:18.801+0100: 30.994: [GC concurrent-mark-start]
2015-03-20T11:16:18.801+0100: 30.995: [GC concurrent-mark-end, 0.0006187 secs]
2015-03-20T11:16:18.817+0100: 31.006: [GC remark, 0.0021802 secs]
2015-03-20T11:16:18.817+0100: 31.008: Total time for which application threads were stopped: 0.0129116 seconds
2015-03-20T11:16:18.833+0100: 31.027: [GC cleanup 385M->321M(1024M), 0.0003988 secs]
2015-03-20T11:16:18.833+0100: 31.028: Total time for which application threads were stopped: 0.0051756 seconds
2015-03-20T11:16:18.833+0100: 31.028: [GC concurrent-cleanup-start]
2015-03-20T11:16:18.833+0100: 31.028: [GC concurrent-cleanup-end, 0.0000499 secs]
2015-03-20T11:16:18.958+0100: 31.140: [GC pause (G1 Humongous Allocation) (young) 962M->960M(1024M), 0.0259895 secs]
2015-03-20T11:16:18.973+0100: 31.166: Total time for which application threads were stopped: 0.0352767 seconds
2015-03-20T11:16:18.989+0100: 31.171: [Full GC (Allocation Failure)  961M->282K(1024M), 0.0046546 secs]
2015-03-20T11:16:18.989+0100: 31.176: Total time for which application threads were stopped: 0.0098952 seconds
2015-03-20T11:16:18.989+0100: 31.180: [GC pause (G1 Humongous Allocation) (young) (initial-mark) 64M->64M(1024M), 0.0003402 secs]
2015-03-20T11:16:18.989+0100: 2015-03-20T11:16:18.989+0100: 31.181: 31.181: [GC concurrent-root-region-scan-start]
Total time for which application threads were stopped: 0.0051942 seconds
2015-03-20T11:16:18.989+0100: 31.181: [GC concurrent-root-region-scan-end, 0.0000068 secs]
2015-03-20T11:16:18.989+0100: 31.181: [GC concurrent-mark-start]
2015-03-20T11:16:19.004+0100: 31.187: Total time for which application threads were stopped: 0.0062752 seconds
2015-03-20T11:16:19.004+0100: 31.195: [GC concurrent-mark-end, 0.0140826 secs]
2015-03-20T11:16:19.020+0100: 31.202: [GC remark, 0.0010610 secs]
2015-03-20T11:16:19.020+0100: 31.203: Total time for which application threads were stopped: 0.0081436 seconds
2015-03-20T11:16:19.051+0100: 31.233: [GC cleanup 385M->385M(1024M), 0.0004027 secs]
2015-03-20T11:16:19.051+0100: 31.234: Total time for which application threads were stopped: 0.0134688 seconds
2015-03-20T11:16:19.129+0100: 31.311: [GC pause (G1 Humongous Allocation) (young) 962M->960M(1024M), 0.0382462 secs]
2015-03-20T11:16:19.161+0100: 31.350: Total time for which application threads were stopped: 0.0499971 seconds
2015-03-20T11:16:19.161+0100: 31.350: [Full GC (Allocation Failure)  960M->64M(1024M), 0.0059620 secs]
2015-03-20T11:16:19.161+0100: 31.356: Total time for which application threads were stopped: 0.0060969 seconds
2015-03-20T11:16:19.208+0100: 31.390: [GC pause (G1 Humongous Allocation) (young) (initial-mark) 450M->448M(1024M), 0.0315761 secs]
2015-03-20T11:16:19.239+0100: 31.421: [GC concurrent-root-region-scan-start]
2015-03-20T11:16:19.239+0100: 31.421: Total time for which application threads were stopped: 0.0457760 seconds
2015-03-20T11:16:19.239+0100: 31.421: [GC concurrent-root-region-scan-end, 0.0000259 secs]
2015-03-20T11:16:19.239+0100: 31.421: [GC concurrent-mark-start]
2015-03-20T11:16:19.254+0100: 31.436: Total time for which application threads were stopped: 0.0151231 seconds
2015-03-20T11:16:19.254+0100: 31.452: [GC concurrent-mark-end, 0.0304193 secs]
2015-03-20T11:16:19.270+0100: 31.463: [GC remark, 0.0019886 secs]
2015-03-20T11:16:19.270+0100: 31.465: Total time for which application threads were stopped: 0.0132816 seconds
2015-03-20T11:16:19.301+0100: 31.484: [GC cleanup 833M->513M(1024M), 0.0004257 secs]
2015-03-20T11:16:19.301+0100: 31.485: Total time for which application threads were stopped: 0.0119567 seconds
2015-03-20T11:16:19.301+0100: 31.485: [GC concurrent-cleanup-start]
2015-03-20T11:16:19.301+0100: 31.485: [GC concurrent-cleanup-end, 0.0003367 secs]
2015-03-20T11:16:19.411+0100: 31.593: [GC pause (G1 Humongous Allocation) (young) 962M->960M(1024M), 0.0350025 secs]
2015-03-20T11:16:19.442+0100: 31.628: Total time for which application threads were stopped: 0.0353969 seconds
2015-03-20T11:16:19.442+0100: 31.628: [Full GC (Allocation Failure)  961M->64M(1024M), 0.0046302 secs]
2015-03-20T11:16:19.442+0100: 31.633: Total time for which application threads were stopped: 0.0047670 seconds
2015-03-20T11:16:19.458+0100: 31.640: [GC pause (G1 Humongous Allocation) (young) (initial-mark) 192M->192M(1024M), 0.0005278 secs]
2015-03-20T11:16:19.458+0100: 2015-03-20T11:16:19.458+0100: 31.640: [GC concurrent-root-region-scan-start]
31.640: Total time for which application threads were stopped: 0.0071970 seconds
2015-03-20T11:16:19.458+0100: 31.640: [GC concurrent-root-region-scan-end, 0.0000274 secs]
2015-03-20T11:16:19.458+0100: 31.640: [GC concurrent-mark-start]
2015-03-20T11:16:19.458+0100: 31.641: [GC concurrent-mark-end, 0.0007052 secs]
2015-03-20T11:16:19.473+0100: 31.655: [GC remark, 0.0016578 secs]
2015-03-20T11:16:19.473+0100: 31.657: Total time for which application threads were stopped: 0.0158504 seconds
2015-03-20T11:16:19.504+0100: 31.686: [GC cleanup 449M->385M(1024M), 0.0004012 secs]
2015-03-20T11:16:19.504+0100: 31.687: Total time for which application threads were stopped: 0.0133686 seconds
2015-03-20T11:16:19.504+0100: 31.687: [GC concurrent-cleanup-start]
2015-03-20T11:16:19.504+0100: 31.687: [GC concurrent-cleanup-end, 0.0000596 secs]
2015-03-20T11:16:19.629+0100: 31.811: [GC pause (G1 Humongous Allocation) (young) 962M->960M(1024M), 0.0358070 secs]
2015-03-20T11:16:19.661+0100: 31.847: Total time for which application threads were stopped: 0.0501780 seconds
2015-03-20T11:16:19.661+0100: 31.847: [Full GC (Allocation Failure)  960M->64M(1024M), 0.0044484 secs]
2015-03-20T11:16:19.661+0100: 31.852: Total time for which application threads were stopped: 0.0045823 seconds
2015-03-20T11:16:19.661+0100: 31.858: [GC pause (G1 Humongous Allocation) (young) (initial-mark) 192M->192M(1024M), 0.0003641 secs]
2015-03-20T11:16:19.676+0100: 2015-03-20T11:16:19.676+0100: 31.858: 31.858: [GC concurrent-root-region-scan-start]
Total time for which application threads were stopped: 0.0063784 seconds
2015-03-20T11:16:19.676+0100: 31.858: [GC concurrent-root-region-scan-end, 0.0000235 secs]
2015-03-20T11:16:19.676+0100: 31.858: [GC concurrent-mark-start]
2015-03-20T11:16:19.676+0100: 31.859: [GC concurrent-mark-end, 0.0006270 secs]
2015-03-20T11:16:19.692+0100: 31.874: [GC remark, 0.0010537 secs]
2015-03-20T11:16:19.692+0100: 31.875: Total time for which application threads were stopped: 0.0159642 seconds
2015-03-20T11:16:19.723+0100: 31.905: [GC cleanup 513M->449M(1024M), 0.0004550 secs]
2015-03-20T11:16:19.723+0100: 31.906: Total time for which application threads were stopped: 0.0138984 seconds
2015-03-20T11:16:19.723+0100: 31.906: [GC concurrent-cleanup-start]
2015-03-20T11:16:19.723+0100: 31.906: [GC concurrent-cleanup-end, 0.0000538 secs]
2015-03-20T11:16:19.848+0100: 32.030: [GC pause (G1 Humongous Allocation) (young) 962M->960M(1024M), 0.0309852 secs]
2015-03-20T11:16:19.864+0100: 32.061: Total time for which application threads were stopped: 0.0435411 seconds
2015-03-20T11:16:19.864+0100: 32.061: [Full GC (Allocation Failure)  960M->64M(1024M), 0.0044772 secs]
2015-03-20T11:16:19.879+0100: 32.066: Total time for which application threads were stopped: 0.0046102 seconds
2015-03-20T11:16:19.879+0100: 32.075: [GC pause (G1 Humongous Allocation) (young) (initial-mark) 256M->256M(1024M), 0.0004443 secs]
2015-03-20T11:16:19.879+01002015-03-20T11:16:19.879+0100: : 32.07532.075: : [GC concurrent-root-region-scan-start]
Total time for which application threads were stopped: 0.0093821 seconds
2015-03-20T11:16:19.879+0100: 32.076: [GC concurrent-root-region-scan-end, 0.0000415 secs]
2015-03-20T11:16:19.879+0100: 32.076: [GC concurrent-mark-start]
2015-03-20T11:16:19.879+0100: 32.076: [GC concurrent-mark-end, 0.0006217 secs]
2015-03-20T11:16:19.911+0100: 32.093: [GC remark, 0.0017149 secs]
2015-03-20T11:16:19.911+0100: 32.095: Total time for which application threads were stopped: 0.0183487 seconds
2015-03-20T11:16:19.942+0100: 32.129: [GC cleanup 514M->450M(1024M), 0.0003949 secs]
2015-03-20T11:16:19.942+0100: 32.130: Total time for which application threads were stopped: 0.0097696 seconds
2015-03-20T11:16:19.942+0100: 32.130: [GC concurrent-cleanup-start]
2015-03-20T11:16:19.942+0100: 32.130: [GC concurrent-cleanup-end, 0.0000533 secs]
2015-03-20T11:16:20.036+0100: 32.218: [GC pause (G1 Humongous Allocation) (young) 962M->960M(1024M), 0.0499463 secs]
2015-03-20T11:16:20.083+0100: 32.268: Total time for which application threads were stopped: 0.0612989 seconds
2015-03-20T11:16:20.083+0100: 32.268: [Full GC (Allocation Failure)  960M->128M(1024M), 0.0044567 secs]
2015-03-20T11:16:20.083+0100: 32.272: Total time for which application threads were stopped: 0.0045882 seconds
2015-03-20T11:16:20.083+0100: 32.277: [GC pause (G1 Humongous Allocation) (young) (initial-mark) 192M->192M(1024M), 0.0004408 secs]
2015-03-20T11:16:20.083+0100: 2015-03-20T11:16:20.083+0100: 32.278: 32.278: Total time for which application threads were stopped: 0.0052826 seconds
[GC concurrent-root-region-scan-start]
2015-03-20T11:16:20.083+0100: 32.278: [GC concurrent-root-region-scan-end, 0.0000078 secs]
2015-03-20T11:16:20.083+0100: 32.278: [GC concurrent-mark-start]
2015-03-20T11:16:20.083+0100: 32.278: [GC concurrent-mark-end, 0.0004154 secs]
2015-03-20T11:16:20.098+0100: 32.290: [GC remark, 0.0011324 secs]
2015-03-20T11:16:20.098+0100: 32.291: Total time for which application threads were stopped: 0.0131585 seconds
2015-03-20T11:16:20.130+0100: 32.312: [GC cleanup 642M->642M(1024M), 0.0003587 secs]
2015-03-20T11:16:20.130+0100: 32.312: Total time for which application threads were stopped: 0.0121346 seconds
2015-03-20T11:16:20.192+0100: 32.376: [GC pause (G1 Humongous Allocation) (young) 962M->960M(1024M), 0.0378430 secs]
2015-03-20T11:16:20.223+0100: 32.414: Total time for which application threads were stopped: 0.0420949 seconds
2015-03-20T11:16:20.223+0100: 32.414: [Full GC (Allocation Failure)  960M->64M(1024M), 0.0061726 secs]
2015-03-20T11:16:20.223+0100: 32.420: Total time for which application threads were stopped: 0.0063046 seconds
2015-03-20T11:16:20.286+0100: 32.472: [GC pause (G1 Humongous Allocation) (young) (initial-mark) 514M->512M(1024M), 0.0292923 secs]
2015-03-20T11:16:20.317+0100: 32.502: [GC concurrent-root-region-scan-start]
2015-03-20T11:16:20.317+0100: 32.502: Total time for which application threads were stopped: 0.0296833 seconds
2015-03-20T11:16:20.317+0100: 32.502: [GC concurrent-root-region-scan-end, 0.0000254 secs]
2015-03-20T11:16:20.317+0100: 32.502: [GC concurrent-mark-start]
2015-03-20T11:16:20.317+0100: 32.503: [GC concurrent-mark-end, 0.0007507 secs]
2015-03-20T11:16:20.333+0100: 32.517: [GC remark, 0.0010786 secs]
2015-03-20T11:16:20.333+0100: 32.518: Total time for which application threads were stopped: 0.0155434 seconds
2015-03-20T11:16:20.348+0100: 32.530: [GC cleanup 834M->514M(1024M), 0.0003543 secs]
2015-03-20T11:16:20.348+0100: 32.531: Total time for which application threads were stopped: 0.0124381 seconds
2015-03-20T11:16:20.348+0100: 32.531: [GC concurrent-cleanup-start]
2015-03-20T11:16:20.348+0100: 32.531: [GC concurrent-cleanup-end, 0.0002580 secs]
2015-03-20T11:16:20.426+0100: 32.608: [GC pause (G1 Humongous Allocation) (young) 962M->960M(1024M), 0.0361173 secs]
2015-03-20T11:16:20.458+0100: 32.645: Total time for which application threads were stopped: 0.0481630 seconds
2015-03-20T11:16:20.458+0100: 32.645: [Full GC (Allocation Failure)  960M->64M(1024M), 0.0059673 secs]
2015-03-20T11:16:20.458+0100: 32.651: Total time for which application threads were stopped: 0.0061013 seconds
2015-03-20T11:16:20.489+0100: 32.671: [GC pause (G1 Humongous Allocation) (young) (initial-mark) 450M->448M(1024M), 0.0306534 secs]
2015-03-20T11:16:20.505+0100: 32.702: [GC concurrent-root-region-scan-start]
2015-03-20T11:16:20.505+0100: 32.702: Total time for which application threads were stopped: 0.0382848 seconds
2015-03-20T11:16:20.505+0100: 32.702: [GC concurrent-root-region-scan-end, 0.0000249 secs]
2015-03-20T11:16:20.505+0100: 32.702: [GC concurrent-mark-start]
2015-03-20T11:16:20.536+0100: 32.718: Total time for which application threads were stopped: 0.0161172 seconds
2015-03-20T11:16:20.551+0100: 32.733: [GC concurrent-mark-end, 0.0317941 secs]
2015-03-20T11:16:20.567+0100: 32.749: [GC remark, 0.0011563 secs]
2015-03-20T11:16:20.567+0100: 32.750: Total time for which application threads were stopped: 0.0167477 seconds
2015-03-20T11:16:20.583+0100: 32.765: [GC cleanup 769M->449M(1024M), 0.0003783 secs]
2015-03-20T11:16:20.583+0100: 32.765: Total time for which application threads were stopped: 0.0063578 seconds
2015-03-20T11:16:20.583+0100: 32.765: [GC concurrent-cleanup-start]
2015-03-20T11:16:20.583+0100: 32.765: [GC concurrent-cleanup-end, 0.0002664 secs]
2015-03-20T11:16:20.661+0100: 32.843: [GC pause (G1 Humongous Allocation) (young) 962M->960M(1024M), 0.0456661 secs]
2015-03-20T11:16:20.692+0100: 32.889: Total time for which application threads were stopped: 0.0496086 seconds
2015-03-20T11:16:20.692+0100: 32.889: [Full GC (Allocation Failure)  961M->64M(1024M), 0.0044264 secs]
2015-03-20T11:16:20.708+0100: 32.893: Total time for which application threads were stopped: 0.0045559 seconds
2015-03-20T11:16:20.708+0100: 32.899: [GC pause (G1 Humongous Allocation) (young) (initial-mark) 192M->192M(1024M), 0.0003651 secs]
2015-03-20T11:16:20.708+01002015-03-20T11:16:20.708+0100: : 32.899: 32.899: [GC concurrent-root-region-scan-start]
Total time for which application threads were stopped: 0.0062909 seconds
2015-03-20T11:16:20.708+0100: 32.900: [GC concurrent-root-region-scan-end, 0.0000225 secs]
2015-03-20T11:16:20.708+0100: 32.900: [GC concurrent-mark-start]
2015-03-20T11:16:20.708+0100: 32.900: [GC concurrent-mark-end, 0.0006002 secs]
2015-03-20T11:16:20.723+0100: 32.906: [GC remark, 0.0016338 secs]
2015-03-20T11:16:20.723+0100: 32.908: Total time for which application threads were stopped: 0.0079682 seconds
2015-03-20T11:16:20.739+0100: 32.928: [GC cleanup 385M->321M(1024M), 0.0003871 secs]
2015-03-20T11:16:20.739+0100: 32.928: Total time for which application threads were stopped: 0.0051497 seconds
2015-03-20T11:16:20.739+0100: 32.928: [GC concurrent-cleanup-start]
2015-03-20T11:16:20.739+0100: 32.928: [GC concurrent-cleanup-end, 0.0000655 secs]
2015-03-20T11:16:20.848+0100: 33.044: [GC pause (G1 Humongous Allocation) (young) 962M->960M(1024M), 0.0244084 secs]
2015-03-20T11:16:20.880+0100: 33.068: Total time for which application threads were stopped: 0.0295000 seconds
2015-03-20T11:16:20.895+0100: 33.077: [Full GC (Allocation Failure)  960M->282K(1024M), 0.0054630 secs]
2015-03-20T11:16:20.895+0100: 33.083: Total time for which application threads were stopped: 0.0143705 seconds
2015-03-20T11:16:20.895+0100: 33.088: [GC pause (G1 Humongous Allocation) (young) (initial-mark) 64M->64M(1024M), 0.0006378 secs]
2015-03-20T11:16:20.895+0100: 33.088: Total time for which application threads were stopped: 0.0054073 seconds
2015-03-20T11:16:20.895+0100: 33.088: [GC concurrent-root-region-scan-start]
2015-03-20T11:16:20.895+0100: 33.088: [GC concurrent-root-region-scan-end, 0.0000357 secs]
2015-03-20T11:16:20.895+0100: 33.088: [GC concurrent-mark-start]
2015-03-20T11:16:20.895+0100: 33.089: [GC concurrent-mark-end, 0.0006256 secs]
2015-03-20T11:16:20.911+0100: 33.100: [GC remark, 0.0012194 secs]
2015-03-20T11:16:20.911+0100: 33.102: Total time for which application threads were stopped: 0.0126903 seconds
2015-03-20T11:16:20.926+0100: 33.108: [GC cleanup 257M->257M(1024M), 0.0005396 secs]
2015-03-20T11:16:20.926+0100: 33.109: Total time for which application threads were stopped: 0.0073675 seconds
2015-03-20T11:16:21.051+0100: 33.233: [GC pause (G1 Humongous Allocation) (young) 962M->960M(1024M), 0.0227301 secs]
2015-03-20T11:16:21.067+0100: 33.256: Total time for which application threads were stopped: 0.0293079 seconds
2015-03-20T11:16:21.067+0100: 33.256: [Full GC (Allocation Failure)  960M->128M(1024M), 0.0045065 secs]
2015-03-20T11:16:21.067+0100: 33.261: Total time for which application threads were stopped: 0.0046243 seconds
2015-03-20T11:16:21.130+0100: 33.316: [GC pause (G1 Humongous Allocation) (young) (initial-mark) 449M->448M(1024M), 0.0093435 secs]
2015-03-20T11:16:21.130+0100: 33.326: Total time for which application threads were stopped: 0.0145039 seconds
2015-03-20T11:16:21.130+0100: 33.326: [GC concurrent-root-region-scan-start]
2015-03-20T11:16:21.130+0100: 33.326: [GC concurrent-root-region-scan-end, 0.0000572 secs]
2015-03-20T11:16:21.130+0100: 33.326: [GC concurrent-mark-start]
2015-03-20T11:16:21.161+0100: 33.343: Total time for which application threads were stopped: 0.0171333 seconds
2015-03-20T11:16:21.161+0100: 33.350: [GC concurrent-mark-end, 0.0246694 secs]
2015-03-20T11:16:21.176+0100: 33.358: [GC remark, 0.0013968 secs]
2015-03-20T11:16:21.176+0100: 33.360: Total time for which application threads were stopped: 0.0094148 seconds
2015-03-20T11:16:21.208+0100: 33.390: [GC cleanup 770M->450M(1024M), 0.0008655 secs]
2015-03-20T11:16:21.208+0100: 33.391: Total time for which application threads were stopped: 0.0132924 seconds
2015-03-20T11:16:21.208+0100: 33.391: [GC concurrent-cleanup-start]
2015-03-20T11:16:21.208+0100: 33.391: [GC concurrent-cleanup-end, 0.0002703 secs]
2015-03-20T11:16:21.270+0100: 33.452: [GC pause (G1 Humongous Allocation) (young) 962M->960M(1024M), 0.0360865 secs]
2015-03-20T11:16:21.301+0100: 33.488: Total time for which application threads were stopped: 0.0428075 seconds
2015-03-20T11:16:21.317+0100: 33.499: [Full GC (Allocation Failure)  961M->282K(1024M), 0.0047025 secs]
2015-03-20T11:16:21.317+0100: 33.504: Total time for which application threads were stopped: 0.0154633 seconds
2015-03-20T11:16:21.317+0100: 33.509: [GC pause (G1 Humongous Allocation) (young) (initial-mark) 64M->64M(1024M), 0.0003294 secs]
2015-03-20T11:16:21.317+01002015-03-20T11:16:21.317+0100: : 33.509: 33.509: [GC concurrent-root-region-scan-start]
Total time for which application threads were stopped: 0.0051824 seconds
2015-03-20T11:16:21.317+0100: 33.509: [GC concurrent-root-region-scan-end, 0.0000083 secs]
2015-03-20T11:16:21.317+0100: 33.509: [GC concurrent-mark-start]
2015-03-20T11:16:21.317+0100: 33.510: [GC concurrent-mark-end, 0.0004267 secs]
2015-03-20T11:16:21.333+0100: 33.519: [GC remark, 0.0010405 secs]
2015-03-20T11:16:21.333+0100: 33.520: Total time for which application threads were stopped: 0.0100213 seconds
2015-03-20T11:16:21.348+0100: 33.530: [GC cleanup 257M->257M(1024M), 0.0004306 secs]
2015-03-20T11:16:21.348+0100: 33.531: Total time for which application threads were stopped: 0.0111449 seconds
2015-03-20T11:16:21.442+0100: 33.631: [GC pause (G1 Humongous Allocation) (young) 962M->960M(1024M), 0.0333516 secs]
2015-03-20T11:16:21.473+0100: 33.664: Total time for which application threads were stopped: 0.0389891 seconds
2015-03-20T11:16:21.473+0100: 33.664: [Full GC (Allocation Failure)  960M->64M(1024M), 0.0059522 secs]
2015-03-20T11:16:21.473+0100: 33.670: Total time for which application threads were stopped: 0.0060871 seconds
2015-03-20T11:16:21.505+0100: 33.690: [GC pause (G1 Humongous Allocation) (young) (initial-mark) 449M->448M(1024M), 0.0237794 secs]
2015-03-20T11:16:21.520+0100: 33.713: 2015-03-20T11:16:21.520+0100: [GC concurrent-root-region-scan-start]
33.713: Total time for which application threads were stopped: 0.0250824 seconds
2015-03-20T11:16:21.520+0100: 33.713: [GC concurrent-root-region-scan-end, 0.0000254 secs]
2015-03-20T11:16:21.520+0100: 33.713: [GC concurrent-mark-start]
2015-03-20T11:16:21.520+0100: 33.714: [GC concurrent-mark-end, 0.0004824 secs]
2015-03-20T11:16:21.536+0100: 33.719: [GC remark, 0.0010596 secs]
2015-03-20T11:16:21.536+0100: 33.720: Total time for which application threads were stopped: 0.0056550 seconds
2015-03-20T11:16:21.567+0100: 33.753: [GC cleanup 642M->386M(1024M), 0.0004291 secs]
2015-03-20T11:16:21.567+0100: 33.753: Total time for which application threads were stopped: 0.0072331 seconds
2015-03-20T11:16:21.567+0100: 33.753: [GC concurrent-cleanup-start]
2015-03-20T11:16:21.567+0100: 33.753: [GC concurrent-cleanup-end, 0.0002566 secs]
2015-03-20T11:16:21.645+0100: 33.829: [GC pause (G1 Humongous Allocation) (young) 962M->960M(1024M), 0.0313063 secs]
2015-03-20T11:16:21.676+0100: 33.861: Total time for which application threads were stopped: 0.0359551 seconds
2015-03-20T11:16:21.676+0100: 33.861: [Full GC (Allocation Failure)  960M->282K(1024M), 0.0068431 secs]
2015-03-20T11:16:21.676+0100: 33.868: Total time for which application threads were stopped: 0.0069814 seconds
2015-03-20T11:16:21.723+0100: 33.920: [GC pause (G1 Humongous Allocation) (young) (initial-mark) 450M->448M(1024M), 0.0290157 secs]
2015-03-20T11:16:21.755+0100: 33.949: [GC concurrent-root-region-scan-start]
2015-03-20T11:16:21.755+0100: 33.949: Total time for which application threads were stopped: 0.0294027 seconds
2015-03-20T11:16:21.755+0100: 33.949: [GC concurrent-root-region-scan-end, 0.0000235 secs]
2015-03-20T11:16:21.755+0100: 33.949: [GC concurrent-mark-start]
2015-03-20T11:16:21.755+0100: 33.950: [GC concurrent-mark-end, 0.0005161 secs]
2015-03-20T11:16:21.770+0100: 33.964: [GC remark, 0.0010767 secs]
2015-03-20T11:16:21.770+0100: 33.965: Total time for which application threads were stopped: 0.0152458 seconds
2015-03-20T11:16:21.786+0100: 33.970: [GC cleanup 770M->514M(1024M), 0.0003294 secs]
2015-03-20T11:16:21.786+0100: 33.970: Total time for which application threads were stopped: 0.0051815 seconds
2015-03-20T11:16:21.786+0100: 33.970: [GC concurrent-cleanup-start]
2015-03-20T11:16:21.786+0100: 33.970: [GC concurrent-cleanup-end, 0.0001930 secs]
2015-03-20T11:16:21.864+0100: 34.046: [GC pause (G1 Humongous Allocation) (young) 962M->960M(1024M), 0.0485867 secs]
2015-03-20T11:16:21.911+0100: 34.095: Total time for which application threads were stopped: 0.0589907 seconds
2015-03-20T11:16:21.911+0100: 34.095: [Full GC (Allocation Failure)  960M->128M(1024M), 0.0043580 secs]
2015-03-20T11:16:21.911+0100: 34.099: Total time for which application threads were stopped: 0.0044889 seconds
2015-03-20T11:16:21.911+0100: 34.105: [GC pause (G1 Humongous Allocation) (young) (initial-mark) 257M->256M(1024M), 0.0003524 secs]
2015-03-20T11:16:21.911+0100: 2015-03-20T11:16:21.911+0100: 34.10534.105: : [GC concurrent-root-region-scan-start]
Total time for which application threads were stopped: 0.0062581 seconds
2015-03-20T11:16:21.911+0100: 34.106: [GC concurrent-root-region-scan-end, 0.0000215 secs]
2015-03-20T11:16:21.911+0100: 34.106: [GC concurrent-mark-start]
2015-03-20T11:16:21.911+0100: 34.106: [GC concurrent-mark-end, 0.0004140 secs]
2015-03-20T11:16:21.926+0100: 34.112: [GC remark, 0.0010679 secs]
2015-03-20T11:16:21.926+0100: 34.113: Total time for which application threads were stopped: 0.0072801 seconds
2015-03-20T11:16:21.942+0100: 34.133: [GC cleanup 449M->321M(1024M), 0.0003832 secs]
2015-03-20T11:16:21.942+0100: 34.133: Total time for which application threads were stopped: 0.0052167 seconds
2015-03-20T11:16:21.942+0100: 34.133: [GC concurrent-cleanup-start]
2015-03-20T11:16:21.942+0100: 34.133: [GC concurrent-cleanup-end, 0.0000987 secs]
2015-03-20T11:16:22.051+0100: 34.234: [GC pause (G1 Humongous Allocation) (young) 962M->960M(1024M), 0.0252192 secs]
2015-03-20T11:16:22.067+0100: 34.260: Total time for which application threads were stopped: 0.0294702 seconds
2015-03-20T11:16:22.067+0100: 34.260: [Full GC (Allocation Failure)  960M->128M(1024M), 0.0052357 secs]
2015-03-20T11:16:22.083+0100: 34.265: Total time for which application threads were stopped: 0.0054029 seconds
2015-03-20T11:16:22.130+0100: 34.312: [GC pause (G1 Humongous Allocation) (young) (initial-mark) 450M->448M(1024M), 0.0220381 secs]
2015-03-20T11:16:22.145+0100: 34.334: [GC concurrent-root-region-scan-start]
2015-03-20T11:16:22.145+0100: 34.334: Total time for which application threads were stopped: 0.0249680 seconds
2015-03-20T11:16:22.145+0100: 34.334: [GC concurrent-root-region-scan-end, 0.0000239 secs]
2015-03-20T11:16:22.145+0100: 34.334: [GC concurrent-mark-start]
2015-03-20T11:16:22.145+0100: 34.339: Total time for which application threads were stopped: 0.0047113 seconds
2015-03-20T11:16:22.145+0100: 34.339: [GC concurrent-mark-end, 0.0052465 secs]
2015-03-20T11:16:22.161+0100: 34.348: [GC remark, 0.0010684 secs]
2015-03-20T11:16:22.161+0100: 34.349: Total time for which application threads were stopped: 0.0098576 seconds
2015-03-20T11:16:22.192+0100: 34.374: [GC cleanup 770M->450M(1024M), 0.0004179 secs]
2015-03-20T11:16:22.192+0100: 34.375: Total time for which application threads were stopped: 0.0159242 seconds
2015-03-20T11:16:22.192+0100: 34.375: [GC concurrent-cleanup-start]
2015-03-20T11:16:22.192+0100: 34.375: [GC concurrent-cleanup-end, 0.0002664 secs]
2015-03-20T11:16:22.286+0100: 34.468: [GC pause (G1 Humongous Allocation) (young) 962M->960M(1024M), 0.0446475 secs]
2015-03-20T11:16:22.317+0100: 34.513: Total time for which application threads were stopped: 0.0575308 seconds
2015-03-20T11:16:22.317+0100: 34.513: [Full GC (Allocation Failure)  961M->64M(1024M), 0.0044689 secs]
2015-03-20T11:16:22.333+0100: 34.517: Total time for which application threads were stopped: 0.0046009 seconds
2015-03-20T11:16:22.333+0100: 34.522: [GC pause (G1 Humongous Allocation) (young) (initial-mark) 128M->128M(1024M), 0.0003450 secs]
2015-03-20T11:16:22.333+0100: 2015-03-20T11:16:22.333+0100: 34.522: 34.522: [GC concurrent-root-region-scan-start]
2015-03-20T11:16:22.333+0100: Total time for which application threads were stopped: 0.0051917 seconds
34.522: [GC concurrent-root-region-scan-end, 0.0000073 secs]
2015-03-20T11:16:22.333+0100: 34.522: [GC concurrent-mark-start]
2015-03-20T11:16:22.333+0100: 34.527: Total time for which application threads were stopped: 0.0047978 seconds
2015-03-20T11:16:22.333+0100: 34.528: [GC concurrent-mark-end, 0.0052431 secs]
2015-03-20T11:16:22.348+0100: 34.534: [GC remark, 0.0010537 secs]
2015-03-20T11:16:22.348+0100: 34.535: Total time for which application threads were stopped: 0.0071808 seconds
2015-03-20T11:16:22.380+0100: 34.562: [GC cleanup 386M->386M(1024M), 0.0003783 secs]
2015-03-20T11:16:22.380+0100: 34.562: Total time for which application threads were stopped: 0.0122045 seconds
2015-03-20T11:16:22.458+0100: 34.641: [GC pause (G1 Humongous Allocation) (young) 962M->960M(1024M), 0.0382843 secs]
2015-03-20T11:16:22.489+0100: 34.679: Total time for which application threads were stopped: 0.0435792 seconds
2015-03-20T11:16:22.489+0100: 34.679: [Full GC (Allocation Failure)  960M->64M(1024M), 0.0059234 secs]
2015-03-20T11:16:22.489+0100: 34.685: Total time for which application threads were stopped: 0.0060553 seconds
2015-03-20T11:16:22.567+0100: 34.749: [GC pause (G1 Humongous Allocation) (young) (initial-mark) 514M->512M(1024M), 0.0295533 secs]
2015-03-20T11:16:22.583+0100: 34.779: [GC concurrent-root-region-scan-start]
2015-03-20T11:16:22.583+0100: 34.779: Total time for which application threads were stopped: 0.0435645 seconds
2015-03-20T11:16:22.583+0100: 34.779: [GC concurrent-root-region-scan-end, 0.0000420 secs]
2015-03-20T11:16:22.583+0100: 34.779: [GC concurrent-mark-start]
2015-03-20T11:16:22.583+0100: 34.780: [GC concurrent-mark-end, 0.0009041 secs]
2015-03-20T11:16:22.598+0100: 34.791: [GC remark, 0.0011617 secs]
2015-03-20T11:16:22.598+0100: 34.792: Total time for which application threads were stopped: 0.0126174 seconds
2015-03-20T11:16:22.598+0100: 34.792: [GC cleanup 769M->449M(1024M), 0.0004394 secs]
2015-03-20T11:16:22.598+0100: 34.793: Total time for which application threads were stopped: 0.0004873 seconds
2015-03-20T11:16:22.598+0100: 34.793: [GC concurrent-cleanup-start]
2015-03-20T11:16:22.598+0100: 34.793: [GC concurrent-cleanup-end, 0.0002732 secs]
2015-03-20T11:16:22.708+0100: 34.890: [GC pause (G1 Humongous Allocation) (young) 962M->960M(1024M), 0.0389676 secs]
2015-03-20T11:16:22.739+0100: 34.929: Total time for which application threads were stopped: 0.0415979 seconds
2015-03-20T11:16:22.739+0100: 34.929: [Full GC (Allocation Failure)  960M->128M(1024M), 0.0043414 secs]
2015-03-20T11:16:22.739+0100: 34.933: Total time for which application threads were stopped: 0.0044699 seconds
2015-03-20T11:16:22.755+0100: 34.942: [GC pause (G1 Humongous Allocation) (young) (initial-mark) 321M->320M(1024M), 0.0003509 secs]
2015-03-20T11:16:22.755+01002015-03-20T11:16:22.755+0100: : 34.943: 34.943: [GC concurrent-root-region-scan-start]
Total time for which application threads were stopped: 0.0094226 seconds
2015-03-20T11:16:22.755+0100: 34.943: [GC concurrent-root-region-scan-end, 0.0000244 secs]
2015-03-20T11:16:22.755+0100: 34.943: [GC concurrent-mark-start]
2015-03-20T11:16:22.755+0100: 34.944: [GC concurrent-mark-end, 0.0006378 secs]
2015-03-20T11:16:22.770+0100: 34.952: [GC remark, 0.0016089 secs]
2015-03-20T11:16:22.770+0100: 34.954: Total time for which application threads were stopped: 0.0103659 seconds
2015-03-20T11:16:22.802+0100: 34.985: [GC cleanup 642M->514M(1024M), 0.0003817 secs]
2015-03-20T11:16:22.802+0100: 34.986: Total time for which application threads were stopped: 0.0066129 seconds
2015-03-20T11:16:22.802+0100: 34.986: [GC concurrent-cleanup-start]
2015-03-20T11:16:22.802+0100: 34.986: [GC concurrent-cleanup-end, 0.0000968 secs]
2015-03-20T11:16:22.880+0100: 35.062: [GC pause (G1 Humongous Allocation) (young) 962M->960M(1024M), 0.0397539 secs]
2015-03-20T11:16:22.911+0100: 35.102: Total time for which application threads were stopped: 0.0437419 seconds
2015-03-20T11:16:22.927+0100: 35.109: [Full GC (Allocation Failure)  961M->282K(1024M), 0.0048355 secs]
2015-03-20T11:16:22.927+0100: 35.113: Total time for which application threads were stopped: 0.0118858 seconds
2015-03-20T11:16:22.927+0100: 35.118: [GC pause (G1 Humongous Allocation) (young) (initial-mark) 64M->64M(1024M), 0.0004169 secs]
2015-03-20T11:16:22.927+01002015-03-20T11:16:22.927+0100: : 35.119: 35.119: [GC concurrent-root-region-scan-start]
Total time for which application threads were stopped: 0.0052949 seconds
2015-03-20T11:16:22.927+0100: 35.119: [GC concurrent-root-region-scan-end, 0.0000088 secs]
2015-03-20T11:16:22.927+0100: 35.119: [GC concurrent-mark-start]
2015-03-20T11:16:22.942+0100: 35.124: Total time for which application threads were stopped: 0.0052748 seconds
2015-03-20T11:16:22.942+0100: 35.132: [GC concurrent-mark-end, 0.0135455 secs]
2015-03-20T11:16:22.958+0100: 35.142: [GC remark, 0.0011128 secs]
2015-03-20T11:16:22.958+0100: 35.143: Total time for which application threads were stopped: 0.0107603 seconds
2015-03-20T11:16:22.958+0100: 35.154: [GC cleanup 449M->449M(1024M), 0.0004086 secs]
2015-03-20T11:16:22.958+0100: 35.155: Total time for which application threads were stopped: 0.0031186 seconds
2015-03-20T11:16:23.114+0100: 35.296: [GC pause (G1 Humongous Allocation) (young) 962M->960M(1024M), 0.0300737 secs]
2015-03-20T11:16:23.130+0100: 35.326: Total time for which application threads were stopped: 0.0458176 seconds
2015-03-20T11:16:23.130+0100: 35.326: [Full GC (Allocation Failure)  960M->64M(1024M), 0.0055187 secs]
2015-03-20T11:16:23.145+0100: 35.332: Total time for which application threads were stopped: 0.0056643 seconds
2015-03-20T11:16:23.208+0100: 35.390: [GC pause (G1 Humongous Allocation) (young) (initial-mark) 449M->448M(1024M), 0.0177842 secs]
2015-03-20T11:16:23.223+0100: 35.408: 2015-03-20T11:16:23.223+0100: [GC concurrent-root-region-scan-start]
35.408: Total time for which application threads were stopped: 0.0180765 seconds
2015-03-20T11:16:23.223+0100: 35.408: [GC concurrent-root-region-scan-end, 0.0000225 secs]
2015-03-20T11:16:23.223+0100: 35.408: [GC concurrent-mark-start]
2015-03-20T11:16:23.223+0100: 35.414: Total time for which application threads were stopped: 0.0058916 seconds
2015-03-20T11:16:23.223+0100: 35.415: [GC concurrent-mark-end, 0.0065983 secs]
2015-03-20T11:16:23.239+0100: 35.424: [GC remark, 0.0019358 secs]
2015-03-20T11:16:23.239+0100: 35.426: Total time for which application threads were stopped: 0.0109328 seconds
2015-03-20T11:16:23.270+0100: 35.452: [GC cleanup 833M->513M(1024M), 0.0004096 secs]
2015-03-20T11:16:23.270+0100: 35.453: Total time for which application threads were stopped: 0.0120114 seconds
2015-03-20T11:16:23.270+0100: 35.453: [GC concurrent-cleanup-start]
2015-03-20T11:16:23.270+0100: 35.453: [GC concurrent-cleanup-end, 0.0002649 secs]
2015-03-20T11:16:23.302+0100: 35.495: [GC pause (G1 Humongous Allocation) (young) 962M->960M(1024M), 0.0313053 secs]
2015-03-20T11:16:23.333+0100: 35.527: Total time for which application threads were stopped: 0.0380629 seconds
2015-03-20T11:16:23.333+0100: 35.527: [Full GC (Allocation Failure)  960M->282K(1024M), 0.0068407 secs]
2015-03-20T11:16:23.348+0100: 35.534: Total time for which application threads were stopped: 0.0069731 seconds
2015-03-20T11:16:23.411+0100: 35.593: [GC pause (G1 Humongous Allocation) (young) (initial-mark) 450M->448M(1024M), 0.0283955 secs]
2015-03-20T11:16:23.427+0100: 35.621: [GC concurrent-root-region-scan-start]
2015-03-20T11:16:23.427+0100: 35.621: Total time for which application threads were stopped: 0.0311572 seconds
2015-03-20T11:16:23.427+0100: 35.621: [GC concurrent-root-region-scan-end, 0.0000230 secs]
2015-03-20T11:16:23.427+0100: 35.621: [GC concurrent-mark-start]
2015-03-20T11:16:23.427+0100: 35.622: [GC concurrent-mark-end, 0.0007609 secs]
2015-03-20T11:16:23.442+0100: 35.637: [GC remark, 0.0010547 secs]
2015-03-20T11:16:23.442+0100: 35.638: Total time for which application threads were stopped: 0.0154349 seconds
2015-03-20T11:16:23.458+0100: 35.643: [GC cleanup 770M->514M(1024M), 0.0003338 secs]
2015-03-20T11:16:23.458+0100: 35.643: Total time for which application threads were stopped: 0.0051932 seconds
2015-03-20T11:16:23.458+0100: 35.643: [GC concurrent-cleanup-start]
2015-03-20T11:16:23.458+0100: 35.643: [GC concurrent-cleanup-end, 0.0001970 secs]
2015-03-20T11:16:23.536+0100: 35.718: [GC pause (G1 Humongous Allocation) (young) 962M->960M(1024M), 0.0498466 secs]
2015-03-20T11:16:23.583+0100: 35.768: Total time for which application threads were stopped: 0.0549264 seconds
2015-03-20T11:16:23.583+0100: 35.768: [Full GC (Allocation Failure)  960M->128M(1024M), 0.0043174 secs]
2015-03-20T11:16:23.583+0100: 35.772: Total time for which application threads were stopped: 0.0044445 seconds
2015-03-20T11:16:23.598+0100: 35.782: [GC pause (G1 Humongous Allocation) (young) (initial-mark) 321M->320M(1024M), 0.0003665 secs]
2015-03-20T11:16:23.598+01002015-03-20T11:16:23.598+0100: : 35.782: 35.782: [GC concurrent-root-region-scan-start]
Total time for which application threads were stopped: 0.0097774 seconds
2015-03-20T11:16:23.598+0100: 35.782: [GC concurrent-root-region-scan-end, 0.0000225 secs]
2015-03-20T11:16:23.598+0100: 35.782: [GC concurrent-mark-start]
2015-03-20T11:16:23.598+0100: 35.783: [GC concurrent-mark-end, 0.0004355 secs]
2015-03-20T11:16:23.614+0100: 35.796: [GC remark, 0.0010786 secs]
2015-03-20T11:16:23.614+0100: 35.797: Total time for which application threads were stopped: 0.0144497 seconds
2015-03-20T11:16:23.645+0100: 35.829: [GC cleanup 578M->450M(1024M), 0.0004237 secs]
2015-03-20T11:16:23.645+0100: 35.830: Total time for which application threads were stopped: 0.0099231 seconds
2015-03-20T11:16:23.645+0100: 35.830: [GC concurrent-cleanup-start]
2015-03-20T11:16:23.645+0100: 35.830: [GC concurrent-cleanup-end, 0.0000933 secs]
2015-03-20T11:16:23.739+0100: 35.921: [GC pause (G1 Humongous Allocation) (young) 962M->960M(1024M), 0.0411888 secs]
2015-03-20T11:16:23.770+0100: 35.962: Total time for which application threads were stopped: 0.0506706 seconds
2015-03-20T11:16:23.770+0100: 35.962: [Full GC (Allocation Failure)  960M->128M(1024M), 0.0051502 secs]
2015-03-20T11:16:23.770+0100: 35.968: Total time for which application threads were stopped: 0.0052905 seconds
2015-03-20T11:16:23.802+0100: 35.986: [GC pause (G1 Humongous Allocation) (young) (initial-mark) 514M->512M(1024M), 0.0306685 secs]
2015-03-20T11:16:23.833+0100: 36.017: [GC concurrent-root-region-scan-start]
2015-03-20T11:16:23.833+0100: 36.017: Total time for which application threads were stopped: 0.0369462 seconds
2015-03-20T11:16:23.833+0100: 36.017: [GC concurrent-root-region-scan-end, 0.0000259 secs]
2015-03-20T11:16:23.833+0100: 36.017: [GC concurrent-mark-start]
2015-03-20T11:16:23.848+0100: 36.030: Total time for which application threads were stopped: 0.0135494 seconds
2015-03-20T11:16:23.848+0100: 36.046: [GC concurrent-mark-end, 0.0286662 secs]
2015-03-20T11:16:23.864+0100: 36.051: [GC remark, 0.0019080 secs]
2015-03-20T11:16:23.864+0100: 36.053: Total time for which application threads were stopped: 0.0078475 seconds
2015-03-20T11:16:23.864+0100: 36.053: [GC cleanup 705M->321M(1024M), 0.0004096 secs]
2015-03-20T11:16:23.864+0100: 36.054: Total time for which application threads were stopped: 0.0004501 seconds
2015-03-20T11:16:23.864+0100: 36.054: [GC concurrent-cleanup-start]
2015-03-20T11:16:23.864+0100: 36.054: [GC concurrent-cleanup-end, 0.0003284 secs]
2015-03-20T11:16:23.985+0100: 36.176: [GC pause (G1 Humongous Allocation) (young) 962M->960M(1024M), 0.0350524 secs]
2015-03-20T11:16:24.016+0100: 36.211: Total time for which application threads were stopped: 0.0354121 seconds
2015-03-20T11:16:24.016+0100: 36.212: [Full GC (Allocation Failure)  960M->128M(1024M), 0.0043980 secs]
2015-03-20T11:16:24.032+0100: 36.216: Total time for which application threads were stopped: 0.0045271 seconds
2015-03-20T11:16:24.032+0100: 36.221: [GC pause (G1 Humongous Allocation) (young) (initial-mark) 192M->192M(1024M), 0.0004868 secs]
2015-03-20T11:16:24.032+0100: 2015-03-20T11:16:24.032+0100: 36.221: 36.221: [GC concurrent-root-region-scan-start]
Total time for which application threads were stopped: 0.0053266 seconds
2015-03-20T11:16:24.032+0100: 36.221: [GC concurrent-root-region-scan-end, 0.0000073 secs]
2015-03-20T11:16:24.032+0100: 36.221: [GC concurrent-mark-start]
2015-03-20T11:16:24.032+0100: 36.222: [GC concurrent-mark-end, 0.0006011 secs]
2015-03-20T11:16:24.047+0100: 36.232: [GC remark, 0.0011583 secs]
2015-03-20T11:16:24.047+0100: 36.233: Total time for which application threads were stopped: 0.0109641 seconds
2015-03-20T11:16:24.063+0100: 36.245: [GC cleanup 450M->450M(1024M), 0.0003861 secs]
2015-03-20T11:16:24.063+0100: 36.246: Total time for which application threads were stopped: 0.0053090 seconds
2015-03-20T11:16:24.126+0100: 36.322: [GC pause (G1 Humongous Allocation) (young) 962M->960M(1024M), 0.0314964 secs]
2015-03-20T11:16:24.157+0100: 36.354: Total time for which application threads were stopped: 0.0390893 seconds
2015-03-20T11:16:24.157+0100: 36.354: [Full GC (Allocation Failure)  960M->128M(1024M), 0.0051346 secs]
2015-03-20T11:16:24.173+0100: 36.359: Total time for which application threads were stopped: 0.0052704 seconds
2015-03-20T11:16:24.219+0100: 36.410: [GC pause (G1 Humongous Allocation) (young) (initial-mark) 450M->448M(1024M), 0.0178204 secs]
2015-03-20T11:16:24.235+0100: 2015-03-20T11:16:24.235+0100: 36.427: [GC concurrent-root-region-scan-start]
36.427: Total time for which application threads were stopped: 0.0216364 seconds
2015-03-20T11:16:24.235+0100: 36.427: [GC concurrent-root-region-scan-end, 0.0000239 secs]
2015-03-20T11:16:24.235+0100: 36.427: [GC concurrent-mark-start]
2015-03-20T11:16:24.251+0100: 36.434: Total time for which application threads were stopped: 0.0060587 seconds
2015-03-20T11:16:24.251+0100: 36.442: [GC concurrent-mark-end, 0.0148294 secs]
2015-03-20T11:16:24.266+0100: 36.449: [GC remark, 0.0024935 secs]
2015-03-20T11:16:24.266+0100: 36.451: Total time for which application threads were stopped: 0.0088166 seconds
2015-03-20T11:16:24.298+0100: 36.480: [GC cleanup 897M->577M(1024M), 0.0004017 secs]
2015-03-20T11:16:24.298+0100: 36.480: Total time for which application threads were stopped: 0.0066516 seconds
2015-03-20T11:16:24.298+0100: 36.480: [GC concurrent-cleanup-start]
2015-03-20T11:16:24.298+0100: 36.480: [GC concurrent-cleanup-end, 0.0002722 secs]
2015-03-20T11:16:24.344+0100: 36.526: [GC pause (G1 Humongous Allocation) (young) 962M->960M(1024M), 0.0442536 secs]
2015-03-20T11:16:24.376+0100: 36.571: Total time for which application threads were stopped: 0.0515581 seconds
2015-03-20T11:16:24.376+0100: 36.571: [Full GC (Allocation Failure)  961M->64M(1024M), 0.0046517 secs]
2015-03-20T11:16:24.391+0100: 36.576: Total time for which application threads were stopped: 0.0047836 seconds
2015-03-20T11:16:24.391+0100: 36.582: [GC pause (G1 Humongous Allocation) (young) (initial-mark) 192M->192M(1024M), 0.0003836 secs]
2015-03-20T11:16:24.391+0100: 2015-03-20T11:16:24.391+0100: 36.582: 36.582: [GC concurrent-root-region-scan-start]
Total time for which application threads were stopped: 0.0067742 seconds
2015-03-20T11:16:24.391+0100: 36.582: [GC concurrent-root-region-scan-end, 0.0000230 secs]
2015-03-20T11:16:24.391+0100: 36.582: [GC concurrent-mark-start]
2015-03-20T11:16:24.391+0100: 36.583: [GC concurrent-mark-end, 0.0006710 secs]
2015-03-20T11:16:24.407+0100: 36.589: [GC remark, 0.0010464 secs]
2015-03-20T11:16:24.407+0100: 36.590: Total time for which application threads were stopped: 0.0068637 seconds
2015-03-20T11:16:24.438+0100: 36.620: [GC cleanup 513M->449M(1024M), 0.0003490 secs]
2015-03-20T11:16:24.438+0100: 36.621: Total time for which application threads were stopped: 0.0139883 seconds
2015-03-20T11:16:24.438+0100: 36.621: [GC concurrent-cleanup-start]
2015-03-20T11:16:24.438+0100: 36.621: [GC concurrent-cleanup-end, 0.0000547 secs]
2015-03-20T11:16:24.548+0100: 36.735: [GC pause (G1 Humongous Allocation) (young) 962M->960M(1024M), 0.0261898 secs]
2015-03-20T11:16:24.579+0100: 36.761: Total time for which application threads were stopped: 0.0297170 seconds
2015-03-20T11:16:24.579+0100: 36.762: [Full GC (Allocation Failure)  960M->128M(1024M), 0.0055891 secs]
2015-03-20T11:16:24.579+0100: 36.767: Total time for which application threads were stopped: 0.0057347 seconds
2015-03-20T11:16:24.610+0100: 36.792: [GC pause (G1 Humongous Allocation) (young) (initial-mark) 450M->448M(1024M), 0.0223641 secs]
2015-03-20T11:16:24.626+0100: 36.814: [GC concurrent-root-region-scan-start]
2015-03-20T11:16:24.626+0100: 36.814: Total time for which application threads were stopped: 0.0330051 seconds
2015-03-20T11:16:24.626+0100: 36.814: [GC concurrent-root-region-scan-end, 0.0000288 secs]
2015-03-20T11:16:24.626+0100: 36.814: [GC concurrent-mark-start]
2015-03-20T11:16:24.641+0100: 36.823: Total time for which application threads were stopped: 0.0087511 seconds
2015-03-20T11:16:24.641+0100: 36.838: [GC concurrent-mark-end, 0.0239363 secs]
2015-03-20T11:16:24.673+0100: 36.855: [GC remark, 0.0014119 secs]
2015-03-20T11:16:24.673+0100: 36.856: Total time for which application threads were stopped: 0.0174573 seconds
2015-03-20T11:16:24.673+0100: 36.868: [GC cleanup 705M->385M(1024M), 0.0004433 secs]
2015-03-20T11:16:24.673+0100: 36.869: Total time for which application threads were stopped: 0.0053012 seconds
2015-03-20T11:16:24.673+0100: 36.869: [GC concurrent-cleanup-start]
2015-03-20T11:16:24.673+0100: 36.869: [GC concurrent-cleanup-end, 0.0003177 secs]
2015-03-20T11:16:24.813+0100: 36.995: [GC pause (G1 Humongous Allocation) (young) 962M->960M(1024M), 0.0489053 secs]
2015-03-20T11:16:24.860+0100: 37.044: Total time for which application threads were stopped: 0.0583402 seconds
2015-03-20T11:16:24.860+0100: 37.044: [Full GC (Allocation Failure)  960M->128M(1024M), 0.0048198 secs]
2015-03-20T11:16:24.860+0100: 37.049: Total time for which application threads were stopped: 0.0049469 seconds
2015-03-20T11:16:24.876+0100: 37.061: [GC pause (G1 Humongous Allocation) (young) (initial-mark) 321M->320M(1024M), 0.0004100 secs]
2015-03-20T11:16:24.876+0100: 37.062: [GC concurrent-root-region-scan-start]
2015-03-20T11:16:24.876+0100: 37.062: Total time for which application threads were stopped: 0.0124625 seconds
2015-03-20T11:16:24.876+0100: 37.062: [GC concurrent-root-region-scan-end, 0.0000244 secs]
2015-03-20T11:16:24.876+0100: 37.062: [GC concurrent-mark-start]
2015-03-20T11:16:24.876+0100: 37.062: [GC concurrent-mark-end, 0.0007008 secs]
2015-03-20T11:16:24.891+0100: 37.073: [GC remark, 0.0018650 secs]
2015-03-20T11:16:24.891+0100: 37.075: Total time for which application threads were stopped: 0.0126507 seconds
2015-03-20T11:16:24.923+0100: 37.112: [GC cleanup 578M->450M(1024M), 0.0003851 secs]
2015-03-20T11:16:24.923+0100: 37.113: Total time for which application threads were stopped: 0.0150713 seconds
2015-03-20T11:16:24.923+0100: 37.113: [GC concurrent-cleanup-start]
2015-03-20T11:16:24.923+0100: 37.113: [GC concurrent-cleanup-end, 0.0001012 secs]
2015-03-20T11:16:25.032+0100: 37.214: [GC pause (G1 Humongous Allocation) (young) 962M->960M(1024M), 0.0437977 secs]
2015-03-20T11:16:25.063+0100: 37.258: Total time for which application threads were stopped: 0.0562260 seconds
2015-03-20T11:16:25.063+0100: 37.258: [Full GC (Allocation Failure)  960M->192M(1024M), 0.0043976 secs]
2015-03-20T11:16:25.079+0100: 37.262: Total time for which application threads were stopped: 0.0045241 seconds
2015-03-20T11:16:25.094+0100: 37.276: [GC pause (G1 Humongous Allocation) (young) (initial-mark) 449M->448M(1024M), 0.0280103 secs]
2015-03-20T11:16:25.110+0100: 37.305: [GC concurrent-root-region-scan-start]
2015-03-20T11:16:25.110+0100: 37.305: Total time for which application threads were stopped: 0.0330931 seconds
2015-03-20T11:16:25.110+0100: 37.305: [GC concurrent-root-region-scan-end, 0.0000254 secs]
2015-03-20T11:16:25.110+0100: 37.305: [GC concurrent-mark-start]
2015-03-20T11:16:25.126+0100: 37.309: Total time for which application threads were stopped: 0.0047973 seconds
2015-03-20T11:16:25.126+0100: 37.310: [GC concurrent-mark-end, 0.0055187 secs]
2015-03-20T11:16:25.141+0100: 37.323: Total time for which application threads were stopped: 0.0132210 seconds
2015-03-20T11:16:25.157+0100: 37.344: [GC remark, 0.0019148 secs]
2015-03-20T11:16:25.157+0100: 37.346: Total time for which application threads were stopped: 0.0077800 seconds
2015-03-20T11:16:25.188+0100: 37.370: [GC cleanup 769M->385M(1024M), 0.0005611 secs]
2015-03-20T11:16:25.188+0100: 37.371: Total time for which application threads were stopped: 0.0165375 seconds
2015-03-20T11:16:25.188+0100: 37.371: [GC concurrent-cleanup-start]
2015-03-20T11:16:25.188+0100: 37.371: [GC concurrent-cleanup-end, 0.0004389 secs]
2015-03-20T11:16:25.298+0100: 37.480: [GC pause (G1 Humongous Allocation) (young) 962M->960M(1024M), 0.0329968 secs]
2015-03-20T11:16:25.329+0100: 37.513: Total time for which application threads were stopped: 0.0349874 seconds
2015-03-20T11:16:25.329+0100: 37.513: [Full GC (Allocation Failure)  960M->128M(1024M), 0.0043482 secs]
2015-03-20T11:16:25.329+0100: 37.517: Total time for which application threads were stopped: 0.0044889 seconds
2015-03-20T11:16:25.329+0100: 37.526: [GC pause (G1 Humongous Allocation) (young) (initial-mark) 321M->320M(1024M), 0.0005264 secs]
2015-03-20T11:16:25.344+0100: 37.527: Total time for which application threads were stopped: 0.0094705 seconds
2015-03-20T11:16:25.344+0100: 37.527: [GC concurrent-root-region-scan-start]
2015-03-20T11:16:25.344+0100: 37.527: [GC concurrent-root-region-scan-end, 0.0000455 secs]
2015-03-20T11:16:25.344+0100: 37.527: [GC concurrent-mark-start]
2015-03-20T11:16:25.344+0100: 37.527: [GC concurrent-mark-end, 0.0006265 secs]
2015-03-20T11:16:25.360+0100: 37.542: [GC remark, 0.0010728 secs]
2015-03-20T11:16:25.360+0100: 37.543: Total time for which application threads were stopped: 0.0156959 seconds
2015-03-20T11:16:25.391+0100: 37.575: [GC cleanup 578M->450M(1024M), 0.0003475 secs]
2015-03-20T11:16:25.391+0100: 37.575: Total time for which application threads were stopped: 0.0094309 seconds
2015-03-20T11:16:25.391+0100: 37.575: [GC concurrent-cleanup-start]
2015-03-20T11:16:25.391+0100: 37.575: [GC concurrent-cleanup-end, 0.0000987 secs]
2015-03-20T11:16:25.454+0100: 37.646: [GC pause (G1 Humongous Allocation) (young) 962M->960M(1024M), 0.0314197 secs]
2015-03-20T11:16:25.485+0100: 37.678: Total time for which application threads were stopped: 0.0336722 seconds
2015-03-20T11:16:25.485+0100: 37.678: [Full GC (Allocation Failure)  960M->282K(1024M), 0.0068695 secs]
2015-03-20T11:16:25.501+0100: 37.685: Total time for which application threads were stopped: 0.0070049 seconds
2015-03-20T11:16:25.548+0100: 37.739: [GC pause (G1 Humongous Allocation) (young) (initial-mark) 450M->448M(1024M), 0.0286090 secs]
2015-03-20T11:16:25.579+0100: 37.768: [GC concurrent-root-region-scan-start]
2015-03-20T11:16:25.579+0100: 37.768: Total time for which application threads were stopped: 0.0289888 seconds
2015-03-20T11:16:25.579+0100: 37.768: [GC concurrent-root-region-scan-end, 0.0000337 secs]
2015-03-20T11:16:25.579+0100: 37.768: [GC concurrent-mark-start]
2015-03-20T11:16:25.579+0100: 37.769: [GC concurrent-mark-end, 0.0008646 secs]
2015-03-20T11:16:25.594+0100: 37.781: [GC remark, 0.0016084 secs]
2015-03-20T11:16:25.594+0100: 37.783: Total time for which application threads were stopped: 0.0138666 seconds
2015-03-20T11:16:25.610+0100: 37.792: [GC cleanup 770M->514M(1024M), 0.0003695 secs]
2015-03-20T11:16:25.610+0100: 37.792: Total time for which application threads were stopped: 0.0098708 seconds
2015-03-20T11:16:25.610+0100: 37.792: [GC concurrent-cleanup-start]
2015-03-20T11:16:25.610+0100: 37.793: [GC concurrent-cleanup-end, 0.0002058 secs]
2015-03-20T11:16:25.697+0100: 37.879: [GC pause (G1 Humongous Allocation) (young) 962M->960M(1024M), 0.0372184 secs]
2015-03-20T11:16:25.729+0100: 37.917: Total time for which application threads were stopped: 0.0508984 seconds
2015-03-20T11:16:25.744+0100: 37.926: [Full GC (Allocation Failure)  961M->282K(1024M), 0.0046610 secs]
2015-03-20T11:16:25.744+0100: 37.931: Total time for which application threads were stopped: 0.0142762 seconds
2015-03-20T11:16:25.744+0100: 37.936: [GC pause (G1 Humongous Allocation) (young) (initial-mark) 64M->64M(1024M), 0.0004281 secs]
2015-03-20T11:16:25.744+01002015-03-20T11:16:25.744+0100: : 37.936: 37.936: [GC concurrent-root-region-scan-start]
Total time for which application threads were stopped: 0.0052245 seconds
2015-03-20T11:16:25.744+0100: 37.936: [GC concurrent-root-region-scan-end, 0.0000078 secs]
2015-03-20T11:16:25.744+0100: 37.936: [GC concurrent-mark-start]
2015-03-20T11:16:25.760+0100: 37.942: Total time for which application threads were stopped: 0.0060944 seconds
2015-03-20T11:16:25.760+0100: 37.950: [GC concurrent-mark-end, 0.0140152 secs]
2015-03-20T11:16:25.775+0100: 37.957: [GC remark, 0.0011338 secs]
2015-03-20T11:16:25.775+0100: 37.959: Total time for which application threads were stopped: 0.0083035 seconds
2015-03-20T11:16:25.807+0100: 37.989: [GC cleanup 386M->386M(1024M), 0.0004369 secs]
2015-03-20T11:16:25.807+0100: 37.989: Total time for which application threads were stopped: 0.0136702 seconds
2015-03-20T11:16:25.900+0100: 38.082: [GC pause (G1 Humongous Allocation) (young) 962M->960M(1024M), 0.0495983 secs]
2015-03-20T11:16:25.947+0100: 38.132: Total time for which application threads were stopped: 0.0647557 seconds
2015-03-20T11:16:25.947+0100: 38.132: [Full GC (Allocation Failure)  960M->128M(1024M), 0.0044513 secs]
2015-03-20T11:16:25.947+0100: 38.137: Total time for which application threads were stopped: 0.0045833 seconds
2015-03-20T11:16:25.947+0100: 38.142: [GC pause (G1 Humongous Allocation) (young) (initial-mark) 192M->192M(1024M), 0.0004926 secs]
2015-03-20T11:16:25.947+01002015-03-20T11:16:25.947+0100: : 38.142: 38.142: [GC concurrent-root-region-scan-start]
Total time for which application threads were stopped: 0.0053599 seconds
2015-03-20T11:16:25.947+0100: 38.142: [GC concurrent-root-region-scan-end, 0.0000083 secs]
2015-03-20T11:16:25.947+0100: 38.142: [GC concurrent-mark-start]
2015-03-20T11:16:25.947+0100: 38.143: [GC concurrent-mark-end, 0.0005791 secs]
2015-03-20T11:16:25.963+0100: 38.151: [GC remark, 0.0011617 secs]
2015-03-20T11:16:25.963+0100: 38.153: Total time for which application threads were stopped: 0.0099465 seconds
2015-03-20T11:16:25.994+0100: 38.176: [GC cleanup 450M->450M(1024M), 0.0004100 secs]
2015-03-20T11:16:25.994+0100: 38.177: Total time for which application threads were stopped: 0.0154657 seconds
2015-03-20T11:16:26.072+0100: 38.254: [GC pause (G1 Humongous Allocation) (young) 962M->960M(1024M), 0.0476772 secs]
2015-03-20T11:16:26.119+0100: 38.302: Total time for which application threads were stopped: 0.0501643 seconds
2015-03-20T11:16:26.119+0100: 38.302: [Full GC (Allocation Failure)  961M->64M(1024M), 0.0044621 secs]
2015-03-20T11:16:26.119+0100: 38.307: Total time for which application threads were stopped: 0.0045970 seconds
2015-03-20T11:16:26.119+0100: 38.312: [GC pause (G1 Humongous Allocation) (young) (initial-mark) 128M->128M(1024M), 0.0003274 secs]
2015-03-20T11:16:26.119+0100: 2015-03-20T11:16:26.119+0100: 38.312: 38.312: [GC concurrent-root-region-scan-start]
2015-03-20T11:16:26.119+0100: Total time for which application threads were stopped: 0.0051834 seconds
38.312: [GC concurrent-root-region-scan-end, 0.0000068 secs]
2015-03-20T11:16:26.119+0100: 38.312: [GC concurrent-mark-start]
2015-03-20T11:16:26.119+0100: 38.313: [GC concurrent-mark-end, 0.0006085 secs]
2015-03-20T11:16:26.135+0100: 38.321: [GC remark, 0.0010346 secs]
2015-03-20T11:16:26.135+0100: 38.323: Total time for which application threads were stopped: 0.0097809 seconds
2015-03-20T11:16:26.150+0100: 38.336: [GC cleanup 385M->385M(1024M), 0.0003382 secs]
2015-03-20T11:16:26.150+0100: 38.336: Total time for which application threads were stopped: 0.0051018 seconds
2015-03-20T11:16:26.260+0100: 38.442: [GC pause (G1 Humongous Allocation) (young) 961M->960M(1024M), 0.0405867 secs]
2015-03-20T11:16:26.291+0100: 38.483: Total time for which application threads were stopped: 0.0505186 seconds
2015-03-20T11:16:26.291+0100: 38.483: [Full GC (Allocation Failure)  961M->282K(1024M), 0.0045701 secs]
2015-03-20T11:16:26.291+0100: 38.487: Total time for which application threads were stopped: 0.0047050 seconds
2015-03-20T11:16:26.307+0100: 38.492: [GC pause (G1 Humongous Allocation) (young) (initial-mark) 64M->64M(1024M), 0.0003323 secs]
2015-03-20T11:16:26.307+01002015-03-20T11:16:26.307+0100: : 38.49238.492: : [GC concurrent-root-region-scan-start]
Total time for which application threads were stopped: 0.0051336 seconds
2015-03-20T11:16:26.307+0100: 38.492: [GC concurrent-root-region-scan-end, 0.0000078 secs]
2015-03-20T11:16:26.307+0100: 38.492: [GC concurrent-mark-start]
2015-03-20T11:16:26.322+0100: 38.504: Total time for which application threads were stopped: 0.0117690 seconds
2015-03-20T11:16:26.322+0100: 38.512: [GC concurrent-mark-end, 0.0193892 secs]
2015-03-20T11:16:26.338+0100: 38.520: [GC remark, 0.0019749 secs]
2015-03-20T11:16:26.338+0100: 38.522: Total time for which application threads were stopped: 0.0099646 seconds
2015-03-20T11:16:26.369+0100: 38.551: [GC cleanup 449M->449M(1024M), 0.0003548 secs]
2015-03-20T11:16:26.369+0100: 38.552: Total time for which application threads were stopped: 0.0127162 seconds
2015-03-20T11:16:26.479+0100: 38.661: [GC pause (G1 Humongous Allocation) (young) 962M->960M(1024M), 0.0305253 secs]
2015-03-20T11:16:26.494+0100: 38.691: Total time for which application threads were stopped: 0.0334186 seconds
2015-03-20T11:16:26.494+0100: 38.691: [GC pause (G1 Humongous Allocation) (young) (initial-mark) 961M->960M(1024M), 0.0003978 secs]
2015-03-20T11:16:26.494+01002015-03-20T11:16:26.494+0100: : 38.692: 38.692: [GC concurrent-root-region-scan-start]
Total time for which application threads were stopped: 0.0004697 seconds
2015-03-20T11:16:26.494+0100: 38.692: [GC concurrent-root-region-scan-end, 0.0000186 secs]
2015-03-20T11:16:26.510+0100: 38.692: [GC concurrent-mark-start]
2015-03-20T11:16:26.510+0100: 38.692: [GC pause (G1 Humongous Allocation) (young) 960M->960M(1024M), 0.0002590 secs]
2015-03-20T11:16:26.510+0100: 38.692: Total time for which application threads were stopped: 0.0003314 seconds
2015-03-20T11:16:26.510+0100: 38.692: [Full GC (Allocation Failure)  960M->282K(1024M), 0.0046312 secs]
2015-03-20T11:16:26.510+0100: 38.697: Total time for which application threads were stopped: 0.0047455 seconds
2015-03-20T11:16:26.510+0100: 38.697: [GC concurrent-mark-abort]
2015-03-20T11:16:26.557+0100: 38.744: [GC pause (G1 Humongous Allocation) (young) (initial-mark) 449M->448M(1024M), 0.0085713 secs]
2015-03-20T11:16:26.557+0100: 2015-03-20T11:16:26.557+0100: 38.753: [GC concurrent-root-region-scan-start]
38.753: Total time for which application threads were stopped: 0.0115564 seconds
2015-03-20T11:16:26.557+0100: 38.753: [GC concurrent-root-region-scan-end, 0.0000239 secs]
2015-03-20T11:16:26.557+0100: 38.753: [GC concurrent-mark-start]
2015-03-20T11:16:26.588+0100: 38.770: Total time for which application threads were stopped: 0.0167687 seconds
2015-03-20T11:16:26.604+0100: 38.794: [GC concurrent-mark-end, 0.0405447 secs]
2015-03-20T11:16:26.619+0100: 38.804: [GC remark, 0.0019691 secs]
2015-03-20T11:16:26.619+0100: 38.806: Total time for which application threads were stopped: 0.0117842 seconds
2015-03-20T11:16:26.650+0100: 38.832: [GC cleanup 898M->578M(1024M), 0.0004071 secs]
2015-03-20T11:16:26.650+0100: 38.833: Total time for which application threads were stopped: 0.0161182 seconds
2015-03-20T11:16:26.650+0100: 38.833: [GC concurrent-cleanup-start]
2015-03-20T11:16:26.650+0100: 38.833: [GC concurrent-cleanup-end, 0.0002683 secs]
2015-03-20T11:16:26.697+0100: 38.879: [GC pause (G1 Humongous Allocation) (young) 962M->960M(1024M), 0.0371334 secs]
2015-03-20T11:16:26.729+0100: 38.917: Total time for which application threads were stopped: 0.0395814 seconds
2015-03-20T11:16:26.729+0100: 38.917: [Full GC (Allocation Failure)  960M->64M(1024M), 0.0060279 secs]
2015-03-20T11:16:26.729+0100: 38.923: Total time for which application threads were stopped: 0.0061682 seconds
2015-03-20T11:16:26.760+0100: 38.943: [GC pause (G1 Humongous Allocation) (young) (initial-mark) 450M->448M(1024M), 0.0269019 secs]
2015-03-20T11:16:26.775+0100: 38.970: [GC concurrent-root-region-scan-start]
2015-03-20T11:16:26.775+0100: 38.970: Total time for which application threads were stopped: 0.0310497 seconds
2015-03-20T11:16:26.775+0100: 38.970: [GC concurrent-root-region-scan-end, 0.0000249 secs]
2015-03-20T11:16:26.775+0100: 38.970: [GC concurrent-mark-start]
2015-03-20T11:16:26.775+0100: 38.970: Total time for which application threads were stopped: 0.0000371 seconds
2015-03-20T11:16:26.775+0100: 38.970: [GC concurrent-mark-end, 0.0005361 secs]
2015-03-20T11:16:26.791+0100: 38.976: [GC remark, 0.0010752 secs]
2015-03-20T11:16:26.791+0100: 38.977: Total time for which application threads were stopped: 0.0069502 seconds
2015-03-20T11:16:26.822+0100: 39.004: [GC cleanup 705M->385M(1024M), 0.0003973 secs]
2015-03-20T11:16:26.822+0100: 39.005: Total time for which application threads were stopped: 0.0106024 seconds
2015-03-20T11:16:26.822+0100: 39.005: [GC concurrent-cleanup-start]
2015-03-20T11:16:26.822+0100: 39.005: [GC concurrent-cleanup-end, 0.0002673 secs]
2015-03-20T11:16:26.932+0100: 39.125: [GC pause (G1 Humongous Allocation) (young) 962M->960M(1024M), 0.0162795 secs]
2015-03-20T11:16:26.947+0100: 39.141: Total time for which application threads were stopped: 0.0179118 seconds
2015-03-20T11:16:26.947+0100: 39.141: [GC pause (G1 Humongous Allocation) (young) 960M->960M(1024M), 0.0158069 secs]
2015-03-20T11:16:26.963+0100: 39.157: Total time for which application threads were stopped: 0.0158924 seconds
2015-03-20T11:16:26.963+0100: 39.157: [Full GC (Allocation Failure)  960M->282K(1024M), 0.0045051 secs]
2015-03-20T11:16:26.979+0100: 39.162: Total time for which application threads were stopped: 0.0046273 seconds
2015-03-20T11:16:26.979+0100: 39.168: [GC pause (G1 Humongous Allocation) (young) (initial-mark) 128M->128M(1024M), 0.0003411 secs]
2015-03-20T11:16:26.979+0100: 2015-03-20T11:16:26.979+0100: 39.168: 39.168: [GC concurrent-root-region-scan-start]
Total time for which application threads were stopped: 0.0062616 seconds
2015-03-20T11:16:26.979+0100: 39.168: [GC concurrent-root-region-scan-end, 0.0000225 secs]
2015-03-20T11:16:26.979+0100: 39.168: [GC concurrent-mark-start]
2015-03-20T11:16:26.994+0100: 39.178: [GC concurrent-mark-end, 0.0099524 secs]
2015-03-20T11:16:27.010+0100: 39.192: [GC remark, 0.0011065 secs]
2015-03-20T11:16:27.010+0100: 39.193: Total time for which application threads were stopped: 0.0144907 seconds
2015-03-20T11:16:27.041+0100: 39.223: [GC cleanup 513M->513M(1024M), 0.0003367 secs]
2015-03-20T11:16:27.041+0100: 39.223: Total time for which application threads were stopped: 0.0166719 seconds
2015-03-20T11:16:27.104+0100: 39.286: [GC pause (G1 Humongous Allocation) (young) 962M->960M(1024M), 0.0343833 secs]
2015-03-20T11:16:27.135+0100: 39.320: Total time for which application threads were stopped: 0.0435767 seconds
2015-03-20T11:16:27.150+0100: 39.332: [Full GC (Allocation Failure)  961M->282K(1024M), 0.0046483 secs]
2015-03-20T11:16:27.150+0100: 39.337: Total time for which application threads were stopped: 0.0171215 seconds
2015-03-20T11:16:27.150+0100: 39.342: [GC pause (G1 Humongous Allocation) (young) (initial-mark) 64M->64M(1024M), 0.0003328 secs]
2015-03-20T11:16:27.150+01002015-03-20T11:16:27.150+0100: : 39.34239.342: : [GC concurrent-root-region-scan-start]
Total time for which application threads were stopped: 0.0051922 seconds
2015-03-20T11:16:27.150+0100: 39.342: [GC concurrent-root-region-scan-end, 0.0000073 secs]
2015-03-20T11:16:27.150+0100: 39.342: [GC concurrent-mark-start]
2015-03-20T11:16:27.166+0100: 39.349: Total time for which application threads were stopped: 0.0062967 seconds
2015-03-20T11:16:27.166+0100: 39.356: [GC concurrent-mark-end, 0.0139047 secs]
2015-03-20T11:16:27.182+0100: 39.364: [GC remark, 0.0019383 secs]
2015-03-20T11:16:27.182+0100: 39.366: Total time for which application threads were stopped: 0.0092702 seconds
2015-03-20T11:16:27.197+0100: 39.379: [GC cleanup 257M->257M(1024M), 0.0005337 secs]
2015-03-20T11:16:27.197+0100: 39.380: Total time for which application threads were stopped: 0.0142004 seconds
2015-03-20T11:16:27.275+0100: 39.458: [GC pause (G1 Humongous Allocation) (young) 962M->960M(1024M), 0.0353642 secs]
2015-03-20T11:16:27.307+0100: 39.493: Total time for which application threads were stopped: 0.0409792 seconds
2015-03-20T11:16:27.322+0100: 39.504: [Full GC (Allocation Failure)  961M->282K(1024M), 0.0046835 secs]
2015-03-20T11:16:27.322+0100: 39.509: Total time for which application threads were stopped: 0.0161622 seconds
2015-03-20T11:16:27.322+0100: 39.514: [GC pause (G1 Humongous Allocation) (young) (initial-mark) 64M->64M(1024M), 0.0003294 secs]
2015-03-20T11:16:27.322+01002015-03-20T11:16:27.322+0100: : 39.51439.514: : [GC concurrent-root-region-scan-start]
Total time for which application threads were stopped: 0.0051932 seconds
2015-03-20T11:16:27.322+0100: 39.514: [GC concurrent-root-region-scan-end, 0.0000068 secs]
2015-03-20T11:16:27.322+0100: 39.514: [GC concurrent-mark-start]
2015-03-20T11:16:27.338+0100: 39.520: Total time for which application threads were stopped: 0.0055451 seconds
2015-03-20T11:16:27.338+0100: 39.527: [GC concurrent-mark-end, 0.0131311 secs]
2015-03-20T11:16:27.354+0100: 39.536: [GC remark, 0.0010420 secs]
2015-03-20T11:16:27.354+0100: 39.537: Total time for which application threads were stopped: 0.0090361 seconds
2015-03-20T11:16:27.354+0100: 39.548: [GC cleanup 385M->385M(1024M), 0.0004017 secs]
2015-03-20T11:16:27.354+0100: 39.548: Total time for which application threads were stopped: 0.0030570 seconds
2015-03-20T11:16:27.479+0100: 39.661: [GC pause (G1 Humongous Allocation) (young) 962M->960M(1024M), 0.0412328 secs]
2015-03-20T11:16:27.510+0100: 39.702: Total time for which application threads were stopped: 0.0477050 seconds
2015-03-20T11:16:27.510+0100: 39.702: [Full GC (Allocation Failure)  960M->128M(1024M), 0.0043883 secs]
2015-03-20T11:16:27.510+0100: 39.707: Total time for which application threads were stopped: 0.0045183 seconds
2015-03-20T11:16:27.525+0100: 39.716: [GC pause (G1 Humongous Allocation) (young) (initial-mark) 321M->320M(1024M), 0.0003529 secs]
2015-03-20T11:16:27.525+0100: 2015-03-20T11:16:27.525+010039.716: : 39.716Total time for which application threads were stopped: 0.0093376 seconds
: [GC concurrent-root-region-scan-start]
2015-03-20T11:16:27.525+0100: 39.716: [GC concurrent-root-region-scan-end, 0.0000249 secs]
2015-03-20T11:16:27.525+0100: 39.716: [GC concurrent-mark-start]
2015-03-20T11:16:27.525+0100: 39.717: [GC concurrent-mark-end, 0.0004183 secs]
2015-03-20T11:16:27.541+0100: 39.723: [GC remark, 0.0016402 secs]
2015-03-20T11:16:27.541+0100: 39.725: Total time for which application threads were stopped: 0.0082385 seconds
2015-03-20T11:16:27.588+0100: 39.770: [GC cleanup 578M->450M(1024M), 0.0003890 secs]
2015-03-20T11:16:27.588+0100: 39.770: Total time for which application threads were stopped: 0.0163318 seconds
2015-03-20T11:16:27.588+0100: 39.770: [GC concurrent-cleanup-start]
2015-03-20T11:16:27.588+0100: 39.771: [GC concurrent-cleanup-end, 0.0001007 secs]
2015-03-20T11:16:27.666+0100: 39.849: [GC pause (G1 Humongous Allocation) (young) 962M->960M(1024M), 0.0314725 secs]
2015-03-20T11:16:27.697+0100: 39.880: Total time for which application threads were stopped: 0.0330892 seconds
2015-03-20T11:16:27.697+0100: 39.880: [Full GC (Allocation Failure)  960M->282K(1024M), 0.0060187 secs]
2015-03-20T11:16:27.697+0100: 39.886: Total time for which application threads were stopped: 0.0061648 seconds
2015-03-20T11:16:27.760+0100: 39.946: [GC pause (G1 Humongous Allocation) (young) (initial-mark) 450M->448M(1024M), 0.0285357 secs]
2015-03-20T11:16:27.791+0100: 39.975: [GC concurrent-root-region-scan-start]
2015-03-20T11:16:27.791+0100: 39.975: Total time for which application threads were stopped: 0.0289252 seconds
2015-03-20T11:16:27.791+0100: 39.975: [GC concurrent-root-region-scan-end, 0.0000489 secs]
2015-03-20T11:16:27.791+0100: 39.975: [GC concurrent-mark-start]
2015-03-20T11:16:27.791+0100: 39.976: [GC concurrent-mark-end, 0.0007223 secs]
2015-03-20T11:16:27.807+0100: 39.990: [GC remark, 0.0016778 secs]
2015-03-20T11:16:27.807+0100: 39.992: Total time for which application threads were stopped: 0.0161426 seconds
2015-03-20T11:16:27.822+0100: 40.004: [GC cleanup 770M->514M(1024M), 0.0003705 secs]
2015-03-20T11:16:27.822+0100: 40.005: Total time for which application threads were stopped: 0.0127714 seconds
2015-03-20T11:16:27.822+0100: 40.005: [GC concurrent-cleanup-start]
2015-03-20T11:16:27.822+0100: 40.005: [GC concurrent-cleanup-end, 0.0002072 secs]
2015-03-20T11:16:27.916+0100: 40.098: [GC pause (G1 Humongous Allocation) (young) 962M->960M(1024M), 0.0412494 secs]
2015-03-20T11:16:27.947+0100: 40.139: Total time for which application threads were stopped: 0.0565207 seconds
2015-03-20T11:16:27.947+0100: 40.140: [Full GC (Allocation Failure)  961M->64M(1024M), 0.0044738 secs]
2015-03-20T11:16:27.947+0100: 40.144: Total time for which application threads were stopped: 0.0045999 seconds
2015-03-20T11:16:27.963+0100: 40.149: [GC pause (G1 Humongous Allocation) (young) (initial-mark) 128M->128M(1024M), 0.0004257 secs]
2015-03-20T11:16:27.963+0100: 2015-03-20T11:16:27.963+0100: 40.149: 40.149Total time for which application threads were stopped: 0.0052699 seconds
: [GC concurrent-root-region-scan-start]
2015-03-20T11:16:27.963+0100: 40.149: [GC concurrent-root-region-scan-end, 0.0000088 secs]
2015-03-20T11:16:27.963+0100: 40.149: [GC concurrent-mark-start]
2015-03-20T11:16:27.963+0100: 40.154: Total time for which application threads were stopped: 0.0047949 seconds
2015-03-20T11:16:27.963+0100: 40.155: [GC concurrent-mark-end, 0.0054131 secs]
2015-03-20T11:16:27.979+0100: 40.161: [GC remark, 0.0011544 secs]
2015-03-20T11:16:27.979+0100: 40.162: Total time for which application threads were stopped: 0.0071017 seconds
2015-03-20T11:16:28.010+0100: 40.192: [GC cleanup 450M->450M(1024M), 0.0004770 secs]
2015-03-20T11:16:28.010+0100: 40.192: Total time for which application threads were stopped: 0.0156554 seconds
2015-03-20T11:16:28.088+0100: 40.270: [GC pause (G1 Humongous Allocation) (young) 962M->960M(1024M), 0.0435264 secs]
2015-03-20T11:16:28.119+0100: 40.314: Total time for which application threads were stopped: 0.0481038 seconds
2015-03-20T11:16:28.135+0100: 40.317: [Full GC (Allocation Failure)  961M->64M(1024M), 0.0049669 secs]
2015-03-20T11:16:28.135+0100: 40.322: Total time for which application threads were stopped: 0.0083093 seconds
2015-03-20T11:16:28.135+0100: 40.328: [GC pause (G1 Humongous Allocation) (young) (initial-mark) 192M->192M(1024M), 0.0004902 secs]
2015-03-20T11:16:28.135+0100: 2015-03-20T11:16:28.135+0100: 40.329: 40.329: Total time for which application threads were stopped: 0.0067063 seconds
[GC concurrent-root-region-scan-start]
2015-03-20T11:16:28.135+0100: 40.329: [GC concurrent-root-region-scan-end, 0.0000298 secs]
2015-03-20T11:16:28.135+0100: 40.329: [GC concurrent-mark-start]
2015-03-20T11:16:28.135+0100: 40.329: [GC concurrent-mark-end, 0.0006862 secs]
2015-03-20T11:16:28.151+0100: 40.339: [GC remark, 0.0011632 secs]
2015-03-20T11:16:28.151+0100: 40.340: Total time for which application threads were stopped: 0.0102613 seconds
2015-03-20T11:16:28.166+0100: 40.360: [GC cleanup 385M->321M(1024M), 0.0004350 secs]
2015-03-20T11:16:28.166+0100: 40.360: Total time for which application threads were stopped: 0.0058701 seconds
2015-03-20T11:16:28.166+0100: 40.361: [GC concurrent-cleanup-start]
2015-03-20T11:16:28.166+0100: 40.361: [GC concurrent-cleanup-end, 0.0000621 secs]
2015-03-20T11:16:28.307+0100: 40.489: [GC pause (G1 Humongous Allocation) (young) 962M->960M(1024M), 0.0430074 secs]
2015-03-20T11:16:28.338+0100: 40.532: Total time for which application threads were stopped: 0.0587258 seconds
2015-03-20T11:16:28.338+0100: 40.532: [GC pause (G1 Humongous Allocation) (young) (initial-mark) 961M->960M(1024M), 0.0003763 secs]
2015-03-20T11:16:28.338+01002015-03-20T11:16:28.338+0100: : 40.532: 40.532: [GC concurrent-root-region-scan-start]
Total time for which application threads were stopped: 0.0004540 seconds
2015-03-20T11:16:28.338+0100: 40.532: [GC concurrent-root-region-scan-end, 0.0000352 secs]
2015-03-20T11:16:28.338+0100: 40.532: [GC concurrent-mark-start]
2015-03-20T11:16:28.338+0100: 40.532: [Full GC (Allocation Failure)  960M->282K(1024M), 0.0049884 secs]
2015-03-20T11:16:28.354+0100: 40.537: Total time for which application threads were stopped: 0.0051350 seconds
2015-03-20T11:16:28.354+0100: 40.538: [GC concurrent-mark-abort]
2015-03-20T11:16:28.401+0100: 40.590: [GC pause (G1 Humongous Allocation) (young) (initial-mark) 449M->448M(1024M), 0.0005063 secs]
2015-03-20T11:16:28.401+0100: 2015-03-20T11:16:28.401+0100: 40.590: 40.590: [GC concurrent-root-region-scan-start]
Total time for which application threads were stopped: 0.0050627 seconds
2015-03-20T11:16:28.401+0100: 40.590: [GC concurrent-root-region-scan-end, 0.0000235 secs]
2015-03-20T11:16:28.401+0100: 40.590: [GC concurrent-mark-start]
2015-03-20T11:16:28.401+0100: 40.591: [GC concurrent-mark-end, 0.0007218 secs]
2015-03-20T11:16:28.416+0100: 40.598: [GC remark, 0.0011211 secs]
2015-03-20T11:16:28.416+0100: 40.599: Total time for which application threads were stopped: 0.0079286 seconds
2015-03-20T11:16:28.463+0100: 40.645: [GC cleanup 770M->514M(1024M), 0.0004037 secs]
2015-03-20T11:16:28.463+0100: 40.645: Total time for which application threads were stopped: 0.0158186 seconds
2015-03-20T11:16:28.463+0100: 40.645: [GC concurrent-cleanup-start]
2015-03-20T11:16:28.463+0100: 40.646: [GC concurrent-cleanup-end, 0.0002053 secs]
2015-03-20T11:16:28.510+0100: 40.702: [GC pause (G1 Humongous Allocation) (young) 962M->960M(1024M), 0.0324626 secs]
2015-03-20T11:16:28.541+0100: 40.735: Total time for which application threads were stopped: 0.0388557 seconds
2015-03-20T11:16:28.541+0100: 40.735: [Full GC (Allocation Failure)  960M->64M(1024M), 0.0061716 secs]
2015-03-20T11:16:28.557+0100: 40.741: Total time for which application threads were stopped: 0.0063051 seconds
2015-03-20T11:16:28.588+0100: 40.770: [GC pause (G1 Humongous Allocation) (young) (initial-mark) 450M->448M(1024M), 0.0305419 secs]
2015-03-20T11:16:28.604+0100: 40.801: [GC concurrent-root-region-scan-start]
2015-03-20T11:16:28.604+0100: 40.801: Total time for which application threads were stopped: 0.0475305 seconds
2015-03-20T11:16:28.604+0100: 40.801: [GC concurrent-root-region-scan-end, 0.0000254 secs]
2015-03-20T11:16:28.604+0100: 40.801: [GC concurrent-mark-start]
2015-03-20T11:16:28.635+0100: 40.817: Total time for which application threads were stopped: 0.0161934 seconds
2015-03-20T11:16:28.635+0100: 40.832: [GC concurrent-mark-end, 0.0316963 secs]
2015-03-20T11:16:28.666+0100: 40.848: [GC remark, 0.0016768 secs]
2015-03-20T11:16:28.666+0100: 40.850: Total time for which application threads were stopped: 0.0174187 seconds
2015-03-20T11:16:28.682+0100: 40.865: [GC cleanup 834M->514M(1024M), 0.0003587 secs]
2015-03-20T11:16:28.682+0100: 40.865: Total time for which application threads were stopped: 0.0052181 seconds
2015-03-20T11:16:28.682+0100: 40.865: [GC concurrent-cleanup-start]
2015-03-20T11:16:28.682+0100: 40.865: [GC concurrent-cleanup-end, 0.0002536 secs]
2015-03-20T11:16:28.760+0100: 40.942: [GC pause (G1 Humongous Allocation) (young) 962M->960M(1024M), 0.0376695 secs]
2015-03-20T11:16:28.791+0100: 40.980: Total time for which application threads were stopped: 0.0447380 seconds
2015-03-20T11:16:28.807+0100: 40.989: [Full GC (Allocation Failure)  961M->282K(1024M), 0.0046053 secs]
2015-03-20T11:16:28.807+0100: 40.994: Total time for which application threads were stopped: 0.0138006 seconds
2015-03-20T11:16:28.807+0100: 40.998: [GC pause (G1 Humongous Allocation) (young) (initial-mark) 64M->64M(1024M), 0.0003274 secs]
2015-03-20T11:16:28.807+0100: 2015-03-20T11:16:28.807+0100: 40.999: 40.999: [GC concurrent-root-region-scan-start]
Total time for which application threads were stopped: 0.0051052 seconds
2015-03-20T11:16:28.807+0100: 40.999: [GC concurrent-root-region-scan-end, 0.0000073 secs]
2015-03-20T11:16:28.807+0100: 40.999: [GC concurrent-mark-start]
2015-03-20T11:16:28.822+0100: 41.004: Total time for which application threads were stopped: 0.0057259 seconds
2015-03-20T11:16:28.822+0100: 41.012: [GC concurrent-mark-end, 0.0134864 secs]
2015-03-20T11:16:28.838+0100: 41.021: [GC remark, 0.0010703 secs]
2015-03-20T11:16:28.838+0100: 41.022: Total time for which application threads were stopped: 0.0097462 seconds
2015-03-20T11:16:28.838+0100: 41.033: [GC cleanup 449M->449M(1024M), 0.0003382 secs]
2015-03-20T11:16:28.838+0100: 41.033: Total time for which application threads were stopped: 0.0030707 seconds
2015-03-20T11:16:28.979+0100: 41.161: [GC pause (G1 Humongous Allocation) (young) 962M->960M(1024M), 0.0331092 secs]
2015-03-20T11:16:29.010+0100: 41.194: Total time for which application threads were stopped: 0.0494864 seconds
2015-03-20T11:16:29.010+0100: 41.194: [Full GC (Allocation Failure)  960M->128M(1024M), 0.0045148 secs]
2015-03-20T11:16:29.010+0100: 41.199: Total time for which application threads were stopped: 0.0046453 seconds
2015-03-20T11:16:29.057+0100: 41.244: [GC pause (G1 Humongous Allocation) (young) (initial-mark) 449M->448M(1024M), 0.0196087 secs]
2015-03-20T11:16:29.072+0100: 2015-03-20T11:16:29.072+0100: 41.263: [GC concurrent-root-region-scan-start]
41.263: Total time for which application threads were stopped: 0.0200451 seconds
2015-03-20T11:16:29.072+0100: 41.263: [GC concurrent-root-region-scan-end, 0.0000288 secs]
2015-03-20T11:16:29.072+0100: 41.263: [GC concurrent-mark-start]
2015-03-20T11:16:29.072+0100: 41.268: Total time for which application threads were stopped: 0.0047294 seconds
2015-03-20T11:16:29.072+0100: 41.269: [GC concurrent-mark-end, 0.0054552 secs]
2015-03-20T11:16:29.104+0100: 41.286: Total time for which application threads were stopped: 0.0167457 seconds
2015-03-20T11:16:29.104+0100: 41.299: [GC remark, 0.0028815 secs]
2015-03-20T11:16:29.119+0100: 41.301: Total time for which application threads were stopped: 0.0087804 seconds
2015-03-20T11:16:29.139+0100: 41.322: [GC cleanup 833M->449M(1024M), 0.0004227 secs]
2015-03-20T11:16:29.140+0100: 41.322: Total time for which application threads were stopped: 0.0052035 seconds
2015-03-20T11:16:29.140+0100: 41.322: [GC concurrent-cleanup-start]
2015-03-20T11:16:29.140+0100: 41.322: [GC concurrent-cleanup-end, 0.0003793 secs]
2015-03-20T11:16:29.189+0100: 41.379: [GC pause (G1 Humongous Allocation) (young) 962M->960M(1024M), 0.0236328 secs]
2015-03-20T11:16:29.220+0100: 41.402: Total time for which application threads were stopped: 0.0340549 seconds
2015-03-20T11:16:29.220+0100: 41.402: [Full GC (Allocation Failure)  960M->282K(1024M), 0.0068119 secs]
2015-03-20T11:16:29.220+0100: 41.409: Total time for which application threads were stopped: 0.0069433 seconds
2015-03-20T11:16:29.298+0100: 41.480: [GC pause (G1 Humongous Allocation) (young) (initial-mark) 450M->448M(1024M), 0.0272455 secs]
2015-03-20T11:16:29.314+0100: 41.507: [GC concurrent-root-region-scan-start]
2015-03-20T11:16:29.314+0100: 41.507: Total time for which application threads were stopped: 0.0372346 seconds
2015-03-20T11:16:29.314+0100: 41.507: [GC concurrent-root-region-scan-end, 0.0000225 secs]
2015-03-20T11:16:29.314+0100: 41.507: [GC concurrent-mark-start]
2015-03-20T11:16:29.329+0100: 41.513: Total time for which application threads were stopped: 0.0058818 seconds
2015-03-20T11:16:29.329+0100: 41.514: [GC concurrent-mark-end, 0.0064199 secs]
2015-03-20T11:16:29.345+0100: 41.527: [GC remark, 0.0020854 secs]
2015-03-20T11:16:29.345+0100: 41.529: Total time for which application threads were stopped: 0.0151774 seconds
2015-03-20T11:16:29.361+0100: 41.543: [GC cleanup 833M->449M(1024M), 0.0005620 secs]
2015-03-20T11:16:29.361+0100: 41.543: Total time for which application threads were stopped: 0.0140553 seconds
2015-03-20T11:16:29.361+0100: 41.543: [GC concurrent-cleanup-start]
2015-03-20T11:16:29.361+0100: 41.544: [GC concurrent-cleanup-end, 0.0003304 secs]
2015-03-20T11:16:29.454+0100: 41.636: [GC pause (G1 Humongous Allocation) (young) 962M->960M(1024M), 0.0432043 secs]
2015-03-20T11:16:29.486+0100: 41.680: Total time for which application threads were stopped: 0.0520889 seconds
2015-03-20T11:16:29.486+0100: 41.680: [Full GC (Allocation Failure)  960M->128M(1024M), 0.0051043 secs]
2015-03-20T11:16:29.501+0100: 41.685: Total time for which application threads were stopped: 0.0052343 seconds
2015-03-20T11:16:29.517+0100: 41.704: [GC pause (G1 Humongous Allocation) (young) (initial-mark) 514M->512M(1024M), 0.0304887 secs]
2015-03-20T11:16:29.548+0100: 41.734: [GC concurrent-root-region-scan-start]
2015-03-20T11:16:29.548+0100: 41.734: Total time for which application threads were stopped: 0.0368416 seconds
2015-03-20T11:16:29.548+0100: 41.734: [GC concurrent-root-region-scan-end, 0.0000244 secs]
2015-03-20T11:16:29.548+0100: 41.734: [GC concurrent-mark-start]
2015-03-20T11:16:29.564+0100: 41.746: Total time for which application threads were stopped: 0.0114890 seconds
2015-03-20T11:16:29.579+0100: 41.763: [GC concurrent-mark-end, 0.0284624 secs]
2015-03-20T11:16:29.595+0100: 41.777: [GC remark, 0.0034265 secs]
2015-03-20T11:16:29.595+0100: 41.780: Total time for which application threads were stopped: 0.0177862 seconds
2015-03-20T11:16:29.626+0100: 41.812: [GC cleanup 961M->577M(1024M), 0.0003973 secs]
2015-03-20T11:16:29.626+0100: 41.812: Total time for which application threads were stopped: 0.0093767 seconds
2015-03-20T11:16:29.626+0100: 41.812: [GC concurrent-cleanup-start]
2015-03-20T11:16:29.626+0100: 41.813: [GC concurrent-cleanup-end, 0.0003504 secs]
2015-03-20T11:16:29.673+0100: 41.870: [GC pause (G1 Humongous Allocation) (young) 962M->960M(1024M), 0.0321371 secs]
2015-03-20T11:16:29.720+0100: 41.902: Total time for which application threads were stopped: 0.0364115 seconds
2015-03-20T11:16:29.720+0100: 41.902: [Full GC (Allocation Failure)  960M->64M(1024M), 0.0060910 secs]
2015-03-20T11:16:29.720+0100: 41.909: Total time for which application threads were stopped: 0.0062185 seconds
2015-03-20T11:16:29.736+0100: 41.928: [GC pause (G1 Humongous Allocation) (young) (initial-mark) 449M->448M(1024M), 0.0243444 secs]
2015-03-20T11:16:29.767+0100: 41.953: [GC concurrent-root-region-scan-start]
2015-03-20T11:16:29.767+0100: 41.953: Total time for which application threads were stopped: 0.0289702 seconds
2015-03-20T11:16:29.767+0100: 41.953: [GC concurrent-root-region-scan-end, 0.0000313 secs]
2015-03-20T11:16:29.767+0100: 41.953: [GC concurrent-mark-start]
2015-03-20T11:16:29.767+0100: 41.954: [GC concurrent-mark-end, 0.0007487 secs]
2015-03-20T11:16:29.782+0100: 41.964: [GC remark, 0.0017174 secs]
2015-03-20T11:16:29.782+0100: 41.966: Total time for which application threads were stopped: 0.0126668 seconds
2015-03-20T11:16:29.814+0100: 41.998: [GC cleanup 706M->450M(1024M), 0.0004296 secs]
2015-03-20T11:16:29.814+0100: 41.998: Total time for which application threads were stopped: 0.0098811 seconds
2015-03-20T11:16:29.814+0100: 41.998: [GC concurrent-cleanup-start]
2015-03-20T11:16:29.814+0100: 41.999: [GC concurrent-cleanup-end, 0.0002048 secs]
2015-03-20T11:16:29.892+0100: 42.076: [GC pause (G1 Humongous Allocation) (young) 962M->960M(1024M), 0.0315565 secs]
2015-03-20T11:16:29.923+0100: 42.108: Total time for which application threads were stopped: 0.0361696 seconds
2015-03-20T11:16:29.923+0100: 42.108: [Full GC (Allocation Failure)  960M->282K(1024M), 0.0070523 secs]
2015-03-20T11:16:29.923+0100: 42.115: Total time for which application threads were stopped: 0.0072028 seconds
2015-03-20T11:16:30.001+0100: 42.183: [GC pause (G1 Humongous Allocation) (young) (initial-mark) 450M->448M(1024M), 0.0296490 secs]
2015-03-20T11:16:30.017+0100: 42.213: [GC concurrent-root-region-scan-start]
2015-03-20T11:16:30.017+0100: 42.213: Total time for which application threads were stopped: 0.0406014 seconds
2015-03-20T11:16:30.017+0100: 42.213: [GC concurrent-root-region-scan-end, 0.0000298 secs]
2015-03-20T11:16:30.017+0100: 42.213: [GC concurrent-mark-start]
2015-03-20T11:16:30.017+0100: 42.214: [GC concurrent-mark-end, 0.0008514 secs]
2015-03-20T11:16:30.032+0100: 42.226: [GC remark, 0.0016910 secs]
2015-03-20T11:16:30.032+0100: 42.228: Total time for which application threads were stopped: 0.0141066 seconds
2015-03-20T11:16:30.048+0100: 42.233: [GC cleanup 770M->514M(1024M), 0.0003924 secs]
2015-03-20T11:16:30.048+0100: 42.233: Total time for which application threads were stopped: 0.0053296 seconds
2015-03-20T11:16:30.048+0100: 42.233: [GC concurrent-cleanup-start]
2015-03-20T11:16:30.048+0100: 42.234: [GC concurrent-cleanup-end, 0.0002018 secs]
2015-03-20T11:16:30.142+0100: 42.324: [GC pause (G1 Humongous Allocation) (young) 962M->960M(1024M), 0.0444051 secs]
2015-03-20T11:16:30.173+0100: 42.368: Total time for which application threads were stopped: 0.0565866 seconds
2015-03-20T11:16:30.173+0100: 42.368: [Full GC (Allocation Failure)  961M->64M(1024M), 0.0049205 secs]
2015-03-20T11:16:30.189+0100: 42.373: Total time for which application threads were stopped: 0.0050490 seconds
2015-03-20T11:16:30.189+0100: 42.379: [GC pause (G1 Humongous Allocation) (young) (initial-mark) 192M->192M(1024M), 0.0003788 secs]
2015-03-20T11:16:30.189+0100: 2015-03-20T11:16:30.189+0100: 42.380: [GC concurrent-root-region-scan-start]
42.380: Total time for which application threads were stopped: 0.0064219 seconds
2015-03-20T11:16:30.189+0100: 42.380: [GC concurrent-root-region-scan-end, 0.0000239 secs]
2015-03-20T11:16:30.189+0100: 42.380: [GC concurrent-mark-start]
2015-03-20T11:16:30.189+0100: 42.381: [GC concurrent-mark-end, 0.0006490 secs]
2015-03-20T11:16:30.204+0100: 42.387: [GC remark, 0.0010908 secs]
2015-03-20T11:16:30.204+0100: 42.388: Total time for which application threads were stopped: 0.0073597 seconds
2015-03-20T11:16:30.220+0100: 42.408: [GC cleanup 385M->321M(1024M), 0.0004506 secs]
2015-03-20T11:16:30.220+0100: 42.409: Total time for which application threads were stopped: 0.0052567 seconds
2015-03-20T11:16:30.220+0100: 42.409: [GC concurrent-cleanup-start]
2015-03-20T11:16:30.220+0100: 42.409: [GC concurrent-cleanup-end, 0.0000660 secs]
2015-03-20T11:16:30.345+0100: 42.527: [GC pause (G1 Humongous Allocation) (young) 962M->960M(1024M), 0.0308806 secs]
2015-03-20T11:16:30.361+0100: 42.558: Total time for which application threads were stopped: 0.0404655 seconds
2015-03-20T11:16:30.392+0100: 42.574: [Full GC (Allocation Failure)  961M->282K(1024M), 0.0059497 secs]
2015-03-20T11:16:30.392+0100: 42.580: Total time for which application threads were stopped: 0.0220059 seconds
2015-03-20T11:16:30.392+0100: 42.586: [GC pause (G1 Humongous Allocation) (young) (initial-mark) 64M->64M(1024M), 0.0004477 secs]
2015-03-20T11:16:30.392+01002015-03-20T11:16:30.392+0100: : 42.587: 42.587: [GC concurrent-root-region-scan-start]
Total time for which application threads were stopped: 0.0069277 seconds
2015-03-20T11:16:30.392+0100: 42.587: [GC concurrent-root-region-scan-end, 0.0000112 secs]
2015-03-20T11:16:30.392+0100: 42.587: [GC concurrent-mark-start]
2015-03-20T11:16:30.392+0100: 42.588: [GC concurrent-mark-end, 0.0006016 secs]
2015-03-20T11:16:30.423+0100: 42.605: [GC remark, 0.0010488 secs]
2015-03-20T11:16:30.423+0100: 42.606: Total time for which application threads were stopped: 0.0185735 seconds
2015-03-20T11:16:30.439+0100: 42.621: [GC cleanup 385M->385M(1024M), 0.0005469 secs]
2015-03-20T11:16:30.439+0100: 42.621: Total time for which application threads were stopped: 0.0053232 seconds
2015-03-20T11:16:30.564+0100: 42.748: [GC pause (G1 Humongous Allocation) (young) 962M->960M(1024M), 0.0238410 secs]
2015-03-20T11:16:30.579+0100: 42.772: Total time for which application threads were stopped: 0.0282532 seconds
2015-03-20T11:16:30.579+0100: 42.772: [Full GC (Allocation Failure)  960M->282K(1024M), 0.0061619 secs]
2015-03-20T11:16:30.595+0100: 42.779: Total time for which application threads were stopped: 0.0063051 seconds
2015-03-20T11:16:30.642+0100: 42.833: [GC pause (G1 Humongous Allocation) (young) (initial-mark) 450M->448M(1024M), 0.0292561 secs]
2015-03-20T11:16:30.673+0100: 2015-03-20T11:16:30.673+0100: 42.863: 42.863: [GC concurrent-root-region-scan-start]
Total time for which application threads were stopped: 0.0296969 seconds
2015-03-20T11:16:30.673+0100: 42.863: [GC concurrent-root-region-scan-end, 0.0000249 secs]
2015-03-20T11:16:30.673+0100: 42.863: [GC concurrent-mark-start]
2015-03-20T11:16:30.673+0100: 42.864: [GC concurrent-mark-end, 0.0008729 secs]
2015-03-20T11:16:30.689+0100: 42.876: [GC remark, 0.0019388 secs]
2015-03-20T11:16:30.689+0100: 42.878: Total time for which application threads were stopped: 0.0142718 seconds
2015-03-20T11:16:30.704+0100: 42.887: [GC cleanup 898M->642M(1024M), 0.0005210 secs]
2015-03-20T11:16:30.704+0100: 42.888: Total time for which application threads were stopped: 0.0098200 seconds
2015-03-20T11:16:30.704+0100: 42.888: [GC concurrent-cleanup-start]
2015-03-20T11:16:30.704+0100: 42.888: [GC concurrent-cleanup-end, 0.0001877 secs]
2015-03-20T11:16:30.783+0100: 42.965: [GC pause (G1 Humongous Allocation) (young) 962M->960M(1024M), 0.0439203 secs]
2015-03-20T11:16:30.814+0100: 43.009: Total time for which application threads were stopped: 0.0571492 seconds
2015-03-20T11:16:30.829+0100: 43.011: [Full GC (Allocation Failure)  961M->64M(1024M), 0.0044806 secs]
2015-03-20T11:16:30.829+0100: 43.016: Total time for which application threads were stopped: 0.0074330 seconds
2015-03-20T11:16:30.829+0100: 43.022: [GC pause (G1 Humongous Allocation) (young) (initial-mark) 192M->192M(1024M), 0.0003406 secs]
2015-03-20T11:16:30.829+01002015-03-20T11:16:30.829+0100: : 43.022: 43.022: [GC concurrent-root-region-scan-start]
Total time for which application threads were stopped: 0.0062835 seconds
2015-03-20T11:16:30.829+0100: 43.022: [GC concurrent-root-region-scan-end, 0.0000235 secs]
2015-03-20T11:16:30.829+0100: 43.022: [GC concurrent-mark-start]
2015-03-20T11:16:30.829+0100: 43.023: [GC concurrent-mark-end, 0.0004193 secs]
2015-03-20T11:16:30.845+0100: 43.029: [GC remark, 0.0010649 secs]
2015-03-20T11:16:30.845+0100: 43.030: Total time for which application threads were stopped: 0.0072082 seconds
2015-03-20T11:16:30.876+0100: 43.058: [GC cleanup 449M->385M(1024M), 0.0005268 secs]
2015-03-20T11:16:30.876+0100: 43.059: Total time for which application threads were stopped: 0.0162404 seconds
2015-03-20T11:16:30.876+0100: 43.059: [GC concurrent-cleanup-start]
2015-03-20T11:16:30.876+0100: 43.059: [GC concurrent-cleanup-end, 0.0000606 secs]
2015-03-20T11:16:30.976+0100: 43.168: [GC pause (G1 Humongous Allocation) (young) 962M->960M(1024M), 0.0259655 secs]
2015-03-20T11:16:31.008+0100: 43.194: Total time for which application threads were stopped: 0.0292942 seconds
2015-03-20T11:16:31.008+0100: 43.194: [Full GC (Allocation Failure)  960M->128M(1024M), 0.0050901 secs]
2015-03-20T11:16:31.008+0100: 43.199: Total time for which application threads were stopped: 0.0052162 seconds
2015-03-20T11:16:31.039+0100: 43.221: [GC pause (G1 Humongous Allocation) (young) (initial-mark) 450M->448M(1024M), 0.0317437 secs]
2015-03-20T11:16:31.070+0100: 43.253: 2015-03-20T11:16:31.070+0100[GC concurrent-root-region-scan-start]
: 43.253: Total time for which application threads were stopped: 0.0412045 seconds
2015-03-20T11:16:31.070+0100: 43.253: [GC concurrent-root-region-scan-end, 0.0000259 secs]
2015-03-20T11:16:31.070+0100: 43.253: [GC concurrent-mark-start]
2015-03-20T11:16:31.086+0100: 43.268: Total time for which application threads were stopped: 0.0149545 seconds
2015-03-20T11:16:31.086+0100: 43.277: [GC concurrent-mark-end, 0.0236788 secs]
2015-03-20T11:16:31.101+0100: 43.288: Total time for which application threads were stopped: 0.0113971 seconds
2015-03-20T11:16:31.117+0100: 43.299: [GC remark, 0.0028967 secs]
2015-03-20T11:16:31.117+0100: 43.302: Total time for which application threads were stopped: 0.0068886 seconds
2015-03-20T11:16:31.148+0100: 43.332: [GC cleanup 897M->513M(1024M), 0.0004017 secs]
2015-03-20T11:16:31.148+0100: 43.333: Total time for which application threads were stopped: 0.0053090 seconds
2015-03-20T11:16:31.148+0100: 43.333: [GC concurrent-cleanup-start]
2015-03-20T11:16:31.148+0100: 43.333: [GC concurrent-cleanup-end, 0.0003299 secs]
2015-03-20T11:16:31.211+0100: 43.402: [GC pause (G1 Humongous Allocation) (young) 962M->960M(1024M), 0.0236729 secs]
2015-03-20T11:16:31.242+0100: 43.425: Total time for which application threads were stopped: 0.0278618 seconds
2015-03-20T11:16:31.242+0100: 43.426: [Full GC (Allocation Failure)  960M->282K(1024M), 0.0060323 secs]
2015-03-20T11:16:31.242+0100: 43.432: Total time for which application threads were stopped: 0.0061633 seconds
2015-03-20T11:16:31.305+0100: 43.487: [GC pause (G1 Humongous Allocation) (young) (initial-mark) 450M->448M(1024M), 0.0306627 secs]
2015-03-20T11:16:31.320+0100: 43.517: [GC concurrent-root-region-scan-start]
2015-03-20T11:16:31.320+0100: 43.517: Total time for which application threads were stopped: 0.0344224 seconds
2015-03-20T11:16:31.320+0100: 43.517: [GC concurrent-root-region-scan-end, 0.0000288 secs]
2015-03-20T11:16:31.320+0100: 43.517: [GC concurrent-mark-start]
2015-03-20T11:16:31.336+0100: 43.518: [GC concurrent-mark-end, 0.0006251 secs]
2015-03-20T11:16:31.336+0100: 43.532: [GC remark, 0.0010947 secs]
2015-03-20T11:16:31.352+0100: 43.534: Total time for which application threads were stopped: 0.0155214 seconds
2015-03-20T11:16:31.367+0100: 43.549: [GC cleanup 834M->578M(1024M), 0.0003274 secs]
2015-03-20T11:16:31.367+0100: 43.549: Total time for which application threads were stopped: 0.0158406 seconds
2015-03-20T11:16:31.367+0100: 43.550: [GC concurrent-cleanup-start]
2015-03-20T11:16:31.367+0100: 43.550: [GC concurrent-cleanup-end, 0.0001970 secs]
2015-03-20T11:16:31.445+0100: 43.627: [GC pause (G1 Humongous Allocation) (young) 962M->960M(1024M), 0.0480154 secs]
2015-03-20T11:16:31.492+0100: 43.675: Total time for which application threads were stopped: 0.0537359 seconds
2015-03-20T11:16:31.492+0100: 43.675: [Full GC (Allocation Failure)  960M->128M(1024M), 0.0044577 secs]
2015-03-20T11:16:31.492+0100: 43.680: Total time for which application threads were stopped: 0.0045877 seconds
2015-03-20T11:16:31.492+0100: 43.689: [GC pause (G1 Humongous Allocation) (young) (initial-mark) 321M->320M(1024M), 0.0004643 secs]
2015-03-20T11:16:31.492+01002015-03-20T11:16:31.492+0100: : 43.690: 43.690: [GC concurrent-root-region-scan-start]
Total time for which application threads were stopped: 0.0093958 seconds
2015-03-20T11:16:31.492+0100: 43.690: [GC concurrent-root-region-scan-end, 0.0000342 secs]
2015-03-20T11:16:31.492+0100: 43.690: [GC concurrent-mark-start]
2015-03-20T11:16:31.508+0100: 43.690: [GC concurrent-mark-end, 0.0005591 secs]
2015-03-20T11:16:31.523+0100: 43.705: [GC remark, 0.0011422 secs]
2015-03-20T11:16:31.523+0100: 43.707: Total time for which application threads were stopped: 0.0164295 seconds
2015-03-20T11:16:31.523+0100: 43.707: [GC cleanup 385M->257M(1024M), 0.0005244 secs]
2015-03-20T11:16:31.523+0100: 43.707: Total time for which application threads were stopped: 0.0005747 seconds
2015-03-20T11:16:31.523+0100: 43.707: [GC concurrent-cleanup-start]
2015-03-20T11:16:31.523+0100: 43.707: [GC concurrent-cleanup-end, 0.0001114 secs]
2015-03-20T11:16:31.633+0100: 43.827: [GC pause (G1 Humongous Allocation) (young) 962M->960M(1024M), 0.0326273 secs]
2015-03-20T11:16:31.664+0100: 43.860: Total time for which application threads were stopped: 0.0328277 seconds
2015-03-20T11:16:31.664+0100: 43.860: [Full GC (Allocation Failure)  961M->64M(1024M), 0.0044147 secs]
2015-03-20T11:16:31.680+0100: 43.865: Total time for which application threads were stopped: 0.0045447 seconds
2015-03-20T11:16:31.680+0100: 43.871: [GC pause (G1 Humongous Allocation) (young) (initial-mark) 192M->192M(1024M), 0.0003446 secs]
2015-03-20T11:16:31.680+0100: 2015-03-20T11:16:31.680+010043.871: : 43.871Total time for which application threads were stopped: 0.0062444 seconds
: [GC concurrent-root-region-scan-start]
2015-03-20T11:16:31.680+0100: 43.871: [GC concurrent-root-region-scan-end, 0.0000235 secs]
2015-03-20T11:16:31.680+0100: 43.871: [GC concurrent-mark-start]
2015-03-20T11:16:31.680+0100: 43.872: [GC concurrent-mark-end, 0.0006241 secs]
2015-03-20T11:16:31.695+0100: 43.882: [GC remark, 0.0016597 secs]
2015-03-20T11:16:31.695+0100: 43.884: Total time for which application threads were stopped: 0.0125383 seconds
2015-03-20T11:16:31.711+0100: 43.904: [GC cleanup 385M->321M(1024M), 0.0003778 secs]
2015-03-20T11:16:31.711+0100: 43.904: Total time for which application threads were stopped: 0.0052025 seconds
2015-03-20T11:16:31.711+0100: 43.904: [GC concurrent-cleanup-start]
2015-03-20T11:16:31.711+0100: 43.904: [GC concurrent-cleanup-end, 0.0000635 secs]
2015-03-20T11:16:31.836+0100: 44.018: [GC pause (G1 Humongous Allocation) (young) 962M->960M(1024M), 0.0303528 secs]
2015-03-20T11:16:31.852+0100: 44.048: Total time for which application threads were stopped: 0.0347381 seconds
2015-03-20T11:16:31.883+0100: 44.065: [Full GC (Allocation Failure)  961M->282K(1024M), 0.0059366 secs]
2015-03-20T11:16:31.883+0100: 44.071: Total time for which application threads were stopped: 0.0224428 seconds
2015-03-20T11:16:31.883+0100: 44.077: [GC pause (G1 Humongous Allocation) (young) (initial-mark) 64M->64M(1024M), 0.0004565 secs]
2015-03-20T11:16:31.883+0100: 2015-03-20T11:16:31.883+0100: 44.078: 44.078: [GC concurrent-root-region-scan-start]
Total time for which application threads were stopped: 0.0068720 seconds
2015-03-20T11:16:31.883+0100: 44.078: [GC concurrent-root-region-scan-end, 0.0000108 secs]
2015-03-20T11:16:31.883+0100: 44.078: [GC concurrent-mark-start]
2015-03-20T11:16:31.883+0100: 44.078: [GC concurrent-mark-end, 0.0005821 secs]
2015-03-20T11:16:31.898+0100: 44.091: [GC remark, 0.0010556 secs]
2015-03-20T11:16:31.898+0100: 44.092: Total time for which application threads were stopped: 0.0132777 seconds
2015-03-20T11:16:31.914+0100: 44.096: [GC cleanup 258M->258M(1024M), 0.0004399 secs]
2015-03-20T11:16:31.914+0100: 44.096: Total time for which application threads were stopped: 0.0047524 seconds
2015-03-20T11:16:32.039+0100: 44.221: [GC pause (G1 Humongous Allocation) (young) 962M->960M(1024M), 0.0445664 secs]
2015-03-20T11:16:32.070+0100: 44.266: Total time for which application threads were stopped: 0.0606895 seconds
2015-03-20T11:16:32.070+0100: 44.266: [Full GC (Allocation Failure)  960M->128M(1024M), 0.0051331 secs]
2015-03-20T11:16:32.086+0100: 44.271: Total time for which application threads were stopped: 0.0052763 seconds
2015-03-20T11:16:32.117+0100: 44.299: [GC pause (G1 Humongous Allocation) (young) (initial-mark) 450M->448M(1024M), 0.0306934 secs]
2015-03-20T11:16:32.133+0100: 44.330: [GC concurrent-root-region-scan-start]
2015-03-20T11:16:32.133+0100: 44.330: Total time for which application threads were stopped: 0.0468605 seconds
2015-03-20T11:16:32.133+0100: 44.330: [GC concurrent-root-region-scan-end, 0.0000259 secs]
2015-03-20T11:16:32.133+0100: 44.330: [GC concurrent-mark-start]
2015-03-20T11:16:32.164+0100: 44.346: Total time for which application threads were stopped: 0.0160361 seconds
2015-03-20T11:16:32.164+0100: 44.354: [GC concurrent-mark-end, 0.0238151 secs]
2015-03-20T11:16:32.180+0100: 44.362: Total time for which application threads were stopped: 0.0078646 seconds
2015-03-20T11:16:32.195+0100: 44.377: [GC remark, 0.0028781 secs]
2015-03-20T11:16:32.195+0100: 44.380: Total time for which application threads were stopped: 0.0102105 seconds
2015-03-20T11:16:32.227+0100: 44.410: [GC cleanup 897M->513M(1024M), 0.0008123 secs]
2015-03-20T11:16:32.227+0100: 44.411: Total time for which application threads were stopped: 0.0057899 seconds
2015-03-20T11:16:32.227+0100: 44.411: [GC concurrent-cleanup-start]
2015-03-20T11:16:32.227+0100: 44.412: [GC concurrent-cleanup-end, 0.0003304 secs]
2015-03-20T11:16:32.289+0100: 44.477: [GC pause (G1 Humongous Allocation) (young) 962M->960M(1024M), 0.0241015 secs]
2015-03-20T11:16:32.305+0100: 44.501: Total time for which application threads were stopped: 0.0284834 seconds
2015-03-20T11:16:32.305+0100: 44.501: [Full GC (Allocation Failure)  960M->64M(1024M), 0.0059620 secs]
2015-03-20T11:16:32.320+0100: 44.507: Total time for which application threads were stopped: 0.0060910 seconds
2015-03-20T11:16:32.352+0100: 44.534: [GC pause (G1 Humongous Allocation) (young) (initial-mark) 450M->448M(1024M), 0.0306060 secs]
2015-03-20T11:16:32.367+0100: 44.564: [GC concurrent-root-region-scan-start]
2015-03-20T11:16:32.367+0100: 44.564: Total time for which application threads were stopped: 0.0450659 seconds
2015-03-20T11:16:32.367+0100: 44.564: [GC concurrent-root-region-scan-end, 0.0000249 secs]
2015-03-20T11:16:32.367+0100: 44.564: [GC concurrent-mark-start]
2015-03-20T11:16:32.398+0100: 44.580: Total time for which application threads were stopped: 0.0161455 seconds
2015-03-20T11:16:32.398+0100: 44.596: [GC concurrent-mark-end, 0.0313962 secs]
2015-03-20T11:16:32.414+0100: 44.602: [GC remark, 0.0019701 secs]
2015-03-20T11:16:32.414+0100: 44.604: Total time for which application threads were stopped: 0.0079286 seconds
2015-03-20T11:16:32.445+0100: 44.627: [GC cleanup 705M->385M(1024M), 0.0004159 secs]
2015-03-20T11:16:32.445+0100: 44.628: Total time for which application threads were stopped: 0.0156114 seconds
2015-03-20T11:16:32.445+0100: 44.628: [GC concurrent-cleanup-start]
2015-03-20T11:16:32.445+0100: 44.628: [GC concurrent-cleanup-end, 0.0002712 secs]
2015-03-20T11:16:32.523+0100: 44.705: [GC pause (G1 Humongous Allocation) (young) 962M->960M(1024M), 0.0441359 secs]
2015-03-20T11:16:32.555+0100: 44.750: Total time for which application threads were stopped: 0.0477519 seconds
2015-03-20T11:16:32.570+0100: 44.752: [Full GC (Allocation Failure)  961M->282K(1024M), 0.0046620 secs]
2015-03-20T11:16:32.570+0100: 44.757: Total time for which application threads were stopped: 0.0073949 seconds
2015-03-20T11:16:32.570+0100: 44.762: [GC pause (G1 Humongous Allocation) (young) (initial-mark) 64M->64M(1024M), 0.0003441 secs]
2015-03-20T11:16:32.570+0100: 2015-03-20T11:16:32.570+0100: 44.762: 44.762: [GC concurrent-root-region-scan-start]
Total time for which application threads were stopped: 0.0051883 seconds
2015-03-20T11:16:32.570+0100: 44.762: [GC concurrent-root-region-scan-end, 0.0000073 secs]
2015-03-20T11:16:32.570+0100: 44.762: [GC concurrent-mark-start]
2015-03-20T11:16:32.586+0100: 44.769: Total time for which application threads were stopped: 0.0062777 seconds
2015-03-20T11:16:32.586+0100: 44.776: [GC concurrent-mark-end, 0.0139766 secs]
2015-03-20T11:16:32.602+0100: 44.784: [GC remark, 0.0010454 secs]
2015-03-20T11:16:32.602+0100: 44.785: Total time for which application threads were stopped: 0.0082477 seconds
2015-03-20T11:16:32.633+0100: 44.815: [GC cleanup 449M->449M(1024M), 0.0003768 secs]
2015-03-20T11:16:32.633+0100: 44.815: Total time for which application threads were stopped: 0.0154877 seconds
2015-03-20T11:16:32.727+0100: 44.909: [GC pause (G1 Humongous Allocation) (young) 962M->960M(1024M), 0.0521417 secs]
2015-03-20T11:16:32.773+0100: 44.961: Total time for which application threads were stopped: 0.0691312 seconds
2015-03-20T11:16:32.773+0100: 44.961: [Full GC (Allocation Failure)  961M->64M(1024M), 0.0044357 secs]
2015-03-20T11:16:32.773+0100: 44.965: Total time for which application threads were stopped: 0.0045657 seconds
2015-03-20T11:16:32.789+0100: 44.972: [GC pause (G1 Humongous Allocation) (young) (initial-mark) 192M->192M(1024M), 0.0003504 secs]
2015-03-20T11:16:32.789+01002015-03-20T11:16:32.789+0100: : 44.972: 44.972: [GC concurrent-root-region-scan-start]
Total time for which application threads were stopped: 0.0063779 seconds
2015-03-20T11:16:32.789+0100: 44.972: [GC concurrent-root-region-scan-end, 0.0000244 secs]
2015-03-20T11:16:32.789+0100: 44.972: [GC concurrent-mark-start]
2015-03-20T11:16:32.789+0100: 44.973: [GC concurrent-mark-end, 0.0005826 secs]
2015-03-20T11:16:32.805+0100: 44.987: [GC remark, 0.0010449 secs]
2015-03-20T11:16:32.805+0100: 44.988: Total time for which application threads were stopped: 0.0152375 seconds
2015-03-20T11:16:32.820+0100: 45.009: [GC cleanup 449M->385M(1024M), 0.0003929 secs]
2015-03-20T11:16:32.820+0100: 45.009: Total time for which application threads were stopped: 0.0063735 seconds
2015-03-20T11:16:32.820+0100: 45.009: [GC concurrent-cleanup-start]
2015-03-20T11:16:32.820+0100: 45.009: [GC concurrent-cleanup-end, 0.0000528 secs]
2015-03-20T11:16:32.945+0100: 45.127: [GC pause (G1 Humongous Allocation) (young) 962M->960M(1024M), 0.0363446 secs]
2015-03-20T11:16:32.977+0100: 45.164: Total time for which application threads were stopped: 0.0406297 seconds
2015-03-20T11:16:32.977+0100: 45.164: [Full GC (Allocation Failure)  960M->128M(1024M), 0.0043961 secs]
2015-03-20T11:16:32.977+0100: 45.169: Total time for which application threads were stopped: 0.0045227 seconds
2015-03-20T11:16:32.992+0100: 45.178: [GC pause (G1 Humongous Allocation) (young) (initial-mark) 321M->320M(1024M), 0.0004833 secs]
2015-03-20T11:16:32.992+0100: 2015-03-20T11:16:32.992+0100: 45.178: 45.178: [GC concurrent-root-region-scan-start]
Total time for which application threads were stopped: 0.0094857 seconds
2015-03-20T11:16:32.992+0100: 45.179: [GC concurrent-root-region-scan-end, 0.0000215 secs]
2015-03-20T11:16:32.992+0100: 45.179: [GC concurrent-mark-start]
2015-03-20T11:16:32.992+0100: 45.179: [GC concurrent-mark-end, 0.0004081 secs]
2015-03-20T11:16:33.008+0100: 45.190: [GC remark, 0.0023112 secs]
2015-03-20T11:16:33.008+0100: 45.192: Total time for which application threads were stopped: 0.0132283 seconds
2015-03-20T11:16:33.039+0100: 45.221: [GC cleanup 514M->386M(1024M), 0.0003964 secs]
2015-03-20T11:16:33.039+0100: 45.222: Total time for which application threads were stopped: 0.0038448 seconds
2015-03-20T11:16:33.039+0100: 45.222: [GC concurrent-cleanup-start]
2015-03-20T11:16:33.039+0100: 45.222: [GC concurrent-cleanup-end, 0.0001021 secs]
2015-03-20T11:16:33.117+0100: 45.299: [GC pause (G1 Humongous Allocation) (young) 962M->960M(1024M), 0.0433128 secs]
2015-03-20T11:16:33.148+0100: 45.343: Total time for which application threads were stopped: 0.0538302 seconds
2015-03-20T11:16:33.148+0100: 45.343: [Full GC (Allocation Failure)  960M->128M(1024M), 0.0052431 secs]
2015-03-20T11:16:33.164+0100: 45.348: Total time for which application threads were stopped: 0.0053789 seconds
2015-03-20T11:16:33.180+0100: 45.365: [GC pause (G1 Humongous Allocation) (young) (initial-mark) 450M->448M(1024M), 0.0229418 secs]
2015-03-20T11:16:33.195+0100: 45.388: 2015-03-20T11:16:33.195+0100[GC concurrent-root-region-scan-start]
: 45.388: Total time for which application threads were stopped: 0.0278940 seconds
2015-03-20T11:16:33.195+0100: 45.388: [GC concurrent-root-region-scan-end, 0.0000264 secs]
2015-03-20T11:16:33.195+0100: 45.388: [GC concurrent-mark-start]
2015-03-20T11:16:33.211+0100: 45.393: Total time for which application threads were stopped: 0.0048926 seconds
2015-03-20T11:16:33.211+0100: 45.408: [GC concurrent-mark-end, 0.0201985 secs]
2015-03-20T11:16:33.242+0100: 45.424: [GC remark, 0.0011011 secs]
2015-03-20T11:16:33.242+0100: 45.425: Total time for which application threads were stopped: 0.0170228 seconds
2015-03-20T11:16:33.258+0100: 45.440: [GC cleanup 770M->450M(1024M), 0.0004227 secs]
2015-03-20T11:16:33.258+0100: 45.440: Total time for which application threads were stopped: 0.0064698 seconds
2015-03-20T11:16:33.258+0100: 45.440: [GC concurrent-cleanup-start]
2015-03-20T11:16:33.258+0100: 45.441: [GC concurrent-cleanup-end, 0.0002561 secs]
2015-03-20T11:16:33.352+0100: 45.534: [GC pause (G1 Humongous Allocation) (young) 962M->960M(1024M), 0.0439575 secs]
2015-03-20T11:16:33.383+0100: 45.578: Total time for which application threads were stopped: 0.0546630 seconds
2015-03-20T11:16:33.383+0100: 45.578: [Full GC (Allocation Failure)  961M->64M(1024M), 0.0047924 secs]
2015-03-20T11:16:33.398+0100: 45.583: Total time for which application threads were stopped: 0.0049249 seconds
2015-03-20T11:16:33.398+0100: 45.589: [GC pause (G1 Humongous Allocation) (young) (initial-mark) 192M->192M(1024M), 0.0004359 secs]
2015-03-20T11:16:33.398+01002015-03-20T11:16:33.398+0100: : 45.589: 45.589: [GC concurrent-root-region-scan-start]
Total time for which application threads were stopped: 0.0066433 seconds
2015-03-20T11:16:33.398+0100: 45.589: [GC concurrent-root-region-scan-end, 0.0000220 secs]
2015-03-20T11:16:33.398+0100: 45.589: [GC concurrent-mark-start]
2015-03-20T11:16:33.398+0100: 45.590: [GC concurrent-mark-end, 0.0006549 secs]
2015-03-20T11:16:33.414+0100: 45.601: [GC remark, 0.0017027 secs]
2015-03-20T11:16:33.414+0100: 45.603: Total time for which application threads were stopped: 0.0129072 seconds
2015-03-20T11:16:33.445+0100: 45.627: [GC cleanup 449M->385M(1024M), 0.0004379 secs]
2015-03-20T11:16:33.445+0100: 45.628: Total time for which application threads were stopped: 0.0076119 seconds
2015-03-20T11:16:33.445+0100: 45.628: [GC concurrent-cleanup-start]
2015-03-20T11:16:33.445+0100: 45.628: [GC concurrent-cleanup-end, 0.0000547 secs]
2015-03-20T11:16:33.539+0100: 45.722: [GC pause (G1 Humongous Allocation) (young) 962M->960M(1024M), 0.0423613 secs]
2015-03-20T11:16:33.570+0100: 45.765: Total time for which application threads were stopped: 0.0460370 seconds
2015-03-20T11:16:33.570+0100: 45.765: [Full GC (Allocation Failure)  960M->128M(1024M), 0.0058979 secs]
2015-03-20T11:16:33.586+0100: 45.771: Total time for which application threads were stopped: 0.0060299 seconds
2015-03-20T11:16:33.617+0100: 45.799: [GC pause (G1 Humongous Allocation) (young) (initial-mark) 450M->448M(1024M), 0.0223963 secs]
2015-03-20T11:16:33.633+0100: 45.822: [GC concurrent-root-region-scan-start]
2015-03-20T11:16:33.633+0100: 45.822: Total time for which application threads were stopped: 0.0362918 seconds
2015-03-20T11:16:33.633+0100: 45.822: [GC concurrent-root-region-scan-end, 0.0000323 secs]
2015-03-20T11:16:33.633+0100: 45.822: [GC concurrent-mark-start]
2015-03-20T11:16:33.648+0100: 45.830: Total time for which application threads were stopped: 0.0086847 seconds
2015-03-20T11:16:33.648+0100: 45.838: [GC concurrent-mark-end, 0.0163743 secs]
2015-03-20T11:16:33.664+0100: 45.846: [GC remark, 0.0016905 secs]
2015-03-20T11:16:33.664+0100: 45.848: Total time for which application threads were stopped: 0.0096069 seconds
2015-03-20T11:16:33.695+0100: 45.877: [GC cleanup 833M->513M(1024M), 0.0004350 secs]
2015-03-20T11:16:33.695+0100: 45.878: Total time for which application threads were stopped: 0.0148749 seconds
2015-03-20T11:16:33.695+0100: 45.878: [GC concurrent-cleanup-start]
2015-03-20T11:16:33.695+0100: 45.878: [GC concurrent-cleanup-end, 0.0002605 secs]
2015-03-20T11:16:33.789+0100: 45.971: [GC pause (G1 Humongous Allocation) (young) 962M->960M(1024M), 0.0501623 secs]
2015-03-20T11:16:33.836+0100: 46.021: Total time for which application threads were stopped: 0.0664868 seconds
2015-03-20T11:16:33.836+0100: 46.021: [Full GC (Allocation Failure)  961M->64M(1024M), 0.0044156 secs]
2015-03-20T11:16:33.836+0100: 46.026: Total time for which application threads were stopped: 0.0045417 seconds
2015-03-20T11:16:33.836+0100: 46.032: [GC pause (G1 Humongous Allocation) (young) (initial-mark) 192M->192M(1024M), 0.0003333 secs]
2015-03-20T11:16:33.836+0100: 2015-03-20T11:16:33.836+0100: 46.032: 46.032: Total time for which application threads were stopped: 0.0062371 seconds
[GC concurrent-root-region-scan-start]
2015-03-20T11:16:33.836+0100: 46.032: [GC concurrent-root-region-scan-end, 0.0000239 secs]
2015-03-20T11:16:33.836+0100: 46.032: [GC concurrent-mark-start]
2015-03-20T11:16:33.836+0100: 46.033: [GC concurrent-mark-end, 0.0004091 secs]
2015-03-20T11:16:33.867+0100: 46.049: [GC remark, 0.0010703 secs]
2015-03-20T11:16:33.867+0100: 46.050: Total time for which application threads were stopped: 0.0176244 seconds
2015-03-20T11:16:33.899+0100: 46.081: [GC cleanup 513M->449M(1024M), 0.0005151 secs]
2015-03-20T11:16:33.899+0100: 46.081: Total time for which application threads were stopped: 0.0138788 seconds
2015-03-20T11:16:33.899+0100: 46.081: [GC concurrent-cleanup-start]
2015-03-20T11:16:33.899+0100: 46.081: [GC concurrent-cleanup-end, 0.0000572 secs]
2015-03-20T11:16:33.992+0100: 46.174: [GC pause (G1 Humongous Allocation) (young) 962M->960M(1024M), 0.0297844 secs]
2015-03-20T11:16:34.008+0100: 46.204: Total time for which application threads were stopped: 0.0379701 seconds
2015-03-20T11:16:34.039+0100: 46.221: [Full GC (Allocation Failure)  961M->282K(1024M), 0.0060172 secs]
2015-03-20T11:16:34.039+0100: 46.227: Total time for which application threads were stopped: 0.0231632 seconds
2015-03-20T11:16:34.039+0100: 46.234: [GC pause (G1 Humongous Allocation) (young) (initial-mark) 64M->64M(1024M), 0.0004530 secs]
2015-03-20T11:16:34.039+0100: 2015-03-20T11:16:34.039+0100: 46.234: 46.234: [GC concurrent-root-region-scan-start]
Total time for which application threads were stopped: 0.0069477 seconds
2015-03-20T11:16:34.039+0100: 46.234: [GC concurrent-root-region-scan-end, 0.0000112 secs]
2015-03-20T11:16:34.039+0100: 46.234: [GC concurrent-mark-start]
2015-03-20T11:16:34.055+0100: 46.240: Total time for which application threads were stopped: 0.0054610 seconds
2015-03-20T11:16:34.055+0100: 46.247: [GC concurrent-mark-end, 0.0131413 secs]
2015-03-20T11:16:34.070+0100: 46.254: [GC remark, 0.0010571 secs]
2015-03-20T11:16:34.070+0100: 46.255: Total time for which application threads were stopped: 0.0070709 seconds
2015-03-20T11:16:34.086+0100: 46.271: [GC cleanup 449M->449M(1024M), 0.0003617 secs]
2015-03-20T11:16:34.086+0100: 46.271: Total time for which application threads were stopped: 0.0084955 seconds
2015-03-20T11:16:34.211+0100: 46.393: [GC pause (G1 Humongous Allocation) (young) 962M->960M(1024M), 0.0318258 secs]
2015-03-20T11:16:34.242+0100: 46.425: Total time for which application threads were stopped: 0.0483335 seconds
2015-03-20T11:16:34.258+0100: 46.440: [Full GC (Allocation Failure)  961M->64M(1024M), 0.0045906 secs]
2015-03-20T11:16:34.258+0100: 46.445: Total time for which application threads were stopped: 0.0196175 seconds
2015-03-20T11:16:34.258+0100: 46.449: [GC pause (G1 Humongous Allocation) (young) (initial-mark) 128M->128M(1024M), 0.0004335 secs]
2015-03-20T11:16:34.258+0100: 46.450: Total time for which application threads were stopped: 0.0052108 seconds
2015-03-20T11:16:34.258+0100: 46.450: [GC concurrent-root-region-scan-start]
2015-03-20T11:16:34.258+0100: 46.450: [GC concurrent-root-region-scan-end, 0.0000093 secs]
2015-03-20T11:16:34.258+0100: 46.450: [GC concurrent-mark-start]
2015-03-20T11:16:34.258+0100: 46.450: [GC concurrent-mark-end, 0.0004345 secs]
2015-03-20T11:16:34.274+0100: 46.459: [GC remark, 0.0011954 secs]
2015-03-20T11:16:34.274+0100: 46.461: Total time for which application threads were stopped: 0.0103771 seconds
2015-03-20T11:16:34.289+0100: 46.476: [GC cleanup 449M->449M(1024M), 0.0004985 secs]
2015-03-20T11:16:34.289+0100: 46.476: Total time for which application threads were stopped: 0.0067791 seconds
2015-03-20T11:16:34.383+0100: 46.565: [GC pause (G1 Humongous Allocation) (young) 961M->960M(1024M), 0.0419351 secs]
2015-03-20T11:16:34.414+0100: 46.607: Total time for which application threads were stopped: 0.0494400 seconds
2015-03-20T11:16:34.430+0100: 46.612: [Full GC (Allocation Failure)  961M->64M(1024M), 0.0045354 secs]
2015-03-20T11:16:34.430+0100: 46.616: Total time for which application threads were stopped: 0.0094197 seconds
2015-03-20T11:16:34.430+0100: 46.622: [GC pause (G1 Humongous Allocation) (young) (initial-mark) 192M->192M(1024M), 0.0004750 secs]
2015-03-20T11:16:34.430+0100: 46.623: Total time for which application threads were stopped: 0.0063696 seconds
2015-03-20T11:16:34.430+0100: 46.623: [GC concurrent-root-region-scan-start]
2015-03-20T11:16:34.430+0100: 46.623: [GC concurrent-root-region-scan-end, 0.0000420 secs]
2015-03-20T11:16:34.430+0100: 46.623: [GC concurrent-mark-start]
2015-03-20T11:16:34.430+0100: 46.624: [GC concurrent-mark-end, 0.0006314 secs]
2015-03-20T11:16:34.445+0100: 46.629: [GC remark, 0.0012467 secs]
2015-03-20T11:16:34.445+0100: 46.631: Total time for which application threads were stopped: 0.0070992 seconds
2015-03-20T11:16:34.477+0100: 46.659: [GC cleanup 449M->385M(1024M), 0.0004291 secs]
2015-03-20T11:16:34.477+0100: 46.659: Total time for which application threads were stopped: 0.0161201 seconds
2015-03-20T11:16:34.477+0100: 46.659: [GC concurrent-cleanup-start]
2015-03-20T11:16:34.477+0100: 46.659: [GC concurrent-cleanup-end, 0.0000538 secs]
2015-03-20T11:16:34.586+0100: 46.781: [GC pause (G1 Humongous Allocation) (young) 962M->960M(1024M), 0.0267069 secs]
2015-03-20T11:16:34.617+0100: 46.807: Total time for which application threads were stopped: 0.0316303 seconds
2015-03-20T11:16:34.617+0100: 46.807: [Full GC (Allocation Failure)  960M->64M(1024M), 0.0051868 secs]
2015-03-20T11:16:34.617+0100: 46.813: Total time for which application threads were stopped: 0.0053247 seconds
2015-03-20T11:16:34.695+0100: 46.877: [GC pause (G1 Humongous Allocation) (young) (initial-mark) 449M->448M(1024M), 0.0199869 secs]
2015-03-20T11:16:34.711+0100: 46.8972015-03-20T11:16:34.711+0100: : [GC concurrent-root-region-scan-start]
46.897: Total time for which application threads were stopped: 0.0303313 seconds
2015-03-20T11:16:34.711+0100: 46.897: [GC concurrent-root-region-scan-end, 0.0000293 secs]
2015-03-20T11:16:34.711+0100: 46.897: [GC concurrent-mark-start]
2015-03-20T11:16:34.711+0100: 46.904: Total time for which application threads were stopped: 0.0069077 seconds
2015-03-20T11:16:34.711+0100: 46.905: [GC concurrent-mark-end, 0.0079535 secs]
2015-03-20T11:16:34.727+0100: 46.915: [GC remark, 0.0025243 secs]
2015-03-20T11:16:34.727+0100: 46.918: Total time for which application threads were stopped: 0.0122875 seconds
2015-03-20T11:16:34.758+0100: 46.940: [GC cleanup 834M->514M(1024M), 0.0004008 secs]
2015-03-20T11:16:34.758+0100: 46.940: Total time for which application threads were stopped: 0.0059429 seconds
2015-03-20T11:16:34.758+0100: 46.940: [GC concurrent-cleanup-start]
2015-03-20T11:16:34.758+0100: 46.941: [GC concurrent-cleanup-end, 0.0002678 secs]
2015-03-20T11:16:34.820+0100: 47.002: [GC pause (G1 Humongous Allocation) (young) 962M->960M(1024M), 0.0353569 secs]
2015-03-20T11:16:34.852+0100: 47.038: Total time for which application threads were stopped: 0.0426936 seconds
2015-03-20T11:16:34.867+0100: 47.049: [Full GC (Allocation Failure)  961M->282K(1024M), 0.0045574 secs]
2015-03-20T11:16:34.867+0100: 47.054: Total time for which application threads were stopped: 0.0160576 seconds
2015-03-20T11:16:34.867+0100: 47.059: [GC pause (G1 Humongous Allocation) (young) (initial-mark) 64M->64M(1024M), 0.0003201 secs]
2015-03-20T11:16:34.867+0100: 2015-03-20T11:16:34.867+0100: 47.059: 47.059: Total time for which application threads were stopped: 0.0050827 seconds
[GC concurrent-root-region-scan-start]
2015-03-20T11:16:34.867+0100: 47.059: [GC concurrent-root-region-scan-end, 0.0000083 secs]
2015-03-20T11:16:34.867+0100: 47.059: [GC concurrent-mark-start]
2015-03-20T11:16:34.867+0100: 47.060: [GC concurrent-mark-end, 0.0004286 secs]
2015-03-20T11:16:34.883+0100: 47.072: [GC remark, 0.0010410 secs]
2015-03-20T11:16:34.883+0100: 47.073: Total time for which application threads were stopped: 0.0132044 seconds
2015-03-20T11:16:34.914+0100: 47.096: [GC cleanup 385M->385M(1024M), 0.0008401 secs]
2015-03-20T11:16:34.914+0100: 47.097: Total time for which application threads were stopped: 0.0160649 seconds
2015-03-20T11:16:35.039+0100: 47.221: [GC pause (G1 Humongous Allocation) (young) 962M->960M(1024M), 0.0397354 secs]
2015-03-20T11:16:35.070+0100: 47.261: Total time for which application threads were stopped: 0.0485466 seconds
2015-03-20T11:16:35.070+0100: 47.261: [Full GC (Allocation Failure)  961M->64M(1024M), 0.0045662 secs]
2015-03-20T11:16:35.070+0100: 47.266: Total time for which application threads were stopped: 0.0047045 seconds
2015-03-20T11:16:35.086+0100: 47.272: [GC pause (G1 Humongous Allocation) (young) (initial-mark) 192M->192M(1024M), 0.0004423 secs]
2015-03-20T11:16:35.086+0100: 2015-03-20T11:16:35.086+0100: 47.272: 47.272: [GC concurrent-root-region-scan-start]
Total time for which application threads were stopped: 0.0066095 seconds
2015-03-20T11:16:35.086+0100: 47.272: [GC concurrent-root-region-scan-end, 0.0000264 secs]
2015-03-20T11:16:35.086+0100: 47.272: [GC concurrent-mark-start]
2015-03-20T11:16:35.086+0100: 47.273: [GC concurrent-mark-end, 0.0006578 secs]
2015-03-20T11:16:35.102+0100: 47.284: [GC remark, 0.0010752 secs]
2015-03-20T11:16:35.102+0100: 47.285: Total time for which application threads were stopped: 0.0116273 seconds
2015-03-20T11:16:35.133+0100: 47.315: [GC cleanup 449M->385M(1024M), 0.0003729 secs]
2015-03-20T11:16:35.133+0100: 47.315: Total time for which application threads were stopped: 0.0157277 seconds
2015-03-20T11:16:35.133+0100: 47.315: [GC concurrent-cleanup-start]
2015-03-20T11:16:35.133+0100: 47.315: [GC concurrent-cleanup-end, 0.0000513 secs]
2015-03-20T11:16:35.242+0100: 47.424: [GC pause (G1 Humongous Allocation) (young) 962M->960M(1024M), 0.0417865 secs]
2015-03-20T11:16:35.274+0100: 47.466: Total time for which application threads were stopped: 0.0515200 seconds
2015-03-20T11:16:35.274+0100: 47.466: [Full GC (Allocation Failure)  961M->64M(1024M), 0.0045598 secs]
2015-03-20T11:16:35.274+0100: 47.471: Total time for which application threads were stopped: 0.0046854 seconds
2015-03-20T11:16:35.289+0100: 47.482: [GC pause (G1 Humongous Allocation) (young) (initial-mark) 192M->192M(1024M), 0.0004521 secs]
2015-03-20T11:16:35.289+0100: 2015-03-20T11:16:35.289+0100: 47.483: [GC concurrent-root-region-scan-start]
47.483: Total time for which application threads were stopped: 0.0117690 seconds
2015-03-20T11:16:35.289+0100: 47.483: [GC concurrent-root-region-scan-end, 0.0000230 secs]
2015-03-20T11:16:35.289+0100: 47.483: [GC concurrent-mark-start]
2015-03-20T11:16:35.289+0100: 47.483: [GC concurrent-mark-end, 0.0006647 secs]
2015-03-20T11:16:35.305+0100: 47.489: [GC remark, 0.0010552 secs]
2015-03-20T11:16:35.305+0100: 47.491: Total time for which application threads were stopped: 0.0070738 seconds
2015-03-20T11:16:35.336+0100: 47.518: [GC cleanup 449M->385M(1024M), 0.0004570 secs]
2015-03-20T11:16:35.336+0100: 47.519: Total time for which application threads were stopped: 0.0114552 seconds
2015-03-20T11:16:35.336+0100: 47.519: [GC concurrent-cleanup-start]
2015-03-20T11:16:35.336+0100: 47.519: [GC concurrent-cleanup-end, 0.0000528 secs]
2015-03-20T11:16:35.461+0100: 47.643: [GC pause (G1 Humongous Allocation) (young) 962M->960M(1024M), 0.0329968 secs]
2015-03-20T11:16:35.492+0100: 47.676: Total time for which application threads were stopped: 0.0437849 seconds
2015-03-20T11:16:35.492+0100: 47.676: [Full GC (Allocation Failure)  960M->64M(1024M), 0.0044611 secs]
2015-03-20T11:16:35.492+0100: 47.681: Total time for which application threads were stopped: 0.0045935 seconds
2015-03-20T11:16:35.492+0100: 47.687: [GC pause (G1 Humongous Allocation) (young) (initial-mark) 192M->192M(1024M), 0.0003235 secs]
2015-03-20T11:16:35.492+01002015-03-20T11:16:35.492+0100: : 47.68747.687: : [GC concurrent-root-region-scan-start]
Total time for which application threads were stopped: 0.0062679 seconds
2015-03-20T11:16:35.492+0100: 47.687: [GC concurrent-root-region-scan-end, 0.0000215 secs]
2015-03-20T11:16:35.492+0100: 47.687: [GC concurrent-mark-start]
2015-03-20T11:16:35.492+0100: 47.688: [GC concurrent-mark-end, 0.0004315 secs]
2015-03-20T11:16:35.508+0100: 47.694: [GC remark, 0.0010674 secs]
2015-03-20T11:16:35.508+0100: 47.695: Total time for which application threads were stopped: 0.0072190 seconds
2015-03-20T11:16:35.524+0100: 47.714: [GC cleanup 385M->321M(1024M), 0.0003788 secs]
2015-03-20T11:16:35.524+0100: 47.715: Total time for which application threads were stopped: 0.0051619 seconds
2015-03-20T11:16:35.524+0100: 47.715: [GC concurrent-cleanup-start]
2015-03-20T11:16:35.524+0100: 47.715: [GC concurrent-cleanup-end, 0.0000650 secs]
2015-03-20T11:16:35.633+0100: 47.819: [GC pause (G1 Humongous Allocation) (young) 962M->960M(1024M), 0.0251865 secs]
2015-03-20T11:16:35.649+0100: 47.844: Total time for which application threads were stopped: 0.0290694 seconds
2015-03-20T11:16:35.649+0100: 47.844: [Full GC (Allocation Failure)  960M->192M(1024M), 0.0052152 secs]
2015-03-20T11:16:35.664+0100: 47.849: Total time for which application threads were stopped: 0.0053584 seconds
2015-03-20T11:16:35.727+0100: 47.909: [GC pause (G1 Humongous Allocation) (young) (initial-mark) 450M->448M(1024M), 0.0130719 secs]
2015-03-20T11:16:35.727+0100: 47.922: 2015-03-20T11:16:35.727+0100: [GC concurrent-root-region-scan-start]
47.922: Total time for which application threads were stopped: 0.0288226 seconds
2015-03-20T11:16:35.727+0100: 47.922: [GC concurrent-root-region-scan-end, 0.0000445 secs]
2015-03-20T11:16:35.727+0100: 47.922: [GC concurrent-mark-start]
2015-03-20T11:16:35.742+0100: 47.927: Total time for which application threads were stopped: 0.0048653 seconds
2015-03-20T11:16:35.742+0100: 47.928: [GC concurrent-mark-end, 0.0055954 secs]
2015-03-20T11:16:35.758+0100: 47.940: Total time for which application threads were stopped: 0.0123995 seconds
2015-03-20T11:16:35.774+0100: 47.956: [GC remark, 0.0016436 secs]
2015-03-20T11:16:35.774+0100: 47.957: Total time for which application threads were stopped: 0.0102618 seconds
2015-03-20T11:16:35.789+0100: 47.971: [GC cleanup 897M->513M(1024M), 0.0009134 secs]
2015-03-20T11:16:35.789+0100: 47.972: Total time for which application threads were stopped: 0.0065587 seconds
2015-03-20T11:16:35.789+0100: 47.972: [GC concurrent-cleanup-start]
2015-03-20T11:16:35.789+0100: 47.973: [GC concurrent-cleanup-end, 0.0003289 secs]
2015-03-20T11:16:35.867+0100: 48.049: [GC pause (G1 Humongous Allocation) (young) 962M->960M(1024M), 0.0383826 secs]
2015-03-20T11:16:35.899+0100: 48.088: Total time for which application threads were stopped: 0.0508900 seconds
2015-03-20T11:16:35.899+0100: 48.088: [Full GC (Allocation Failure)  961M->64M(1024M), 0.0044132 secs]
2015-03-20T11:16:35.899+0100: 48.092: Total time for which application threads were stopped: 0.0045412 seconds
2015-03-20T11:16:35.914+0100: 48.099: [GC pause (G1 Humongous Allocation) (young) (initial-mark) 192M->192M(1024M), 0.0003465 secs]
2015-03-20T11:16:35.914+01002015-03-20T11:16:35.914+0100: : 48.099: 48.099: [GC concurrent-root-region-scan-start]
Total time for which application threads were stopped: 0.0065450 seconds
2015-03-20T11:16:35.914+0100: 48.099: [GC concurrent-root-region-scan-end, 0.0000235 secs]
2015-03-20T11:16:35.914+0100: 48.099: [GC concurrent-mark-start]
2015-03-20T11:16:35.914+0100: 48.100: [GC concurrent-mark-end, 0.0006324 secs]
2015-03-20T11:16:35.930+0100: 48.112: [GC remark, 0.0016690 secs]
2015-03-20T11:16:35.930+0100: 48.114: Total time for which application threads were stopped: 0.0138305 seconds
2015-03-20T11:16:35.961+0100: 48.143: [GC cleanup 513M->449M(1024M), 0.0003964 secs]
2015-03-20T11:16:35.961+0100: 48.144: Total time for which application threads were stopped: 0.0133623 seconds
2015-03-20T11:16:35.961+0100: 48.144: [GC concurrent-cleanup-start]
2015-03-20T11:16:35.961+0100: 48.144: [GC concurrent-cleanup-end, 0.0000562 secs]
2015-03-20T11:16:36.039+0100: 48.234: [GC pause (G1 Humongous Allocation) (young) 962M->960M(1024M), 0.0237330 secs]
2015-03-20T11:16:36.070+0100: 48.258: Total time for which application threads were stopped: 0.0262328 seconds
2015-03-20T11:16:36.070+0100: 48.258: [Full GC (Allocation Failure)  960M->282K(1024M), 0.0068143 secs]
2015-03-20T11:16:36.070+0100: 48.265: Total time for which application threads were stopped: 0.0069502 seconds
2015-03-20T11:16:36.133+0100: 48.319: [GC pause (G1 Humongous Allocation) (young) (initial-mark) 450M->448M(1024M), 0.0290733 secs]
2015-03-20T11:16:36.164+0100: 48.348: [GC concurrent-root-region-scan-start]
2015-03-20T11:16:36.164+0100: 48.348: Total time for which application threads were stopped: 0.0295371 seconds
2015-03-20T11:16:36.164+0100: 48.348: [GC concurrent-root-region-scan-end, 0.0000293 secs]
2015-03-20T11:16:36.164+0100: 48.348: [GC concurrent-mark-start]
2015-03-20T11:16:36.164+0100: 48.349: [GC concurrent-mark-end, 0.0008514 secs]
2015-03-20T11:16:36.164+0100: 48.360: [GC remark, 0.0010884 secs]
2015-03-20T11:16:36.164+0100: 48.361: Total time for which application threads were stopped: 0.0124009 seconds
2015-03-20T11:16:36.196+0100: 48.377: [GC cleanup 770M->514M(1024M), 0.0003709 secs]
2015-03-20T11:16:36.196+0100: 48.378: Total time for which application threads were stopped: 0.0168073 seconds
2015-03-20T11:16:36.196+0100: 48.378: [GC concurrent-cleanup-start]
2015-03-20T11:16:36.196+0100: 48.378: [GC concurrent-cleanup-end, 0.0002014 secs]
2015-03-20T11:16:36.250+0100: 48.446: [GC pause (G1 Humongous Allocation) (young) 962M->960M(1024M), 0.0312682 secs]
2015-03-20T11:16:36.281+0100: 48.478: Total time for which application threads were stopped: 0.0350846 seconds
2015-03-20T11:16:36.281+0100: 48.478: [Full GC (Allocation Failure)  960M->282K(1024M), 0.0068343 secs]
2015-03-20T11:16:36.296+0100: 48.485: Total time for which application threads were stopped: 0.0069692 seconds
2015-03-20T11:16:36.343+0100: 48.537: [GC pause (G1 Humongous Allocation) (young) (initial-mark) 450M->448M(1024M), 0.0291183 secs]
2015-03-20T11:16:36.375+0100: 48.566: [GC concurrent-root-region-scan-start]
2015-03-20T11:16:36.375+0100: 48.566: Total time for which application threads were stopped: 0.0294980 seconds
2015-03-20T11:16:36.375+0100: 48.566: [GC concurrent-root-region-scan-end, 0.0000298 secs]
2015-03-20T11:16:36.375+0100: 48.566: [GC concurrent-mark-start]
2015-03-20T11:16:36.375+0100: 48.567: [GC concurrent-mark-end, 0.0007160 secs]
2015-03-20T11:16:36.390+0100: 48.579: [GC remark, 0.0010654 secs]
2015-03-20T11:16:36.390+0100: 48.581: Total time for which application threads were stopped: 0.0135734 seconds
2015-03-20T11:16:36.406+0100: 48.588: [GC cleanup 770M->514M(1024M), 0.0003827 secs]
2015-03-20T11:16:36.406+0100: 48.588: Total time for which application threads were stopped: 0.0075875 seconds
2015-03-20T11:16:36.406+0100: 48.588: [GC concurrent-cleanup-start]
2015-03-20T11:16:36.406+0100: 48.588: [GC concurrent-cleanup-end, 0.0001950 secs]
2015-03-20T11:16:36.484+0100: 48.666: [GC pause (G1 Humongous Allocation) (young) 962M->960M(1024M), 0.0430445 secs]
2015-03-20T11:16:36.515+0100: 48.709: Total time for which application threads were stopped: 0.0515386 seconds
2015-03-20T11:16:36.515+0100: 48.709: [Full GC (Allocation Failure)  960M->128M(1024M), 0.0051981 secs]
2015-03-20T11:16:36.531+0100: 48.714: Total time for which application threads were stopped: 0.0053276 seconds
2015-03-20T11:16:36.546+0100: 48.733: [GC pause (G1 Humongous Allocation) (young) (initial-mark) 514M->512M(1024M), 0.0309794 secs]
2015-03-20T11:16:36.578+0100: 48.764: [GC concurrent-root-region-scan-start]
2015-03-20T11:16:36.578+0100: 48.764: Total time for which application threads were stopped: 0.0372160 seconds
2015-03-20T11:16:36.578+0100: 48.764: [GC concurrent-root-region-scan-end, 0.0000274 secs]
2015-03-20T11:16:36.578+0100: 48.764: [GC concurrent-mark-start]
2015-03-20T11:16:36.593+0100: 48.775: Total time for which application threads were stopped: 0.0114753 seconds
2015-03-20T11:16:36.609+0100: 48.792: [GC concurrent-mark-end, 0.0284429 secs]
2015-03-20T11:16:36.625+0100: 48.807: [GC remark, 0.0028962 secs]
2015-03-20T11:16:36.625+0100: 48.809: Total time for which application threads were stopped: 0.0172300 seconds
2015-03-20T11:16:36.640+0100: 48.836: [GC cleanup 769M->385M(1024M), 0.0004589 secs]
2015-03-20T11:16:36.640+0100: 48.837: Total time for which application threads were stopped: 0.0052988 seconds
2015-03-20T11:16:36.640+0100: 48.837: [GC concurrent-cleanup-start]
2015-03-20T11:16:36.640+0100: 48.837: [GC concurrent-cleanup-end, 0.0003651 secs]
2015-03-20T11:16:36.734+0100: 48.916: [GC pause (G1 Humongous Allocation) (young) 962M->960M(1024M), 0.0364448 secs]
2015-03-20T11:16:36.765+0100: 48.952: Total time for which application threads were stopped: 0.0412299 seconds
2015-03-20T11:16:36.765+0100: 48.953: [Full GC (Allocation Failure)  960M->128M(1024M), 0.0052294 secs]
2015-03-20T11:16:36.765+0100: 48.958: Total time for which application threads were stopped: 0.0053716 seconds
2015-03-20T11:16:36.796+0100: 48.978: [GC pause (G1 Humongous Allocation) (young) (initial-mark) 450M->448M(1024M), 0.0238967 secs]
2015-03-20T11:16:36.812+0100: 49.002: [GC concurrent-root-region-scan-start]
2015-03-20T11:16:36.812+0100: 49.002: Total time for which application threads were stopped: 0.0323766 seconds
2015-03-20T11:16:36.812+0100: 49.002: [GC concurrent-root-region-scan-end, 0.0000249 secs]
2015-03-20T11:16:36.812+0100: 49.002: [GC concurrent-mark-start]
2015-03-20T11:16:36.828+0100: 49.010: Total time for which application threads were stopped: 0.0071603 seconds
2015-03-20T11:16:36.843+0100: 49.027: [GC concurrent-mark-end, 0.0240013 secs]
2015-03-20T11:16:36.859+0100: 49.041: [GC remark, 0.0028546 secs]
2015-03-20T11:16:36.859+0100: 49.044: Total time for which application threads were stopped: 0.0172638 seconds
2015-03-20T11:16:36.890+0100: 49.074: [GC cleanup 961M->641M(1024M), 0.0003797 secs]
2015-03-20T11:16:36.890+0100: 49.074: Total time for which application threads were stopped: 0.0055255 seconds
2015-03-20T11:16:36.890+0100: 49.074: [GC concurrent-cleanup-start]
2015-03-20T11:16:36.890+0100: 49.074: [GC concurrent-cleanup-end, 0.0002712 secs]
2015-03-20T11:16:36.953+0100: 49.139: [GC pause (G1 Humongous Allocation) (young) 962M->960M(1024M), 0.0257260 secs]
2015-03-20T11:16:36.968+0100: 49.164: Total time for which application threads were stopped: 0.0288250 seconds
2015-03-20T11:16:36.968+0100: 49.164: [Full GC (Allocation Failure)  960M->128M(1024M), 0.0051116 secs]
2015-03-20T11:16:36.984+0100: 49.170: Total time for which application threads were stopped: 0.0052426 seconds
2015-03-20T11:16:37.015+0100: 49.197: [GC pause (G1 Humongous Allocation) (young) (initial-mark) 450M->448M(1024M), 0.0307003 secs]
2015-03-20T11:16:37.031+0100: 49.228: [GC concurrent-root-region-scan-start]
2015-03-20T11:16:37.031+0100: 49.228: Total time for which application threads were stopped: 0.0461299 seconds
2015-03-20T11:16:37.031+0100: 49.228: [GC concurrent-root-region-scan-end, 0.0000239 secs]
2015-03-20T11:16:37.031+0100: 49.228: [GC concurrent-mark-start]
2015-03-20T11:16:37.062+0100: 49.244: Total time for which application threads were stopped: 0.0160488 seconds
2015-03-20T11:16:37.062+0100: 49.252: [GC concurrent-mark-end, 0.0244436 secs]
2015-03-20T11:16:37.078+0100: 49.260: [GC remark, 0.0027970 secs]
2015-03-20T11:16:37.078+0100: 49.263: Total time for which application threads were stopped: 0.0107872 seconds
2015-03-20T11:16:37.078+0100: 49.263: [GC cleanup 769M->385M(1024M), 0.0004428 secs]
2015-03-20T11:16:37.078+0100: 49.264: Total time for which application threads were stopped: 0.0004819 seconds
2015-03-20T11:16:37.078+0100: 49.264: [GC concurrent-cleanup-start]
2015-03-20T11:16:37.078+0100: 49.264: [GC concurrent-cleanup-end, 0.0003289 secs]
2015-03-20T11:16:37.203+0100: 49.385: [GC pause (G1 Humongous Allocation) (young) 962M->960M(1024M), 0.0382736 secs]
2015-03-20T11:16:37.234+0100: 49.423: Total time for which application threads were stopped: 0.0441754 seconds
2015-03-20T11:16:37.234+0100: 49.423: [Full GC (Allocation Failure)  960M->128M(1024M), 0.0043340 secs]
2015-03-20T11:16:37.234+0100: 49.428: Total time for which application threads were stopped: 0.0044601 seconds
2015-03-20T11:16:37.250+0100: 49.437: [GC pause (G1 Humongous Allocation) (young) (initial-mark) 321M->320M(1024M), 0.0003372 secs]
2015-03-20T11:16:37.250+01002015-03-20T11:16:37.250+0100: : 49.437: 49.437: [GC concurrent-root-region-scan-start]
Total time for which application threads were stopped: 0.0093503 seconds
2015-03-20T11:16:37.250+0100: 49.437: [GC concurrent-root-region-scan-end, 0.0000239 secs]
2015-03-20T11:16:37.250+0100: 49.437: [GC concurrent-mark-start]
2015-03-20T11:16:37.250+0100: 49.437: [GC concurrent-mark-end, 0.0004345 secs]
2015-03-20T11:16:37.265+0100: 49.447: [GC remark, 0.0010708 secs]
2015-03-20T11:16:37.265+0100: 49.448: Total time for which application threads were stopped: 0.0107989 seconds
2015-03-20T11:16:37.296+0100: 49.480: [GC cleanup 642M->514M(1024M), 0.0003729 secs]
2015-03-20T11:16:37.296+0100: 49.480: Total time for which application threads were stopped: 0.0066970 seconds
2015-03-20T11:16:37.296+0100: 49.480: [GC concurrent-cleanup-start]
2015-03-20T11:16:37.296+0100: 49.480: [GC concurrent-cleanup-end, 0.0000992 secs]
2015-03-20T11:16:37.375+0100: 49.557: [GC pause (G1 Humongous Allocation) (young) 962M->960M(1024M), 0.0313268 secs]
2015-03-20T11:16:37.406+0100: 49.589: Total time for which application threads were stopped: 0.0361765 seconds
2015-03-20T11:16:37.406+0100: 49.589: [Full GC (Allocation Failure)  960M->282K(1024M), 0.0060231 secs]
2015-03-20T11:16:37.406+0100: 49.595: Total time for which application threads were stopped: 0.0061643 seconds
2015-03-20T11:16:37.453+0100: 49.647: [GC pause (G1 Humongous Allocation) (young) (initial-mark) 450M->448M(1024M), 0.0294340 secs]
2015-03-20T11:16:37.484+0100: 49.676: [GC concurrent-root-region-scan-start]
2015-03-20T11:16:37.484+0100: 49.676: Total time for which application threads were stopped: 0.0298352 seconds
2015-03-20T11:16:37.484+0100: 49.676: [GC concurrent-root-region-scan-end, 0.0000313 secs]
2015-03-20T11:16:37.484+0100: 49.676: [GC concurrent-mark-start]
2015-03-20T11:16:37.484+0100: 49.677: [GC concurrent-mark-end, 0.0008518 secs]
2015-03-20T11:16:37.500+0100: 49.688: [GC remark, 0.0016969 secs]
2015-03-20T11:16:37.500+0100: 49.690: Total time for which application threads were stopped: 0.0130250 seconds
2015-03-20T11:16:37.515+0100: 49.697: [GC cleanup 770M->514M(1024M), 0.0003533 secs]
2015-03-20T11:16:37.515+0100: 49.698: Total time for which application threads were stopped: 0.0073543 seconds
2015-03-20T11:16:37.515+0100: 49.698: [GC concurrent-cleanup-start]
2015-03-20T11:16:37.515+0100: 49.698: [GC concurrent-cleanup-end, 0.0002009 secs]
2015-03-20T11:16:37.609+0100: 49.791: [GC pause (G1 Humongous Allocation) (young) 962M->960M(1024M), 0.0429429 secs]
2015-03-20T11:16:37.640+0100: 49.834: Total time for which application threads were stopped: 0.0543317 seconds
2015-03-20T11:16:37.640+0100: 49.834: [Full GC (Allocation Failure)  960M->128M(1024M), 0.0044254 secs]
2015-03-20T11:16:37.656+0100: 49.839: Total time for which application threads were stopped: 0.0045603 seconds
2015-03-20T11:16:37.671+0100: 49.857: [GC pause (G1 Humongous Allocation) (young) (initial-mark) 514M->512M(1024M), 0.0308029 secs]
2015-03-20T11:16:37.703+0100: 49.888: [GC concurrent-root-region-scan-start]
2015-03-20T11:16:37.703+0100: 49.888: Total time for which application threads were stopped: 0.0372785 seconds
2015-03-20T11:16:37.703+0100: 49.888: [GC concurrent-root-region-scan-end, 0.0000249 secs]
2015-03-20T11:16:37.703+0100: 49.888: [GC concurrent-mark-start]
2015-03-20T11:16:37.718+0100: 49.900: Total time for which application threads were stopped: 0.0122631 seconds
2015-03-20T11:16:37.718+0100: 49.901: [GC concurrent-mark-end, 0.0130485 secs]
2015-03-20T11:16:37.750+0100: 49.932: [GC remark, 0.0011172 secs]
2015-03-20T11:16:37.750+0100: 49.933: Total time for which application threads were stopped: 0.0169559 seconds
2015-03-20T11:16:37.765+0100: 49.947: [GC cleanup 834M->450M(1024M), 0.0004149 secs]
2015-03-20T11:16:37.765+0100: 49.948: Total time for which application threads were stopped: 0.0051565 seconds
2015-03-20T11:16:37.765+0100: 49.948: [GC concurrent-cleanup-start]
2015-03-20T11:16:37.765+0100: 49.948: [GC concurrent-cleanup-end, 0.0003255 secs]
2015-03-20T11:16:37.859+0100: 50.041: [GC pause (G1 Humongous Allocation) (young) 962M->960M(1024M), 0.0392769 secs]
2015-03-20T11:16:37.890+0100: 50.080: Total time for which application threads were stopped: 0.0520801 seconds
2015-03-20T11:16:37.906+0100: 50.088: [Full GC (Allocation Failure)  961M->64M(1024M), 0.0045456 secs]
2015-03-20T11:16:37.906+0100: 50.093: Total time for which application threads were stopped: 0.0121160 seconds
2015-03-20T11:16:37.906+0100: 50.098: [GC pause (G1 Humongous Allocation) (young) (initial-mark) 192M->192M(1024M), 0.0003387 secs]
2015-03-20T11:16:37.906+0100: 2015-03-20T11:16:37.906+0100: 50.099: 50.099: [GC concurrent-root-region-scan-start]
Total time for which application threads were stopped: 0.0062464 seconds
2015-03-20T11:16:37.906+0100: 50.099: [GC concurrent-root-region-scan-end, 0.0000249 secs]
2015-03-20T11:16:37.906+0100: 50.099: [GC concurrent-mark-start]
2015-03-20T11:16:37.906+0100: 50.100: [GC concurrent-mark-end, 0.0006485 secs]
2015-03-20T11:16:37.921+0100: 50.105: [GC remark, 0.0010258 secs]
2015-03-20T11:16:37.921+0100: 50.106: Total time for which application threads were stopped: 0.0069458 seconds
2015-03-20T11:16:37.953+0100: 50.135: [GC cleanup 449M->385M(1024M), 0.0004990 secs]
2015-03-20T11:16:37.953+0100: 50.135: Total time for which application threads were stopped: 0.0122328 seconds
2015-03-20T11:16:37.953+0100: 50.135: [GC concurrent-cleanup-start]
2015-03-20T11:16:37.953+0100: 50.135: [GC concurrent-cleanup-end, 0.0000533 secs]
2015-03-20T11:16:38.078+0100: 50.260: [GC pause (G1 Humongous Allocation) (young) 962M->960M(1024M), 0.0326493 secs]
2015-03-20T11:16:38.109+0100: 50.293: Total time for which application threads were stopped: 0.0426545 seconds
2015-03-20T11:16:38.109+0100: 50.293: [Full GC (Allocation Failure)  960M->64M(1024M), 0.0045090 secs]
2015-03-20T11:16:38.109+0100: 50.297: Total time for which application threads were stopped: 0.0046478 seconds
2015-03-20T11:16:38.109+0100: 50.306: [GC pause (G1 Humongous Allocation) (young) (initial-mark) 256M->256M(1024M), 0.0006202 secs]
2015-03-20T11:16:38.125+0100: 50.307: Total time for which application threads were stopped: 0.0095121 seconds
2015-03-20T11:16:38.125+0100: 50.307: [GC concurrent-root-region-scan-start]
2015-03-20T11:16:38.125+0100: 50.307: [GC concurrent-root-region-scan-end, 0.0000567 secs]
2015-03-20T11:16:38.125+0100: 50.307: [GC concurrent-mark-start]
2015-03-20T11:16:38.125+0100: 50.308: [GC concurrent-mark-end, 0.0006564 secs]
2015-03-20T11:16:38.140+0100: 50.322: [GC remark, 0.0011573 secs]
2015-03-20T11:16:38.140+0100: 50.323: Total time for which application threads were stopped: 0.0157854 seconds
2015-03-20T11:16:38.172+0100: 50.358: [GC cleanup 514M->450M(1024M), 0.0004770 secs]
2015-03-20T11:16:38.172+0100: 50.359: Total time for which application threads were stopped: 0.0094891 seconds
2015-03-20T11:16:38.172+0100: 50.359: [GC concurrent-cleanup-start]
2015-03-20T11:16:38.172+0100: 50.359: [GC concurrent-cleanup-end, 0.0000567 secs]
2015-03-20T11:16:38.257+0100: 50.439: [GC pause (G1 Humongous Allocation) (young) 962M->960M(1024M), 0.0481498 secs]
2015-03-20T11:16:38.304+0100: 50.487: Total time for which application threads were stopped: 0.0518479 seconds
2015-03-20T11:16:38.304+0100: 50.487: [Full GC (Allocation Failure)  961M->64M(1024M), 0.0044200 secs]
2015-03-20T11:16:38.304+0100: 50.491: Total time for which application threads were stopped: 0.0045447 seconds
2015-03-20T11:16:38.304+0100: 50.497: [GC pause (G1 Humongous Allocation) (young) (initial-mark) 192M->192M(1024M), 0.0003455 secs]
2015-03-20T11:16:38.304+01002015-03-20T11:16:38.304+0100: : 50.498: 50.498: [GC concurrent-root-region-scan-start]
Total time for which application threads were stopped: 0.0062777 seconds
2015-03-20T11:16:38.304+0100: 50.498: [GC concurrent-root-region-scan-end, 0.0000244 secs]
2015-03-20T11:16:38.304+0100: 50.498: [GC concurrent-mark-start]
2015-03-20T11:16:38.304+0100: 50.498: [GC concurrent-mark-end, 0.0004262 secs]
2015-03-20T11:16:38.319+0100: 50.504: [GC remark, 0.0017213 secs]
2015-03-20T11:16:38.319+0100: 50.506: Total time for which application threads were stopped: 0.0077346 seconds
2015-03-20T11:16:38.335+0100: 50.526: [GC cleanup 385M->321M(1024M), 0.0003793 secs]
2015-03-20T11:16:38.335+0100: 50.526: Total time for which application threads were stopped: 0.0052093 seconds
2015-03-20T11:16:38.335+0100: 50.526: [GC concurrent-cleanup-start]
2015-03-20T11:16:38.335+0100: 50.526: [GC concurrent-cleanup-end, 0.0000523 secs]
2015-03-20T11:16:38.460+0100: 50.642: [GC pause (G1 Humongous Allocation) (young) 962M->960M(1024M), 0.0354404 secs]
2015-03-20T11:16:38.491+0100: 50.677: Total time for which application threads were stopped: 0.0497318 seconds
2015-03-20T11:16:38.507+0100: 50.689: [Full GC (Allocation Failure)  961M->282K(1024M), 0.0046194 secs]
2015-03-20T11:16:38.507+0100: 50.693: Total time for which application threads were stopped: 0.0160429 seconds
2015-03-20T11:16:38.507+0100: 50.698: [GC pause (G1 Humongous Allocation) (young) (initial-mark) 64M->64M(1024M), 0.0003455 secs]
2015-03-20T11:16:38.507+0100: 2015-03-20T11:16:38.507+0100: 50.699: 50.699: Total time for which application threads were stopped: 0.0052333 seconds
[GC concurrent-root-region-scan-start]
2015-03-20T11:16:38.507+0100: 50.699: [GC concurrent-root-region-scan-end, 0.0000083 secs]
2015-03-20T11:16:38.507+0100: 50.699: [GC concurrent-mark-start]
2015-03-20T11:16:38.522+0100: 50.704: Total time for which application threads were stopped: 0.0056115 seconds
2015-03-20T11:16:38.522+0100: 50.712: [GC concurrent-mark-end, 0.0132973 secs]
2015-03-20T11:16:38.538+0100: 50.721: [GC remark, 0.0010708 secs]
2015-03-20T11:16:38.538+0100: 50.722: Total time for which application threads were stopped: 0.0103219 seconds
2015-03-20T11:16:38.554+0100: 50.735: [GC cleanup 385M->385M(1024M), 0.0004472 secs]
2015-03-20T11:16:38.554+0100: 50.736: Total time for which application threads were stopped: 0.0052817 seconds
2015-03-20T11:16:38.679+0100: 50.861: [GC pause (G1 Humongous Allocation) (young) 962M->960M(1024M), 0.0211007 secs]
2015-03-20T11:16:38.694+0100: 50.882: Total time for which application threads were stopped: 0.0288847 seconds
2015-03-20T11:16:38.694+0100: 50.882: [Full GC (Allocation Failure)  960M->64M(1024M), 0.0055461 secs]
2015-03-20T11:16:38.694+0100: 50.887: Total time for which application threads were stopped: 0.0056922 seconds
2015-03-20T11:16:38.741+0100: 50.923: [GC pause (G1 Humongous Allocation) (young) (initial-mark) 449M->448M(1024M), 0.0241460 secs]
2015-03-20T11:16:38.757+0100: 50.947: [GC concurrent-root-region-scan-start]
2015-03-20T11:16:38.757+0100: 50.947: Total time for which application threads were stopped: 0.0372903 seconds
2015-03-20T11:16:38.757+0100: 50.947: [GC concurrent-root-region-scan-end, 0.0000239 secs]
2015-03-20T11:16:38.757+0100: 50.947: [GC concurrent-mark-start]
2015-03-20T11:16:38.772+0100: 50.954: Total time for which application threads were stopped: 0.0068710 seconds
2015-03-20T11:16:38.772+0100: 50.969: [GC concurrent-mark-end, 0.0219868 secs]
2015-03-20T11:16:38.788+0100: 50.976: [GC remark, 0.0021001 secs]
2015-03-20T11:16:38.788+0100: 50.978: Total time for which application threads were stopped: 0.0086768 seconds
2015-03-20T11:16:38.788+0100: 50.978: [GC cleanup 641M->321M(1024M), 0.0004120 secs]
2015-03-20T11:16:38.788+0100: 50.979: Total time for which application threads were stopped: 0.0004760 seconds
2015-03-20T11:16:38.788+0100: 50.979: [GC concurrent-cleanup-start]
2015-03-20T11:16:38.788+0100: 50.979: [GC concurrent-cleanup-end, 0.0002874 secs]
2015-03-20T11:16:38.882+0100: 51.074: [GC pause (G1 Humongous Allocation) (young) 962M->960M(1024M), 0.0237985 secs]
2015-03-20T11:16:38.913+0100: 51.098: Total time for which application threads were stopped: 0.0290122 seconds
2015-03-20T11:16:38.913+0100: 51.098: [Full GC (Allocation Failure)  960M->282K(1024M), 0.0069536 secs]
2015-03-20T11:16:38.913+0100: 51.105: Total time for which application threads were stopped: 0.0070880 seconds
2015-03-20T11:16:38.975+0100: 51.157: [GC pause (G1 Humongous Allocation) (young) (initial-mark) 450M->448M(1024M), 0.0339811 secs]
2015-03-20T11:16:39.007+0100: 51.191: [GC concurrent-root-region-scan-start]
2015-03-20T11:16:39.007+0100: 51.191: Total time for which application threads were stopped: 0.0479709 seconds
2015-03-20T11:16:39.007+0100: 51.191: [GC concurrent-root-region-scan-end, 0.0000225 secs]
2015-03-20T11:16:39.007+0100: 51.191: [GC concurrent-mark-start]
2015-03-20T11:16:39.007+0100: 51.198: Total time for which application threads were stopped: 0.0061878 seconds
2015-03-20T11:16:39.007+0100: 51.198: [GC concurrent-mark-end, 0.0069492 secs]
2015-03-20T11:16:39.022+0100: 51.207: [GC remark, 0.0026435 secs]
2015-03-20T11:16:39.022+0100: 51.210: Total time for which application threads were stopped: 0.0117133 seconds
2015-03-20T11:16:39.054+0100: 51.236: [GC cleanup 897M->577M(1024M), 0.0004047 secs]
2015-03-20T11:16:39.054+0100: 51.237: Total time for which application threads were stopped: 0.0112857 seconds
2015-03-20T11:16:39.054+0100: 51.237: [GC concurrent-cleanup-start]
2015-03-20T11:16:39.054+0100: 51.237: [GC concurrent-cleanup-end, 0.0002600 secs]
2015-03-20T11:16:39.116+0100: 51.301: [GC pause (G1 Humongous Allocation) (young) 962M->960M(1024M), 0.0235483 secs]
2015-03-20T11:16:39.132+0100: 51.325: Total time for which application threads were stopped: 0.0273339 seconds
2015-03-20T11:16:39.132+0100: 51.325: [Full GC (Allocation Failure)  960M->282K(1024M), 0.0068915 secs]
2015-03-20T11:16:39.147+0100: 51.332: Total time for which application threads were stopped: 0.0070279 seconds
2015-03-20T11:16:39.210+0100: 51.392: [GC pause (G1 Humongous Allocation) (young) (initial-mark) 450M->448M(1024M), 0.0309808 secs]
2015-03-20T11:16:39.225+0100: 51.423: [GC concurrent-root-region-scan-start]
2015-03-20T11:16:39.225+0100: 51.423: Total time for which application threads were stopped: 0.0399035 seconds
2015-03-20T11:16:39.225+0100: 51.423: [GC concurrent-root-region-scan-end, 0.0000303 secs]
2015-03-20T11:16:39.225+0100: 51.423: [GC concurrent-mark-start]
2015-03-20T11:16:39.241+0100: 51.424: [GC concurrent-mark-end, 0.0007878 secs]
2015-03-20T11:16:39.241+0100: 51.438: [GC remark, 0.0016196 secs]
2015-03-20T11:16:39.257+0100: 51.440: Total time for which application threads were stopped: 0.0160991 seconds
2015-03-20T11:16:39.272+0100: 51.454: [GC cleanup 770M->514M(1024M), 0.0003377 secs]
2015-03-20T11:16:39.272+0100: 51.455: Total time for which application threads were stopped: 0.0147737 seconds
2015-03-20T11:16:39.272+0100: 51.455: [GC concurrent-cleanup-start]
2015-03-20T11:16:39.272+0100: 51.455: [GC concurrent-cleanup-end, 0.0001935 secs]
2015-03-20T11:16:39.350+0100: 51.532: [GC pause (G1 Humongous Allocation) (young) 962M->960M(1024M), 0.0409655 secs]
2015-03-20T11:16:39.382+0100: 51.573: Total time for which application threads were stopped: 0.0500314 seconds
2015-03-20T11:16:39.382+0100: 51.574: [Full GC (Allocation Failure)  960M->128M(1024M), 0.0051008 secs]
2015-03-20T11:16:39.382+0100: 51.579: Total time for which application threads were stopped: 0.0052328 seconds
2015-03-20T11:16:39.429+0100: 51.611: [GC pause (G1 Humongous Allocation) (young) (initial-mark) 450M->448M(1024M), 0.0328326 secs]
2015-03-20T11:16:39.460+0100: 51.643: [GC concurrent-root-region-scan-start]
2015-03-20T11:16:39.460+0100: 51.643: Total time for which application threads were stopped: 0.0489537 seconds
2015-03-20T11:16:39.460+0100: 51.643: [GC concurrent-root-region-scan-end, 0.0000230 secs]
2015-03-20T11:16:39.460+0100: 51.643: [GC concurrent-mark-start]
2015-03-20T11:16:39.475+0100: 51.657: Total time for which application threads were stopped: 0.0138837 seconds
2015-03-20T11:16:39.475+0100: 51.666: [GC concurrent-mark-end, 0.0224237 secs]
2015-03-20T11:16:39.491+0100: 51.673: [GC remark, 0.0019593 secs]
2015-03-20T11:16:39.491+0100: 51.675: Total time for which application threads were stopped: 0.0090444 seconds
2015-03-20T11:16:39.522+0100: 51.704: [GC cleanup 769M->449M(1024M), 0.0004125 secs]
2015-03-20T11:16:39.522+0100: 51.705: Total time for which application threads were stopped: 0.0131487 seconds
2015-03-20T11:16:39.522+0100: 51.705: [GC concurrent-cleanup-start]
2015-03-20T11:16:39.522+0100: 51.705: [GC concurrent-cleanup-end, 0.0002620 secs]
2015-03-20T11:16:39.585+0100: 51.779: [GC pause (G1 Humongous Allocation) (young) 962M->960M(1024M), 0.0237218 secs]
2015-03-20T11:16:39.616+0100: 51.803: Total time for which application threads were stopped: 0.0286193 seconds
2015-03-20T11:16:39.616+0100: 51.803: [Full GC (Allocation Failure)  960M->282K(1024M), 0.0068133 secs]
2015-03-20T11:16:39.616+0100: 51.810: Total time for which application threads were stopped: 0.0069467 seconds
2015-03-20T11:16:39.679+0100: 51.872: [GC pause (G1 Humongous Allocation) (young) (initial-mark) 450M->448M(1024M), 0.0257192 secs]
2015-03-20T11:16:39.710+0100: 51.898: [GC concurrent-root-region-scan-start]
2015-03-20T11:16:39.710+0100: 51.898: Total time for which application threads were stopped: 0.0260838 seconds
2015-03-20T11:16:39.710+0100: 51.898: [GC concurrent-root-region-scan-end, 0.0000440 secs]
2015-03-20T11:16:39.710+0100: 51.898: [GC concurrent-mark-start]
2015-03-20T11:16:39.710+0100: 51.907: Total time for which application threads were stopped: 0.0088572 seconds
2015-03-20T11:16:39.726+0100: 51.908: [GC concurrent-mark-end, 0.0097467 secs]
2015-03-20T11:16:39.735+0100: 51.917: [GC remark, 0.0029514 secs]
2015-03-20T11:16:39.735+0100: 51.920: Total time for which application threads were stopped: 0.0120090 seconds
2015-03-20T11:16:39.766+0100: 51.951: [GC cleanup 961M->577M(1024M), 0.0004247 secs]
2015-03-20T11:16:39.766+0100: 51.951: Total time for which application threads were stopped: 0.0054693 seconds
2015-03-20T11:16:39.766+0100: 51.951: [GC concurrent-cleanup-start]
2015-03-20T11:16:39.766+0100: 51.952: [GC concurrent-cleanup-end, 0.0003450 secs]
2015-03-20T11:16:39.844+0100: 52.026: [GC pause (G1 Humongous Allocation) (young) 962M->960M(1024M), 0.0290797 secs]
2015-03-20T11:16:39.860+0100: 52.055: Total time for which application threads were stopped: 0.0310395 seconds
2015-03-20T11:16:39.860+0100: 52.055: [Full GC (Allocation Failure)  960M->128M(1024M), 0.0043951 secs]
2015-03-20T11:16:39.875+0100: 52.060: Total time for which application threads were stopped: 0.0045232 seconds
2015-03-20T11:16:39.922+0100: 52.104: [GC pause (G1 Humongous Allocation) (young) (initial-mark) 450M->448M(1024M), 0.0246381 secs]
2015-03-20T11:16:39.938+0100: 52.129: [GC concurrent-root-region-scan-start]
2015-03-20T11:16:39.938+0100: 52.129: Total time for which application threads were stopped: 0.0298743 seconds
2015-03-20T11:16:39.938+0100: 52.129: [GC concurrent-root-region-scan-end, 0.0000230 secs]
2015-03-20T11:16:39.938+0100: 52.129: [GC concurrent-mark-start]
2015-03-20T11:16:39.938+0100: 52.134: Total time for which application threads were stopped: 0.0047152 seconds
2015-03-20T11:16:39.938+0100: 52.134: [GC concurrent-mark-end, 0.0052562 secs]
2015-03-20T11:16:39.969+0100: 52.151: [GC remark, 0.0015151 secs]
2015-03-20T11:16:39.969+0100: 52.152: Total time for which application threads were stopped: 0.0184088 seconds
2015-03-20T11:16:39.985+0100: 52.168: [GC cleanup 898M->578M(1024M), 0.0003822 secs]
2015-03-20T11:16:39.985+0100: 52.168: Total time for which application threads were stopped: 0.0057416 seconds
2015-03-20T11:16:39.985+0100: 52.168: [GC concurrent-cleanup-start]
2015-03-20T11:16:39.985+0100: 52.168: [GC concurrent-cleanup-end, 0.0002639 secs]
2015-03-20T11:16:40.063+0100: 52.245: [GC pause (G1 Humongous Allocation) (young) 962M->960M(1024M), 0.0439242 secs]
2015-03-20T11:16:40.094+0100: 52.289: Total time for which application threads were stopped: 0.0554117 seconds
2015-03-20T11:16:40.094+0100: 52.289: [Full GC (Allocation Failure)  960M->128M(1024M), 0.0043780 secs]
2015-03-20T11:16:40.110+0100: 52.293: Total time for which application threads were stopped: 0.0045124 seconds
2015-03-20T11:16:40.110+0100: 52.298: [GC pause (G1 Humongous Allocation) (young) (initial-mark) 192M->192M(1024M), 0.0082619 secs]
2015-03-20T11:16:40.110+0100: 2015-03-20T11:16:40.110+0100: 52.30652.306: : [GC concurrent-root-region-scan-start]
Total time for which application threads were stopped: 0.0130558 seconds
2015-03-20T11:16:40.110+0100: 52.306: [GC concurrent-root-region-scan-end, 0.0000093 secs]
2015-03-20T11:16:40.110+0100: 52.306: [GC concurrent-mark-start]
2015-03-20T11:16:40.125+0100: 52.307: [GC concurrent-mark-end, 0.0008421 secs]
2015-03-20T11:16:40.141+0100: 52.323: [GC remark, 0.0011304 secs]
2015-03-20T11:16:40.141+0100: 52.324: Total time for which application threads were stopped: 0.0166660 seconds
2015-03-20T11:16:40.156+0100: 52.338: [GC cleanup 450M->386M(1024M), 0.0005562 secs]
2015-03-20T11:16:40.156+0100: 52.339: Total time for which application threads were stopped: 0.0150083 seconds
2015-03-20T11:16:40.156+0100: 52.339: [GC concurrent-cleanup-start]
2015-03-20T11:16:40.156+0100: 52.339: [GC concurrent-cleanup-end, 0.0000552 secs]
2015-03-20T11:16:40.235+0100: 52.417: [GC pause (G1 Humongous Allocation) (young) 962M->960M(1024M), 0.0414459 secs]
2015-03-20T11:16:40.266+0100: 52.458: Total time for which application threads were stopped: 0.0475540 seconds
2015-03-20T11:16:40.266+0100: 52.458: [Full GC (Allocation Failure)  960M->128M(1024M), 0.0058305 secs]
2015-03-20T11:16:40.281+0100: 52.464: Total time for which application threads were stopped: 0.0059752 seconds
2015-03-20T11:16:40.313+0100: 52.495: [GC pause (G1 Humongous Allocation) (young) (initial-mark) 450M->448M(1024M), 0.0284116 secs]
2015-03-20T11:16:40.328+0100: 52.523: [GC concurrent-root-region-scan-start]
2015-03-20T11:16:40.328+0100: 52.523: Total time for which application threads were stopped: 0.0426604 seconds
2015-03-20T11:16:40.328+0100: 52.523: [GC concurrent-root-region-scan-end, 0.0000259 secs]
2015-03-20T11:16:40.328+0100: 52.523: [GC concurrent-mark-start]
2015-03-20T11:16:40.328+0100: 52.523: Total time for which application threads were stopped: 0.0000376 seconds
2015-03-20T11:16:40.328+0100: 52.524: [GC concurrent-mark-end, 0.0005811 secs]
2015-03-20T11:16:40.344+0100: 52.535: [GC remark, 0.0016524 secs]
2015-03-20T11:16:40.344+0100: 52.537: Total time for which application threads were stopped: 0.0129791 seconds
2015-03-20T11:16:40.360+0100: 52.542: [GC cleanup 705M->385M(1024M), 0.0003880 secs]
2015-03-20T11:16:40.360+0100: 52.543: Total time for which application threads were stopped: 0.0013323 seconds
2015-03-20T11:16:40.360+0100: 52.543: [GC concurrent-cleanup-start]
2015-03-20T11:16:40.360+0100: 52.543: [GC concurrent-cleanup-end, 0.0002659 secs]
2015-03-20T11:16:40.485+0100: 52.667: [GC pause (G1 Humongous Allocation) (young) 962M->960M(1024M), 0.0310492 secs]
2015-03-20T11:16:40.500+0100: 52.698: Total time for which application threads were stopped: 0.0379725 seconds
2015-03-20T11:16:40.531+0100: 52.713: [Full GC (Allocation Failure)  961M->64M(1024M), 0.0045852 secs]
2015-03-20T11:16:40.531+0100: 52.718: Total time for which application threads were stopped: 0.0203681 seconds
2015-03-20T11:16:40.531+0100: 52.724: [GC pause (G1 Humongous Allocation) (young) (initial-mark) 192M->192M(1024M), 0.0004403 secs]
2015-03-20T11:16:40.531+01002015-03-20T11:16:40.531+0100: : 52.725: 52.725: [GC concurrent-root-region-scan-start]
Total time for which application threads were stopped: 0.0067434 seconds
2015-03-20T11:16:40.531+0100: 52.725: [GC concurrent-root-region-scan-end, 0.0000249 secs]
2015-03-20T11:16:40.531+0100: 52.725: [GC concurrent-mark-start]
2015-03-20T11:16:40.531+0100: 52.726: [GC concurrent-mark-end, 0.0006564 secs]
2015-03-20T11:16:40.547+0100: 52.736: [GC remark, 0.0017448 secs]
2015-03-20T11:16:40.547+0100: 52.738: Total time for which application threads were stopped: 0.0123912 seconds
2015-03-20T11:16:40.578+0100: 52.760: [GC cleanup 449M->385M(1024M), 0.0004154 secs]
2015-03-20T11:16:40.578+0100: 52.761: Total time for which application threads were stopped: 0.0061081 seconds
2015-03-20T11:16:40.578+0100: 52.761: [GC concurrent-cleanup-start]
2015-03-20T11:16:40.578+0100: 52.761: [GC concurrent-cleanup-end, 0.0000542 secs]
2015-03-20T11:16:40.688+0100: 52.874: [GC pause (G1 Humongous Allocation) (young) 962M->960M(1024M), 0.0252041 secs]
2015-03-20T11:16:40.703+0100: 52.899: Total time for which application threads were stopped: 0.0277435 seconds
2015-03-20T11:16:40.703+0100: 52.899: [Full GC (Allocation Failure)  960M->128M(1024M), 0.0051429 secs]
2015-03-20T11:16:40.719+0100: 52.904: Total time for which application threads were stopped: 0.0052738 seconds
2015-03-20T11:16:40.750+0100: 52.932: [GC pause (G1 Humongous Allocation) (young) (initial-mark) 450M->448M(1024M), 0.0229090 secs]
2015-03-20T11:16:40.766+0100: 52.955: [GC concurrent-root-region-scan-start]
2015-03-20T11:16:40.766+0100: 52.955: Total time for which application threads were stopped: 0.0387149 seconds
2015-03-20T11:16:40.766+0100: 52.955: [GC concurrent-root-region-scan-end, 0.0000249 secs]
2015-03-20T11:16:40.766+0100: 52.955: [GC concurrent-mark-start]
2015-03-20T11:16:40.781+0100: 52.963: Total time for which application threads were stopped: 0.0081876 seconds
2015-03-20T11:16:40.781+0100: 52.978: [GC concurrent-mark-end, 0.0232668 secs]
2015-03-20T11:16:40.797+0100: 52.984: [GC remark, 0.0019969 secs]
2015-03-20T11:16:40.797+0100: 52.986: Total time for which application threads were stopped: 0.0079174 seconds
2015-03-20T11:16:40.828+0100: 53.010: [GC cleanup 769M->449M(1024M), 0.0003719 secs]
2015-03-20T11:16:40.828+0100: 53.011: Total time for which application threads were stopped: 0.0156715 seconds
2015-03-20T11:16:40.828+0100: 53.011: [GC concurrent-cleanup-start]
2015-03-20T11:16:40.828+0100: 53.011: [GC concurrent-cleanup-end, 0.0002644 secs]
2015-03-20T11:16:40.906+0100: 53.088: [GC pause (G1 Humongous Allocation) (young) 962M->960M(1024M), 0.0431452 secs]
2015-03-20T11:16:40.938+0100: 53.132: Total time for which application threads were stopped: 0.0520708 seconds
2015-03-20T11:16:40.953+0100: 53.135: [Full GC (Allocation Failure)  961M->282K(1024M), 0.0046326 secs]
2015-03-20T11:16:40.953+0100: 53.140: Total time for which application threads were stopped: 0.0083435 seconds
2015-03-20T11:16:40.953+0100: 53.145: [GC pause (G1 Humongous Allocation) (young) (initial-mark) 64M->64M(1024M), 0.0003079 secs]
2015-03-20T11:16:40.953+0100: 2015-03-20T11:16:40.953+0100: 53.145: 53.145: [GC concurrent-root-region-scan-start]
Total time for which application threads were stopped: 0.0050740 seconds
2015-03-20T11:16:40.953+0100: 53.145: [GC concurrent-root-region-scan-end, 0.0000073 secs]
2015-03-20T11:16:40.953+0100: 53.145: [GC concurrent-mark-start]
2015-03-20T11:16:40.969+0100: 53.151: Total time for which application threads were stopped: 0.0061970 seconds
2015-03-20T11:16:40.969+0100: 53.163: [GC concurrent-mark-end, 0.0182119 secs]
2015-03-20T11:16:40.985+0100: 53.168: [GC remark, 0.0010620 secs]
2015-03-20T11:16:40.985+0100: 53.169: Total time for which application threads were stopped: 0.0058838 seconds
2015-03-20T11:16:41.016+0100: 53.198: [GC cleanup 514M->514M(1024M), 0.0003670 secs]
2015-03-20T11:16:41.016+0100: 53.198: Total time for which application threads were stopped: 0.0079843 seconds
2015-03-20T11:16:41.094+0100: 53.276: [GC pause (G1 Humongous Allocation) (young) 962M->960M(1024M), 0.0439394 secs]
2015-03-20T11:16:41.125+0100: 53.320: Total time for which application threads were stopped: 0.0459940 seconds
2015-03-20T11:16:41.125+0100: 53.320: [Full GC (Allocation Failure)  960M->128M(1024M), 0.0044445 secs]
2015-03-20T11:16:41.141+0100: 53.325: Total time for which application threads were stopped: 0.0045784 seconds
2015-03-20T11:16:41.141+0100: 53.329: [GC pause (G1 Humongous Allocation) (young) (initial-mark) 192M->192M(1024M), 0.0004032 secs]
2015-03-20T11:16:41.141+0100: 2015-03-20T11:16:41.141+010053.330: : 53.330: Total time for which application threads were stopped: 0.0052484 seconds
[GC concurrent-root-region-scan-start]
2015-03-20T11:16:41.141+0100: 53.330: [GC concurrent-root-region-scan-end, 0.0000078 secs]
2015-03-20T11:16:41.141+0100: 53.330: [GC concurrent-mark-start]
2015-03-20T11:16:41.141+0100: 53.330: [GC concurrent-mark-end, 0.0005958 secs]
2015-03-20T11:16:41.156+0100: 53.342: [GC remark, 0.0012101 secs]
2015-03-20T11:16:41.156+0100: 53.344: Total time for which application threads were stopped: 0.0131037 seconds
2015-03-20T11:16:41.172+0100: 53.354: [GC cleanup 450M->450M(1024M), 0.0004487 secs]
2015-03-20T11:16:41.172+0100: 53.355: Total time for which application threads were stopped: 0.0026430 seconds
2015-03-20T11:16:41.250+0100: 53.432: [GC pause (G1 Humongous Allocation) (young) 962M->960M(1024M), 0.0437351 secs]
2015-03-20T11:16:41.281+0100: 53.476: Total time for which application threads were stopped: 0.0490813 seconds
2015-03-20T11:16:41.281+0100: 53.476: [Full GC (Allocation Failure)  961M->64M(1024M), 0.0044562 secs]
2015-03-20T11:16:41.297+0100: 53.481: Total time for which application threads were stopped: 0.0045862 seconds
2015-03-20T11:16:41.297+0100: 53.487: [GC pause (G1 Humongous Allocation) (young) (initial-mark) 192M->192M(1024M), 0.0003426 secs]
2015-03-20T11:16:41.297+01002015-03-20T11:16:41.297+0100: : 53.487: 53.487: [GC concurrent-root-region-scan-start]
Total time for which application threads were stopped: 0.0062376 seconds
2015-03-20T11:16:41.297+0100: 53.487: [GC concurrent-root-region-scan-end, 0.0000225 secs]
2015-03-20T11:16:41.297+0100: 53.487: [GC concurrent-mark-start]
2015-03-20T11:16:41.297+0100: 53.488: [GC concurrent-mark-end, 0.0006309 secs]
2015-03-20T11:16:41.313+0100: 53.495: [GC remark, 0.0010508 secs]
2015-03-20T11:16:41.313+0100: 53.496: Total time for which application threads were stopped: 0.0081417 seconds
2015-03-20T11:16:41.328+0100: 53.517: [GC cleanup 449M->385M(1024M), 0.0003524 secs]
2015-03-20T11:16:41.328+0100: 53.517: Total time for which application threads were stopped: 0.0062269 seconds
2015-03-20T11:16:41.328+0100: 53.517: [GC concurrent-cleanup-start]
2015-03-20T11:16:41.328+0100: 53.517: [GC concurrent-cleanup-end, 0.0000562 secs]
2015-03-20T11:16:41.453+0100: 53.635: [GC pause (G1 Humongous Allocation) (young) 962M->960M(1024M), 0.0312804 secs]
2015-03-20T11:16:41.485+0100: 53.667: Total time for which application threads were stopped: 0.0416834 seconds
2015-03-20T11:16:41.500+0100: 53.682: [GC pause (G1 Humongous Allocation) (young) 961M->960M(1024M), 0.0073524 secs]
2015-03-20T11:16:41.500+0100: 53.690: Total time for which application threads were stopped: 0.0228929 seconds
2015-03-20T11:16:41.500+0100: 53.690: [Full GC (Allocation Failure)  960M->282K(1024M), 0.0044865 secs]
2015-03-20T11:16:41.500+0100: 53.694: Total time for which application threads were stopped: 0.0046062 seconds
2015-03-20T11:16:41.563+0100: 53.745: [GC pause (G1 Humongous Allocation) (young) (initial-mark) 449M->448M(1024M), 0.0005259 secs]
2015-03-20T11:16:41.563+0100: 2015-03-20T11:16:41.563+0100: 53.746: 53.746: [GC concurrent-root-region-scan-start]
Total time for which application threads were stopped: 0.0070831 seconds
2015-03-20T11:16:41.563+0100: 53.746: [GC concurrent-root-region-scan-end, 0.0000279 secs]
2015-03-20T11:16:41.563+0100: 53.746: [GC concurrent-mark-start]
2015-03-20T11:16:41.563+0100: 53.747: [GC concurrent-mark-end, 0.0008738 secs]
2015-03-20T11:16:41.578+0100: 53.760: [GC remark, 0.0016382 secs]
2015-03-20T11:16:41.578+0100: 53.762: Total time for which application threads were stopped: 0.0152175 seconds
2015-03-20T11:16:41.610+0100: 53.807: [GC cleanup 770M->514M(1024M), 0.0004008 secs]
2015-03-20T11:16:41.610+0100: 53.807: Total time for which application threads were stopped: 0.0154887 seconds
2015-03-20T11:16:41.610+0100: 53.807: [GC concurrent-cleanup-start]
2015-03-20T11:16:41.625+0100: 53.807: [GC concurrent-cleanup-end, 0.0002248 secs]
2015-03-20T11:16:41.672+0100: 53.867: [GC pause (G1 Humongous Allocation) (young) 962M->960M(1024M), 0.0315986 secs]
2015-03-20T11:16:41.703+0100: 53.898: Total time for which application threads were stopped: 0.0366789 seconds
2015-03-20T11:16:41.703+0100: 53.898: [Full GC (Allocation Failure)  960M->282K(1024M), 0.0061013 secs]
2015-03-20T11:16:41.719+0100: 53.905: Total time for which application threads were stopped: 0.0062396 seconds
2015-03-20T11:16:41.766+0100: 53.948: [GC pause (G1 Humongous Allocation) (young) (initial-mark) 449M->448M(1024M), 0.0256635 secs]
2015-03-20T11:16:41.781+0100: 53.974: [GC concurrent-root-region-scan-start]
2015-03-20T11:16:41.781+0100: 53.974: Total time for which application threads were stopped: 0.0350485 seconds
2015-03-20T11:16:41.781+0100: 53.974: [GC concurrent-root-region-scan-end, 0.0000220 secs]
2015-03-20T11:16:41.781+0100: 53.974: [GC concurrent-mark-start]
2015-03-20T11:16:41.781+0100: 53.974: [GC concurrent-mark-end, 0.0007434 secs]
2015-03-20T11:16:41.797+0100: 53.983: [GC remark, 0.0016553 secs]
2015-03-20T11:16:41.797+0100: 53.985: Total time for which application threads were stopped: 0.0102979 seconds
2015-03-20T11:16:41.813+0100: 53.997: [GC cleanup 706M->450M(1024M), 0.0003543 secs]
2015-03-20T11:16:41.813+0100: 53.997: Total time for which application threads were stopped: 0.0052186 seconds
2015-03-20T11:16:41.813+0100: 53.997: [GC concurrent-cleanup-start]
2015-03-20T11:16:41.813+0100: 53.997: [GC concurrent-cleanup-end, 0.0001984 secs]
2015-03-20T11:16:41.907+0100: 54.089: [GC pause (G1 Humongous Allocation) (young) 962M->960M(1024M), 0.0387706 secs]
2015-03-20T11:16:41.938+0100: 54.127: Total time for which application threads were stopped: 0.0482187 seconds
2015-03-20T11:16:41.953+0100: 54.135: [Full GC (Allocation Failure)  961M->282K(1024M), 0.0046048 secs]
2015-03-20T11:16:41.953+0100: 54.140: Total time for which application threads were stopped: 0.0126912 seconds
2015-03-20T11:16:41.953+0100: 54.145: [GC pause (G1 Humongous Allocation) (young) (initial-mark) 64M->64M(1024M), 0.0003201 secs]
2015-03-20T11:16:41.953+0100: 2015-03-20T11:16:41.953+0100: 54.145: 54.145: Total time for which application threads were stopped: 0.0050784 seconds
[GC concurrent-root-region-scan-start]
2015-03-20T11:16:41.953+0100: 54.145: [GC concurrent-root-region-scan-end, 0.0000078 secs]
2015-03-20T11:16:41.953+0100: 54.145: [GC concurrent-mark-start]
2015-03-20T11:16:41.969+0100: 54.151: Total time for which application threads were stopped: 0.0057445 seconds
2015-03-20T11:16:41.969+0100: 54.160: [GC concurrent-mark-end, 0.0143334 secs]
2015-03-20T11:16:41.985+0100: 54.169: [GC remark, 0.0019251 secs]
2015-03-20T11:16:41.985+0100: 54.171: Total time for which application threads were stopped: 0.0111039 seconds
2015-03-20T11:16:42.000+0100: 54.190: [GC cleanup 449M->449M(1024M), 0.0003411 secs]
2015-03-20T11:16:42.000+0100: 54.191: Total time for which application threads were stopped: 0.0051126 seconds
2015-03-20T11:16:42.125+0100: 54.307: [GC pause (G1 Humongous Allocation) (young) 962M->960M(1024M), 0.0308723 secs]
2015-03-20T11:16:42.141+0100: 54.338: Total time for which application threads were stopped: 0.0423603 seconds
2015-03-20T11:16:42.141+0100: 54.338: [Full GC (Allocation Failure)  960M->128M(1024M), 0.0046522 secs]
2015-03-20T11:16:42.157+0100: 54.343: Total time for which application threads were stopped: 0.0048540 seconds
2015-03-20T11:16:42.188+0100: 54.370: [GC pause (G1 Humongous Allocation) (young) (initial-mark) 449M->448M(1024M), 0.0301260 secs]
2015-03-20T11:16:42.203+0100: 54.400: [GC concurrent-root-region-scan-start]
2015-03-20T11:16:42.203+0100: 54.400: Total time for which application threads were stopped: 0.0446578 seconds
2015-03-20T11:16:42.203+0100: 54.400: [GC concurrent-root-region-scan-end, 0.0000254 secs]
2015-03-20T11:16:42.203+0100: 54.400: [GC concurrent-mark-start]
2015-03-20T11:16:42.235+0100: 54.417: Total time for which application threads were stopped: 0.0165966 seconds
2015-03-20T11:16:42.235+0100: 54.425: [GC concurrent-mark-end, 0.0253404 secs]
2015-03-20T11:16:42.250+0100: 54.432: Total time for which application threads were stopped: 0.0069340 seconds
2015-03-20T11:16:42.266+0100: 54.450: [GC remark, 0.0019627 secs]
2015-03-20T11:16:42.266+0100: 54.451: Total time for which application threads were stopped: 0.0126570 seconds
2015-03-20T11:16:42.266+0100: 54.462: [GC cleanup 897M->513M(1024M), 0.0003221 secs]
2015-03-20T11:16:42.266+0100: 54.463: Total time for which application threads were stopped: 0.0029128 seconds
2015-03-20T11:16:42.266+0100: 54.463: [GC concurrent-cleanup-start]
2015-03-20T11:16:42.266+0100: 54.463: [GC concurrent-cleanup-end, 0.0004076 secs]
2015-03-20T11:16:42.391+0100: 54.573: [GC pause (G1 Humongous Allocation) (young) 962M->960M(1024M), 0.0231099 secs]
2015-03-20T11:16:42.407+0100: 54.596: Total time for which application threads were stopped: 0.0304613 seconds
2015-03-20T11:16:42.407+0100: 54.596: [Full GC (Allocation Failure)  960M->128M(1024M), 0.0043687 secs]
2015-03-20T11:16:42.407+0100: 54.601: Total time for which application threads were stopped: 0.0044943 seconds
2015-03-20T11:16:42.469+0100: 54.651: [GC pause (G1 Humongous Allocation) (young) (initial-mark) 449M->448M(1024M), 0.0225757 secs]
2015-03-20T11:16:42.485+0100: 54.674: [GC concurrent-root-region-scan-start]
2015-03-20T11:16:42.485+0100: 54.674: Total time for which application threads were stopped: 0.0294843 seconds
2015-03-20T11:16:42.485+0100: 54.674: [GC concurrent-root-region-scan-end, 0.0000235 secs]
2015-03-20T11:16:42.485+0100: 54.674: [GC concurrent-mark-start]
2015-03-20T11:16:42.485+0100: 54.680: Total time for which application threads were stopped: 0.0058813 seconds
2015-03-20T11:16:42.500+0100: 54.685: Total time for which application threads were stopped: 0.0047827 seconds
2015-03-20T11:16:42.500+0100: 54.693: [GC concurrent-mark-end, 0.0192353 secs]
2015-03-20T11:16:42.516+0100: 54.701: [GC remark, 0.0037050 secs]
2015-03-20T11:16:42.516+0100: 54.705: Total time for which application threads were stopped: 0.0120305 seconds
2015-03-20T11:16:42.563+0100: 54.745: [GC cleanup 897M->513M(1024M), 0.0004970 secs]
2015-03-20T11:16:42.563+0100: 54.745: Total time for which application threads were stopped: 0.0162213 seconds
2015-03-20T11:16:42.563+0100: 54.745: [GC concurrent-cleanup-start]
2015-03-20T11:16:42.563+0100: 54.746: [GC concurrent-cleanup-end, 0.0003362 secs]
2015-03-20T11:16:42.625+0100: 54.816: [GC pause (G1 Humongous Allocation) (young) 962M->960M(1024M), 0.0237897 secs]
2015-03-20T11:16:42.657+0100: 54.840: Total time for which application threads were stopped: 0.0286867 seconds
2015-03-20T11:16:42.672+0100: 54.854: [Full GC (Allocation Failure)  961M->282K(1024M), 0.0053818 secs]
2015-03-20T11:16:42.672+0100: 54.860: Total time for which application threads were stopped: 0.0198134 seconds
2015-03-20T11:16:42.672+0100: 54.869: [GC pause (G1 Humongous Allocation) (young) (initial-mark) 192M->192M(1024M), 0.0003719 secs]
2015-03-20T11:16:42.672+01002015-03-20T11:16:42.672+0100: : 54.869: 54.869: [GC concurrent-root-region-scan-start]
Total time for which application threads were stopped: 0.0093005 seconds
2015-03-20T11:16:42.672+0100: 54.869: [GC concurrent-root-region-scan-end, 0.0000230 secs]
2015-03-20T11:16:42.672+0100: 54.869: [GC concurrent-mark-start]
2015-03-20T11:16:42.672+0100: 54.870: [GC concurrent-mark-end, 0.0004237 secs]
2015-03-20T11:16:42.703+0100: 54.885: [GC remark, 0.0016240 secs]
2015-03-20T11:16:42.703+0100: 54.887: Total time for which application threads were stopped: 0.0175081 seconds
2015-03-20T11:16:42.735+0100: 54.919: [GC cleanup 514M->514M(1024M), 0.0004169 secs]
2015-03-20T11:16:42.735+0100: 54.919: Total time for which application threads were stopped: 0.0070015 seconds
2015-03-20T11:16:42.813+0100: 54.997: [GC pause (G1 Humongous Allocation) (young) 962M->960M(1024M), 0.0319998 secs]
2015-03-20T11:16:42.844+0100: 55.029: Total time for which application threads were stopped: 0.0374985 seconds
2015-03-20T11:16:42.844+0100: 55.029: [Full GC (Allocation Failure)  960M->64M(1024M), 0.0059532 secs]
2015-03-20T11:16:42.844+0100: 55.035: Total time for which application threads were stopped: 0.0060827 seconds
2015-03-20T11:16:42.907+0100: 55.091: [GC pause (G1 Humongous Allocation) (young) (initial-mark) 514M->512M(1024M), 0.0277044 secs]
2015-03-20T11:16:42.922+0100: 55.119: Total time for which application threads were stopped: 0.0281130 seconds
2015-03-20T11:16:42.922+0100: 55.119: [GC concurrent-root-region-scan-start]
2015-03-20T11:16:42.922+0100: 55.119: [GC concurrent-root-region-scan-end, 0.0000494 secs]
2015-03-20T11:16:42.922+0100: 55.119: [GC concurrent-mark-start]
2015-03-20T11:16:42.922+0100: 55.119: [GC concurrent-mark-end, 0.0005440 secs]
2015-03-20T11:16:42.938+0100: 55.134: [GC remark, 0.0011368 secs]
2015-03-20T11:16:42.938+0100: 55.135: Total time for which application threads were stopped: 0.0158249 seconds
2015-03-20T11:16:42.938+0100: 55.135: [GC cleanup 769M->449M(1024M), 0.0005513 secs]
2015-03-20T11:16:42.953+0100: 55.136: Total time for which application threads were stopped: 0.0005938 seconds
2015-03-20T11:16:42.953+0100: 55.136: [GC concurrent-cleanup-start]
2015-03-20T11:16:42.953+0100: 55.136: [GC concurrent-cleanup-end, 0.0002752 secs]
2015-03-20T11:16:43.063+0100: 55.245: [GC pause (G1 Humongous Allocation) (young) 962M->960M(1024M), 0.0371476 secs]
2015-03-20T11:16:43.094+0100: 55.282: Total time for which application threads were stopped: 0.0458791 seconds
2015-03-20T11:16:43.094+0100: 55.282: [Full GC (Allocation Failure)  960M->192M(1024M), 0.0043668 secs]
2015-03-20T11:16:43.094+0100: 55.287: Total time for which application threads were stopped: 0.0044953 seconds
2015-03-20T11:16:43.125+0100: 55.307: [GC pause (G1 Humongous Allocation) (young) (initial-mark) 450M->448M(1024M), 0.0152957 secs]
2015-03-20T11:16:43.125+0100: 55.323: Total time for which application threads were stopped: 0.0240204 seconds
2015-03-20T11:16:43.125+0100: 55.323: [GC concurrent-root-region-scan-start]
2015-03-20T11:16:43.125+0100: 55.323: [GC concurrent-root-region-scan-end, 0.0000239 secs]
2015-03-20T11:16:43.125+0100: 55.323: [GC concurrent-mark-start]
2015-03-20T11:16:43.157+0100: 55.339: Total time for which application threads were stopped: 0.0158215 seconds
2015-03-20T11:16:43.172+0100: 55.355: [GC concurrent-mark-end, 0.0318102 secs]
2015-03-20T11:16:43.188+0100: 55.370: [GC remark, 0.0012243 secs]
2015-03-20T11:16:43.188+0100: 55.371: Total time for which application threads were stopped: 0.0160385 seconds
2015-03-20T11:16:43.188+0100: 55.376: [GC cleanup 769M->449M(1024M), 0.0005220 secs]
2015-03-20T11:16:43.188+0100: 55.376: Total time for which application threads were stopped: 0.0052626 seconds
2015-03-20T11:16:43.188+0100: 55.376: [GC concurrent-cleanup-start]
2015-03-20T11:16:43.188+0100: 55.377: [GC concurrent-cleanup-end, 0.0002634 secs]
2015-03-20T11:16:43.266+0100: 55.448: [GC pause (G1 Humongous Allocation) (young) 962M->960M(1024M), 0.0506208 secs]
2015-03-20T11:16:43.313+0100: 55.499: Total time for which application threads were stopped: 0.0668768 seconds
2015-03-20T11:16:43.313+0100: 55.499: [Full GC (Allocation Failure)  961M->64M(1024M), 0.0044459 secs]
2015-03-20T11:16:43.313+0100: 55.503: Total time for which application threads were stopped: 0.0045774 seconds
2015-03-20T11:16:43.313+0100: 55.509: [GC pause (G1 Humongous Allocation) (young) (initial-mark) 192M->192M(1024M), 0.0003470 secs]
2015-03-20T11:16:43.313+01002015-03-20T11:16:43.313+0100: : 55.510: 55.510: [GC concurrent-root-region-scan-start]
Total time for which application threads were stopped: 0.0063373 seconds
2015-03-20T11:16:43.313+0100: 55.510: [GC concurrent-root-region-scan-end, 0.0000225 secs]
2015-03-20T11:16:43.313+0100: 55.510: [GC concurrent-mark-start]
2015-03-20T11:16:43.328+0100: 55.510: [GC concurrent-mark-end, 0.0006578 secs]
2015-03-20T11:16:43.344+0100: 55.526: [GC remark, 0.0010327 secs]
2015-03-20T11:16:43.344+0100: 55.527: Total time for which application threads were stopped: 0.0166758 seconds
2015-03-20T11:16:43.360+0100: 55.548: [GC cleanup 449M->385M(1024M), 0.0003670 secs]
2015-03-20T11:16:43.360+0100: 55.548: Total time for which application threads were stopped: 0.0062581 seconds
2015-03-20T11:16:43.360+0100: 55.548: [GC concurrent-cleanup-start]
2015-03-20T11:16:43.360+0100: 55.548: [GC concurrent-cleanup-end, 0.0000567 secs]
2015-03-20T11:16:43.485+0100: 55.667: [GC pause (G1 Humongous Allocation) (young) 962M->960M(1024M), 0.0308445 secs]
2015-03-20T11:16:43.516+0100: 55.698: Total time for which application threads were stopped: 0.0395570 seconds
2015-03-20T11:16:43.516+0100: 55.698: [Full GC (Allocation Failure)  960M->128M(1024M), 0.0052367 secs]
2015-03-20T11:16:43.516+0100: 55.703: Total time for which application threads were stopped: 0.0053706 seconds
2015-03-20T11:16:43.547+0100: 55.729: [GC pause (G1 Humongous Allocation) (young) (initial-mark) 450M->448M(1024M), 0.0231720 secs]
2015-03-20T11:16:43.562+0100: 55.752: 2015-03-20T11:16:43.562+0100[GC concurrent-root-region-scan-start]
: 55.752: Total time for which application threads were stopped: 0.0367370 seconds
2015-03-20T11:16:43.562+0100: 55.752: [GC concurrent-root-region-scan-end, 0.0000239 secs]
2015-03-20T11:16:43.562+0100: 55.752: [GC concurrent-mark-start]
2015-03-20T11:16:43.578+0100: 55.760: Total time for which application threads were stopped: 0.0079628 seconds
2015-03-20T11:16:43.578+0100: 55.775: [GC concurrent-mark-end, 0.0232717 secs]
2015-03-20T11:16:43.594+0100: 55.781: [GC remark, 0.0025106 secs]
2015-03-20T11:16:43.594+0100: 55.784: Total time for which application threads were stopped: 0.0085693 seconds
2015-03-20T11:16:43.594+0100: 55.784: [GC cleanup 641M->321M(1024M), 0.0004012 secs]
2015-03-20T11:16:43.594+0100: 55.784: Total time for which application threads were stopped: 0.0004379 seconds
2015-03-20T11:16:43.594+0100: 55.784: [GC concurrent-cleanup-start]
2015-03-20T11:16:43.594+0100: 55.785: [GC concurrent-cleanup-end, 0.0002693 secs]
2015-03-20T11:16:43.719+0100: 55.901: [GC pause (G1 Humongous Allocation) (young) 962M->960M(1024M), 0.0388948 secs]
2015-03-20T11:16:43.750+0100: 55.940: Total time for which application threads were stopped: 0.0478189 seconds
2015-03-20T11:16:43.750+0100: 55.940: [Full GC (Allocation Failure)  960M->128M(1024M), 0.0043321 secs]
2015-03-20T11:16:43.750+0100: 55.944: Total time for which application threads were stopped: 0.0044621 seconds
2015-03-20T11:16:43.766+0100: 55.953: [GC pause (G1 Humongous Allocation) (young) (initial-mark) 321M->320M(1024M), 0.0003455 secs]
2015-03-20T11:16:43.766+01002015-03-20T11:16:43.766+0100: : 55.954: 55.954: [GC concurrent-root-region-scan-start]
Total time for which application threads were stopped: 0.0093977 seconds
2015-03-20T11:16:43.766+0100: 55.954: [GC concurrent-root-region-scan-end, 0.0000225 secs]
2015-03-20T11:16:43.766+0100: 55.954: [GC concurrent-mark-start]
2015-03-20T11:16:43.766+0100: 55.954: [GC concurrent-mark-end, 0.0006368 secs]
2015-03-20T11:16:43.781+0100: 55.963: [GC remark, 0.0011407 secs]
2015-03-20T11:16:43.781+0100: 55.964: Total time for which application threads were stopped: 0.0099935 seconds
2015-03-20T11:16:43.812+0100: 55.996: [GC cleanup 642M->514M(1024M), 0.0003734 secs]
2015-03-20T11:16:43.812+0100: 55.996: Total time for which application threads were stopped: 0.0065538 seconds
2015-03-20T11:16:43.812+0100: 55.996: [GC concurrent-cleanup-start]
2015-03-20T11:16:43.812+0100: 55.996: [GC concurrent-cleanup-end, 0.0000997 secs]
2015-03-20T11:16:43.906+0100: 56.088: [GC pause (G1 Humongous Allocation) (young) 962M->960M(1024M), 0.0437283 secs]
2015-03-20T11:16:43.937+0100: 56.132: Total time for which application threads were stopped: 0.0515014 seconds
2015-03-20T11:16:43.937+0100: 56.132: [Full GC (Allocation Failure)  961M->282K(1024M), 0.0048614 secs]
2015-03-20T11:16:43.953+0100: 56.137: Total time for which application threads were stopped: 0.0050070 seconds
2015-03-20T11:16:44.031+0100: 56.213: [GC pause (G1 Humongous Allocation) (young) (initial-mark) 449M->448M(1024M), 0.0158763 secs]
2015-03-20T11:16:44.047+0100: 56.229: 2015-03-20T11:16:44.047+0100: [GC concurrent-root-region-scan-start]
56.229: Total time for which application threads were stopped: 0.0273584 seconds
2015-03-20T11:16:44.047+0100: 56.229: [GC concurrent-root-region-scan-end, 0.0000435 secs]
2015-03-20T11:16:44.047+0100: 56.229: [GC concurrent-mark-start]
2015-03-20T11:16:44.062+0100: 56.244: Total time for which application threads were stopped: 0.0152424 seconds
2015-03-20T11:16:44.062+0100: 56.245: [GC concurrent-mark-end, 0.0159848 secs]
2015-03-20T11:16:44.078+0100: 56.262: [GC remark, 0.0026533 secs]
2015-03-20T11:16:44.078+0100: 56.265: Total time for which application threads were stopped: 0.0126160 seconds
2015-03-20T11:16:44.094+0100: 56.276: [GC cleanup 705M->385M(1024M), 0.0004819 secs]
2015-03-20T11:16:44.094+0100: 56.276: Total time for which application threads were stopped: 0.0112642 seconds
2015-03-20T11:16:44.094+0100: 56.276: [GC concurrent-cleanup-start]
2015-03-20T11:16:44.094+0100: 56.276: [GC concurrent-cleanup-end, 0.0002590 secs]
2015-03-20T11:16:44.172+0100: 56.355: [GC pause (G1 Humongous Allocation) (young) 962M->960M(1024M), 0.0382711 secs]
2015-03-20T11:16:44.203+0100: 56.393: Total time for which application threads were stopped: 0.0428911 seconds
2015-03-20T11:16:44.203+0100: 56.393: [Full GC (Allocation Failure)  960M->128M(1024M), 0.0052631 secs]
2015-03-20T11:16:44.203+0100: 56.399: Total time for which application threads were stopped: 0.0054024 seconds
2015-03-20T11:16:44.219+0100: 56.414: [GC pause (G1 Humongous Allocation) (young) (initial-mark) 449M->448M(1024M), 0.0160077 secs]
2015-03-20T11:16:44.234+0100: 56.430: [GC concurrent-root-region-scan-start]
2015-03-20T11:16:44.234+0100: 56.430: Total time for which application threads were stopped: 0.0215235 seconds
2015-03-20T11:16:44.234+0100: 56.430: [GC concurrent-root-region-scan-end, 0.0000239 secs]
2015-03-20T11:16:44.234+0100: 56.430: [GC concurrent-mark-start]
2015-03-20T11:16:44.234+0100: 56.431: [GC concurrent-mark-end, 0.0008250 secs]
2015-03-20T11:16:44.266+0100: 56.448: [GC remark, 0.0016582 secs]
2015-03-20T11:16:44.266+0100: 56.449: Total time for which application threads were stopped: 0.0178253 seconds
2015-03-20T11:16:44.297+0100: 56.484: [GC cleanup 706M->450M(1024M), 0.0004144 secs]
2015-03-20T11:16:44.297+0100: 56.484: Total time for which application threads were stopped: 0.0097779 seconds
2015-03-20T11:16:44.297+0100: 56.484: [GC concurrent-cleanup-start]
2015-03-20T11:16:44.297+0100: 56.484: [GC concurrent-cleanup-end, 0.0002038 secs]
2015-03-20T11:16:44.359+0100: 56.541: [GC pause (G1 Humongous Allocation) (young) 962M->960M(1024M), 0.0395677 secs]
2015-03-20T11:16:44.391+0100: 56.581: Total time for which application threads were stopped: 0.0452804 seconds
2015-03-20T11:16:44.406+0100: 56.588: [Full GC (Allocation Failure)  961M->282K(1024M), 0.0047978 secs]
2015-03-20T11:16:44.406+0100: 56.593: Total time for which application threads were stopped: 0.0120935 seconds
2015-03-20T11:16:44.406+0100: 56.598: [GC pause (G1 Humongous Allocation) (young) (initial-mark) 64M->64M(1024M), 0.0003690 secs]
2015-03-20T11:16:44.406+0100: 2015-03-20T11:16:44.406+0100: 56.598: 56.598: [GC concurrent-root-region-scan-start]
2015-03-20T11:16:44.406+0100Total time for which application threads were stopped: 0.0052621 seconds
: 56.598: [GC concurrent-root-region-scan-end, 0.0000083 secs]
2015-03-20T11:16:44.406+0100: 56.598: [GC concurrent-mark-start]
2015-03-20T11:16:44.422+0100: 56.604: Total time for which application threads were stopped: 0.0053936 seconds
2015-03-20T11:16:44.422+0100: 56.612: [GC concurrent-mark-end, 0.0140308 secs]
2015-03-20T11:16:44.437+0100: 56.624: [GC remark, 0.0010625 secs]
2015-03-20T11:16:44.437+0100: 56.625: Total time for which application threads were stopped: 0.0122919 seconds
2015-03-20T11:16:44.453+0100: 56.637: [GC cleanup 385M->385M(1024M), 0.0004223 secs]
2015-03-20T11:16:44.453+0100: 56.638: Total time for which application threads were stopped: 0.0064116 seconds
2015-03-20T11:16:44.547+0100: 56.741: [GC pause (G1 Humongous Allocation) (young) 962M->960M(1024M), 0.0247667 secs]
2015-03-20T11:16:44.578+0100: 56.766: Total time for which application threads were stopped: 0.0290117 seconds
2015-03-20T11:16:44.578+0100: 56.766: [Full GC (Allocation Failure)  960M->64M(1024M), 0.0061125 secs]
2015-03-20T11:16:44.578+0100: 56.772: Total time for which application threads were stopped: 0.0062787 seconds
2015-03-20T11:16:44.609+0100: 56.791: [GC pause (G1 Humongous Allocation) (young) (initial-mark) 450M->448M(1024M), 0.0306226 secs]
2015-03-20T11:16:44.625+0100: 56.822: 2015-03-20T11:16:44.625+0100[GC concurrent-root-region-scan-start]
: 56.822: Total time for which application threads were stopped: 0.0374911 seconds
2015-03-20T11:16:44.625+0100: 56.822: [GC concurrent-root-region-scan-end, 0.0000259 secs]
2015-03-20T11:16:44.625+0100: 56.822: [GC concurrent-mark-start]
2015-03-20T11:16:44.656+0100: 56.838: Total time for which application threads were stopped: 0.0160908 seconds
2015-03-20T11:16:44.672+0100: 56.854: [GC concurrent-mark-end, 0.0319021 secs]
2015-03-20T11:16:44.687+0100: 56.869: [GC remark, 0.0011167 secs]
2015-03-20T11:16:44.687+0100: 56.871: Total time for which application threads were stopped: 0.0165986 seconds
2015-03-20T11:16:44.703+0100: 56.885: [GC cleanup 770M->450M(1024M), 0.0004281 secs]
2015-03-20T11:16:44.703+0100: 56.886: Total time for which application threads were stopped: 0.0064766 seconds
2015-03-20T11:16:44.703+0100: 56.886: [GC concurrent-cleanup-start]
2015-03-20T11:16:44.703+0100: 56.886: [GC concurrent-cleanup-end, 0.0002732 secs]
2015-03-20T11:16:44.781+0100: 56.963: [GC pause (G1 Humongous Allocation) (young) 962M->960M(1024M), 0.0388298 secs]
2015-03-20T11:16:44.812+0100: 57.002: Total time for which application threads were stopped: 0.0419913 seconds
2015-03-20T11:16:44.828+0100: 57.010: [Full GC (Allocation Failure)  961M->64M(1024M), 0.0045623 secs]
2015-03-20T11:16:44.828+0100: 57.015: Total time for which application threads were stopped: 0.0125940 seconds
2015-03-20T11:16:44.828+0100: 57.021: [GC pause (G1 Humongous Allocation) (young) (initial-mark) 192M->192M(1024M), 0.0003441 secs]
2015-03-20T11:16:44.828+01002015-03-20T11:16:44.828+0100: : 57.02157.021: : [GC concurrent-root-region-scan-start]
Total time for which application threads were stopped: 0.0062870 seconds
2015-03-20T11:16:44.828+0100: 57.021: [GC concurrent-root-region-scan-end, 0.0000230 secs]
2015-03-20T11:16:44.828+0100: 57.021: [GC concurrent-mark-start]
2015-03-20T11:16:44.828+0100: 57.022: [GC concurrent-mark-end, 0.0004071 secs]
2015-03-20T11:16:44.844+0100: 57.028: [GC remark, 0.0010361 secs]
2015-03-20T11:16:44.844+0100: 57.029: Total time for which application threads were stopped: 0.0071549 seconds
2015-03-20T11:16:44.875+0100: 57.057: [GC cleanup 449M->385M(1024M), 0.0003318 secs]
2015-03-20T11:16:44.875+0100: 57.057: Total time for which application threads were stopped: 0.0118379 seconds
2015-03-20T11:16:44.875+0100: 57.057: [GC concurrent-cleanup-start]
2015-03-20T11:16:44.875+0100: 57.057: [GC concurrent-cleanup-end, 0.0000528 secs]
2015-03-20T11:16:45.000+0100: 57.182: [GC pause (G1 Humongous Allocation) (young) 962M->960M(1024M), 0.0313078 secs]
2015-03-20T11:16:45.031+0100: 57.213: Total time for which application threads were stopped: 0.0464842 seconds
2015-03-20T11:16:45.031+0100: 57.213: [Full GC (Allocation Failure)  960M->64M(1024M), 0.0044538 secs]
2015-03-20T11:16:45.031+0100: 57.218: Total time for which application threads were stopped: 0.0045823 seconds
2015-03-20T11:16:45.031+0100: 57.227: [GC pause (G1 Humongous Allocation) (young) (initial-mark) 256M->256M(1024M), 0.0004863 secs]
2015-03-20T11:16:45.031+0100: 57.228: Total time for which application threads were stopped: 0.0094344 seconds
2015-03-20T11:16:45.031+0100: 57.228: [GC concurrent-root-region-scan-start]
2015-03-20T11:16:45.031+0100: 57.228: [GC concurrent-root-region-scan-end, 0.0000411 secs]
2015-03-20T11:16:45.031+0100: 57.228: [GC concurrent-mark-start]
2015-03-20T11:16:45.031+0100: 57.228: [GC concurrent-mark-end, 0.0006368 secs]
2015-03-20T11:16:45.062+0100: 57.244: [GC remark, 0.0011637 secs]
2015-03-20T11:16:45.062+0100: 57.246: Total time for which application threads were stopped: 0.0174123 seconds
2015-03-20T11:16:45.062+0100: 57.246: [GC cleanup 321M->257M(1024M), 0.0004716 secs]
2015-03-20T11:16:45.062+0100: 57.246: Total time for which application threads were stopped: 0.0005190 seconds
2015-03-20T11:16:45.062+0100: 57.246: [GC concurrent-cleanup-start]
2015-03-20T11:16:45.062+0100: 57.246: [GC concurrent-cleanup-end, 0.0000626 secs]
2015-03-20T11:16:45.188+0100: 57.370: [GC pause (G1 Humongous Allocation) (young) 962M->960M(1024M), 0.0382990 secs]
2015-03-20T11:16:45.220+0100: 57.409: Total time for which application threads were stopped: 0.0500001 seconds
2015-03-20T11:16:45.220+0100: 57.409: [Full GC (Allocation Failure)  960M->192M(1024M), 0.0043111 secs]
2015-03-20T11:16:45.220+0100: 57.413: Total time for which application threads were stopped: 0.0044381 seconds
2015-03-20T11:16:45.251+0100: 57.433: [GC pause (G1 Humongous Allocation) (young) (initial-mark) 450M->448M(1024M), 0.0151647 secs]
2015-03-20T11:16:45.251+0100: 2015-03-20T11:16:45.251+0100: 57.448: [GC concurrent-root-region-scan-start]
57.448: Total time for which application threads were stopped: 0.0247496 seconds
2015-03-20T11:16:45.251+0100: 57.448: [GC concurrent-root-region-scan-end, 0.0000244 secs]
2015-03-20T11:16:45.251+0100: 57.448: [GC concurrent-mark-start]
2015-03-20T11:16:45.282+0100: 57.464: Total time for which application threads were stopped: 0.0159408 seconds
2015-03-20T11:16:45.282+0100: 57.473: [GC concurrent-mark-end, 0.0245937 secs]
2015-03-20T11:16:45.298+0100: 57.480: [GC remark, 0.0013968 secs]
2015-03-20T11:16:45.298+0100: 57.481: Total time for which application threads were stopped: 0.0082077 seconds
2015-03-20T11:16:45.329+0100: 57.511: [GC cleanup 642M->322M(1024M), 0.0006779 secs]
2015-03-20T11:16:45.329+0100: 57.512: Total time for which application threads were stopped: 0.0147840 seconds
2015-03-20T11:16:45.329+0100: 57.512: [GC concurrent-cleanup-start]
2015-03-20T11:16:45.329+0100: 57.512: [GC concurrent-cleanup-end, 0.0002605 secs]
2015-03-20T11:16:45.376+0100: 57.572: [GC pause (G1 Humongous Allocation) (young) 962M->960M(1024M), 0.0315903 secs]
2015-03-20T11:16:45.407+0100: 57.603: Total time for which application threads were stopped: 0.0386528 seconds
2015-03-20T11:16:45.407+0100: 57.603: [Full GC (Allocation Failure)  960M->282K(1024M), 0.0068280 secs]
2015-03-20T11:16:45.423+0100: 57.610: Total time for which application threads were stopped: 0.0069624 seconds
2015-03-20T11:16:45.485+0100: 57.675: [GC pause (G1 Humongous Allocation) (young) (initial-mark) 450M->448M(1024M), 0.0270823 secs]
2015-03-20T11:16:45.516+0100: 57.702: [GC concurrent-root-region-scan-start]
2015-03-20T11:16:45.516+0100: 57.702: Total time for which application threads were stopped: 0.0274762 seconds
2015-03-20T11:16:45.516+0100: 57.702: [GC concurrent-root-region-scan-end, 0.0000254 secs]
2015-03-20T11:16:45.516+0100: 57.702: [GC concurrent-mark-start]
2015-03-20T11:16:45.516+0100: 57.702: [GC concurrent-mark-end, 0.0005571 secs]
2015-03-20T11:16:45.532+0100: 57.717: [GC remark, 0.0015771 secs]
2015-03-20T11:16:45.532+0100: 57.719: Total time for which application threads were stopped: 0.0165302 seconds
2015-03-20T11:16:45.548+0100: 57.730: [GC cleanup 770M->514M(1024M), 0.0004140 secs]
2015-03-20T11:16:45.548+0100: 57.730: Total time for which application threads were stopped: 0.0111405 seconds
2015-03-20T11:16:45.548+0100: 57.730: [GC concurrent-cleanup-start]
2015-03-20T11:16:45.548+0100: 57.730: [GC concurrent-cleanup-end, 0.0001979 secs]
2015-03-20T11:16:45.641+0100: 57.824: [GC pause (G1 Humongous Allocation) (young) 962M->960M(1024M), 0.0469260 secs]
2015-03-20T11:16:45.688+0100: 57.871: Total time for which application threads were stopped: 0.0629049 seconds
2015-03-20T11:16:45.688+0100: 57.871: [Full GC (Allocation Failure)  961M->282K(1024M), 0.0050847 secs]
2015-03-20T11:16:45.688+0100: 57.876: Total time for which application threads were stopped: 0.0052435 seconds
2015-03-20T11:16:45.766+0100: 57.949: [GC pause (G1 Humongous Allocation) (young) (initial-mark) 449M->448M(1024M), 0.0004076 secs]
2015-03-20T11:16:45.766+0100: 2015-03-20T11:16:45.766+0100: 57.950: [GC concurrent-root-region-scan-start]
57.950: Total time for which application threads were stopped: 0.0053037 seconds
2015-03-20T11:16:45.766+0100: 57.950: [GC concurrent-root-region-scan-end, 0.0000235 secs]
2015-03-20T11:16:45.766+0100: 57.950: [GC concurrent-mark-start]
2015-03-20T11:16:45.766+0100: 57.951: [GC concurrent-mark-end, 0.0010122 secs]
2015-03-20T11:16:45.782+0100: 57.964: [GC remark, 0.0016778 secs]
2015-03-20T11:16:45.782+0100: 57.966: Total time for which application threads were stopped: 0.0148016 seconds
2015-03-20T11:16:45.813+0100: 57.998: [GC cleanup 770M->514M(1024M), 0.0003773 secs]
2015-03-20T11:16:45.813+0100: 57.999: Total time for which application threads were stopped: 0.0070518 seconds
2015-03-20T11:16:45.813+0100: 57.999: [GC concurrent-cleanup-start]
2015-03-20T11:16:45.813+0100: 57.999: [GC concurrent-cleanup-end, 0.0002009 secs]
2015-03-20T11:16:45.876+0100: 58.058: [GC pause (G1 Humongous Allocation) (young) 962M->960M(1024M), 0.0369824 secs]
2015-03-20T11:16:45.907+0100: 58.095: Total time for which application threads were stopped: 0.0435440 seconds
2015-03-20T11:16:45.907+0100: 58.095: [Full GC (Allocation Failure)  960M->64M(1024M), 0.0060983 secs]
2015-03-20T11:16:45.907+0100: 58.101: Total time for which application threads were stopped: 0.0062239 seconds
2015-03-20T11:16:45.938+0100: 58.122: [GC pause (G1 Humongous Allocation) (young) (initial-mark) 450M->448M(1024M), 0.0365376 secs]
2015-03-20T11:16:45.970+0100: 58.159: [GC concurrent-root-region-scan-start]
2015-03-20T11:16:45.970+0100: 58.159: Total time for which application threads were stopped: 0.0409220 seconds
2015-03-20T11:16:45.970+0100: 58.159: [GC concurrent-root-region-scan-end, 0.0000283 secs]
2015-03-20T11:16:45.970+0100: 58.159: [GC concurrent-mark-start]
2015-03-20T11:16:45.985+0100: 58.167: Total time for which application threads were stopped: 0.0083235 seconds
2015-03-20T11:16:45.985+0100: 58.175: [GC concurrent-mark-end, 0.0161983 secs]
2015-03-20T11:16:46.001+0100: 58.184: [GC remark, 0.0019593 secs]
2015-03-20T11:16:46.001+0100: 58.186: Total time for which application threads were stopped: 0.0107681 seconds
2015-03-20T11:16:46.032+0100: 58.214: [GC cleanup 833M->513M(1024M), 0.0003597 secs]
2015-03-20T11:16:46.032+0100: 58.215: Total time for which application threads were stopped: 0.0114709 seconds
2015-03-20T11:16:46.032+0100: 58.215: [GC concurrent-cleanup-start]
2015-03-20T11:16:46.032+0100: 58.215: [GC concurrent-cleanup-end, 0.0002620 secs]
2015-03-20T11:16:46.095+0100: 58.286: [GC pause (G1 Humongous Allocation) (young) 962M->960M(1024M), 0.0236641 secs]
2015-03-20T11:16:46.126+0100: 58.310: Total time for which application threads were stopped: 0.0340095 seconds
2015-03-20T11:16:46.126+0100: 58.310: [Full GC (Allocation Failure)  960M->282K(1024M), 0.0068446 secs]
2015-03-20T11:16:46.126+0100: 58.317: Total time for which application threads were stopped: 0.0069770 seconds
2015-03-20T11:16:46.204+0100: 58.386: [GC pause (G1 Humongous Allocation) (young) (initial-mark) 450M->448M(1024M), 0.0299589 secs]
2015-03-20T11:16:46.220+0100: 58.416: [GC concurrent-root-region-scan-start]
2015-03-20T11:16:46.220+0100: 58.416: Total time for which application threads were stopped: 0.0444584 seconds
2015-03-20T11:16:46.220+0100: 58.416: [GC concurrent-root-region-scan-end, 0.0000264 secs]
2015-03-20T11:16:46.220+0100: 58.416: [GC concurrent-mark-start]
2015-03-20T11:16:46.220+0100: 58.417: [GC concurrent-mark-end, 0.0008274 secs]
2015-03-20T11:16:46.251+0100: 58.434: [GC remark, 0.0016944 secs]
2015-03-20T11:16:46.251+0100: 58.436: Total time for which application threads were stopped: 0.0190452 seconds
2015-03-20T11:16:46.267+0100: 58.449: [GC cleanup 770M->514M(1024M), 0.0003934 secs]
2015-03-20T11:16:46.267+0100: 58.449: Total time for which application threads were stopped: 0.0128506 seconds
2015-03-20T11:16:46.267+0100: 58.449: [GC concurrent-cleanup-start]
2015-03-20T11:16:46.267+0100: 58.449: [GC concurrent-cleanup-end, 0.0001999 secs]
2015-03-20T11:16:46.345+0100: 58.537: [GC pause (G1 Humongous Allocation) (young) 962M->960M(1024M), 0.0356447 secs]
2015-03-20T11:16:46.376+0100: 58.572: Total time for which application threads were stopped: 0.0433128 seconds
2015-03-20T11:16:46.376+0100: 58.573: [Full GC (Allocation Failure)  960M->64M(1024M), 0.0065504 secs]
2015-03-20T11:16:46.392+0100: 58.579: Total time for which application threads were stopped: 0.0067014 seconds
2015-03-20T11:16:46.438+0100: 58.620: [GC pause (G1 Humongous Allocation) (young) (initial-mark) 450M->448M(1024M), 0.0525370 secs]
2015-03-20T11:16:46.485+0100: 58.673: [GC concurrent-root-region-scan-start]
2015-03-20T11:16:46.485+0100: 58.673: Total time for which application threads were stopped: 0.0685487 seconds
2015-03-20T11:16:46.485+0100: 58.673: [GC concurrent-root-region-scan-end, 0.0000303 secs]
2015-03-20T11:16:46.485+0100: 58.673: [GC concurrent-mark-start]
2015-03-20T11:16:46.485+0100: 58.680: Total time for which application threads were stopped: 0.0068001 seconds
2015-03-20T11:16:46.485+0100: 58.681: [GC concurrent-mark-end, 0.0076803 secs]
2015-03-20T11:16:46.501+0100: 58.693: [GC remark, 0.0018748 secs]
2015-03-20T11:16:46.501+0100: 58.695: Total time for which application threads were stopped: 0.0137552 seconds
2015-03-20T11:16:46.532+0100: 58.716: [GC cleanup 897M->577M(1024M), 0.0003724 secs]
2015-03-20T11:16:46.532+0100: 58.716: Total time for which application threads were stopped: 0.0141486 seconds
2015-03-20T11:16:46.532+0100: 58.716: [GC concurrent-cleanup-start]
2015-03-20T11:16:46.532+0100: 58.716: [GC concurrent-cleanup-end, 0.0002541 secs]
2015-03-20T11:16:46.610+0100: 58.792: [GC pause (G1 Humongous Allocation) (young) 962M->960M(1024M), 0.0564449 secs]
2015-03-20T11:16:46.657+0100: 58.849: Total time for which application threads were stopped: 0.0587448 seconds
2015-03-20T11:16:46.657+0100: 58.849: [Full GC (Allocation Failure)  961M->64M(1024M), 0.0051644 secs]
2015-03-20T11:16:46.657+0100: 58.854: Total time for which application threads were stopped: 0.0053041 seconds
2015-03-20T11:16:46.673+0100: 58.864: [GC pause (G1 Humongous Allocation) (young) (initial-mark) 192M->192M(1024M), 0.0005347 secs]
2015-03-20T11:16:46.673+0100: 2015-03-20T11:16:46.673+0100: 58.864: [GC concurrent-root-region-scan-start]
58.864: Total time for which application threads were stopped: 0.0100257 seconds
2015-03-20T11:16:46.673+0100: 58.864: [GC concurrent-root-region-scan-end, 0.0000269 secs]
2015-03-20T11:16:46.673+0100: 58.864: [GC concurrent-mark-start]
2015-03-20T11:16:46.673+0100: 58.865: [GC concurrent-mark-end, 0.0007458 secs]
2015-03-20T11:16:46.692+0100: 58.874: [GC remark, 0.0016582 secs]
2015-03-20T11:16:46.693+0100: 58.875: Total time for which application threads were stopped: 0.0103150 seconds
2015-03-20T11:16:46.708+0100: 58.896: [GC cleanup 385M->321M(1024M), 0.0003954 secs]
2015-03-20T11:16:46.708+0100: 58.896: Total time for which application threads were stopped: 0.0058544 seconds
2015-03-20T11:16:46.708+0100: 58.896: [GC concurrent-cleanup-start]
2015-03-20T11:16:46.708+0100: 58.896: [GC concurrent-cleanup-end, 0.0000674 secs]
2015-03-20T11:16:46.834+0100: 59.016: [GC pause (G1 Humongous Allocation) (young) 962M->960M(1024M), 0.0427288 secs]
2015-03-20T11:16:46.865+0100: 59.058: Total time for which application threads were stopped: 0.0564957 seconds
2015-03-20T11:16:46.880+0100: 59.062: [Full GC (Allocation Failure)  961M->64M(1024M), 0.0050583 secs]
2015-03-20T11:16:46.880+0100: 59.068: Total time for which application threads were stopped: 0.0091978 seconds
2015-03-20T11:16:46.880+0100: 59.076: [GC pause (G1 Humongous Allocation) (young) (initial-mark) 192M->192M(1024M), 0.0004877 secs]
2015-03-20T11:16:46.880+0100: 59.077: [GC concurrent-root-region-scan-start]
2015-03-20T11:16:46.880+0100: 59.077: Total time for which application threads were stopped: 0.0089549 seconds
2015-03-20T11:16:46.880+0100: 59.077: [GC concurrent-root-region-scan-end, 0.0000225 secs]
2015-03-20T11:16:46.880+0100: 59.077: [GC concurrent-mark-start]
2015-03-20T11:16:46.880+0100: 59.077: [GC concurrent-mark-end, 0.0007375 secs]
2015-03-20T11:16:46.912+0100: 59.094: [GC remark, 0.0010991 secs]
2015-03-20T11:16:46.912+0100: 59.095: Total time for which application threads were stopped: 0.0173664 seconds
2015-03-20T11:16:46.927+0100: 59.120: [GC cleanup 449M->385M(1024M), 0.0003876 secs]
2015-03-20T11:16:46.927+0100: 59.120: Total time for which application threads were stopped: 0.0085825 seconds
2015-03-20T11:16:46.927+0100: 59.120: [GC concurrent-cleanup-start]
2015-03-20T11:16:46.927+0100: 59.120: [GC concurrent-cleanup-end, 0.0000640 secs]
2015-03-20T11:16:47.068+0100: 59.250: [GC pause (G1 Humongous Allocation) (young) 962M->960M(1024M), 0.0407602 secs]
2015-03-20T11:16:47.099+0100: 59.291: Total time for which application threads were stopped: 0.0539397 seconds
2015-03-20T11:16:47.099+0100: 59.291: [Full GC (Allocation Failure)  960M->192M(1024M), 0.0045564 secs]
2015-03-20T11:16:47.099+0100: 59.295: Total time for which application threads were stopped: 0.0046913 seconds
2015-03-20T11:16:47.115+0100: 59.311: [GC pause (G1 Humongous Allocation) (young) (initial-mark) 449M->448M(1024M), 0.0092961 secs]
2015-03-20T11:16:47.130+0100: 59.320: [GC concurrent-root-region-scan-start]
2015-03-20T11:16:47.130+0100: 59.320: Total time for which application threads were stopped: 0.0150601 seconds
2015-03-20T11:16:47.130+0100: 59.320: [GC concurrent-root-region-scan-end, 0.0000303 secs]
2015-03-20T11:16:47.130+0100: 59.320: [GC concurrent-mark-start]
2015-03-20T11:16:47.130+0100: 59.321: [GC concurrent-mark-end, 0.0008000 secs]
2015-03-20T11:16:47.146+0100: 59.328: [GC remark, 0.0016973 secs]
2015-03-20T11:16:47.146+0100: 59.330: Total time for which application threads were stopped: 0.0084115 seconds
2015-03-20T11:16:47.177+0100: 59.359: [GC cleanup 642M->386M(1024M), 0.0008005 secs]
2015-03-20T11:16:47.177+0100: 59.360: Total time for which application threads were stopped: 0.0058017 seconds
2015-03-20T11:16:47.177+0100: 59.360: [GC concurrent-cleanup-start]
2015-03-20T11:16:47.177+0100: 59.360: [GC concurrent-cleanup-end, 0.0002102 secs]
2015-03-20T11:16:47.255+0100: 59.437: [GC pause (G1 Humongous Allocation) (young) 962M->960M(1024M), 0.0516109 secs]
2015-03-20T11:16:47.302+0100: 59.489: Total time for which application threads were stopped: 0.0631434 seconds
2015-03-20T11:16:47.318+0100: 59.500: [Full GC (Allocation Failure)  961M->64M(1024M), 0.0094666 secs]
2015-03-20T11:16:47.318+0100: 59.510: Total time for which application threads were stopped: 0.0204473 seconds
2015-03-20T11:16:47.427+0100: 59.618: [GC pause (G1 Humongous Allocation) (young) (initial-mark) 192M->192M(1024M), 0.0006837 secs]
2015-03-20T11:16:47.427+0100: 59.619: [GC concurrent-root-region-scan-start]
2015-03-20T11:16:47.427+0100: 59.619: Total time for which application threads were stopped: 0.1094712 seconds
2015-03-20T11:16:47.427+0100: 59.619: [GC concurrent-root-region-scan-end, 0.0000283 secs]
2015-03-20T11:16:47.427+0100: 59.619: [GC concurrent-mark-start]
2015-03-20T11:16:47.427+0100: 59.620: [GC concurrent-mark-end, 0.0008294 secs]
2015-03-20T11:16:47.552+0100: 59.735: [GC remark, 0.0038311 secs]
2015-03-20T11:16:47.552+0100: 59.739: Total time for which application threads were stopped: 0.1191074 seconds
2015-03-20T11:16:47.662+0100: 59.848: [GC cleanup 385M->321M(1024M), 0.0016685 secs]
2015-03-20T11:16:47.662+0100: 59.850: Total time for which application threads were stopped: 0.0951613 seconds
2015-03-20T11:16:47.662+0100: 59.850: [GC concurrent-cleanup-start]
2015-03-20T11:16:47.662+0100: 59.850: [GC concurrent-cleanup-end, 0.0000660 secs]
